00:00 [32m+0[0m: [1m[90mloading test/minus_power_full_test.dart[0m[0m                                                                                                                                                      00:00 [32m+0[0m: test/minus_power_full_test.dart: isValid should accept expression with unary minus and power[0m                                                                                                 00:00 [32m+1[0m: test/minus_power_full_test.dart: isValid should accept expression with unary minus and power[0m                                                                                                 00:00 [32m+2[0m: test/minus_power_full_test.dart: isValid should accept expression with unary minus and power[0m                                                                                                 00:00 [32m+3[0m: test/minus_power_full_test.dart: isValid should accept expression with unary minus and power[0m                                                                                                 00:00 [32m+4[0m: test/minus_power_full_test.dart: isValid should accept expression with unary minus and power[0m                                                                                                 00:00 [32m+5[0m: test/minus_power_full_test.dart: isValid should accept expression with unary minus and power[0m                                                                                                 00:00 [32m+6[0m: test/minus_power_full_test.dart: isValid should accept expression with unary minus and power[0m                                                                                                 00:00 [32m+7[0m: test/minus_power_full_test.dart: isValid should accept expression with unary minus and power[0m                                                                                                 00:00 [32m+8[0m: test/minus_power_full_test.dart: isValid should accept expression with unary minus and power[0m                                                                                                 00:00 [32m+8[0m: test/core/extensions_test.dart: ExtensionRegistry tryEvaluate returns result from registered evaluator[0m                                                                                       00:00 [32m+9[0m: test/minus_power_full_test.dart: evaluate numeric matches expected value[0m                                                                                                                     00:00 [32m+10[0m: test/minus_power_full_test.dart: evaluate numeric matches expected value[0m                                                                                                                    00:00 [32m+10[0m[31m -1[0m: test/core/extensions_test.dart: ExtensionRegistry tryEvaluate stops at first non-null result[0m                                                                                             00:00 [32m+11[0m[31m -1[0m: test/core/extensions_test.dart: ExtensionRegistry tryEvaluate stops at first non-null result[0m                                                                                             00:00 [32m+11[0m[31m -1[0m: test/core/extensions_test.dart: ExtensionRegistry evaluator can use variables parameter[0m                                                                                                  00:00 [32m+12[0m[31m -1[0m: test/core/extensions_test.dart: ExtensionRegistry evaluator can use variables parameter[0m                                                                                                  00:00 [32m+12[0m[31m -1[0m: test/core/extensions_test.dart: ExtensionRegistry evaluator can use evaluate callback[0m                                                                                                    00:00 [32m+13[0m[31m -1[0m: test/core/extensions_test.dart: ExtensionRegistry evaluator can use evaluate callback[0m                                                                                                    00:00 [32m+13[0m[31m -1[0m: test/core/extensions_test.dart: ExtensionRegistry multiple commands can be registered[0m                                                                                                    00:00 [32m+14[0m[31m -1[0m: test/core/extensions_test.dart: ExtensionRegistry multiple commands can be registered[0m                                                                                                    00:00 [32m+14[0m[31m -1[0m: test/core/extensions_test.dart: ExtensionRegistry command can be overridden[0m                                                                                                              00:00 [32m+15[0m[31m -1[0m: test/core/extensions_test.dart: ExtensionRegistry command can be overridden[0m                                                                                                              00:00 [32m+15[0m[31m -1[0m: [1m[90mloading test/core/validation_test.dart[0m[0m                                                                                                                                                   00:00 [32m+15[0m[31m -1[0m: test/core/validation_test.dart: isValid() returns true for valid expressions[0m                                                                                                             00:00 [32m+15[0m[31m -1[0m: test/minus_power_full_test.dart: evaluate numeric matches expected value [1m[31m[E][0m[0m                                                                                                             
  EvaluatorException: Type mismatch in binary operation
  Suggestion: Ensure both operands are compatible types (numbers, complex numbers, matrices, or vectors)
  package:texpr/src/evaluator/binary_evaluator.dart 65:5     BinaryEvaluator.evaluate
  package:texpr/src/visitors/evaluation_visitor.dart 175:29  EvaluationVisitor.visitBinaryOp
  package:texpr/src/ast/operations.dart 54:20                BinaryOp.accept
  package:texpr/src/visitors/evaluation_visitor.dart 79:19   EvaluationVisitor._evaluateRaw
  package:texpr/src/visitors/evaluation_visitor.dart 163:23  EvaluationVisitor.visitBinaryOp
  package:texpr/src/ast/operations.dart 54:20                BinaryOp.accept
  package:texpr/src/visitors/evaluation_visitor.dart 79:19   EvaluationVisitor._evaluateRaw
  package:texpr/src/visitors/evaluation_visitor.dart 182:26  EvaluationVisitor.visitUnaryOp
  package:texpr/src/ast/operations.dart 148:20               UnaryOp.accept
  package:texpr/src/visitors/evaluation_visitor.dart 79:19   EvaluationVisitor._evaluateRaw
  package:texpr/src/visitors/evaluation_visitor.dart 163:23  EvaluationVisitor.visitBinaryOp
  package:texpr/src/ast/operations.dart 54:20                BinaryOp.accept
  package:texpr/src/evaluator.dart 77:28                     Evaluator.evaluate
  package:texpr/texpr.dart 389:31                            Texpr.evaluateParsed
  package:texpr/texpr.dart 462:12                            Texpr.evaluate
  package:texpr/texpr.dart 487:12                            Texpr.evaluateNumeric
  test/minus_power_full_test.dart 12:29                      main.<fn>
  

[1m[36mTo run this test again:[0m /Users/xomodo/sdks/flutter/bin/cache/dart-sdk/bin/dart test test/minus_power_full_test.dart -p vm --plain-name 'evaluate numeric matches expected value'
00:00 [32m+15[0m[31m -1[0m: test/core/validation_test.dart: isValid() returns true for valid expressions[0m                                                                                                             00:00 [32m+15[0m[31m -2[0m: test/minus_power_full_test.dart: differentiate yields expected derivative and numeric value [1m[31m[E][0m[0m                                                                                          
  EvaluatorException: Type mismatch in binary operation
  Suggestion: Ensure both operands are compatible types (numbers, complex numbers, matrices, or vectors)
  package:texpr/src/evaluator/binary_evaluator.dart 65:5     BinaryEvaluator.evaluate
  package:texpr/src/visitors/evaluation_visitor.dart 175:29  EvaluationVisitor.visitBinaryOp
  package:texpr/src/ast/operations.dart 54:20                BinaryOp.accept
  package:texpr/src/visitors/evaluation_visitor.dart 79:19   EvaluationVisitor._evaluateRaw
  package:texpr/src/visitors/evaluation_visitor.dart 163:23  EvaluationVisitor.visitBinaryOp
  package:texpr/src/ast/operations.dart 54:20                BinaryOp.accept
  package:texpr/src/visitors/evaluation_visitor.dart 79:19   EvaluationVisitor._evaluateRaw
  package:texpr/src/visitors/evaluation_visitor.dart 174:24  EvaluationVisitor.visitBinaryOp
  package:texpr/src/ast/operations.dart 54:20                BinaryOp.accept
  package:texpr/src/visitors/evaluation_visitor.dart 79:19   EvaluationVisitor._evaluateRaw
  package:texpr/src/visitors/evaluation_visitor.dart 163:23  EvaluationVisitor.visitBinaryOp
  package:texpr/src/ast/operations.dart 54:20                BinaryOp.accept
  package:texpr/src/visitors/evaluation_visitor.dart 79:19   EvaluationVisitor._evaluateRaw
  package:texpr/src/visitors/evaluation_visitor.dart 182:26  EvaluationVisitor.visitUnaryOp
  package:texpr/src/ast/operations.dart 148:20               UnaryOp.accept
  package:texpr/src/evaluator.dart 77:28                     Evaluator.evaluate
  package:texpr/texpr.dart 389:31                            Texpr.evaluateParsed
  test/minus_power_full_test.dart 19:32                      main.<fn>
  

[1m[36mTo run this test again:[0m /Users/xomodo/sdks/flutter/bin/cache/dart-sdk/bin/dart test test/minus_power_full_test.dart -p vm --plain-name 'differentiate yields expected derivative and numeric value'
00:00 [32m+15[0m[31m -3[0m: test/minus_power_full_test.dart: simplify and expand produce consistent numeric result [1m[31m[E][0m[0m                                                                                               
  EvaluatorException: Type mismatch in binary operation
  Suggestion: Ensure both operands are compatible types (numbers, complex numbers, matrices, or vectors)
  package:texpr/src/evaluator/binary_evaluator.dart 65:5     BinaryEvaluator.evaluate
  package:texpr/src/visitors/evaluation_visitor.dart 175:29  EvaluationVisitor.visitBinaryOp
  package:texpr/src/ast/operations.dart 54:20                BinaryOp.accept
  package:texpr/src/visitors/evaluation_visitor.dart 79:19   EvaluationVisitor._evaluateRaw
  package:texpr/src/visitors/evaluation_visitor.dart 163:23  EvaluationVisitor.visitBinaryOp
  package:texpr/src/ast/operations.dart 54:20                BinaryOp.accept
  package:texpr/src/visitors/evaluation_visitor.dart 79:19   EvaluationVisitor._evaluateRaw
  package:texpr/src/visitors/evaluation_visitor.dart 182:26  EvaluationVisitor.visitUnaryOp
  package:texpr/src/ast/operations.dart 148:20               UnaryOp.accept
  package:texpr/src/visitors/evaluation_visitor.dart 79:19   EvaluationVisitor._evaluateRaw
  package:texpr/src/visitors/evaluation_visitor.dart 163:23  EvaluationVisitor.visitBinaryOp
  package:texpr/src/ast/operations.dart 54:20                BinaryOp.accept
  package:texpr/src/evaluator.dart 77:28                     Evaluator.evaluate
  package:texpr/texpr.dart 389:31                            Texpr.evaluateParsed
  test/minus_power_full_test.dart 27:35                      main.<fn>
  

[1m[36mTo run this test again:[0m /Users/xomodo/sdks/flutter/bin/cache/dart-sdk/bin/dart test test/minus_power_full_test.dart -p vm --plain-name 'simplify and expand produce consistent numeric result'
00:00 [32m+16[0m[31m -3[0m: test/core/latex_commands_test.dart: Missing LaTeX Commands Arrow and Relation Symbols parses \mapsto (ignored)[0m                                                                           00:00 [32m+17[0m[31m -3[0m: test/core/latex_commands_test.dart: Missing LaTeX Commands Arrow and Relation Symbols parses \mapsto (ignored)[0m                                                                           00:00 [32m+18[0m[31m -3[0m: test/core/validation_test.dart: isValid() returns true for complex valid expressions[0m                                                                                                     00:00 [32m+19[0m[31m -3[0m: test/core/validation_test.dart: isValid() returns true for complex valid expressions[0m                                                                                                     00:00 [32m+19[0m[31m -3[0m: test/core/latex_commands_test.dart: Missing LaTeX Commands Arrow and Relation Symbols parses \Rightarrow (ignored)[0m                                                                       00:00 [32m+20[0m[31m -3[0m: test/core/validation_test.dart: isValid() returns false for unclosed braces[0m                                                                                                              00:00 [32m+21[0m[31m -3[0m: test/core/validation_test.dart: isValid() returns false for unclosed braces[0m                                                                                                              00:00 [32m+22[0m[31m -3[0m: test/core/validation_test.dart: isValid() returns false for unclosed braces[0m                                                                                                              00:00 [32m+22[0m[31m -3[0m: test/core/latex_commands_test.dart: Missing LaTeX Commands Arrow and Relation Symbols parses \Leftrightarrow (ignored)[0m                                                                   00:00 [32m+23[0m[31m -3[0m: test/core/validation_test.dart: isValid() returns false for unclosed parentheses[0m                                                                                                         00:00 [32m+24[0m[31m -3[0m: test/core/latex_commands_test.dart: Missing LaTeX Commands Arrow and Relation Symbols parses \approx (ignored)[0m                                                                           00:00 [32m+25[0m[31m -3[0m: test/core/latex_commands_test.dart: Missing LaTeX Commands Arrow and Relation Symbols parses \approx (ignored)[0m                                                                           00:00 [32m+25[0m[31m -3[0m: test/core/validation_test.dart: isValid() returns false for unknown commands[0m                                                                                                             00:00 [32m+26[0m[31m -3[0m: test/core/validation_test.dart: isValid() returns false for unknown commands[0m                                                                                                             00:00 [32m+27[0m[31m -3[0m: test/core/validation_test.dart: isValid() returns false for unknown commands[0m                                                                                                             00:00 [32m+27[0m[31m -3[0m: test/core/latex_commands_test.dart: Missing LaTeX Commands Set Notation parses \subset[0m                                                                                                   00:00 [32m+28[0m[31m -3[0m: test/core/validation_test.dart: isValid() returns false for invalid syntax[0m                                                                                                               00:00 [32m+29[0m[31m -3[0m: test/core/validation_test.dart: isValid() returns false for invalid syntax[0m                                                                                                               00:00 [32m+29[0m[31m -3[0m: test/core/latex_commands_test.dart: Missing LaTeX Commands Set Notation parses \subseteq[0m                                                                                                 00:00 [32m+30[0m[31m -3[0m: test/core/validation_test.dart: isValid() returns false for unexpected characters[0m                                                                                                        00:00 [32m+31[0m[31m -3[0m: test/core/validation_test.dart: isValid() returns false for unexpected characters[0m                                                                                                        00:00 [32m+31[0m[31m -3[0m: test/core/latex_commands_test.dart: Missing LaTeX Commands Set Notation parses \supset[0m                                                                                                   00:00 [32m+32[0m[31m -3[0m: test/core/validation_test.dart: validate() returns valid result for correct expressions[0m                                                                                                  00:00 [32m+33[0m[31m -3[0m: test/core/validation_test.dart: validate() returns valid result for correct expressions[0m                                                                                                  00:00 [32m+33[0m[31m -3[0m: test/core/latex_commands_test.dart: Missing LaTeX Commands Set Notation parses \supseteq[0m                                                                                                 00:00 [32m+34[0m[31m -3[0m: test/core/validation_test.dart: validate() returns valid result for expressions with variables[0m                                                                                           00:00 [32m+35[0m[31m -3[0m: test/core/validation_test.dart: validate() returns valid result for expressions with variables[0m                                                                                           00:00 [32m+35[0m[31m -3[0m: test/core/latex_commands_test.dart: Missing LaTeX Commands Set Notation parses \cup[0m                                                                                                      00:00 [32m+36[0m[31m -3[0m: test/core/validation_test.dart: validate() provides error message for unclosed braces[0m                                                                                                    00:00 [32m+37[0m[31m -3[0m: test/core/validation_test.dart: validate() provides error message for unclosed braces[0m                                                                                                    00:00 [32m+37[0m[31m -3[0m: test/core/latex_commands_test.dart: Missing LaTeX Commands Set Notation parses \cap[0m                                                                                                      00:00 [32m+38[0m[31m -3[0m: test/core/validation_test.dart: validate() provides error message for unknown commands[0m                                                                                                   00:00 [32m+39[0m[31m -3[0m: test/core/validation_test.dart: validate() provides error message for unknown commands[0m                                                                                                   00:00 [32m+39[0m[31m -3[0m: test/core/latex_commands_test.dart: Missing LaTeX Commands Set Notation parses \setminus[0m                                                                                                 00:00 [32m+40[0m[31m -3[0m: test/core/validation_test.dart: validate() provides position information when available[0m                                                                                                  00:00 [32m+41[0m[31m -3[0m: test/core/validation_test.dart: validate() provides position information when available[0m                                                                                                  00:00 [32m+41[0m[31m -3[0m: test/core/latex_commands_test.dart: Missing LaTeX Commands Quantifiers parses \forall as variable[0m                                                                                        00:00 [32m+42[0m[31m -3[0m: test/core/latex_commands_test.dart: Missing LaTeX Commands Quantifiers parses \forall as variable[0m                                                                                        00:00 [32m+43[0m[31m -3[0m: test/core/latex_commands_test.dart: Missing LaTeX Commands Quantifiers parses \forall as variable[0m                                                                                        00:00 [32m+43[0m[31m -3[0m: test/core/validation_test.dart: validate() includes exception type in result[0m                                                                                                             00:00 [32m+44[0m[31m -3[0m: test/core/validation_test.dart: validate() includes exception type in result[0m                                                                                                             00:00 [32m+45[0m[31m -3[0m: test/core/latex_commands_test.dart: Missing LaTeX Commands Decoration Functions parses \dot{x}[0m                                                                                           00:00 [32m+46[0m[31m -3[0m: test/core/validation_test.dart: validate() toString() provides readable output for valid result[0m                                                                                          00:00 [32m+47[0m[31m -3[0m: test/core/validation_test.dart: validate() toString() provides readable output for valid result[0m                                                                                          00:00 [32m+48[0m[31m -3[0m: test/core/validation_test.dart: validate() toString() provides readable output for valid result[0m                                                                                          00:00 [32m+48[0m[31m -3[0m: test/core/latex_commands_test.dart: Missing LaTeX Commands Decoration Functions parses \bar{x}[0m                                                                                           00:00 [32m+49[0m[31m -3[0m: test/core/validation_test.dart: validate() toString() provides detailed output for invalid result[0m                                                                                        00:00 [32m+50[0m[31m -3[0m: test/core/validation_test.dart: validate() toString() provides detailed output for invalid result[0m                                                                                        00:00 [32m+50[0m[31m -3[0m: test/core/latex_commands_test.dart: Missing LaTeX Commands Decoration Functions evaluates \dot{x} to variable value[0m                                                                      00:00 [32m+51[0m[31m -3[0m: test/core/latex_commands_test.dart: Missing LaTeX Commands Decoration Functions evaluates \dot{x} to variable value[0m                                                                      00:00 [32m+52[0m[31m -3[0m: test/core/latex_commands_test.dart: Missing LaTeX Commands Decoration Functions evaluates \dot{x} to variable value[0m                                                                      00:00 [32m+53[0m[31m -3[0m: test/core/latex_commands_test.dart: Missing LaTeX Commands Decoration Functions evaluates \dot{x} to variable value[0m                                                                      00:00 [32m+54[0m[31m -3[0m: test/core/latex_commands_test.dart: Missing LaTeX Commands Decoration Functions evaluates \dot{x} to variable value[0m                                                                      00:00 [32m+55[0m[31m -3[0m: test/core/validation_test.dart: validate() empty expression is invalid[0m                                                                                                                   00:00 [32m+56[0m[31m -3[0m: test/core/validation_test.dart: validate() empty expression is invalid[0m                                                                                                                   00:00 [32m+56[0m[31m -3[0m: test/core/latex_commands_test.dart: Missing LaTeX Commands Decoration Functions evaluates \ddot{x} to variable value[0m                                                                     00:00 [32m+57[0m[31m -3[0m: test/core/latex_commands_test.dart: Missing LaTeX Commands Decoration Functions evaluates \ddot{x} to variable value[0m                                                                     00:00 [32m+58[0m[31m -3[0m: test/core/latex_commands_test.dart: Missing LaTeX Commands Decoration Functions evaluates \ddot{x} to variable value[0m                                                                     00:00 [32m+58[0m[31m -3[0m: test/core/validation_test.dart: ValidationResult equality works correctly[0m                                                                                                                00:00 [32m+59[0m[31m -3[0m: test/core/validation_test.dart: ValidationResult equality works correctly[0m                                                                                                                00:00 [32m+60[0m[31m -3[0m: test/core/validation_test.dart: ValidationResult equality works correctly[0m                                                                                                                00:00 [32m+60[0m[31m -3[0m: test/core/latex_commands_test.dart: Missing LaTeX Commands Decoration Functions evaluates complex expression with decorations[0m                                                            00:00 [32m+61[0m[31m -3[0m: test/core/validation_test.dart: ValidationResult hashCode works correctly[0m                                                                                                                00:00 [32m+62[0m[31m -3[0m: test/core/latex_commands_test.dart: Missing LaTeX Commands Decoration Functions parses decorated expression in context[0m                                                                   00:00 [32m+63[0m[31m -3[0m: test/core/latex_commands_test.dart: Missing LaTeX Commands Decoration Functions parses decorated expression in context[0m                                                                   00:00 [32m+63[0m[31m -3[0m: test/core/validation_test.dart: ValidationResult fromException creates correct result[0m                                                                                                    00:00 [32m+64[0m[31m -3[0m: test/core/latex_commands_test.dart: Missing LaTeX Commands Complex Academic Expressions parses logic statement[0m                                                                           00:00 [32m+65[0m[31m -3[0m: test/core/latex_commands_test.dart: Missing LaTeX Commands Complex Academic Expressions parses logic statement[0m                                                                           00:00 [32m+65[0m[31m -3[0m: test/core/validation_test.dart: Validation with implicit multiplication validates with implicit multiplication enabled[0m                                                                   00:00 [32m+66[0m[31m -3[0m: test/core/validation_test.dart: Validation with implicit multiplication validates with implicit multiplication enabled[0m                                                                   00:00 [32m+67[0m[31m -3[0m: test/core/validation_test.dart: Validation with implicit multiplication validates with implicit multiplication enabled[0m                                                                   00:00 [32m+67[0m[31m -3[0m: test/core/latex_commands_test.dart: Missing LaTeX Commands Complex Academic Expressions parses physics notation with time derivatives[0m                                                    00:00 [32m+68[0m[31m -3[0m: test/core/latex_commands_test.dart: Missing LaTeX Commands Complex Academic Expressions parses physics notation with time derivatives[0m                                                    00:00 [32m+69[0m[31m -3[0m: test/core/latex_commands_test.dart: Missing LaTeX Commands Complex Academic Expressions parses physics notation with time derivatives[0m                                                    00:00 [32m+69[0m[31m -3[0m: test/core/latex_commands_test.dart: Missing LaTeX Commands Complex Academic Expressions parses statistical mean notation[0m                                                                 00:00 [32m+70[0m[31m -3[0m: test/core/latex_commands_test.dart: Missing LaTeX Commands Complex Academic Expressions parses statistical mean notation[0m                                                                 00:00 [32m+70[0m[31m -3[0m: test/core/latex_commands_test.dart: Tokenizer - New Commands tokenizes all new arrow symbols[0m                                                                                             00:00 [32m+71[0m[31m -3[0m: test/core/ast_test.dart: Expression base class Expression can be instantiated through subclasses[0m                                                                                         00:00 [32m+72[0m[31m -3[0m: test/core/ast_test.dart: Expression base class Expression can be instantiated through subclasses[0m                                                                                         00:00 [32m+73[0m[31m -3[0m: test/core/ast_test.dart: Expression base class Expression can be instantiated through subclasses[0m                                                                                         00:00 [32m+74[0m[31m -3[0m: test/core/ast_test.dart: Expression base class Expression can be instantiated through subclasses[0m                                                                                         00:00 [32m+75[0m[31m -3[0m: test/core/ast_test.dart: Expression base class Expression can be instantiated through subclasses[0m                                                                                         00:00 [32m+76[0m[31m -3[0m: test/core/ast_test.dart: Expression base class Expression can be instantiated through subclasses[0m                                                                                         00:00 [32m+76[0m[31m -3[0m: test/core/ast_test.dart: NumberLiteral creates a number literal with a value[0m                                                                                                             00:00 [32m+77[0m[31m -3[0m: test/core/ast_test.dart: NumberLiteral creates a number literal with a value[0m                                                                                                             00:00 [32m+77[0m[31m -3[0m: test/core/ast_test.dart: NumberLiteral toString returns correct format[0m                                                                                                                   00:00 [32m+78[0m[31m -3[0m: test/core/error_messages_test.dart: Improved Error Messages Error Suggestion Utilities Levenshtein distance calculation[0m                                                                  00:00 [32m+79[0m[31m -3[0m: test/core/error_messages_test.dart: Improved Error Messages Error Suggestion Utilities Levenshtein distance calculation[0m                                                                  00:00 [32m+80[0m[31m -3[0m: test/core/error_messages_test.dart: Improved Error Messages Error Suggestion Utilities Levenshtein distance calculation[0m                                                                  00:00 [32m+81[0m[31m -3[0m: test/core/error_messages_test.dart: Improved Error Messages Error Suggestion Utilities Levenshtein distance calculation[0m                                                                  00:00 [32m+82[0m[31m -3[0m: test/core/error_messages_test.dart: Improved Error Messages Error Suggestion Utilities Levenshtein distance calculation[0m                                                                  00:00 [32m+83[0m[31m -3[0m: test/core/error_messages_test.dart: Improved Error Messages Error Suggestion Utilities Levenshtein distance calculation[0m                                                                  00:00 [32m+84[0m[31m -3[0m: test/core/error_messages_test.dart: Improved Error Messages Error Suggestion Utilities Levenshtein distance calculation[0m                                                                  00:00 [32m+85[0m[31m -3[0m: test/core/error_messages_test.dart: Improved Error Messages Error Suggestion Utilities Levenshtein distance calculation[0m                                                                  00:00 [32m+86[0m[31m -3[0m: test/core/error_messages_test.dart: Improved Error Messages Error Suggestion Utilities Levenshtein distance calculation[0m                                                                  00:00 [32m+87[0m[31m -3[0m: test/core/error_messages_test.dart: Improved Error Messages Error Suggestion Utilities Levenshtein distance calculation[0m                                                                  00:00 [32m+88[0m[31m -3[0m: test/core/error_messages_test.dart: Improved Error Messages Error Suggestion Utilities Levenshtein distance calculation[0m                                                                  00:00 [32m+89[0m[31m -3[0m: test/core/error_messages_test.dart: Improved Error Messages Error Suggestion Utilities Levenshtein distance calculation[0m                                                                  00:00 [32m+90[0m[31m -3[0m: test/core/error_messages_test.dart: Improved Error Messages Error Suggestion Utilities Levenshtein distance calculation[0m                                                                  00:00 [32m+91[0m[31m -3[0m: test/core/error_messages_test.dart: Improved Error Messages Error Suggestion Utilities Levenshtein distance calculation[0m                                                                  00:00 [32m+92[0m[31m -3[0m: test/core/error_messages_test.dart: Improved Error Messages Error Suggestion Utilities Levenshtein distance calculation[0m                                                                  00:00 [32m+93[0m[31m -3[0m: test/core/ast_test.dart: BinaryOp all binary operators can be used[0m                                                                                                                       00:00 [32m+94[0m[31m -3[0m: test/core/error_messages_test.dart: Improved Error Messages Error Suggestion Utilities findSimilarCommand returns null for very different strings[0m                                        00:00 [32m+95[0m[31m -3[0m: test/core/error_messages_test.dart: Improved Error Messages Error Suggestion Utilities findSimilarCommand returns null for very different strings[0m                                        00:00 [32m+96[0m[31m -3[0m: test/core/error_messages_test.dart: Improved Error Messages Error Suggestion Utilities findSimilarCommand returns null for very different strings[0m                                        00:00 [32m+97[0m[31m -3[0m: test/core/error_messages_test.dart: Improved Error Messages Error Suggestion Utilities findSimilarCommand returns null for very different strings[0m                                        00:00 [32m+98[0m[31m -3[0m: test/core/ast_test.dart: UnaryOp hashCode is consistent[0m                                                                                                                                  00:00 [32m+99[0m[31m -3[0m: test/core/error_messages_test.dart: Improved Error Messages Error Suggestion Utilities findSimilarCommand finds close matches[0m                                                            00:00 [32m+100[0m[31m -3[0m: test/core/error_messages_test.dart: Improved Error Messages Error Suggestion Utilities findSimilarCommand finds close matches[0m                                                           00:00 [32m+101[0m[31m -3[0m: test/core/error_messages_test.dart: Improved Error Messages Error Suggestion Utilities findSimilarCommand finds close matches[0m                                                           00:00 [32m+101[0m[31m -3[0m: test/core/ast_test.dart: AbsoluteValue toString returns correct format[0m                                                                                                                  00:00 [32m+102[0m[31m -3[0m: test/core/error_messages_test.dart: Improved Error Messages Error Suggestion Utilities findSimilarCommand uses command aliases[0m                                                          00:00 [32m+103[0m[31m -3[0m: test/core/ast_test.dart: AbsoluteValue equality works correctly[0m                                                                                                                         00:00 [32m+104[0m[31m -3[0m: test/core/error_messages_test.dart: Improved Error Messages Common Mistake Detection detects frac without braces[0m                                                                        00:00 [32m+105[0m[31m -3[0m: test/core/error_messages_test.dart: Improved Error Messages Common Mistake Detection detects frac without braces[0m                                                                        00:00 [32m+106[0m[31m -3[0m: test/core/error_messages_test.dart: Improved Error Messages Common Mistake Detection detects frac without braces[0m                                                                        00:00 [32m+107[0m[31m -3[0m: test/core/error_messages_test.dart: Improved Error Messages Common Mistake Detection detects frac without braces[0m                                                                        00:00 [32m+108[0m[31m -3[0m: test/core/error_messages_test.dart: Improved Error Messages Common Mistake Detection detects frac without braces[0m                                                                        00:00 [32m+109[0m[31m -3[0m: test/core/error_messages_test.dart: Improved Error Messages Common Mistake Detection detects frac without braces[0m                                                                        00:00 [32m+109[0m[31m -3[0m: test/core/ast_test.dart: FunctionCall creates multivar function call[0m                                                                                                                    00:00 [32m+110[0m[31m -3[0m: test/core/error_messages_test.dart: Improved Error Messages Common Mistake Detection detects missing backslash before function[0m                                                          00:00 [32m+111[0m[31m -3[0m: test/core/ast_test.dart: FunctionCall toString returns correct format[0m                                                                                                                   00:00 [32m+112[0m[31m -3[0m: test/core/error_messages_test.dart: Improved Error Messages Common Mistake Detection detects unmatched braces[0m                                                                           00:00 [32m+113[0m[31m -3[0m: test/core/error_messages_test.dart: Improved Error Messages Common Mistake Detection detects unmatched braces[0m                                                                           00:00 [32m+114[0m[31m -3[0m: test/core/error_messages_test.dart: Improved Error Messages Common Mistake Detection detects unmatched braces[0m                                                                           00:00 [32m+115[0m[31m -3[0m: test/core/ast_test.dart: FunctionCall equality works correctly[0m                                                                                                                          00:00 [32m+116[0m[31m -3[0m: test/core/error_messages_test.dart: Improved Error Messages Common Mistake Detection detects unmatched parentheses[0m                                                                      00:00 [32m+117[0m[31m -3[0m: test/core/error_messages_test.dart: Improved Error Messages Common Mistake Detection detects unmatched parentheses[0m                                                                      00:00 [32m+117[0m[31m -3[0m: test/core/ast_test.dart: FunctionCall equality with base[0m                                                                                                                                00:00 [32m+118[0m[31m -3[0m: test/core/ast_test.dart: FunctionCall equality with base[0m                                                                                                                                00:00 [32m+119[0m[31m -3[0m: test/core/ast_test.dart: FunctionCall equality with base[0m                                                                                                                                00:00 [32m+119[0m[31m -3[0m: test/core/error_messages_test.dart: Improved Error Messages ValidationResult Suggestions validation of unknown function provides suggestion[0m                                             00:00 [32m+120[0m[31m -3[0m: test/core/error_messages_test.dart: Improved Error Messages ValidationResult Suggestions validation of unknown function provides suggestion[0m                                             00:00 [32m+121[0m[31m -3[0m: test/core/error_messages_test.dart: Improved Error Messages ValidationResult Suggestions validation of unknown function provides suggestion[0m                                             00:00 [32m+122[0m[31m -3[0m: test/core/error_messages_test.dart: Improved Error Messages ValidationResult Suggestions validation of unknown function provides suggestion[0m                                             00:00 [32m+123[0m[31m -3[0m: test/core/error_messages_test.dart: Improved Error Messages ValidationResult Suggestions validation of unknown function provides suggestion[0m                                             00:00 [32m+124[0m[31m -3[0m: test/core/error_messages_test.dart: Improved Error Messages ValidationResult Suggestions validation of unknown function provides suggestion[0m                                             00:00 [32m+125[0m[31m -3[0m: test/core/error_messages_test.dart: Improved Error Messages ValidationResult Suggestions validation of unknown function provides suggestion[0m                                             00:00 [32m+126[0m[31m -3[0m: test/core/error_messages_test.dart: Improved Error Messages ValidationResult Suggestions validation of unknown function provides suggestion[0m                                             00:00 [32m+127[0m[31m -3[0m: test/core/error_messages_test.dart: Improved Error Messages ValidationResult Suggestions validation of unknown function provides suggestion[0m                                             00:00 [32m+128[0m[31m -3[0m: test/core/ast_test.dart: SumExpr hashCode is consistent[0m                                                                                                                                 00:00 [32m+129[0m[31m -3[0m: test/core/error_messages_test.dart: Improved Error Messages ValidationResult Suggestions validation of undefined variable throws with suggestion[0m                                        00:00 [32m+130[0m[31m -3[0m: test/core/error_messages_test.dart: Improved Error Messages ValidationResult Suggestions validation of undefined variable throws with suggestion[0m                                        00:00 [32m+131[0m[31m -3[0m: test/core/error_messages_test.dart: Improved Error Messages ValidationResult Suggestions validation of undefined variable throws with suggestion[0m                                        00:00 [32m+132[0m[31m -3[0m: test/core/error_messages_test.dart: Improved Error Messages ValidationResult Suggestions validation of undefined variable throws with suggestion[0m                                        00:00 [32m+133[0m[31m -3[0m: test/core/error_messages_test.dart: Improved Error Messages ValidationResult Suggestions validation of undefined variable throws with suggestion[0m                                        00:00 [32m+134[0m[31m -3[0m: test/core/error_messages_test.dart: Improved Error Messages ValidationResult Suggestions validation of undefined variable throws with suggestion[0m                                        00:00 [32m+135[0m[31m -3[0m: test/core/error_messages_test.dart: Improved Error Messages ValidationResult Suggestions validation of undefined variable throws with suggestion[0m                                        00:00 [32m+136[0m[31m -3[0m: test/core/error_messages_test.dart: Improved Error Messages ValidationResult Suggestions validation of undefined variable throws with suggestion[0m                                        00:00 [32m+137[0m[31m -3[0m: test/core/error_messages_test.dart: Improved Error Messages ValidationResult Suggestions validation of undefined variable throws with suggestion[0m                                        00:00 [32m+138[0m[31m -3[0m: test/core/error_messages_test.dart: Improved Error Messages ValidationResult Suggestions validation of undefined variable throws with suggestion[0m                                        00:00 [32m+139[0m[31m -3[0m: test/core/error_messages_test.dart: Improved Error Messages ValidationResult Suggestions validation of undefined variable throws with suggestion[0m                                        00:00 [32m+140[0m[31m -3[0m: test/core/ast_test.dart: DerivativeExpr toString for first-order derivative[0m                                                                                                             00:00 [32m+141[0m[31m -3[0m: test/core/ast_test.dart: DerivativeExpr toString for first-order derivative[0m                                                                                                             00:00 [32m+141[0m[31m -3[0m: test/core/error_messages_test.dart: Improved Error Messages ValidationResult Suggestions validation of unclosed brace provides suggestion[0m                                               00:00 [32m+142[0m[31m -3[0m: test/core/ast_test.dart: DerivativeExpr toString for higher-order derivative[0m                                                                                                            00:00 [32m+143[0m[31m -3[0m: test/core/ast_test.dart: DerivativeExpr toString for higher-order derivative[0m                                                                                                            00:00 [32m+143[0m[31m -3[0m: test/core/error_messages_test.dart: Improved Error Messages ValidationResult Suggestions validation of division by zero provides suggestion[0m                                             00:00 [32m+144[0m[31m -3[0m: test/core/error_messages_test.dart: Improved Error Messages ValidationResult Suggestions validation of division by zero provides suggestion[0m                                             00:00 [32m+145[0m[31m -3[0m: test/core/error_messages_test.dart: Improved Error Messages ValidationResult Suggestions validation of division by zero provides suggestion[0m                                             00:00 [32m+146[0m[31m -3[0m: test/core/error_messages_test.dart: Improved Error Messages ValidationResult Suggestions validation of division by zero provides suggestion[0m                                             00:00 [32m+146[0m[31m -3[0m: test/core/ast_test.dart: Comparison creates a comparison expression[0m                                                                                                                     00:00 [32m+147[0m[31m -3[0m: test/core/error_messages_test.dart: Improved Error Messages Error Position Markers ParserException includes position in toString[0m                                                        00:00 [32m+148[0m[31m -3[0m: test/core/error_messages_test.dart: Improved Error Messages Error Position Markers ParserException includes position in toString[0m                                                        00:00 [32m+148[0m[31m -3[0m: test/core/ast_test.dart: Comparison toString returns correct format[0m                                                                                                                     00:00 [32m+149[0m[31m -3[0m: test/core/error_messages_test.dart: Improved Error Messages Error Position Markers exception suggestion is included in toString[0m                                                         00:00 [32m+150[0m[31m -3[0m: test/core/error_messages_test.dart: Improved Error Messages Error Position Markers exception suggestion is included in toString[0m                                                         00:00 [32m+150[0m[31m -3[0m: test/core/ast_test.dart: Comparison all comparison operators can be used[0m                                                                                                                00:00 [32m+151[0m[31m -3[0m: test/core/error_messages_test.dart: Improved Error Messages Gradient and Symbolic Error Messages gradient error provides contextual suggestion[0m                                          00:00 [32m+152[0m[31m -3[0m: test/core/error_messages_test.dart: Improved Error Messages Gradient and Symbolic Error Messages gradient error provides contextual suggestion[0m                                          00:00 [32m+153[0m[31m -3[0m: test/core/error_messages_test.dart: Improved Error Messages Gradient and Symbolic Error Messages gradient error provides contextual suggestion[0m                                          00:00 [32m+154[0m[31m -3[0m: test/core/error_messages_test.dart: Improved Error Messages Gradient and Symbolic Error Messages gradient error provides contextual suggestion[0m                                          00:00 [32m+155[0m[31m -3[0m: test/core/unicode_input_test.dart: Unicode Input Support Tokenizer Unicode preprocessing tokenizes π as pi constant[0m                                                                     00:00 [32m+156[0m[31m -3[0m: test/core/unicode_input_test.dart: Unicode Input Support Tokenizer Unicode preprocessing tokenizes π as pi constant[0m                                                                     00:00 [32m+157[0m[31m -3[0m: test/core/unicode_input_test.dart: Unicode Input Support Tokenizer Unicode preprocessing tokenizes π as pi constant[0m                                                                     00:00 [32m+158[0m[31m -3[0m: test/core/unicode_input_test.dart: Unicode Input Support Tokenizer Unicode preprocessing tokenizes π as pi constant[0m                                                                     00:00 [32m+159[0m[31m -3[0m: test/core/unicode_input_test.dart: Unicode Input Support Tokenizer Unicode preprocessing tokenizes π as pi constant[0m                                                                     00:00 [32m+160[0m[31m -3[0m: test/core/unicode_input_test.dart: Unicode Input Support Tokenizer Unicode preprocessing tokenizes π as pi constant[0m                                                                     00:00 [32m+161[0m[31m -3[0m: test/core/unicode_input_test.dart: Unicode Input Support Tokenizer Unicode preprocessing tokenizes π as pi constant[0m                                                                     00:00 [32m+162[0m[31m -3[0m: test/core/unicode_input_test.dart: Unicode Input Support Tokenizer Unicode preprocessing tokenizes π as pi constant[0m                                                                     00:00 [32m+163[0m[31m -3[0m: test/core/unicode_input_test.dart: Unicode Input Support Tokenizer Unicode preprocessing tokenizes π as pi constant[0m                                                                     00:00 [32m+164[0m[31m -3[0m: test/core/unicode_input_test.dart: Unicode Input Support Tokenizer Unicode preprocessing tokenizes π as pi constant[0m                                                                     00:00 [32m+165[0m[31m -3[0m: test/core/unicode_input_test.dart: Unicode Input Support Tokenizer Unicode preprocessing tokenizes π as pi constant[0m                                                                     00:00 [32m+166[0m[31m -3[0m: test/core/unicode_input_test.dart: Unicode Input Support Tokenizer Unicode preprocessing tokenizes π as pi constant[0m                                                                     00:00 [32m+167[0m[31m -3[0m: test/core/unicode_input_test.dart: Unicode Input Support Tokenizer Unicode preprocessing tokenizes π as pi constant[0m                                                                     00:00 [32m+168[0m[31m -3[0m: test/core/unicode_input_test.dart: Unicode Input Support Tokenizer Unicode preprocessing tokenizes π as pi constant[0m                                                                     00:00 [32m+169[0m[31m -3[0m: test/core/unicode_input_test.dart: Unicode Input Support Tokenizer Unicode preprocessing tokenizes π as pi constant[0m                                                                     00:00 [32m+170[0m[31m -3[0m: test/core/unicode_input_test.dart: Unicode Input Support Tokenizer Unicode preprocessing tokenizes π as pi constant[0m                                                                     00:00 [32m+171[0m[31m -3[0m: test/core/unicode_input_test.dart: Unicode Input Support Tokenizer Unicode preprocessing tokenizes π as pi constant[0m                                                                     00:00 [32m+172[0m[31m -3[0m: test/core/unicode_input_test.dart: Unicode Input Support Tokenizer Unicode preprocessing tokenizes π as pi constant[0m                                                                     00:00 [32m+173[0m[31m -3[0m: test/core/unicode_input_test.dart: Unicode Input Support Tokenizer Unicode preprocessing tokenizes π as pi constant[0m                                                                     00:00 [32m+174[0m[31m -3[0m: test/core/implicit_multiplication_test.dart: Implicit Multiplication Heuristics Exponent implicit multiplication e^{ix} evaluates to Euler identity at π[0m                                00:00 [32m+175[0m[31m -3[0m: test/core/implicit_multiplication_test.dart: Implicit Multiplication Heuristics Exponent implicit multiplication e^{ix} evaluates to Euler identity at π[0m                                00:00 [32m+176[0m[31m -3[0m: test/core/implicit_multiplication_test.dart: Implicit Multiplication Heuristics Exponent implicit multiplication e^{ix} evaluates to Euler identity at π[0m                                00:00 [32m+177[0m[31m -3[0m: test/core/implicit_multiplication_test.dart: Implicit Multiplication Heuristics Exponent implicit multiplication e^{ix} evaluates to Euler identity at π[0m                                00:00 [32m+178[0m[31m -3[0m: test/core/implicit_multiplication_test.dart: Implicit Multiplication Heuristics Exponent implicit multiplication e^{ix} evaluates to Euler identity at π[0m                                00:00 [32m+179[0m[31m -3[0m: test/core/implicit_multiplication_test.dart: Implicit Multiplication Heuristics Exponent implicit multiplication e^{ix} evaluates to Euler identity at π[0m                                00:00 [32m+180[0m[31m -3[0m: test/core/implicit_multiplication_test.dart: Implicit Multiplication Heuristics Exponent implicit multiplication e^{ix} evaluates to Euler identity at π[0m                                00:00 [32m+181[0m[31m -3[0m: test/core/implicit_multiplication_test.dart: Implicit Multiplication Heuristics Exponent implicit multiplication e^{ix} evaluates to Euler identity at π[0m                                00:00 [32m+182[0m[31m -3[0m: test/core/implicit_multiplication_test.dart: Implicit Multiplication Heuristics Exponent implicit multiplication e^{ix} evaluates to Euler identity at π[0m                                00:00 [32m+183[0m[31m -3[0m: test/core/implicit_multiplication_test.dart: Implicit Multiplication Heuristics Exponent implicit multiplication e^{ix} evaluates to Euler identity at π[0m                                00:00 [32m+184[0m[31m -3[0m: test/core/implicit_multiplication_test.dart: Implicit Multiplication Heuristics Exponent implicit multiplication e^{ix} evaluates to Euler identity at π[0m                                00:00 [32m+185[0m[31m -3[0m: test/core/implicit_multiplication_test.dart: Implicit Multiplication Heuristics Exponent implicit multiplication e^{ix} evaluates to Euler identity at π[0m                                00:00 [32m+186[0m[31m -3[0m: test/core/implicit_multiplication_test.dart: Implicit Multiplication Heuristics Exponent implicit multiplication e^{ix} evaluates to Euler identity at π[0m                                00:00 [32m+187[0m[31m -3[0m: test/core/implicit_multiplication_test.dart: Implicit Multiplication Heuristics Exponent implicit multiplication e^{ix} evaluates to Euler identity at π[0m                                00:00 [32m+188[0m[31m -3[0m: test/core/implicit_multiplication_test.dart: Implicit Multiplication Heuristics Exponent implicit multiplication e^{ix} evaluates to Euler identity at π[0m                                00:00 [32m+189[0m[31m -3[0m: test/core/implicit_multiplication_test.dart: Implicit Multiplication Heuristics Exponent implicit multiplication e^{ix} evaluates to Euler identity at π[0m                                00:00 [32m+190[0m[31m -3[0m: test/core/implicit_multiplication_test.dart: Implicit Multiplication Heuristics Exponent implicit multiplication e^{ix} evaluates to Euler identity at π[0m                                00:00 [32m+191[0m[31m -3[0m: test/core/implicit_multiplication_test.dart: Implicit Multiplication Heuristics Exponent implicit multiplication e^{ix} evaluates to Euler identity at π[0m                                00:00 [32m+192[0m[31m -3[0m: test/core/implicit_multiplication_test.dart: Implicit Multiplication Heuristics Exponent implicit multiplication e^{ix} evaluates to Euler identity at π[0m                                00:00 [32m+193[0m[31m -3[0m: test/core/implicit_multiplication_test.dart: Implicit Multiplication Heuristics Exponent implicit multiplication e^{ix} evaluates to Euler identity at π[0m                                00:00 [32m+194[0m[31m -3[0m: test/core/implicit_multiplication_test.dart: Implicit Multiplication Heuristics Exponent implicit multiplication e^{ix} evaluates to Euler identity at π[0m                                00:00 [32m+194[0m[31m -3[0m: test/core/unicode_input_test.dart: Unicode Input Support Evaluation with Unicode input evaluates expression with mixed Unicode and LaTeX[0m                                                00:00 [32m+195[0m[31m -3[0m: test/core/implicit_multiplication_test.dart: Implicit Multiplication Heuristics Exponent implicit multiplication e^ix without braces is parsed as (e^i)*x[0m                               00:00 [32m+196[0m[31m -3[0m: test/core/implicit_multiplication_test.dart: Implicit Multiplication Heuristics Exponent implicit multiplication e^ix without braces is parsed as (e^i)*x[0m                               00:00 [32m+196[0m[31m -3[0m: test/core/unicode_input_test.dart: Unicode Input Support Evaluation with Unicode input evaluates ∑ with Unicode[0m                                                                         00:00 [32m+197[0m[31m -3[0m: test/core/implicit_multiplication_test.dart: Implicit Multiplication Heuristics Exponent implicit multiplication 2^{xy} evaluates with implicit multiplication in braced exponent[0m       00:00 [32m+198[0m[31m -3[0m: test/core/unicode_input_test.dart: Unicode Input Support Evaluation with Unicode input evaluates ∫ with Unicode[0m                                                                         00:00 [32m+199[0m[31m -3[0m: test/core/unicode_input_test.dart: Unicode Input Support Evaluation with Unicode input evaluates ∫ with Unicode[0m                                                                         00:00 [32m+200[0m[31m -3[0m: test/core/unicode_input_test.dart: Unicode Input Support Evaluation with Unicode input evaluates ∫ with Unicode[0m                                                                         00:00 [32m+201[0m[31m -3[0m: test/core/unicode_input_test.dart: Unicode Input Support Evaluation with Unicode input evaluates ∫ with Unicode[0m                                                                         00:00 [32m+202[0m[31m -3[0m: test/core/unicode_input_test.dart: Unicode Input Support Evaluation with Unicode input evaluates ∫ with Unicode[0m                                                                         00:00 [32m+203[0m[31m -3[0m: test/core/unicode_input_test.dart: Unicode Input Support Evaluation with Unicode input evaluates ∫ with Unicode[0m                                                                         00:00 [32m+204[0m[31m -3[0m: test/core/unicode_input_test.dart: Unicode Input Support Evaluation with Unicode input evaluates ∫ with Unicode[0m                                                                         00:00 [32m+205[0m[31m -3[0m: test/core/unicode_input_test.dart: Unicode Input Support Evaluation with Unicode input evaluates ∫ with Unicode[0m                                                                         00:00 [32m+206[0m[31m -3[0m: test/core/unicode_input_test.dart: Unicode Input Support Evaluation with Unicode input evaluates ∫ with Unicode[0m                                                                         00:00 [32m+207[0m[31m -3[0m: test/core/unicode_input_test.dart: Unicode Input Support Evaluation with Unicode input evaluates ∫ with Unicode[0m                                                                         00:00 [32m+208[0m[31m -3[0m: test/core/implicit_multiplication_test.dart: ... Multiplication Heuristics Disabled implicit multiplication (allowImplicitMultiplication: false) explicit multiplication still works[0m    00:00 [32m+209[0m[31m -3[0m: test/core/implicit_multiplication_test.dart: ... Multiplication Heuristics Disabled implicit multiplication (allowImplicitMultiplication: false) explicit multiplication still works[0m    00:00 [32m+209[0m[31m -3[0m: test/core/unicode_input_test.dart: Unicode Input Support Evaluation with Unicode input evaluates with Greek letters as variables[0m                                                        00:00 [32m+210[0m[31m -3[0m: test/core/unicode_input_test.dart: Unicode Input Support Evaluation with Unicode input evaluates with Greek letters as variables[0m                                                        00:00 [32m+211[0m[31m -3[0m: test/core/unicode_input_test.dart: Unicode Input Support Evaluation with Unicode input evaluates with Greek letters as variables[0m                                                        00:00 [32m+211[0m[31m -3[0m: test/core/implicit_multiplication_test.dart: ... Heuristics Disabled implicit multiplication (allowImplicitMultiplication: false) explicit multiplication with asterisk works[0m           00:00 [32m+212[0m[31m -3[0m: test/core/unicode_input_test.dart: Unicode Input Support Unicode comparison operators in constraints evaluates expression with ≤ constraint[0m                                             00:00 [32m+213[0m[31m -3[0m: test/core/unicode_input_test.dart: Unicode Input Support Unicode comparison operators in constraints evaluates expression with ≤ constraint[0m                                             00:00 [32m+214[0m[31m -3[0m: test/core/unicode_input_test.dart: Unicode Input Support Unicode comparison operators in constraints evaluates expression with ≤ constraint[0m                                             00:00 [32m+214[0m[31m -3[0m: test/core/implicit_multiplication_test.dart: Implicit Multiplication Heuristics Disabled implicit multiplication (allowImplicitMultiplication: false) functions still work normally[0m     00:00 [32m+215[0m[31m -3[0m: test/core/implicit_multiplication_test.dart: Implicit Multiplication Heuristics Disabled implicit multiplication (allowImplicitMultiplication: false) functions still work normally[0m     00:00 [32m+216[0m[31m -3[0m: test/core/implicit_multiplication_test.dart: Implicit Multiplication Heuristics Disabled implicit multiplication (allowImplicitMultiplication: false) functions still work normally[0m     00:00 [32m+216[0m[31m -3[0m: test/core/implicit_multiplication_test.dart: ... Heuristics Disabled implicit multiplication (allowImplicitMultiplication: false) validates multi-char variable expressions[0m             00:00 [32m+217[0m[31m -3[0m: test/core/implicit_multiplication_test.dart: ... Heuristics Disabled implicit multiplication (allowImplicitMultiplication: false) validates multi-char variable expressions[0m             00:00 [32m+217[0m[31m -3[0m: [1m[90mloading test/core/extended_evaluator_test.dart[0m[0m                                                                                                                                          00:00 [32m+217[0m[31m -3[0m: test/core/extended_evaluator_test.dart: Extended Evaluator Tests Trigonometry evaluates sin[0m                                                                                             00:00 [32m+218[0m[31m -3[0m: test/core/parse_reuse_test.dart: Parse and Reuse parse returns an Expression[0m                                                                                                            00:00 [32m+219[0m[31m -3[0m: test/core/parse_reuse_test.dart: Parse and Reuse parse returns an Expression[0m                                                                                                            00:00 [32m+220[0m[31m -3[0m: test/core/parse_reuse_test.dart: Parse and Reuse parse returns an Expression[0m                                                                                                            00:00 [32m+221[0m[31m -3[0m: test/core/parse_reuse_test.dart: Parse and Reuse parse returns an Expression[0m                                                                                                            00:00 [32m+222[0m[31m -3[0m: test/core/parse_reuse_test.dart: Parse and Reuse parse returns an Expression[0m                                                                                                            00:00 [32m+223[0m[31m -3[0m: test/core/parse_reuse_test.dart: Parse and Reuse parse returns an Expression[0m                                                                                                            00:00 [32m+224[0m[31m -3[0m: test/core/parse_reuse_test.dart: Parse and Reuse parse returns an Expression[0m                                                                                                            00:00 [32m+225[0m[31m -3[0m: test/core/parse_reuse_test.dart: Parse and Reuse parse returns an Expression[0m                                                                                                            00:00 [32m+226[0m[31m -3[0m: test/core/extended_evaluator_test.dart: Extended Evaluator Tests Logarithms evaluates ln[0m                                                                                                00:00 [32m+227[0m[31m -3[0m: test/core/parse_reuse_test.dart: Parse and Reuse evaluateParsed works with pre-parsed expression[0m                                                                                        00:00 [32m+228[0m[31m -3[0m: test/core/parse_reuse_test.dart: Parse and Reuse evaluateParsed works with pre-parsed expression[0m                                                                                        00:00 [32m+229[0m[31m -3[0m: test/core/parse_reuse_test.dart: Parse and Reuse evaluateParsed works with pre-parsed expression[0m                                                                                        00:00 [32m+230[0m[31m -3[0m: test/core/parse_reuse_test.dart: Parse and Reuse evaluateParsed works with pre-parsed expression[0m                                                                                        00:00 [32m+231[0m[31m -3[0m: test/core/parse_reuse_test.dart: Parse and Reuse evaluateParsed works with pre-parsed expression[0m                                                                                        00:00 [32m+232[0m[31m -4[0m: test/core/extended_evaluator_test.dart: Extended Evaluator Tests Logarithms log of zero/negative returns complex[0m                                                                        00:00 [32m+232[0m[31m -4[0m: test/core/extended_evaluator_test.dart: Extended Evaluator Tests Logarithms throws on invalid log base[0m                                                                                  00:00 [32m+233[0m[31m -4[0m: test/core/extended_evaluator_test.dart: Extended Evaluator Tests Logarithms throws on invalid log base[0m                                                                                  00:00 [32m+233[0m[31m -4[0m: test/core/extended_evaluator_test.dart: Extended Evaluator Tests Roots evaluates sqrt[0m                                                                                                   00:00 [32m+234[0m[31m -4[0m: test/core/extended_evaluator_test.dart: Extended Evaluator Tests Roots evaluates sqrt[0m                                                                                                   00:00 [32m+234[0m[31m -4[0m: test/core/extended_evaluator_test.dart: Extended Evaluator Tests Roots sqrt of negative returns complex[0m                                                                                 00:00 [32m+235[0m[31m -4[0m: test/core/extended_evaluator_test.dart: Extended Evaluator Tests Roots sqrt of negative returns complex[0m                                                                                 00:00 [32m+235[0m[31m -4[0m: test/core/extended_evaluator_test.dart: Extended Evaluator Tests Fractions evaluates simple fraction[0m                                                                                    00:00 [32m+236[0m[31m -4[0m: test/core/extended_evaluator_test.dart: Extended Evaluator Tests Fractions evaluates simple fraction[0m                                                                                    00:00 [32m+236[0m[31m -4[0m: test/core/extended_evaluator_test.dart: Extended Evaluator Tests Fractions evaluates nested fractions[0m                                                                                   00:00 [32m+237[0m[31m -4[0m: test/core/extended_evaluator_test.dart: Extended Evaluator Tests Fractions evaluates nested fractions[0m                                                                                   00:00 [32m+237[0m[31m -4[0m: test/core/extended_evaluator_test.dart: Extended Evaluator Tests Fractions throws on division by zero in fraction[0m                                                                       00:00 [32m+238[0m[31m -4[0m: test/core/extended_evaluator_test.dart: Extended Evaluator Tests Fractions throws on division by zero in fraction[0m                                                                       00:00 [32m+238[0m[31m -4[0m: test/core/extended_evaluator_test.dart: Extended Evaluator Tests Implicit Multiplication evaluates number and variable[0m                                                                  00:00 [32m+239[0m[31m -4[0m: test/core/extended_evaluator_test.dart: Extended Evaluator Tests Implicit Multiplication evaluates number and variable[0m                                                                  00:00 [32m+239[0m[31m -4[0m: test/core/extended_evaluator_test.dart: Extended Evaluator Tests Implicit Multiplication evaluates variable and variable[0m                                                                00:00 [32m+240[0m[31m -4[0m: test/core/extended_evaluator_test.dart: Extended Evaluator Tests Implicit Multiplication evaluates variable and variable[0m                                                                00:00 [32m+240[0m[31m -4[0m: test/core/extended_evaluator_test.dart: Extended Evaluator Tests Implicit Multiplication evaluates number and parenthesis[0m                                                               00:00 [32m+241[0m[31m -4[0m: test/core/extended_evaluator_test.dart: Extended Evaluator Tests Implicit Multiplication evaluates number and parenthesis[0m                                                               00:00 [32m+241[0m[31m -4[0m: test/core/extended_evaluator_test.dart: Extended Evaluator Tests Implicit Multiplication evaluates variable and parenthesis[0m                                                             00:00 [32m+242[0m[31m -4[0m: test/core/extended_evaluator_test.dart: Extended Evaluator Tests Implicit Multiplication evaluates variable and parenthesis[0m                                                             00:00 [32m+242[0m[31m -4[0m: test/core/extended_evaluator_test.dart: Extended Evaluator Tests Implicit Multiplication evaluates parenthesis and parenthesis[0m                                                          00:00 [32m+243[0m[31m -4[0m: test/core/extended_evaluator_test.dart: Extended Evaluator Tests Implicit Multiplication evaluates parenthesis and parenthesis[0m                                                          00:00 [32m+243[0m[31m -4[0m: test/core/extended_evaluator_test.dart: Extended Evaluator Tests Constants evaluates pi[0m                                                                                                 00:00 [32m+244[0m[31m -4[0m: test/core/extended_evaluator_test.dart: Extended Evaluator Tests Constants evaluates pi[0m                                                                                                 00:00 [32m+244[0m[31m -4[0m: test/core/extended_evaluator_test.dart: Extended Evaluator Tests Constants evaluates e[0m                                                                                                  00:00 [32m+245[0m[31m -4[0m: test/core/extended_evaluator_test.dart: Extended Evaluator Tests Constants evaluates e[0m                                                                                                  00:00 [32m+245[0m[31m -4[0m: test/core/extended_evaluator_test.dart: Extended Evaluator Tests Constants evaluates phi[0m                                                                                                00:00 [32m+246[0m[31m -4[0m: test/core/extended_evaluator_test.dart: Extended Evaluator Tests Constants evaluates phi[0m                                                                                                00:00 [32m+246[0m[31m -4[0m: test/core/extended_evaluator_test.dart: Extended Evaluator Tests Complex Expressions evaluates combination of operations[0m                                                                00:00 [32m+247[0m[31m -4[0m: test/core/cache_noncommutative_test.dart: Cache Non-Commutative Operations cache distinguishes subtraction operand order[0m                                                                00:00 [32m+248[0m[31m -4[0m: test/core/cache_noncommutative_test.dart: Cache Non-Commutative Operations cache distinguishes subtraction operand order[0m                                                                00:00 [32m+249[0m[31m -4[0m: test/core/cache_noncommutative_test.dart: Cache Non-Commutative Operations cache distinguishes subtraction operand order[0m                                                                00:00 [32m+250[0m[31m -4[0m: test/core/cache_noncommutative_test.dart: Cache Non-Commutative Operations cache distinguishes subtraction operand order[0m                                                                00:00 [32m+251[0m[31m -4[0m: test/core/cache_noncommutative_test.dart: Cache Non-Commutative Operations cache distinguishes subtraction operand order[0m                                                                00:00 [32m+251[0m[31m -4[0m: test/core/parse_reuse_test.dart: Parse and Reuse evaluateParsed works with pre-parsed expression [1m[31m[E][0m[0m                                                                                    
  EvaluatorException: Type mismatch in binary operation
  Suggestion: Ensure both operands are compatible types (numbers, complex numbers, matrices, or vectors)
  package:texpr/src/evaluator/binary_evaluator.dart 65:5     BinaryEvaluator.evaluate
  package:texpr/src/visitors/evaluation_visitor.dart 175:29  EvaluationVisitor.visitBinaryOp
  package:texpr/src/ast/operations.dart 54:20                BinaryOp.accept
  package:texpr/src/evaluator.dart 77:28                     Evaluator.evaluate
  package:texpr/texpr.dart 389:31                            Texpr.evaluateParsed
  test/core/parse_reuse_test.dart 15:24                      main.<fn>.<fn>
  

[1m[36mTo run this test again:[0m /Users/xomodo/sdks/flutter/bin/cache/dart-sdk/bin/dart test test/core/parse_reuse_test.dart -p vm --plain-name 'Parse and Reuse evaluateParsed works with pre-parsed expression'
00:00 [32m+252[0m[31m -4[0m: test/core/cache_noncommutative_test.dart: Cache Non-Commutative Operations cache distinguishes subtraction operand order[0m                                                                00:00 [32m+253[0m[31m -5[0m: test/core/cache_noncommutative_test.dart: Cache Non-Commutative Operations cache distinguishes subtraction operand order[0m                                                                00:00 [32m+253[0m[31m -5[0m: test/core/parse_reuse_test.dart: Parse and Reuse reuse quadratic expression multiple times [1m[31m[E][0m[0m                                                                                          
  EvaluatorException: Type mismatch in binary operation
  Suggestion: Ensure both operands are compatible types (numbers, complex numbers, matrices, or vectors)
  package:texpr/src/evaluator/binary_evaluator.dart 65:5     BinaryEvaluator.evaluate
  package:texpr/src/visitors/evaluation_visitor.dart 175:29  EvaluationVisitor.visitBinaryOp
  package:texpr/src/ast/operations.dart 54:20                BinaryOp.accept
  package:texpr/src/visitors/evaluation_visitor.dart 79:19   EvaluationVisitor._evaluateRaw
  package:texpr/src/visitors/evaluation_visitor.dart 163:23  EvaluationVisitor.visitBinaryOp
  package:texpr/src/ast/operations.dart 54:20                BinaryOp.accept
  package:texpr/src/visitors/evaluation_visitor.dart 79:19   EvaluationVisitor._evaluateRaw
  package:texpr/src/visitors/evaluation_visitor.dart 163:23  EvaluationVisitor.visitBinaryOp
  package:texpr/src/ast/operations.dart 54:20                BinaryOp.accept
  package:texpr/src/evaluator.dart 77:28                     Evaluator.evaluate
  package:texpr/texpr.dart 389:31                            Texpr.evaluateParsed
  test/core/parse_reuse_test.dart 23:24                      main.<fn>.<fn>
  

[1m[36mTo run this test again:[0m /Users/xomodo/sdks/flutter/bin/cache/dart-sdk/bin/dart test test/core/parse_reuse_test.dart -p vm --plain-name 'Parse and Reuse reuse quadratic expression multiple times'
00:00 [32m+254[0m[31m -5[0m: test/core/cache_noncommutative_test.dart: Cache Non-Commutative Operations cache distinguishes subtraction operand order[0m                                                                00:00 [32m+254[0m[31m -6[0m: test/core/parse_reuse_test.dart: Parse and Reuse reuse multi-variable expression [1m[31m[E][0m[0m                                                                                                    
  EvaluatorException: Type mismatch in binary operation
  Suggestion: Ensure both operands are compatible types (numbers, complex numbers, matrices, or vectors)
  package:texpr/src/evaluator/binary_evaluator.dart 65:5     BinaryEvaluator.evaluate
  package:texpr/src/visitors/evaluation_visitor.dart 175:29  EvaluationVisitor.visitBinaryOp
  package:texpr/src/ast/operations.dart 54:20                BinaryOp.accept
  package:texpr/src/visitors/evaluation_visitor.dart 79:19   EvaluationVisitor._evaluateRaw
  package:texpr/src/visitors/evaluation_visitor.dart 174:24  EvaluationVisitor.visitBinaryOp
  package:texpr/src/ast/operations.dart 54:20                BinaryOp.accept
  package:texpr/src/evaluator.dart 77:28                     Evaluator.evaluate
  package:texpr/texpr.dart 389:31                            Texpr.evaluateParsed
  test/core/parse_reuse_test.dart 33:21                      main.<fn>.<fn>
  

[1m[36mTo run this test again:[0m /Users/xomodo/sdks/flutter/bin/cache/dart-sdk/bin/dart test test/core/parse_reuse_test.dart -p vm --plain-name 'Parse and Reuse reuse multi-variable expression'
00:00 [32m+255[0m[31m -6[0m: test/core/cache_noncommutative_test.dart: Cache Non-Commutative Operations cache distinguishes subtraction operand order[0m                                                                00:00 [32m+256[0m[31m -6[0m: test/core/cache_noncommutative_test.dart: Cache Non-Commutative Operations cache distinguishes subtraction operand order[0m                                                                00:00 [32m+257[0m[31m -6[0m: test/core/cache_noncommutative_test.dart: Cache Non-Commutative Operations cache distinguishes subtraction operand order[0m                                                                00:00 [32m+258[0m[31m -6[0m: test/core/tokenizer_test.dart: Tokenizer numbers tokenizes integer[0m                                                                                                                      00:00 [32m+259[0m[31m -6[0m: test/core/tokenizer_test.dart: Tokenizer numbers tokenizes integer[0m                                                                                                                      00:00 [32m+260[0m[31m -6[0m: test/core/tokenizer_test.dart: Tokenizer numbers tokenizes integer[0m                                                                                                                      00:00 [32m+261[0m[31m -6[0m: test/core/tokenizer_test.dart: Tokenizer numbers tokenizes integer[0m                                                                                                                      00:00 [32m+262[0m[31m -6[0m: test/core/tokenizer_test.dart: Tokenizer numbers tokenizes integer[0m                                                                                                                      00:00 [32m+263[0m[31m -6[0m: test/core/tokenizer_test.dart: Tokenizer numbers tokenizes integer[0m                                                                                                                      00:00 [32m+263[0m[31m -7[0m: test/core/parse_reuse_test.dart: Parse and Reuse reuse with different variable sets [1m[31m[E][0m[0m                                                                                                 
  EvaluatorException: Type mismatch in binary operation
  Suggestion: Ensure both operands are compatible types (numbers, complex numbers, matrices, or vectors)
  package:texpr/src/evaluator/binary_evaluator.dart 65:5     BinaryEvaluator.evaluate
  package:texpr/src/visitors/evaluation_visitor.dart 175:29  EvaluationVisitor.visitBinaryOp
  package:texpr/src/ast/operations.dart 54:20                BinaryOp.accept
  package:texpr/src/evaluator.dart 77:28                     Evaluator.evaluate
  package:texpr/texpr.dart 389:31                            Texpr.evaluateParsed
  test/core/parse_reuse_test.dart 54:24                      main.<fn>.<fn>
  

[1m[36mTo run this test again:[0m /Users/xomodo/sdks/flutter/bin/cache/dart-sdk/bin/dart test test/core/parse_reuse_test.dart -p vm --plain-name 'Parse and Reuse reuse with different variable sets'
00:00 [32m+264[0m[31m -7[0m: test/core/tokenizer_test.dart: Tokenizer numbers tokenizes integer[0m                                                                                                                      00:00 [32m+265[0m[31m -8[0m: test/core/tokenizer_test.dart: Tokenizer numbers tokenizes integer[0m                                                                                                                      00:00 [32m+265[0m[31m -8[0m: test/core/parse_reuse_test.dart: Parse and Reuse reuse with fractions [1m[31m[E][0m[0m                                                                                                               
  EvaluatorException: Type mismatch in binary operation
  Suggestion: Ensure both operands are compatible types (numbers, complex numbers, matrices, or vectors)
  package:texpr/src/evaluator/binary_evaluator.dart 65:5     BinaryEvaluator.evaluate
  package:texpr/src/visitors/evaluation_visitor.dart 175:29  EvaluationVisitor.visitBinaryOp
  package:texpr/src/ast/operations.dart 54:20                BinaryOp.accept
  package:texpr/src/evaluator.dart 77:28                     Evaluator.evaluate
  package:texpr/texpr.dart 389:31                            Texpr.evaluateParsed
  test/core/parse_reuse_test.dart 76:24                      main.<fn>.<fn>
  

[1m[36mTo run this test again:[0m /Users/xomodo/sdks/flutter/bin/cache/dart-sdk/bin/dart test test/core/parse_reuse_test.dart -p vm --plain-name 'Parse and Reuse reuse with fractions'
00:00 [32m+266[0m[31m -8[0m: test/core/tokenizer_test.dart: Tokenizer numbers tokenizes integer[0m                                                                                                                      00:00 [32m+267[0m[31m -9[0m: test/core/extended_evaluator_test.dart: Extended Evaluator Tests Calculus evaluates integral[0m                                                                                            00:00 [32m+268[0m[31m -9[0m: test/core/extended_evaluator_test.dart: Extended Evaluator Tests Calculus evaluates integral[0m                                                                                            00:00 [32m+269[0m[31m -9[0m: test/core/extended_evaluator_test.dart: Extended Evaluator Tests Calculus evaluates integral[0m                                                                                            00:00 [32m+269[0m[31m -9[0m: test/core/parse_reuse_test.dart: Parse and Reuse reuse with complex expression [1m[31m[E][0m[0m                                                                                                      
  EvaluatorException: Type mismatch in binary operation
  Suggestion: Ensure both operands are compatible types (numbers, complex numbers, matrices, or vectors)
  package:texpr/src/evaluator/binary_evaluator.dart 65:5     BinaryEvaluator.evaluate
  package:texpr/src/visitors/evaluation_visitor.dart 175:29  EvaluationVisitor.visitBinaryOp
  package:texpr/src/ast/operations.dart 54:20                BinaryOp.accept
  package:texpr/src/visitors/evaluation_visitor.dart 79:19   EvaluationVisitor._evaluateRaw
  package:texpr/src/visitors/evaluation_visitor.dart 174:24  EvaluationVisitor.visitBinaryOp
  package:texpr/src/ast/operations.dart 54:20                BinaryOp.accept
  package:texpr/src/visitors/evaluation_visitor.dart 79:19   EvaluationVisitor._evaluateRaw
  package:texpr/src/visitors/evaluation_visitor.dart 163:23  EvaluationVisitor.visitBinaryOp
  package:texpr/src/ast/operations.dart 54:20                BinaryOp.accept
  package:texpr/src/visitors/evaluation_visitor.dart 79:19   EvaluationVisitor._evaluateRaw
  package:texpr/src/visitors/evaluation_visitor.dart 163:23  EvaluationVisitor.visitBinaryOp
  package:texpr/src/ast/operations.dart 54:20                BinaryOp.accept
  package:texpr/src/evaluator.dart 77:28                     Evaluator.evaluate
  package:texpr/texpr.dart 389:31                            Texpr.evaluateParsed
  test/core/parse_reuse_test.dart 85:21                      main.<fn>.<fn>
  

[1m[36mTo run this test again:[0m /Users/xomodo/sdks/flutter/bin/cache/dart-sdk/bin/dart test test/core/parse_reuse_test.dart -p vm --plain-name 'Parse and Reuse reuse with complex expression'
00:00 [32m+270[0m[31m -9[0m: test/core/extended_evaluator_test.dart: Extended Evaluator Tests Calculus evaluates integral[0m                                                                                            00:00 [32m+271[0m[31m -9[0m: test/core/extended_evaluator_test.dart: Extended Evaluator Tests Calculus evaluates integral[0m                                                                                            00:00 [32m+272[0m[31m -10[0m: test/core/extended_evaluator_test.dart: Extended Evaluator Tests Calculus evaluates integral[0m                                                                                           00:00 [32m+273[0m[31m -10[0m: test/core/extended_evaluator_test.dart: Extended Evaluator Tests Calculus evaluates integral[0m                                                                                           00:00 [32m+273[0m[31m -10[0m: test/core/parse_reuse_test.dart: Parse and Reuse parse with implicit multiplication [1m[31m[E][0m[0m                                                                                                
  EvaluatorException: Type mismatch in binary operation
  Suggestion: Ensure both operands are compatible types (numbers, complex numbers, matrices, or vectors)
  package:texpr/src/evaluator/binary_evaluator.dart 65:5     BinaryEvaluator.evaluate
  package:texpr/src/visitors/evaluation_visitor.dart 175:29  EvaluationVisitor.visitBinaryOp
  package:texpr/src/ast/operations.dart 54:20                BinaryOp.accept
  package:texpr/src/evaluator.dart 77:28                     Evaluator.evaluate
  package:texpr/texpr.dart 389:31                            Texpr.evaluateParsed
  test/core/parse_reuse_test.dart 95:24                      main.<fn>.<fn>
  

[1m[36mTo run this test again:[0m /Users/xomodo/sdks/flutter/bin/cache/dart-sdk/bin/dart test test/core/parse_reuse_test.dart -p vm --plain-name 'Parse and Reuse parse with implicit multiplication'
00:00 [32m+274[0m[31m -10[0m: test/core/extended_evaluator_test.dart: Extended Evaluator Tests Calculus evaluates integral[0m                                                                                           00:00 [32m+274[0m[31m -10[0m: test/core/tokenizer_test.dart: Tokenizer operators tokenizes LaTeX times[0m                                                                                                               00:00 [32m+275[0m[31m -10[0m: test/core/tokenizer_test.dart: Tokenizer operators tokenizes LaTeX times[0m                                                                                                               00:00 [32m+276[0m[31m -10[0m: test/core/parse_reuse_test.dart: Parse and Reuse evaluateParsed without variables uses constants[0m                                                                                       00:00 [32m+277[0m[31m -10[0m: test/core/extended_evaluator_test.dart: Extended Evaluator Tests Implicit Multiplication Options treats xy as x*y when implicit multiplication is enabled (default)[0m                    00:00 [32m+278[0m[31m -10[0m: test/core/extended_evaluator_test.dart: Extended Evaluator Tests Implicit Multiplication Options treats xy as x*y when implicit multiplication is enabled (default)[0m                    00:00 [32m+279[0m[31m -10[0m: test/core/extended_evaluator_test.dart: Extended Evaluator Tests Implicit Multiplication Options treats xy as x*y when implicit multiplication is enabled (default)[0m                    00:00 [32m+280[0m[31m -10[0m: test/core/extended_evaluator_test.dart: Extended Evaluator Tests Implicit Multiplication Options treats xy as x*y when implicit multiplication is enabled (default)[0m                    00:00 [32m+281[0m[31m -10[0m: test/core/extended_evaluator_test.dart: Extended Evaluator Tests Implicit Multiplication Options treats xy as x*y when implicit multiplication is enabled (default)[0m                    00:00 [32m+282[0m[31m -10[0m: test/core/extended_evaluator_test.dart: Extended Evaluator Tests Implicit Multiplication Options treats xy as x*y when implicit multiplication is enabled (default)[0m                    00:00 [32m+283[0m[31m -10[0m: test/core/extended_evaluator_test.dart: Extended Evaluator Tests Implicit Multiplication Options treats xy as x*y when implicit multiplication is enabled (default)[0m                    00:00 [32m+284[0m[31m -10[0m: test/core/extended_evaluator_test.dart: Extended Evaluator Tests Implicit Multiplication Options treats xy as x*y when implicit multiplication is enabled (default)[0m                    00:00 [32m+285[0m[31m -11[0m: test/core/tokenizer_test.dart: Tokenizer errors throws on unknown LaTex command[0m                                                                                                        00:00 [32m+285[0m[31m -11[0m: test/core/tokenizer_test.dart: Tokenizer errors throws on unexpected character[0m                                                                                                         00:00 [32m+286[0m[31m -11[0m: test/core/tokenizer_test.dart: Tokenizer errors throws on unexpected character[0m                                                                                                         00:00 [32m+286[0m[31m -11[0m: test/core/tokenizer_test.dart: Tokenizer complex expressions tokenizes full expression[0m                                                                                                 00:00 [32m+287[0m[31m -11[0m: test/core/tokenizer_test.dart: Tokenizer complex expressions tokenizes full expression[0m                                                                                                 00:00 [32m+287[0m[31m -11[0m: test/core/extended_evaluator_test.dart: Extended Evaluator Tests Implicit Multiplication Options treats xy as x*y when implicit multiplication is enabled (default) [1m[31m[E][0m[0m                
  EvaluatorException: Type mismatch in binary operation
  Suggestion: Ensure both operands are compatible types (numbers, complex numbers, matrices, or vectors)
  package:texpr/src/evaluator/binary_evaluator.dart 65:5     BinaryEvaluator.evaluate
  package:texpr/src/visitors/evaluation_visitor.dart 175:29  EvaluationVisitor.visitBinaryOp
  package:texpr/src/ast/operations.dart 54:20                BinaryOp.accept
  package:texpr/src/evaluator.dart 77:28                     Evaluator.evaluate
  package:texpr/texpr.dart 389:31                            Texpr.evaluateParsed
  package:texpr/texpr.dart 462:12                            Texpr.evaluate
  test/core/extended_evaluator_test.dart 293:26              main.<fn>.<fn>.<fn>
  

[1m[36mTo run this test again:[0m /Users/xomodo/sdks/flutter/bin/cache/dart-sdk/bin/dart test test/core/extended_evaluator_test.dart -p vm --plain-name 'Extended Evaluator Tests Implicit Multiplication Options treats xy as x*y when implicit multiplication is enabled (default)'
00:00 [32m+287[0m[31m -11[0m: test/core/extended_evaluator_test.dart: Extended Evaluator Tests Implicit Multiplication Options treats xy as variable xy when implicit multiplication is disabled[0m                     00:00 [32m+287[0m[31m -12[0m: test/core/extended_evaluator_test.dart: Extended Evaluator Tests Implicit Multiplication Options treats xy as variable xy when implicit multiplication is disabled [1m[31m[E][0m[0m                 
  EvaluatorException: Invalid result type: int
  Suggestion: Results must be either a number, complex number, matrix, or vector
  package:texpr/src/evaluator.dart 94:7          Evaluator._wrapResult
  package:texpr/src/evaluator.dart 78:12         Evaluator.evaluate
  package:texpr/texpr.dart 389:31                Texpr.evaluateParsed
  package:texpr/texpr.dart 462:12                Texpr.evaluate
  test/core/extended_evaluator_test.dart 299:26  main.<fn>.<fn>.<fn>
  

[1m[36mTo run this test again:[0m /Users/xomodo/sdks/flutter/bin/cache/dart-sdk/bin/dart test test/core/extended_evaluator_test.dart -p vm --plain-name 'Extended Evaluator Tests Implicit Multiplication Options treats xy as variable xy when implicit multiplication is disabled'
00:00 [32m+287[0m[31m -12[0m: test/core/extended_evaluator_test.dart: Extended Evaluator Tests New Features v0.1.1 evaluates inverse hyperbolic functions[0m                                                            00:00 [32m+288[0m[31m -12[0m: test/core/extended_evaluator_test.dart: Extended Evaluator Tests New Features v0.1.1 evaluates inverse hyperbolic functions[0m                                                            00:00 [32m+288[0m[31m -12[0m: test/core/extended_evaluator_test.dart: Extended Evaluator Tests New Features v0.1.1 evaluates combinatorics[0m                                                                           00:00 [32m+289[0m[31m -12[0m: test/core/extended_evaluator_test.dart: Extended Evaluator Tests New Features v0.1.1 evaluates combinatorics[0m                                                                           00:00 [32m+289[0m[31m -12[0m: test/core/extended_evaluator_test.dart: Extended Evaluator Tests New Features v0.1.1 evaluates number theory[0m                                                                           00:00 [32m+290[0m[31m -12[0m: test/core/extended_evaluator_test.dart: Extended Evaluator Tests New Features v0.1.1 evaluates number theory[0m                                                                           00:00 [32m+290[0m[31m -12[0m: test/core/extended_evaluator_test.dart: Extended Evaluator Tests New Features v0.1.1 evaluates matrix trace[0m                                                                            00:00 [32m+291[0m[31m -12[0m: test/core/extended_evaluator_test.dart: Extended Evaluator Tests New Features v0.1.1 evaluates matrix trace[0m                                                                            00:00 [32m+291[0m[31m -12[0m: [1m[90mloading test/core/lfu_cache_test.dart[0m[0m                                                                                                                                                  00:00 [32m+291[0m[31m -12[0m: test/core/lfu_cache_test.dart: LfuCache creates cache with specified maxSize[0m                                                                                                           00:00 [32m+292[0m[31m -12[0m: test/core/lru_cache_test.dart: LruCache creates cache with specified maxSize[0m                                                                                                           00:00 [32m+293[0m[31m -12[0m: test/core/lru_cache_test.dart: LruCache creates cache with specified maxSize[0m                                                                                                           00:00 [32m+294[0m[31m -12[0m: test/core/lru_cache_test.dart: LruCache creates cache with specified maxSize[0m                                                                                                           00:00 [32m+295[0m[31m -12[0m: test/core/lru_cache_test.dart: LruCache creates cache with specified maxSize[0m                                                                                                           00:00 [32m+296[0m[31m -12[0m: test/core/lru_cache_test.dart: LruCache creates cache with specified maxSize[0m                                                                                                           00:00 [32m+297[0m[31m -12[0m: test/core/lru_cache_test.dart: LruCache creates cache with specified maxSize[0m                                                                                                           00:00 [32m+298[0m[31m -12[0m: test/core/lru_cache_test.dart: LruCache creates cache with specified maxSize[0m                                                                                                           00:00 [32m+299[0m[31m -12[0m: test/core/lru_cache_test.dart: LruCache creates cache with specified maxSize[0m                                                                                                           00:00 [32m+300[0m[31m -12[0m: test/core/lru_cache_test.dart: LruCache creates cache with specified maxSize[0m                                                                                                           00:00 [32m+301[0m[31m -12[0m: test/core/lru_cache_test.dart: LruCache creates cache with specified maxSize[0m                                                                                                           00:00 [32m+302[0m[31m -12[0m: test/core/lru_cache_test.dart: LruCache creates cache with specified maxSize[0m                                                                                                           00:00 [32m+303[0m[31m -12[0m: test/core/lru_cache_test.dart: LruCache creates cache with specified maxSize[0m                                                                                                           00:00 [32m+304[0m[31m -12[0m: test/core/lru_cache_test.dart: LruCache creates cache with specified maxSize[0m                                                                                                           00:00 [32m+305[0m[31m -12[0m: test/core/lfu_cache_test.dart: LfuCache works with different key and value types[0m                                                                                                       00:00 [32m+306[0m[31m -12[0m: test/core/lfu_cache_test.dart: LfuCache works with different key and value types[0m                                                                                                       00:00 [32m+307[0m[31m -12[0m: test/core/lru_cache_test.dart: LruCache creates cache with maxSize 0 (disabled)[0m                                                                                                        00:00 [32m+308[0m[31m -12[0m: test/core/lru_cache_test.dart: LruCache creates cache with maxSize 0 (disabled)[0m                                                                                                        00:00 [32m+308[0m[31m -12[0m: test/core/lfu_cache_test.dart: LfuCache records statistics when provided[0m                                                                                                               00:00 [32m+309[0m[31m -12[0m: test/core/lru_cache_test.dart: LruCache put and get values[0m                                                                                                                             00:00 [32m+310[0m[31m -12[0m: test/core/lfu_cache_test.dart: LfuCache changing maxSize triggers eviction[0m                                                                                                             00:00 [32m+311[0m[31m -12[0m: test/core/expression_cache_test.dart: Parsed expression caching parse returns identical AST when cached[0m                                                                                00:00 [32m+312[0m[31m -12[0m: test/core/expression_cache_test.dart: Parsed expression caching parse returns identical AST when cached[0m                                                                                00:00 [32m+313[0m[31m -12[0m: test/core/expression_cache_test.dart: Parsed expression caching parse returns identical AST when cached[0m                                                                                00:00 [32m+314[0m[31m -12[0m: test/core/expression_cache_test.dart: Parsed expression caching parse returns identical AST when cached[0m                                                                                00:00 [32m+315[0m[31m -12[0m: test/core/expression_cache_test.dart: Parsed expression caching parse returns identical AST when cached[0m                                                                                00:00 [32m+316[0m[31m -12[0m: test/core/expression_cache_test.dart: Parsed expression caching parse returns identical AST when cached[0m                                                                                00:00 [32m+317[0m[31m -12[0m: test/core/expression_cache_test.dart: Parsed expression caching parse returns identical AST when cached[0m                                                                                00:00 [32m+318[0m[31m -12[0m: test/core/expression_cache_test.dart: Parsed expression caching parse returns identical AST when cached[0m                                                                                00:00 [32m+319[0m[31m -12[0m: test/core/expression_cache_test.dart: Parsed expression caching parse returns identical AST when cached[0m                                                                                00:00 [32m+320[0m[31m -12[0m: test/core/expression_cache_test.dart: Parsed expression caching parse returns identical AST when cached[0m                                                                                00:00 [32m+321[0m[31m -12[0m: test/core/expression_cache_test.dart: Parsed expression caching parse returns identical AST when cached[0m                                                                                00:00 [32m+322[0m[31m -12[0m: test/core/expression_cache_test.dart: Parsed expression caching parse returns identical AST when cached[0m                                                                                00:00 [32m+323[0m[31m -12[0m: test/core/expression_cache_test.dart: Parsed expression caching parse returns identical AST when cached[0m                                                                                00:00 [32m+324[0m[31m -12[0m: test/core/expression_cache_test.dart: Parsed expression caching parse returns identical AST when cached[0m                                                                                00:00 [32m+325[0m[31m -12[0m: test/core/expression_cache_test.dart: Parsed expression caching parse returns identical AST when cached[0m                                                                                00:00 [32m+326[0m[31m -12[0m: test/core/expression_cache_test.dart: Parsed expression caching parse returns identical AST when cached[0m                                                                                00:00 [32m+327[0m[31m -12[0m: test/core/parser_test.dart: Parser literals parses number[0m                                                                                                                              00:00 [32m+328[0m[31m -12[0m: test/core/parser_test.dart: Parser literals parses number[0m                                                                                                                              00:00 [32m+329[0m[31m -13[0m: test/core/parser_test.dart: Parser literals parses number[0m                                                                                                                              00:00 [32m+329[0m[31m -13[0m: test/core/parser_test.dart: Parser literals parses variable[0m                                                                                                                            00:00 [32m+330[0m[31m -13[0m: test/core/parser_test.dart: Parser literals parses variable[0m                                                                                                                            00:00 [32m+330[0m[31m -13[0m: test/core/parser_test.dart: Parser binary operations parses addition[0m                                                                                                                   00:00 [32m+331[0m[31m -13[0m: test/core/parser_test.dart: Parser binary operations parses addition[0m                                                                                                                   00:00 [32m+331[0m[31m -13[0m: test/core/parser_test.dart: Parser binary operations parses subtraction[0m                                                                                                                00:00 [32m+332[0m[31m -13[0m: test/core/parser_test.dart: Parser binary operations parses subtraction[0m                                                                                                                00:00 [32m+332[0m[31m -13[0m: test/core/parser_test.dart: Parser binary operations parses multiplication[0m                                                                                                             00:00 [32m+333[0m[31m -13[0m: test/core/parser_test.dart: Parser binary operations parses multiplication[0m                                                                                                             00:00 [32m+333[0m[31m -13[0m: test/core/parser_test.dart: Parser binary operations parses division[0m                                                                                                                   00:00 [32m+334[0m[31m -13[0m: test/core/parser_test.dart: Parser binary operations parses division[0m                                                                                                                   00:00 [32m+334[0m[31m -13[0m: test/core/parser_test.dart: Parser binary operations parses power[0m                                                                                                                      00:00 [32m+335[0m[31m -13[0m: test/core/parser_test.dart: Parser binary operations parses power[0m                                                                                                                      00:00 [32m+335[0m[31m -13[0m: test/core/parser_test.dart: Parser binary operations parses power with braces[0m                                                                                                          00:00 [32m+336[0m[31m -13[0m: test/core/parser_test.dart: Parser binary operations parses power with braces[0m                                                                                                          00:00 [32m+336[0m[31m -13[0m: test/core/parser_test.dart: Parser precedence multiply before add[0m                                                                                                                      00:00 [32m+337[0m[31m -13[0m: test/core/parser_test.dart: Parser precedence multiply before add[0m                                                                                                                      00:00 [32m+337[0m[31m -13[0m: test/core/parser_test.dart: Parser precedence power before multiply[0m                                                                                                                    00:00 [32m+338[0m[31m -13[0m: test/core/parser_test.dart: Parser precedence power before multiply[0m                                                                                                                    00:00 [32m+338[0m[31m -13[0m: test/core/parser_test.dart: Parser grouping parses parentheses[0m                                                                                                                         00:00 [32m+339[0m[31m -13[0m: test/core/parser_test.dart: Parser grouping parses parentheses[0m                                                                                                                         00:00 [32m+339[0m[31m -13[0m: test/core/parser_test.dart: Parser grouping parses braces[0m                                                                                                                              00:00 [32m+340[0m[31m -13[0m: test/core/parser_test.dart: Parser grouping parses braces[0m                                                                                                                              00:00 [32m+340[0m[31m -13[0m: test/core/parser_test.dart: Parser unary parses unary minus[0m                                                                                                                            00:00 [32m+341[0m[31m -13[0m: test/core/parser_test.dart: Parser unary parses unary minus[0m                                                                                                                            00:00 [32m+341[0m[31m -13[0m: test/core/parser_test.dart: Parser unary parses double negative[0m                                                                                                                        00:00 [32m+342[0m[31m -13[0m: test/core/parser_test.dart: Parser unary parses double negative[0m                                                                                                                        00:00 [32m+342[0m[31m -13[0m: test/core/parser_test.dart: Parser errors throws on unexpected token[0m                                                                                                                   00:00 [32m+343[0m[31m -13[0m: test/core/parser_test.dart: Parser errors throws on unexpected token[0m                                                                                                                   00:00 [32m+343[0m[31m -13[0m: test/core/expression_cache_test.dart: Parsed expression caching evaluate reuses cached parse result [1m[31m[E][0m[0m                                                                                
  EvaluatorException: Type mismatch in binary operation
  Suggestion: Ensure both operands are compatible types (numbers, complex numbers, matrices, or vectors)
  package:texpr/src/evaluator/binary_evaluator.dart 65:5     BinaryEvaluator.evaluate
  package:texpr/src/visitors/evaluation_visitor.dart 175:29  EvaluationVisitor.visitBinaryOp
  package:texpr/src/ast/operations.dart 54:20                BinaryOp.accept
  package:texpr/src/visitors/evaluation_visitor.dart 79:19   EvaluationVisitor._evaluateRaw
  package:texpr/src/visitors/evaluation_visitor.dart 163:23  EvaluationVisitor.visitBinaryOp
  package:texpr/src/ast/operations.dart 54:20                BinaryOp.accept
  package:texpr/src/evaluator.dart 77:28                     Evaluator.evaluate
  package:texpr/texpr.dart 389:31                            Texpr.evaluateParsed
  package:texpr/texpr.dart 462:12                            Texpr.evaluate
  test/core/expression_cache_test.dart 30:28                 main.<fn>.<fn>
  

[1m[36mTo run this test again:[0m /Users/xomodo/sdks/flutter/bin/cache/dart-sdk/bin/dart test test/core/expression_cache_test.dart -p vm --plain-name 'Parsed expression caching evaluate reuses cached parse result'
00:00 [32m+343[0m[31m -13[0m: [1m[90mloading test/core/cache_manager_test.dart[0m[0m                                                                                                                                              00:00 [32m+343[0m[31m -13[0m: test/core/cache_manager_test.dart: CacheConfig default values are reasonable[0m                                                                                                           00:01 [32m+343[0m[31m -13[0m: test/core/cache_manager_test.dart: CacheConfig default values are reasonable[0m                                                                                                           00:01 [32m+344[0m[31m -13[0m: test/core/cache_manager_test.dart: CacheConfig default values are reasonable[0m                                                                                                           00:01 [32m+344[0m[31m -13[0m: test/core/cache_manager_test.dart: CacheConfig disabled preset has all caches disabled[0m                                                                                                 00:01 [32m+345[0m[31m -13[0m: test/core/cache_manager_test.dart: CacheConfig disabled preset has all caches disabled[0m                                                                                                 00:01 [32m+345[0m[31m -13[0m: test/core/cache_manager_test.dart: CacheConfig highPerformance preset has larger cache sizes[0m                                                                                           00:01 [32m+346[0m[31m -13[0m: test/core/cache_manager_test.dart: CacheConfig highPerformance preset has larger cache sizes[0m                                                                                           00:01 [32m+346[0m[31m -13[0m: test/core/cache_manager_test.dart: CacheConfig withStatistics preset enables statistics[0m                                                                                                00:01 [32m+347[0m[31m -13[0m: test/core/cache_manager_test.dart: CacheConfig withStatistics preset enables statistics[0m                                                                                                00:01 [32m+347[0m[31m -13[0m: [1m[90mloading test/core/token_test.dart[0m[0m                                                                                                                                                      00:01 [32m+347[0m[31m -13[0m: test/core/token_test.dart: TokenType all token types are defined[0m                                                                                                                       00:01 [32m+348[0m[31m -13[0m: test/core/token_test.dart: TokenType all token types are defined[0m                                                                                                                       00:01 [32m+349[0m[31m -13[0m: test/core/token_test.dart: TokenType all token types are defined[0m                                                                                                                       00:01 [32m+350[0m[31m -13[0m: test/core/token_test.dart: TokenType all token types are defined[0m                                                                                                                       00:01 [32m+351[0m[31m -13[0m: test/core/token_test.dart: TokenType all token types are defined[0m                                                                                                                       00:01 [32m+352[0m[31m -13[0m: test/core/token_test.dart: TokenType all token types are defined[0m                                                                                                                       00:01 [32m+353[0m[31m -13[0m: test/core/token_test.dart: TokenType all token types are defined[0m                                                                                                                       00:01 [32m+354[0m[31m -13[0m: test/core/token_test.dart: TokenType all token types are defined[0m                                                                                                                       00:01 [32m+355[0m[31m -13[0m: test/core/token_test.dart: TokenType all token types are defined[0m                                                                                                                       00:01 [32m+356[0m[31m -13[0m: test/core/token_test.dart: TokenType all token types are defined[0m                                                                                                                       00:01 [32m+357[0m[31m -13[0m: test/core/cache_manager_test.dart: CacheManager statistics are tracked when enabled[0m                                                                                                    00:01 [32m+358[0m[31m -13[0m: test/core/cache_manager_test.dart: CacheManager statistics are tracked when enabled[0m                                                                                                    00:01 [32m+358[0m[31m -13[0m: test/core/token_test.dart: Token creates a token with all properties[0m                                                                                                                   00:01 [32m+359[0m[31m -13[0m: test/core/cache_manager_test.dart: Texpr with advanced caching accepts CacheConfig[0m                                                                                                     00:01 [32m+360[0m[31m -13[0m: test/core/cache_manager_test.dart: Texpr with advanced caching accepts CacheConfig[0m                                                                                                     00:01 [32m+361[0m[31m -13[0m: test/core/cache_manager_test.dart: Texpr with advanced caching accepts CacheConfig[0m                                                                                                     00:01 [32m+362[0m[31m -13[0m: test/core/cache_manager_test.dart: Texpr with advanced caching accepts CacheConfig[0m                                                                                                     00:01 [32m+363[0m[31m -13[0m: test/core/cache_manager_test.dart: Texpr with advanced caching accepts CacheConfig[0m                                                                                                     00:01 [32m+364[0m[31m -13[0m: test/core/cache_manager_test.dart: Texpr with advanced caching accepts CacheConfig[0m                                                                                                     00:01 [32m+365[0m[31m -13[0m: test/core/cache_manager_test.dart: Texpr with advanced caching accepts CacheConfig[0m                                                                                                     00:01 [32m+366[0m[31m -13[0m: test/core/cache_manager_test.dart: Texpr with advanced caching accepts CacheConfig[0m                                                                                                     00:01 [32m+367[0m[31m -13[0m: test/core/cache_manager_test.dart: Texpr with advanced caching accepts CacheConfig[0m                                                                                                     00:01 [32m+368[0m[31m -13[0m: test/core/cache_manager_test.dart: Texpr with advanced caching accepts CacheConfig[0m                                                                                                     00:01 [32m+369[0m[31m -13[0m: test/core/cache_manager_test.dart: Texpr with advanced caching accepts CacheConfig[0m                                                                                                     00:01 [32m+369[0m[31m -13[0m: test/core/cache_manager_test.dart: Texpr with advanced caching backwards compatible with parsedExpressionCacheSize[0m                                                                     00:01 [32m+370[0m[31m -13[0m: test/core/cache_manager_test.dart: Texpr with advanced caching backwards compatible with parsedExpressionCacheSize[0m                                                                     00:01 [32m+370[0m[31m -13[0m: test/core/cache_manager_test.dart: Texpr with advanced caching cacheStatistics returns statistics[0m                                                                                      00:01 [32m+370[0m[31m -14[0m: [1m[90mloading test/core/complex_class_test.dart[0m[0m                                                                                                                                              00:01 [32m+370[0m[31m -14[0m: test/core/complex_class_test.dart: Complex class creates complex number with real and imaginary parts[0m                                                                                  00:01 [32m+371[0m[31m -14[0m: test/core/complex_class_test.dart: Complex class creates complex number with real and imaginary parts[0m                                                                                  00:01 [32m+371[0m[31m -14[0m: test/core/complex_class_test.dart: Complex class creates complex number with only real part[0m                                                                                            00:01 [32m+372[0m[31m -14[0m: test/core/evaluation_result_test.dart: EvaluationResult NumericResult isNumeric returns true[0m                                                                                           00:01 [32m+373[0m[31m -14[0m: test/core/evaluation_result_test.dart: EvaluationResult NumericResult isNumeric returns true[0m                                                                                           00:01 [32m+374[0m[31m -14[0m: test/core/evaluation_result_test.dart: EvaluationResult NumericResult isNumeric returns true[0m                                                                                           00:01 [32m+375[0m[31m -14[0m: test/core/evaluation_result_test.dart: EvaluationResult NumericResult isNumeric returns true[0m                                                                                           00:01 [32m+376[0m[31m -14[0m: test/core/evaluation_result_test.dart: EvaluationResult NumericResult isNumeric returns true[0m                                                                                           00:01 [32m+377[0m[31m -14[0m: test/core/evaluation_result_test.dart: EvaluationResult NumericResult isNumeric returns true[0m                                                                                           00:01 [32m+378[0m[31m -14[0m: test/core/evaluation_result_test.dart: EvaluationResult NumericResult isNumeric returns true[0m                                                                                           00:01 [32m+379[0m[31m -14[0m: test/core/evaluation_result_test.dart: EvaluationResult NumericResult isNumeric returns true[0m                                                                                           00:01 [32m+379[0m[31m -14[0m: test/core/cache_manager_test.dart: Texpr with advanced caching cacheStatistics returns statistics [1m[31m[E][0m[0m                                                                                  
  EvaluatorException: Type mismatch in binary operation
  Suggestion: Ensure both operands are compatible types (numbers, complex numbers, matrices, or vectors)
  package:texpr/src/evaluator/binary_evaluator.dart 65:5     BinaryEvaluator.evaluate
  package:texpr/src/visitors/evaluation_visitor.dart 175:29  EvaluationVisitor.visitBinaryOp
  package:texpr/src/ast/operations.dart 54:20                BinaryOp.accept
  package:texpr/src/evaluator.dart 77:28                     Evaluator.evaluate
  package:texpr/texpr.dart 389:31                            Texpr.evaluateParsed
  package:texpr/texpr.dart 462:12                            Texpr.evaluate
  test/core/cache_manager_test.dart 158:17                   main.<fn>.<fn>
  
00:01 [32m+380[0m[31m -14[0m: test/core/evaluation_result_test.dart: EvaluationResult NumericResult isNumeric returns true[0m                                                                                           
[1m[36mTo run this test again:[0m /Users/xomodo/sdks/flutter/bin/cache/dart-sdk/bin/dart test test/core/cache_manager_test.dart -p vm --plain-name 'Texpr with advanced caching cacheStatistics returns statistics'
00:01 [32m+381[0m[31m -14[0m: test/core/evaluation_result_test.dart: EvaluationResult NumericResult isNumeric returns true[0m                                                                                           00:01 [32m+382[0m[31m -14[0m: test/core/evaluation_result_test.dart: EvaluationResult NumericResult isNumeric returns true[0m                                                                                           00:01 [32m+383[0m[31m -14[0m: test/core/evaluation_result_test.dart: EvaluationResult NumericResult isNumeric returns true[0m                                                                                           00:01 [32m+384[0m[31m -14[0m: test/core/evaluation_result_test.dart: EvaluationResult NumericResult isNumeric returns true[0m                                                                                           00:01 [32m+385[0m[31m -14[0m: test/core/evaluation_result_test.dart: EvaluationResult NumericResult isNumeric returns true[0m                                                                                           00:01 [32m+386[0m[31m -14[0m: test/core/evaluation_result_test.dart: EvaluationResult NumericResult isNumeric returns true[0m                                                                                           00:01 [32m+387[0m[31m -15[0m: test/core/evaluation_result_test.dart: EvaluationResult NumericResult isNumeric returns true[0m                                                                                           00:01 [32m+387[0m[31m -15[0m: test/core/complex_class_test.dart: Complex class conjugate of real number[0m                                                                                                              00:01 [32m+387[0m[31m -15[0m: test/core/cache_manager_test.dart: Texpr with advanced caching warmUpCache preloads expressions [1m[31m[E][0m[0m                                                                                    
  EvaluatorException: Type mismatch in binary operation
  Suggestion: Ensure both operands are compatible types (numbers, complex numbers, matrices, or vectors)
  package:texpr/src/evaluator/binary_evaluator.dart 65:5     BinaryEvaluator.evaluate
  package:texpr/src/visitors/evaluation_visitor.dart 175:29  EvaluationVisitor.visitBinaryOp
  package:texpr/src/ast/operations.dart 54:20                BinaryOp.accept
  package:texpr/src/evaluator.dart 77:28                     Evaluator.evaluate
  package:texpr/texpr.dart 389:31                            Texpr.evaluateParsed
  package:texpr/texpr.dart 462:12                            Texpr.evaluate
  test/core/cache_manager_test.dart 187:17                   main.<fn>.<fn>
  

[1m[36mTo run this test again:[0m /Users/xomodo/sdks/flutter/bin/cache/dart-sdk/bin/dart test test/core/cache_manager_test.dart -p vm --plain-name 'Texpr with advanced caching warmUpCache preloads expressions'
00:01 [32m+388[0m[31m -15[0m: test/core/evaluation_result_test.dart: EvaluationResult NumericResult asNumeric returns value[0m                                                                                          00:01 [32m+389[0m[31m -15[0m: test/core/cache_manager_test.dart: Texpr with advanced caching evaluation result caching works for constant expressions[0m                                                                00:01 [32m+390[0m[31m -15[0m: test/core/cache_manager_test.dart: Texpr with advanced caching evaluation result caching works for constant expressions[0m                                                                00:01 [32m+391[0m[31m -15[0m: test/core/cache_manager_test.dart: Texpr with advanced caching evaluation result caching works for constant expressions[0m                                                                00:01 [32m+392[0m[31m -15[0m: test/core/cache_manager_test.dart: Texpr with advanced caching evaluation result caching works for constant expressions[0m                                                                00:01 [32m+393[0m[31m -15[0m: test/core/cache_manager_test.dart: Texpr with advanced caching evaluation result caching works for constant expressions[0m                                                                00:01 [32m+394[0m[31m -15[0m: test/core/cache_manager_test.dart: Texpr with advanced caching evaluation result caching works for constant expressions[0m                                                                00:01 [32m+395[0m[31m -15[0m: test/core/cache_manager_test.dart: Texpr with advanced caching evaluation result caching works for constant expressions[0m                                                                00:01 [32m+396[0m[31m -15[0m: test/core/cache_manager_test.dart: Texpr with advanced caching evaluation result caching works for constant expressions[0m                                                                00:01 [32m+397[0m[31m -15[0m: test/core/cache_manager_test.dart: Texpr with advanced caching evaluation result caching works for constant expressions[0m                                                                00:01 [32m+398[0m[31m -15[0m: test/core/cache_manager_test.dart: Texpr with advanced caching evaluation result caching works for constant expressions[0m                                                                00:01 [32m+399[0m[31m -15[0m: test/core/cache_manager_test.dart: Texpr with advanced caching evaluation result caching works for constant expressions[0m                                                                00:01 [32m+400[0m[31m -15[0m: test/core/cache_manager_test.dart: Texpr with advanced caching evaluation result caching works for constant expressions[0m                                                                00:01 [32m+401[0m[31m -15[0m: test/core/cache_manager_test.dart: Texpr with advanced caching evaluation result caching works for constant expressions[0m                                                                00:01 [32m+402[0m[31m -16[0m: test/core/evaluation_result_test.dart: EvaluationResult NumericResult equality works correctly[0m                                                                                         00:01 [32m+403[0m[31m -16[0m: test/core/complex_class_test.dart: Complex class subtraction throws ArgumentError for invalid type[0m                                                                                     00:01 [32m+404[0m[31m -16[0m: test/core/complex_class_test.dart: Complex class subtraction throws ArgumentError for invalid type[0m                                                                                     00:01 [32m+404[0m[31m -16[0m: test/core/cache_manager_test.dart: Texpr with advanced caching evaluation result caching works for constant expressions [1m[31m[E][0m[0m                                                            
  Expected: a value greater than <0>
    Actual: <0>
     Which: is not a value greater than <0>
  
  package:matcher                          expect
  test/core/cache_manager_test.dart 206:7  main.<fn>.<fn>
  
00:01 [32m+404[0m[31m -16[0m: test/core/evaluation_result_test.dart: EvaluationResult NumericResult hashCode is consistent[0m                                                                                           
[1m[36mTo run this test again:[0m /Users/xomodo/sdks/flutter/bin/cache/dart-sdk/bin/dart test test/core/cache_manager_test.dart -p vm --plain-name 'Texpr with advanced caching evaluation result caching works for constant expressions'
00:01 [32m+405[0m[31m -16[0m: test/core/complex_class_test.dart: Complex class multiplication with another complex number[0m                                                                                            00:01 [32m+406[0m[31m -17[0m: test/core/evaluation_result_test.dart: EvaluationResult NumericResult toString returns correct format[0m                                                                                  00:01 [32m+407[0m[31m -17[0m: test/core/evaluation_result_test.dart: EvaluationResult NumericResult toString returns correct format[0m                                                                                  00:01 [32m+407[0m[31m -17[0m: test/core/complex_class_test.dart: Complex class multiplication with a num[0m                                                                                                             00:01 [32m+407[0m[31m -17[0m: test/core/cache_manager_test.dart: Texpr with advanced caching cheap expressions with variables bypass L2 cache (cost-aware) [1m[31m[E][0m[0m                                                       
  EvaluatorException: Type mismatch in binary operation
  Suggestion: Ensure both operands are compatible types (numbers, complex numbers, matrices, or vectors)
  package:texpr/src/evaluator/binary_evaluator.dart 65:5     BinaryEvaluator.evaluate
  package:texpr/src/visitors/evaluation_visitor.dart 175:29  EvaluationVisitor.visitBinaryOp
  package:texpr/src/ast/operations.dart 54:20                BinaryOp.accept
  package:texpr/src/visitors/evaluation_visitor.dart 79:19   EvaluationVisitor._evaluateRaw
  package:texpr/src/visitors/evaluation_visitor.dart 163:23  EvaluationVisitor.visitBinaryOp
  package:texpr/src/ast/operations.dart 54:20                BinaryOp.accept
  package:texpr/src/visitors/evaluation_visitor.dart 79:19   EvaluationVisitor._evaluateRaw
  package:texpr/src/visitors/evaluation_visitor.dart 163:23  EvaluationVisitor.visitBinaryOp
  package:texpr/src/ast/operations.dart 54:20                BinaryOp.accept
  package:texpr/src/evaluator.dart 77:28                     Evaluator.evaluate
  package:texpr/texpr.dart 389:31                            Texpr.evaluateParsed
  package:texpr/texpr.dart 462:12                            Texpr.evaluate
  test/core/cache_manager_test.dart 217:17                   main.<fn>.<fn>
  

[1m[36mTo run this test again:[0m /Users/xomodo/sdks/flutter/bin/cache/dart-sdk/bin/dart test test/core/cache_manager_test.dart -p vm --plain-name 'Texpr with advanced caching cheap expressions with variables bypass L2 cache (cost-aware)'
00:01 [32m+408[0m[31m -17[0m: test/core/evaluation_result_test.dart: EvaluationResult ComplexResult isComplex returns true[0m                                                                                           00:01 [32m+409[0m[31m -17[0m: test/core/evaluation_result_test.dart: EvaluationResult ComplexResult isComplex returns true[0m                                                                                           00:01 [32m+409[0m[31m -17[0m: test/core/cache_manager_test.dart: Texpr with advanced caching differentiation caching works[0m                                                                                           00:01 [32m+410[0m[31m -17[0m: test/core/cache_manager_test.dart: Texpr with advanced caching differentiation caching works[0m                                                                                           00:01 [32m+411[0m[31m -17[0m: test/core/cache_manager_test.dart: Texpr with advanced caching differentiation caching works[0m                                                                                           00:01 [32m+412[0m[31m -17[0m: test/core/cache_manager_test.dart: Texpr with advanced caching differentiation caching works[0m                                                                                           00:01 [32m+413[0m[31m -17[0m: test/core/cache_manager_test.dart: Texpr with advanced caching differentiation caching works[0m                                                                                           00:01 [32m+414[0m[31m -17[0m: test/core/cache_manager_test.dart: Texpr with advanced caching differentiation caching works[0m                                                                                           00:01 [32m+415[0m[31m -17[0m: test/core/cache_manager_test.dart: Texpr with advanced caching differentiation caching works[0m                                                                                           00:01 [32m+416[0m[31m -17[0m: test/core/cache_manager_test.dart: Texpr with advanced caching differentiation caching works[0m                                                                                           00:01 [32m+417[0m[31m -17[0m: test/core/cache_manager_test.dart: Texpr with advanced caching differentiation caching works[0m                                                                                           00:01 [32m+418[0m[31m -17[0m: test/core/cache_manager_test.dart: Texpr with advanced caching differentiation caching works[0m                                                                                           00:01 [32m+419[0m[31m -17[0m: test/core/cache_manager_test.dart: Texpr with advanced caching differentiation caching works[0m                                                                                           00:01 [32m+420[0m[31m -17[0m: test/core/cache_manager_test.dart: Texpr with advanced caching differentiation caching works[0m                                                                                           00:01 [32m+421[0m[31m -17[0m: test/core/cache_manager_test.dart: Texpr with advanced caching differentiation caching works[0m                                                                                           00:01 [32m+422[0m[31m -17[0m: test/core/complex_class_test.dart: Complex class unary minus negates both parts[0m                                                                                                        00:01 [32m+423[0m[31m -17[0m: test/core/complex_class_test.dart: Complex class unary minus negates both parts[0m                                                                                                        00:01 [32m+423[0m[31m -17[0m: test/core/evaluation_result_test.dart: EvaluationResult ComplexResult isNaN returns true when imaginary is NaN[0m                                                                         00:01 [32m+424[0m[31m -17[0m: test/core/cache_manager_test.dart: Texpr with advanced caching disabled cache still works[0m                                                                                              00:01 [32m+425[0m[31m -17[0m: test/core/cache_manager_test.dart: Texpr with advanced caching disabled cache still works[0m                                                                                              00:01 [32m+426[0m[31m -17[0m: test/core/evaluation_result_test.dart: EvaluationResult ComplexResult isNaN returns false for normal complex[0m                                                                           00:01 [32m+427[0m[31m -17[0m: test/core/complex_class_test.dart: Complex class toString for real number[0m                                                                                                              00:01 [32m+428[0m[31m -17[0m: test/core/complex_class_test.dart: Complex class toString for real number[0m                                                                                                              00:01 [32m+428[0m[31m -17[0m: test/core/evaluation_result_test.dart: EvaluationResult ComplexResult equality works correctly[0m                                                                                         00:01 [32m+429[0m[31m -17[0m: test/core/evaluation_result_test.dart: EvaluationResult ComplexResult equality works correctly[0m                                                                                         00:01 [32m+430[0m[31m -17[0m: test/core/evaluation_result_test.dart: EvaluationResult ComplexResult equality works correctly[0m                                                                                         00:01 [32m+430[0m[31m -17[0m: test/core/complex_class_test.dart: Complex class toString for complex with positive imaginary[0m                                                                                          00:01 [32m+431[0m[31m -17[0m: test/core/evaluation_result_test.dart: EvaluationResult ComplexResult hashCode is consistent[0m                                                                                           00:01 [32m+432[0m[31m -17[0m: test/core/evaluation_result_test.dart: EvaluationResult ComplexResult hashCode is consistent[0m                                                                                           00:01 [32m+433[0m[31m -17[0m: test/core/evaluation_result_test.dart: EvaluationResult ComplexResult hashCode is consistent[0m                                                                                           00:01 [32m+434[0m[31m -17[0m: test/core/evaluation_result_test.dart: EvaluationResult ComplexResult hashCode is consistent[0m                                                                                           00:01 [32m+434[0m[31m -17[0m: test/core/complex_class_test.dart: Complex class equality with equal complex[0m                                                                                                           00:01 [32m+435[0m[31m -17[0m: test/core/evaluation_result_test.dart: EvaluationResult ComplexResult toString returns correct format[0m                                                                                  00:01 [32m+436[0m[31m -17[0m: test/core/complex_class_test.dart: Complex class equality with different complex[0m                                                                                                       00:01 [32m+437[0m[31m -17[0m: test/core/evaluation_result_test.dart: EvaluationResult MatrixResult isMatrix returns true[0m                                                                                             00:01 [32m+438[0m[31m -17[0m: test/core/evaluation_result_test.dart: EvaluationResult MatrixResult isMatrix returns true[0m                                                                                             00:01 [32m+438[0m[31m -17[0m: test/core/complex_class_test.dart: Complex class equality with num when imaginary is zero[0m                                                                                              00:01 [32m+439[0m[31m -17[0m: test/core/evaluation_result_test.dart: EvaluationResult MatrixResult asMatrix returns matrix[0m                                                                                           00:01 [32m+440[0m[31m -17[0m: test/core/evaluation_result_test.dart: EvaluationResult MatrixResult asMatrix returns matrix[0m                                                                                           00:01 [32m+440[0m[31m -17[0m: test/core/complex_class_test.dart: Complex class equality with num when imaginary is non-zero[0m                                                                                          00:01 [32m+441[0m[31m -17[0m: test/core/evaluation_result_test.dart: EvaluationResult MatrixResult asNumeric throws StateError[0m                                                                                       00:01 [32m+442[0m[31m -17[0m: test/core/complex_class_test.dart: Complex class equality with different real part[0m                                                                                                     00:01 [32m+443[0m[31m -17[0m: test/core/evaluation_result_test.dart: EvaluationResult MatrixResult asComplex throws StateError[0m                                                                                       00:01 [32m+444[0m[31m -17[0m: test/core/complex_class_test.dart: Complex class hashCode is consistent[0m                                                                                                                00:01 [32m+445[0m[31m -17[0m: test/core/complex_class_test.dart: Complex class hashCode is consistent[0m                                                                                                                00:01 [32m+446[0m[31m -17[0m: test/core/complex_class_test.dart: Complex class hashCode is consistent[0m                                                                                                                00:01 [32m+447[0m[31m -17[0m: test/core/complex_class_test.dart: Complex class hashCode is consistent[0m                                                                                                                00:01 [32m+447[0m[31m -17[0m: test/core/evaluation_result_test.dart: EvaluationResult MatrixResult equality works correctly[0m                                                                                          00:01 [32m+448[0m[31m -17[0m: test/core/evaluation_result_test.dart: EvaluationResult MatrixResult equality works correctly[0m                                                                                          00:01 [32m+449[0m[31m -17[0m: test/core/evaluation_result_test.dart: EvaluationResult MatrixResult equality works correctly[0m                                                                                          00:01 [32m+449[0m[31m -17[0m: test/core/evaluation_result_test.dart: EvaluationResult MatrixResult hashCode is consistent[0m                                                                                            00:01 [32m+450[0m[31m -17[0m: test/core/evaluation_result_test.dart: EvaluationResult MatrixResult hashCode is consistent[0m                                                                                            00:01 [32m+450[0m[31m -17[0m: test/core/evaluation_result_test.dart: EvaluationResult MatrixResult toString returns correct format[0m                                                                                   00:01 [32m+451[0m[31m -17[0m: test/core/evaluation_result_test.dart: EvaluationResult MatrixResult toString returns correct format[0m                                                                                   00:01 [32m+451[0m[31m -17[0m: test/core/evaluation_result_test.dart: EvaluationResult VectorResult isVector returns true[0m                                                                                             00:01 [32m+452[0m[31m -17[0m: test/core/evaluation_result_test.dart: EvaluationResult VectorResult isVector returns true[0m                                                                                             00:01 [32m+452[0m[31m -17[0m: test/core/evaluation_result_test.dart: EvaluationResult VectorResult asVector returns vector[0m                                                                                           00:01 [32m+453[0m[31m -17[0m: test/core/evaluation_result_test.dart: EvaluationResult VectorResult asVector returns vector[0m                                                                                           00:01 [32m+453[0m[31m -17[0m: test/core/evaluation_result_test.dart: EvaluationResult VectorResult asNumeric throws StateError[0m                                                                                       00:01 [32m+454[0m[31m -17[0m: test/core/evaluation_result_test.dart: EvaluationResult VectorResult asNumeric throws StateError[0m                                                                                       00:01 [32m+454[0m[31m -17[0m: test/core/evaluation_result_test.dart: EvaluationResult VectorResult asComplex throws StateError[0m                                                                                       00:01 [32m+455[0m[31m -17[0m: test/core/evaluation_result_test.dart: EvaluationResult VectorResult asComplex throws StateError[0m                                                                                       00:01 [32m+455[0m[31m -17[0m: test/core/evaluation_result_test.dart: EvaluationResult VectorResult asMatrix throws StateError[0m                                                                                        00:01 [32m+456[0m[31m -17[0m: test/core/evaluation_result_test.dart: EvaluationResult VectorResult asMatrix throws StateError[0m                                                                                        00:01 [32m+456[0m[31m -17[0m: test/core/evaluation_result_test.dart: EvaluationResult VectorResult isNaN always returns false[0m                                                                                        00:01 [32m+457[0m[31m -17[0m: test/core/evaluation_result_test.dart: EvaluationResult VectorResult isNaN always returns false[0m                                                                                        00:01 [32m+457[0m[31m -17[0m: test/core/evaluation_result_test.dart: EvaluationResult VectorResult equality works correctly[0m                                                                                          00:01 [32m+458[0m[31m -17[0m: test/core/evaluation_result_test.dart: EvaluationResult VectorResult equality works correctly[0m                                                                                          00:01 [32m+458[0m[31m -17[0m: test/core/evaluation_result_test.dart: EvaluationResult VectorResult hashCode is consistent[0m                                                                                            00:01 [32m+459[0m[31m -17[0m: test/core/evaluation_result_test.dart: EvaluationResult VectorResult hashCode is consistent[0m                                                                                            00:01 [32m+459[0m[31m -17[0m: test/core/evaluation_result_test.dart: EvaluationResult VectorResult toString returns correct format[0m                                                                                   00:01 [32m+460[0m[31m -17[0m: test/core/evaluation_result_test.dart: EvaluationResult VectorResult toString returns correct format[0m                                                                                   00:01 [32m+460[0m[31m -17[0m: [1m[90mloading test/core/parser_stress_test.dart[0m[0m                                                                                                                                              00:01 [32m+460[0m[31m -17[0m: test/core/parser_stress_test.dart: Deeply Nested Expressions nested parentheses (10 levels)[0m                                                                                            00:01 [32m+461[0m[31m -17[0m: test/core/parser_stress_test.dart: Deeply Nested Expressions nested parentheses (10 levels)[0m                                                                                            00:01 [32m+461[0m[31m -17[0m: test/core/parser_stress_test.dart: Deeply Nested Expressions nested parentheses with operations (15 levels)[0m                                                                            00:01 [32m+462[0m[31m -17[0m: test/core/parser_stress_test.dart: Deeply Nested Expressions nested parentheses with operations (15 levels)[0m                                                                            00:01 [32m+462[0m[31m -17[0m: test/core/parser_stress_test.dart: Deeply Nested Expressions nested brackets (10 levels)[0m                                                                                               00:01 [32m+463[0m[31m -17[0m: test/core/parser_stress_test.dart: Deeply Nested Expressions nested brackets (10 levels)[0m                                                                                               00:01 [32m+463[0m[31m -17[0m: test/core/parser_stress_test.dart: Deeply Nested Expressions nested powers[0m                                                                                                             00:01 [32m+464[0m[31m -17[0m: test/core/parser_stress_test.dart: Deeply Nested Expressions nested powers[0m                                                                                                             00:01 [32m+464[0m[31m -17[0m: test/core/parser_stress_test.dart: Deeply Nested Expressions nested square roots[0m                                                                                                       00:01 [32m+465[0m[31m -17[0m: test/core/parser_stress_test.dart: Deeply Nested Expressions nested square roots[0m                                                                                                       00:01 [32m+465[0m[31m -17[0m: test/core/parser_stress_test.dart: Deeply Nested Expressions deeply nested functions[0m                                                                                                   00:01 [32m+466[0m[31m -17[0m: test/core/parser_stress_test.dart: Deeply Nested Expressions deeply nested functions[0m                                                                                                   00:01 [32m+466[0m[31m -17[0m: test/core/parser_stress_test.dart: Deeply Nested Expressions nested absolute values[0m                                                                                                    00:01 [32m+467[0m[31m -17[0m: test/core/parser_stress_test.dart: Deeply Nested Expressions nested absolute values[0m                                                                                                    00:01 [32m+467[0m[31m -17[0m: test/core/parser_stress_test.dart: Deeply Nested Expressions nested summations[0m                                                                                                         00:01 [32m+468[0m[31m -17[0m: test/core/parser_stress_test.dart: Deeply Nested Expressions nested summations[0m                                                                                                         00:01 [32m+468[0m[31m -17[0m: test/core/parser_stress_test.dart: Long Expressions long addition chain (50 terms)[0m                                                                                                     00:01 [32m+469[0m[31m -17[0m: test/core/parser_stress_test.dart: Long Expressions long addition chain (50 terms)[0m                                                                                                     00:01 [32m+469[0m[31m -17[0m: test/core/parser_stress_test.dart: Long Expressions long multiplication chain (10 terms)[0m                                                                                               00:01 [32m+470[0m[31m -17[0m: test/core/parser_stress_test.dart: Long Expressions long multiplication chain (10 terms)[0m                                                                                               00:01 [32m+470[0m[31m -17[0m: test/core/parser_stress_test.dart: Long Expressions alternating operations (30 terms)[0m                                                                                                  00:01 [32m+471[0m[31m -17[0m: test/core/parser_stress_test.dart: Long Expressions alternating operations (30 terms)[0m                                                                                                  00:01 [32m+471[0m[31m -17[0m: test/core/parser_stress_test.dart: Long Expressions complex polynomial (20 terms)[0m                                                                                                      00:01 [32m+471[0m[31m -18[0m: [1m[90mloading test/core/visitor_pattern_test.dart[0m[0m                                                                                                                                            00:01 [32m+471[0m[31m -18[0m: test/core/visitor_pattern_test.dart: EvaluationVisitor evaluates number literal[0m                                                                                                        00:01 [32m+472[0m[31m -18[0m: test/core/visitor_pattern_test.dart: EvaluationVisitor evaluates number literal[0m                                                                                                        00:01 [32m+472[0m[31m -18[0m: test/core/visitor_pattern_test.dart: EvaluationVisitor evaluates variable with context[0m                                                                                                 00:01 [32m+473[0m[31m -18[0m: test/core/visitor_pattern_test.dart: EvaluationVisitor evaluates variable with context[0m                                                                                                 00:01 [32m+473[0m[31m -18[0m: test/core/visitor_pattern_test.dart: EvaluationVisitor evaluates pi constant[0m                                                                                                           00:01 [32m+474[0m[31m -18[0m: test/core/visitor_pattern_test.dart: EvaluationVisitor evaluates pi constant[0m                                                                                                           00:01 [32m+474[0m[31m -18[0m: test/core/visitor_pattern_test.dart: EvaluationVisitor evaluates addition[0m                                                                                                              00:01 [32m+475[0m[31m -18[0m: test/core/visitor_pattern_test.dart: EvaluationVisitor evaluates addition[0m                                                                                                              00:01 [32m+475[0m[31m -18[0m: test/core/visitor_pattern_test.dart: EvaluationVisitor evaluates subtraction[0m                                                                                                           00:01 [32m+476[0m[31m -18[0m: test/core/visitor_pattern_test.dart: EvaluationVisitor evaluates subtraction[0m                                                                                                           00:01 [32m+476[0m[31m -18[0m: test/core/visitor_pattern_test.dart: EvaluationVisitor evaluates multiplication[0m                                                                                                        00:01 [32m+477[0m[31m -18[0m: test/core/evaluator_test.dart: Evaluator arithmetic evaluates addition[0m                                                                                                                 00:01 [32m+478[0m[31m -18[0m: test/core/evaluator_test.dart: Evaluator arithmetic evaluates addition[0m                                                                                                                 00:01 [32m+479[0m[31m -18[0m: test/core/evaluator_test.dart: Evaluator arithmetic evaluates addition[0m                                                                                                                 00:01 [32m+480[0m[31m -18[0m: test/core/evaluator_test.dart: Evaluator arithmetic evaluates addition[0m                                                                                                                 00:01 [32m+481[0m[31m -18[0m: test/core/evaluator_test.dart: Evaluator arithmetic evaluates addition[0m                                                                                                                 00:01 [32m+481[0m[31m -18[0m: test/core/parser_stress_test.dart: Long Expressions complex polynomial (20 terms) [1m[31m[E][0m[0m                                                                                                  
  EvaluatorException: Type mismatch in binary operation
  Suggestion: Ensure both operands are compatible types (numbers, complex numbers, matrices, or vectors)
  package:texpr/src/evaluator/binary_evaluator.dart 65:5     BinaryEvaluator.evaluate
  package:texpr/src/visitors/evaluation_visitor.dart 175:29  EvaluationVisitor.visitBinaryOp
  package:texpr/src/ast/operations.dart 54:20                BinaryOp.accept
  package:texpr/src/visitors/evaluation_visitor.dart 79:19   EvaluationVisitor._evaluateRaw
  package:texpr/src/visitors/evaluation_visitor.dart 163:23  EvaluationVisitor.visitBinaryOp
  package:texpr/src/ast/operations.dart 54:20                BinaryOp.accept
  package:texpr/src/visitors/evaluation_visitor.dart 79:19   EvaluationVisitor._evaluateRaw
  package:texpr/src/visitors/evaluation_visitor.dart 163:23  EvaluationVisitor.visitBinaryOp
  package:texpr/src/ast/operations.dart 54:20                BinaryOp.accept
  package:texpr/src/visitors/evaluation_visitor.dart 79:19   EvaluationVisitor._evaluateRaw
  package:texpr/src/visitors/evaluation_visitor.dart 163:23  EvaluationVisitor.visitBinaryOp
  package:texpr/src/ast/operations.dart 54:20                BinaryOp.accept
  package:texpr/src/visitors/evaluation_visitor.dart 79:19   EvaluationVisitor._evaluateRaw
  package:texpr/src/visitors/evaluation_visitor.dart 163:23  EvaluationVisitor.visitBinaryOp
  package:texpr/src/ast/operations.dart 54:20                BinaryOp.accept
  package:texpr/src/visitors/evaluation_visitor.dart 79:19   EvaluationVisitor._evaluateRaw
  package:texpr/src/visitors/evaluation_visitor.dart 163:23  EvaluationVisitor.visitBinaryOp
  package:texpr/src/ast/operations.dart 54:20                BinaryOp.accept
  package:texpr/src/visitors/evaluation_visitor.dart 79:19   EvaluationVisitor._evaluateRaw
  package:texpr/src/visitors/evaluation_visitor.dart 163:23  EvaluationVisitor.visitBinaryOp
  package:texpr/src/ast/operations.dart 54:20                BinaryOp.accept
  package:texpr/src/visitors/evaluation_visitor.dart 79:19   EvaluationVisitor._evaluateRaw
  package:texpr/src/visitors/evaluation_visitor.dart 163:23  EvaluationVisitor.visitBinaryOp
  package:texpr/src/ast/operations.dart 54:20                BinaryOp.accept
  package:texpr/src/visitors/evaluation_visitor.dart 79:19   EvaluationVisitor._evaluateRaw
  package:texpr/src/visitors/evaluation_visitor.dart 163:23  EvaluationVisitor.visitBinaryOp
  package:texpr/src/ast/operations.dart 54:20                BinaryOp.accept
  package:texpr/src/visitors/evaluation_visitor.dart 79:19   EvaluationVisitor._evaluateRaw
  package:texpr/src/visitors/evaluation_visitor.dart 163:23  EvaluationVisitor.visitBinaryOp
  package:texpr/src/ast/operations.dart 54:20                BinaryOp.accept
  package:texpr/src/visitors/evaluation_visitor.dart 79:19   EvaluationVisitor._evaluateRaw
  package:texpr/src/visitors/evaluation_visitor.dart 163:23  EvaluationVisitor.visitBinaryOp
  package:texpr/src/ast/operations.dart 54:20                BinaryOp.accept
  package:texpr/src/visitors/evaluation_visitor.dart 79:19   EvaluationVisitor._evaluateRaw
  package:texpr/src/visitors/evaluation_visitor.dart 163:23  EvaluationVisitor.visitBinaryOp
  package:texpr/src/ast/operations.dart 54:20                BinaryOp.accept
  package:texpr/src/visitors/evaluation_visitor.dart 79:19   EvaluationVisitor._evaluateRaw
  package:texpr/src/visitors/evaluation_visitor.dart 163:23  EvaluationVisitor.visitBinaryOp
  package:texpr/src/ast/operations.dart 54:20                BinaryOp.accept
  package:texpr/src/visitors/evaluation_visitor.dart 79:19   EvaluationVisitor._evaluateRaw
  package:texpr/src/visitors/evaluation_visitor.dart 163:23  EvaluationVisitor.visitBinaryOp
  package:texpr/src/ast/operations.dart 54:20                BinaryOp.accept
  package:texpr/src/visitors/evaluation_visitor.dart 79:19   EvaluationVisitor._evaluateRaw
  package:texpr/src/visitors/evaluation_visitor.dart 163:23  EvaluationVisitor.visitBinaryOp
  package:texpr/src/ast/operations.dart 54:20                BinaryOp.accept
  package:texpr/src/visitors/evaluation_visitor.dart 79:19   EvaluationVisitor._evaluateRaw
  package:texpr/src/visitors/evaluation_visitor.dart 163:23  EvaluationVisitor.visitBinaryOp
  package:texpr/src/ast/operations.dart 54:20                BinaryOp.accept
  package:texpr/src/visitors/evaluation_visitor.dart 79:19   EvaluationVisitor._evaluateRaw
  package:texpr/src/visitors/evaluation_visitor.dart 163:23  EvaluationVisitor.visitBinaryOp
  package:texpr/src/ast/operations.dart 54:20                BinaryOp.accept
  package:texpr/src/visitors/evaluation_visitor.dart 79:19   EvaluationVisitor._evaluateRaw
  package:texpr/src/visitors/evaluation_visitor.dart 163:23  EvaluationVisitor.visitBinaryOp
  package:texpr/src/ast/operations.dart 54:20                BinaryOp.accept
  package:texpr/src/visitors/evaluation_visitor.dart 79:19   EvaluationVisitor._evaluateRaw
  package:texpr/src/visitors/evaluation_visitor.dart 163:23  EvaluationVisitor.visitBinaryOp
  package:texpr/src/ast/operations.dart 54:20                BinaryOp.accept
  package:texpr/src/visitors/evaluation_visitor.dart 79:19   EvaluationVisitor._evaluateRaw
  package:texpr/src/visitors/evaluation_visitor.dart 163:23  EvaluationVisitor.visitBinaryOp
  package:texpr/src/ast/operations.dart 54:20                BinaryOp.accept
  package:texpr/src/evaluator.dart 77:28                     Evaluator.evaluate
  package:texpr/texpr.dart 389:31                            Texpr.evaluateParsed
  package:texpr/texpr.dart 462:12                            Texpr.evaluate
  test/core/parser_stress_test.dart 76:32                    main.<fn>.<fn>
  

[1m[36mTo run this test again:[0m /Users/xomodo/sdks/flutter/bin/cache/dart-sdk/bin/dart test test/core/parser_stress_test.dart -p vm --plain-name 'Long Expressions complex polynomial (20 terms)'
00:01 [32m+482[0m[31m -18[0m: test/core/evaluator_test.dart: Evaluator arithmetic evaluates addition[0m                                                                                                                 00:01 [32m+483[0m[31m -18[0m: test/core/evaluator_test.dart: Evaluator arithmetic evaluates addition[0m                                                                                                                 00:01 [32m+484[0m[31m -18[0m: test/core/evaluator_test.dart: Evaluator arithmetic evaluates addition[0m                                                                                                                 00:01 [32m+485[0m[31m -18[0m: test/core/evaluator_test.dart: Evaluator arithmetic evaluates addition[0m                                                                                                                 00:01 [32m+486[0m[31m -18[0m: test/core/evaluator_test.dart: Evaluator arithmetic evaluates addition[0m                                                                                                                 00:01 [32m+487[0m[31m -18[0m: test/core/evaluator_test.dart: Evaluator arithmetic evaluates addition[0m                                                                                                                 00:01 [32m+488[0m[31m -18[0m: test/core/evaluator_test.dart: Evaluator arithmetic evaluates addition[0m                                                                                                                 00:01 [32m+489[0m[31m -18[0m: test/core/evaluator_test.dart: Evaluator arithmetic evaluates addition[0m                                                                                                                 00:01 [32m+490[0m[31m -18[0m: test/core/evaluator_test.dart: Evaluator arithmetic evaluates addition[0m                                                                                                                 00:01 [32m+491[0m[31m -18[0m: test/core/evaluator_test.dart: Evaluator arithmetic evaluates addition[0m                                                                                                                 00:01 [32m+492[0m[31m -18[0m: test/core/evaluator_test.dart: Evaluator arithmetic evaluates addition[0m                                                                                                                 00:01 [32m+493[0m[31m -18[0m: test/core/evaluator_test.dart: Evaluator arithmetic evaluates addition[0m                                                                                                                 00:01 [32m+494[0m[31m -18[0m: test/core/evaluator_test.dart: Evaluator arithmetic evaluates addition[0m                                                                                                                 00:01 [32m+495[0m[31m -18[0m: test/core/evaluator_test.dart: Evaluator arithmetic evaluates addition[0m                                                                                                                 00:01 [32m+496[0m[31m -18[0m: test/core/evaluator_test.dart: Evaluator arithmetic evaluates addition[0m                                                                                                                 00:01 [32m+497[0m[31m -18[0m: test/core/evaluator_test.dart: Evaluator arithmetic evaluates addition[0m                                                                                                                 00:01 [32m+498[0m[31m -18[0m: test/core/evaluator_test.dart: Evaluator arithmetic evaluates addition[0m                                                                                                                 00:01 [32m+499[0m[31m -18[0m: test/core/evaluator_test.dart: Evaluator arithmetic evaluates addition[0m                                                                                                                 00:01 [32m+500[0m[31m -18[0m: test/core/evaluator_test.dart: Evaluator arithmetic evaluates addition[0m                                                                                                                 00:01 [32m+501[0m[31m -18[0m: test/core/evaluator_test.dart: Evaluator arithmetic evaluates addition[0m                                                                                                                 00:01 [32m+502[0m[31m -18[0m: test/core/evaluator_test.dart: Evaluator arithmetic evaluates addition[0m                                                                                                                 00:01 [32m+503[0m[31m -18[0m: test/core/evaluator_test.dart: Evaluator arithmetic evaluates addition[0m                                                                                                                 00:01 [32m+504[0m[31m -18[0m: test/core/evaluator_test.dart: Evaluator arithmetic evaluates addition[0m                                                                                                                 00:01 [32m+505[0m[31m -18[0m: test/core/evaluator_test.dart: Evaluator arithmetic evaluates addition[0m                                                                                                                 00:01 [32m+506[0m[31m -18[0m: test/core/parser_stress_test.dart: Complex Delimiter Nesting matrix with nested expressions[0m                                                                                            00:01 [32m+507[0m[31m -18[0m: test/core/parser_stress_test.dart: Complex Delimiter Nesting matrix with nested expressions[0m                                                                                            00:01 [32m+508[0m[31m -18[0m: test/core/parser_stress_test.dart: Complex Delimiter Nesting matrix with nested expressions[0m                                                                                            00:01 [32m+509[0m[31m -18[0m: test/core/parser_stress_test.dart: Complex Delimiter Nesting matrix with nested expressions[0m                                                                                            00:01 [32m+510[0m[31m -18[0m: test/core/evaluator_test.dart: Evaluator arithmetic evaluates multiplication[0m                                                                                                           00:01 [32m+511[0m[31m -18[0m: test/core/evaluator_test.dart: Evaluator arithmetic evaluates multiplication[0m                                                                                                           00:01 [32m+512[0m[31m -18[0m: test/core/evaluator_test.dart: Evaluator arithmetic evaluates multiplication[0m                                                                                                           00:01 [32m+513[0m[31m -18[0m: test/core/parser_stress_test.dart: Edge Case Delimiters empty parentheses not allowed[0m                                                                                                  00:01 [32m+514[0m[31m -18[0m: test/core/parser_stress_test.dart: Edge Case Delimiters empty parentheses not allowed[0m                                                                                                  00:01 [32m+515[0m[31m -18[0m: test/core/cache_statistics_test.dart: CacheStatistics toString returns readable format[0m                                                                                                 00:01 [32m+516[0m[31m -18[0m: test/core/evaluator_test.dart: Evaluator arithmetic evaluates power[0m                                                                                                                    00:01 [32m+517[0m[31m -18[0m: test/core/parser_stress_test.dart: Edge Case Delimiters unmatched opening parenthesis[0m                                                                                                  00:01 [32m+518[0m[31m -18[0m: test/core/cache_statistics_test.dart: MultiLayerCacheStatistics initializes with empty statistics[0m                                                                                      00:01 [32m+519[0m[31m -18[0m: test/core/evaluator_test.dart: Evaluator arithmetic evaluates unary minus[0m                                                                                                              00:01 [32m+520[0m[31m -18[0m: test/core/evaluator_test.dart: Evaluator arithmetic evaluates unary minus[0m                                                                                                              00:01 [32m+521[0m[31m -18[0m: test/core/evaluator_test.dart: Evaluator arithmetic evaluates unary minus[0m                                                                                                              00:01 [32m+522[0m[31m -18[0m: test/core/cache_statistics_test.dart: MultiLayerCacheStatistics totalMisses sums all layers[0m                                                                                            00:01 [32m+523[0m[31m -18[0m: test/core/parser_stress_test.dart: Edge Case Delimiters nested mismatched delimiters[0m                                                                                                   00:01 [32m+524[0m[31m -18[0m: test/core/evaluator_test.dart: Evaluator precedence multiply before add[0m                                                                                                                00:01 [32m+525[0m[31m -18[0m: test/core/cache_statistics_test.dart: MultiLayerCacheStatistics overallHitRate calculates correctly[0m                                                                                    00:01 [32m+526[0m[31m -18[0m: test/core/parser_stress_test.dart: Special Characters and Edge Cases expression with only whitespace fails[0m                                                                             00:01 [32m+527[0m[31m -18[0m: test/core/parser_stress_test.dart: Special Characters and Edge Cases expression with only whitespace fails[0m                                                                             00:01 [32m+528[0m[31m -18[0m: test/core/cache_statistics_test.dart: MultiLayerCacheStatistics overallHitRate is 0 when no accesses[0m                                                                                   00:01 [32m+529[0m[31m -18[0m: test/core/cache_statistics_test.dart: MultiLayerCacheStatistics overallHitRate is 0 when no accesses[0m                                                                                   00:01 [32m+529[0m[31m -18[0m: test/core/evaluator_test.dart: Evaluator precedence parentheses override precedence[0m                                                                                                    00:01 [32m+530[0m[31m -18[0m: test/core/parser_stress_test.dart: Special Characters and Edge Cases multiple operators in sequence fail[0m                                                                               00:01 [32m+531[0m[31m -18[0m: test/core/cache_statistics_test.dart: MultiLayerCacheStatistics reset clears all layers[0m                                                                                                00:01 [32m+532[0m[31m -18[0m: test/core/cache_statistics_test.dart: MultiLayerCacheStatistics reset clears all layers[0m                                                                                                00:01 [32m+532[0m[31m -18[0m: test/core/evaluator_test.dart: Evaluator variables evaluates single variable[0m                                                                                                           00:01 [32m+533[0m[31m -18[0m: test/core/evaluator_test.dart: Evaluator variables evaluates single variable[0m                                                                                                           00:01 [32m+534[0m[31m -18[0m: test/core/evaluator_test.dart: Evaluator variables evaluates single variable[0m                                                                                                           00:01 [32m+535[0m[31m -18[0m: test/core/evaluator_test.dart: Evaluator variables evaluates single variable[0m                                                                                                           00:01 [32m+536[0m[31m -18[0m: test/core/parser_stress_test.dart: Special Characters and Edge Cases unicode Greek letters work[0m                                                                                        00:01 [32m+537[0m[31m -18[0m: test/core/parser_stress_test.dart: Special Characters and Edge Cases unicode Greek letters work[0m                                                                                        00:01 [32m+538[0m[31m -18[0m: test/core/evaluator_test.dart: Evaluator variables evaluates multiple variables[0m                                                                                                        00:01 [32m+539[0m[31m -18[0m: test/core/parser_stress_test.dart: Malformed Expressions missing operand after operator[0m                                                                                                00:01 [32m+540[0m[31m -18[0m: test/core/evaluator_test.dart: Evaluator variables evaluates power with variable[0m                                                                                                       00:01 [32m+541[0m[31m -18[0m: test/core/parser_stress_test.dart: Malformed Expressions unclosed function call[0m                                                                                                        00:01 [32m+542[0m[31m -18[0m: test/core/evaluator_test.dart: Evaluator variables throws on undefined variable[0m                                                                                                        00:01 [32m+543[0m[31m -18[0m: test/core/evaluator_test.dart: Evaluator variables throws on undefined variable[0m                                                                                                        00:01 [32m+544[0m[31m -18[0m: test/core/evaluator_test.dart: Evaluator variables throws on undefined variable[0m                                                                                                        00:01 [32m+545[0m[31m -18[0m: test/core/evaluator_test.dart: Evaluator variables throws on undefined variable[0m                                                                                                        00:01 [32m+546[0m[31m -18[0m: test/core/evaluator_test.dart: Evaluator variables throws on undefined variable[0m                                                                                                        00:01 [32m+546[0m[31m -18[0m: test/core/evaluator_test.dart: Evaluator errors throws on division by zero[0m                                                                                                             00:01 [32m+547[0m[31m -18[0m: test/core/evaluator_test.dart: Evaluator errors throws on division by zero[0m                                                                                                             00:01 [32m+547[0m[31m -18[0m: test/core/evaluator_test.dart: Evaluator complex expressions evaluates complex expression[0m                                                                                              00:01 [32m+548[0m[31m -18[0m: test/core/evaluator_test.dart: Evaluator complex expressions evaluates complex expression[0m                                                                                              00:01 [32m+548[0m[31m -18[0m: test/core/evaluator_test.dart: Evaluator complex expressions evaluates quadratic[0m                                                                                                       00:01 [32m+549[0m[31m -18[0m: test/core/evaluator_test.dart: Evaluator complex expressions evaluates quadratic[0m                                                                                                       00:01 [32m+549[0m[31m -18[0m: test/core/evaluator_test.dart: Evaluator logarithms evaluates natural log ln(e) = 1[0m                                                                                                    00:01 [32m+550[0m[31m -18[0m: test/core/evaluator_test.dart: Evaluator logarithms evaluates natural log ln(e) = 1[0m                                                                                                    00:01 [32m+550[0m[31m -18[0m: test/core/evaluator_test.dart: Evaluator logarithms evaluates ln with variable[0m                                                                                                         00:01 [32m+551[0m[31m -18[0m: test/core/evaluator_test.dart: Evaluator logarithms evaluates ln with variable[0m                                                                                                         00:01 [32m+551[0m[31m -18[0m: test/core/evaluator_test.dart: Evaluator logarithms evaluates log base 10[0m                                                                                                              00:01 [32m+552[0m[31m -18[0m: test/core/evaluator_test.dart: Evaluator logarithms evaluates log base 10[0m                                                                                                              00:01 [32m+552[0m[31m -18[0m: test/core/evaluator_test.dart: Evaluator logarithms evaluates log base 10 of 100[0m                                                                                                       00:01 [32m+553[0m[31m -18[0m: test/core/evaluator_test.dart: Evaluator logarithms evaluates log base 10 of 100[0m                                                                                                       00:01 [32m+553[0m[31m -18[0m: test/core/evaluator_test.dart: Evaluator logarithms evaluates log with custom base[0m                                                                                                     00:01 [32m+554[0m[31m -18[0m: test/core/evaluator_test.dart: Evaluator logarithms evaluates log with custom base[0m                                                                                                     00:01 [32m+554[0m[31m -18[0m: test/core/evaluator_test.dart: Evaluator logarithms evaluates log base 2 of 16[0m                                                                                                         00:01 [32m+555[0m[31m -18[0m: test/core/evaluator_test.dart: Evaluator logarithms evaluates log base 2 of 16[0m                                                                                                         00:01 [32m+555[0m[31m -18[0m: test/core/evaluator_test.dart: Evaluator logarithms log of zero returns negative infinity[0m                                                                                              00:01 [32m+556[0m[31m -18[0m: test/core/evaluator_test.dart: Evaluator logarithms log of zero returns negative infinity[0m                                                                                              00:01 [32m+556[0m[31m -18[0m: test/core/evaluator_test.dart: Evaluator logarithms ln of negative returns complex[0m                                                                                                     00:01 [32m+557[0m[31m -18[0m: test/core/evaluator_test.dart: Evaluator logarithms ln of negative returns complex[0m                                                                                                     00:01 [32m+557[0m[31m -18[0m: test/core/evaluator_test.dart: Evaluator limits evaluates simple limit[0m                                                                                                                 00:01 [32m+558[0m[31m -18[0m: test/core/evaluator_test.dart: Evaluator limits evaluates simple limit[0m                                                                                                                 00:01 [32m+558[0m[31m -18[0m: test/core/evaluator_test.dart: Evaluator limits evaluates limit of polynomial[0m                                                                                                          00:01 [32m+559[0m[31m -18[0m: test/core/evaluator_test.dart: Evaluator limits evaluates limit of polynomial[0m                                                                                                          00:01 [32m+559[0m[31m -18[0m: test/core/evaluator_test.dart: Evaluator limits evaluates limit of linear function[0m                                                                                                     00:01 [32m+560[0m[31m -18[0m: test/core/evaluator_test.dart: Evaluator limits evaluates limit of linear function[0m                                                                                                     00:01 [32m+560[0m[31m -18[0m: test/core/evaluator_test.dart: Evaluator limits evaluates limit with constant[0m                                                                                                          00:01 [32m+561[0m[31m -18[0m: test/core/evaluator_test.dart: Evaluator limits evaluates limit with constant[0m                                                                                                          00:01 [32m+561[0m[31m -18[0m: test/core/evaluator_test.dart: Evaluator trigonometric functions evaluates sin(0) = 0[0m                                                                                                  00:01 [32m+562[0m[31m -18[0m: test/core/evaluator_test.dart: Evaluator trigonometric functions evaluates sin(0) = 0[0m                                                                                                  00:01 [32m+562[0m[31m -18[0m: test/core/evaluator_test.dart: Evaluator trigonometric functions evaluates sin(pi/2) = 1[0m                                                                                               00:01 [32m+563[0m[31m -18[0m: test/core/evaluator_test.dart: Evaluator trigonometric functions evaluates sin(pi/2) = 1[0m                                                                                               00:01 [32m+563[0m[31m -18[0m: test/core/evaluator_test.dart: Evaluator trigonometric functions evaluates cos(0) = 1[0m                                                                                                  00:01 [32m+564[0m[31m -18[0m: test/core/evaluator_test.dart: Evaluator trigonometric functions evaluates cos(0) = 1[0m                                                                                                  00:01 [32m+564[0m[31m -18[0m: test/core/evaluator_test.dart: Evaluator trigonometric functions evaluates cos(pi) = -1[0m                                                                                                00:01 [32m+565[0m[31m -18[0m: test/core/evaluator_test.dart: Evaluator trigonometric functions evaluates cos(pi) = -1[0m                                                                                                00:01 [32m+565[0m[31m -18[0m: test/core/evaluator_test.dart: Evaluator trigonometric functions evaluates tan(0) = 0[0m                                                                                                  00:01 [32m+566[0m[31m -18[0m: test/core/evaluator_test.dart: Evaluator trigonometric functions evaluates tan(0) = 0[0m                                                                                                  00:01 [32m+566[0m[31m -18[0m: test/core/evaluator_test.dart: Evaluator trigonometric functions evaluates asin(0) = 0[0m                                                                                                 00:01 [32m+567[0m[31m -18[0m: test/core/evaluator_test.dart: Evaluator trigonometric functions evaluates asin(0) = 0[0m                                                                                                 00:01 [32m+567[0m[31m -18[0m: test/core/evaluator_test.dart: Evaluator trigonometric functions evaluates asin(1) = pi/2[0m                                                                                              00:01 [32m+568[0m[31m -18[0m: test/core/evaluator_test.dart: Evaluator trigonometric functions evaluates asin(1) = pi/2[0m                                                                                              00:01 [32m+568[0m[31m -18[0m: test/core/evaluator_test.dart: Evaluator trigonometric functions evaluates acos(1) = 0[0m                                                                                                 00:01 [32m+569[0m[31m -18[0m: test/core/evaluator_test.dart: Evaluator trigonometric functions evaluates acos(1) = 0[0m                                                                                                 00:01 [32m+569[0m[31m -18[0m: test/core/evaluator_test.dart: Evaluator trigonometric functions evaluates atan(0) = 0[0m                                                                                                 00:01 [32m+570[0m[31m -18[0m: test/core/evaluator_test.dart: Evaluator trigonometric functions evaluates atan(0) = 0[0m                                                                                                 00:01 [32m+570[0m[31m -18[0m: test/core/evaluator_test.dart: Evaluator trigonometric functions evaluates atan(1) = pi/4[0m                                                                                              00:01 [32m+571[0m[31m -18[0m: test/core/evaluator_test.dart: Evaluator trigonometric functions evaluates atan(1) = pi/4[0m                                                                                              00:01 [32m+571[0m[31m -18[0m: test/core/evaluator_test.dart: Evaluator trigonometric functions throws on asin out of range[0m                                                                                           00:01 [32m+572[0m[31m -18[0m: test/core/evaluator_test.dart: Evaluator trigonometric functions throws on asin out of range[0m                                                                                           00:01 [32m+572[0m[31m -18[0m: test/core/evaluator_test.dart: Evaluator trigonometric functions throws on acos out of range[0m                                                                                           00:01 [32m+573[0m[31m -18[0m: test/core/evaluator_test.dart: Evaluator trigonometric functions throws on acos out of range[0m                                                                                           00:01 [32m+573[0m[31m -18[0m: test/core/evaluator_test.dart: Evaluator other functions evaluates sqrt(4) = 2[0m                                                                                                         00:01 [32m+574[0m[31m -18[0m: test/core/evaluator_test.dart: Evaluator other functions evaluates sqrt(4) = 2[0m                                                                                                         00:01 [32m+574[0m[31m -18[0m: test/core/evaluator_test.dart: Evaluator other functions evaluates sqrt(2)[0m                                                                                                             00:01 [32m+575[0m[31m -18[0m: test/core/evaluator_test.dart: Evaluator other functions evaluates sqrt(2)[0m                                                                                                             00:01 [32m+575[0m[31m -18[0m: test/core/evaluator_test.dart: Evaluator other functions evaluates abs(-5) = 5[0m                                                                                                         00:01 [32m+576[0m[31m -18[0m: test/core/evaluator_test.dart: Evaluator other functions evaluates abs(-5) = 5[0m                                                                                                         00:01 [32m+576[0m[31m -18[0m: test/core/evaluator_test.dart: Evaluator other functions evaluates |-5| = 5 (pipe notation)[0m                                                                                            00:01 [32m+577[0m[31m -18[0m: test/core/evaluator_test.dart: Evaluator other functions evaluates |-5| = 5 (pipe notation)[0m                                                                                            00:01 [32m+577[0m[31m -18[0m: test/core/evaluator_test.dart: Evaluator other functions evaluates |3.7| = 3.7[0m                                                                                                         00:01 [32m+578[0m[31m -18[0m: test/core/evaluator_test.dart: Evaluator other functions evaluates |3.7| = 3.7[0m                                                                                                         00:01 [32m+578[0m[31m -18[0m: test/core/evaluator_test.dart: Evaluator other functions evaluates |-x| with x=4[0m                                                                                                       00:01 [32m+579[0m[31m -18[0m: test/core/evaluator_test.dart: Evaluator other functions evaluates |-x| with x=4[0m                                                                                                       00:01 [32m+579[0m[31m -18[0m: test/core/evaluator_test.dart: Evaluator other functions evaluates |x^2 - 4| with x=1[0m                                                                                                  00:01 [32m+580[0m[31m -18[0m: test/core/evaluator_test.dart: Evaluator other functions evaluates |x^2 - 4| with x=1[0m                                                                                                  00:01 [32m+580[0m[31m -18[0m: test/core/evaluator_test.dart: Evaluator other functions evaluates nested absolute values ||x|| with x=-5[0m                                                                              00:01 [32m+581[0m[31m -18[0m: test/core/evaluator_test.dart: Evaluator other functions evaluates nested absolute values ||x|| with x=-5[0m                                                                              00:01 [32m+581[0m[31m -18[0m: test/core/evaluator_test.dart: Evaluator other functions sqrt of negative returns complex[0m                                                                                              00:01 [32m+582[0m[31m -18[0m: test/core/evaluator_test.dart: Evaluator other functions sqrt of negative returns complex[0m                                                                                              00:01 [32m+582[0m[31m -18[0m: test/core/evaluator_test.dart: Evaluator rounding functions evaluates ceil(1.2) = 2[0m                                                                                                    00:01 [32m+583[0m[31m -18[0m: test/core/evaluator_test.dart: Evaluator rounding functions evaluates ceil(1.2) = 2[0m                                                                                                    00:01 [32m+583[0m[31m -18[0m: test/core/evaluator_test.dart: Evaluator rounding functions evaluates floor(1.8) = 1[0m                                                                                                   00:01 [32m+584[0m[31m -18[0m: test/core/evaluator_test.dart: Evaluator rounding functions evaluates floor(1.8) = 1[0m                                                                                                   00:01 [32m+584[0m[31m -18[0m: test/core/evaluator_test.dart: Evaluator rounding functions evaluates round(1.5) = 2[0m                                                                                                   00:01 [32m+585[0m[31m -18[0m: test/core/evaluator_test.dart: Evaluator rounding functions evaluates round(1.5) = 2[0m                                                                                                   00:01 [32m+585[0m[31m -18[0m: test/core/evaluator_test.dart: Evaluator rounding functions evaluates round(1.4) = 1[0m                                                                                                   00:01 [32m+586[0m[31m -18[0m: test/core/evaluator_test.dart: Evaluator rounding functions evaluates round(1.4) = 1[0m                                                                                                   00:01 [32m+586[0m[31m -18[0m: test/core/evaluator_test.dart: Evaluator rounding functions evaluates exp(0) = 1[0m                                                                                                       00:01 [32m+587[0m[31m -18[0m: test/core/evaluator_test.dart: Evaluator rounding functions evaluates exp(0) = 1[0m                                                                                                       00:01 [32m+587[0m[31m -18[0m: test/core/evaluator_test.dart: Evaluator rounding functions evaluates exp(1) = e[0m                                                                                                       00:01 [32m+588[0m[31m -18[0m: test/core/evaluator_test.dart: Evaluator rounding functions evaluates exp(1) = e[0m                                                                                                       00:01 [32m+588[0m[31m -18[0m: test/core/evaluator_test.dart: Evaluator sum and product evaluates simple sum[0m                                                                                                          00:01 [32m+589[0m[31m -18[0m: test/core/evaluator_test.dart: Evaluator sum and product evaluates simple sum[0m                                                                                                          00:01 [32m+589[0m[31m -18[0m: test/core/evaluator_test.dart: Evaluator sum and product evaluates sum of squares[0m                                                                                                      00:01 [32m+590[0m[31m -18[0m: test/core/evaluator_test.dart: Evaluator sum and product evaluates sum of squares[0m                                                                                                      00:01 [32m+590[0m[31m -18[0m: test/core/evaluator_test.dart: Evaluator sum and product evaluates sum with constant[0m                                                                                                   00:01 [32m+591[0m[31m -18[0m: test/core/evaluator_test.dart: Evaluator sum and product evaluates sum with constant[0m                                                                                                   00:01 [32m+591[0m[31m -18[0m: test/core/evaluator_test.dart: Evaluator sum and product evaluates factorial via product[0m                                                                                               00:01 [32m+592[0m[31m -18[0m: test/core/evaluator_test.dart: Evaluator sum and product evaluates factorial via product[0m                                                                                               00:01 [32m+592[0m[31m -18[0m: test/core/evaluator_test.dart: Evaluator sum and product evaluates product of constants[0m                                                                                                00:01 [32m+593[0m[31m -18[0m: test/core/evaluator_test.dart: Evaluator sum and product evaluates product of constants[0m                                                                                                00:01 [32m+593[0m[31m -18[0m: test/core/evaluator_test.dart: Evaluator sum and product evaluates product with expression[0m                                                                                             00:01 [32m+594[0m[31m -18[0m: test/core/evaluator_test.dart: Evaluator sum and product evaluates product with expression[0m                                                                                             00:01 [32m+594[0m[31m -18[0m: test/core/evaluator_test.dart: Evaluator constants evaluates sin(pi) = 0[0m                                                                                                               00:01 [32m+595[0m[31m -18[0m: test/core/evaluator_test.dart: Evaluator constants evaluates sin(pi) = 0[0m                                                                                                               00:01 [32m+595[0m[31m -18[0m: test/core/evaluator_test.dart: Evaluator constants evaluates e constant via ln[0m                                                                                                         00:01 [32m+596[0m[31m -18[0m: test/core/evaluator_test.dart: Evaluator constants evaluates e constant via ln[0m                                                                                                         00:01 [32m+596[0m[31m -18[0m: test/core/evaluator_test.dart: Evaluator constants constant fallback works[0m                                                                                                             00:01 [32m+597[0m[31m -18[0m: test/core/evaluator_test.dart: Evaluator constants constant fallback works[0m                                                                                                             00:01 [32m+597[0m[31m -18[0m: test/core/evaluator_test.dart: Evaluator constants user variable overrides constant[0m                                                                                                    00:01 [32m+598[0m[31m -18[0m: test/core/evaluator_test.dart: Evaluator constants user variable overrides constant[0m                                                                                                    00:01 [32m+598[0m[31m -18[0m: test/core/evaluator_test.dart: Evaluator hyperbolic functions evaluates sinh(0) = 0[0m                                                                                                    00:01 [32m+599[0m[31m -18[0m: test/core/evaluator_test.dart: Evaluator hyperbolic functions evaluates sinh(0) = 0[0m                                                                                                    00:01 [32m+599[0m[31m -18[0m: test/core/evaluator_test.dart: Evaluator hyperbolic functions evaluates cosh(0) = 1[0m                                                                                                    00:01 [32m+600[0m[31m -18[0m: test/core/evaluator_test.dart: Evaluator hyperbolic functions evaluates cosh(0) = 1[0m                                                                                                    00:01 [32m+600[0m[31m -18[0m: test/core/evaluator_test.dart: Evaluator hyperbolic functions evaluates tanh(0) = 0[0m                                                                                                    00:01 [32m+601[0m[31m -18[0m: test/core/evaluator_test.dart: Evaluator hyperbolic functions evaluates tanh(0) = 0[0m                                                                                                    00:01 [32m+601[0m[31m -18[0m: test/core/evaluator_test.dart: Evaluator factorial and sign evaluates factorial 5! = 120[0m                                                                                               00:01 [32m+602[0m[31m -18[0m: test/core/evaluator_test.dart: Evaluator factorial and sign evaluates factorial 5! = 120[0m                                                                                               00:01 [32m+602[0m[31m -18[0m: test/core/evaluator_test.dart: Evaluator factorial and sign evaluates factorial 0! = 1[0m                                                                                                 00:01 [32m+603[0m[31m -18[0m: test/core/evaluator_test.dart: Evaluator factorial and sign evaluates factorial 0! = 1[0m                                                                                                 00:01 [32m+603[0m[31m -18[0m: test/core/evaluator_test.dart: Evaluator factorial and sign evaluates sgn(5) = 1[0m                                                                                                       00:01 [32m+604[0m[31m -18[0m: test/core/evaluator_test.dart: Evaluator factorial and sign evaluates sgn(5) = 1[0m                                                                                                       00:01 [32m+604[0m[31m -18[0m: test/core/evaluator_test.dart: Evaluator factorial and sign evaluates sgn(-3) = -1[0m                                                                                                     00:01 [32m+605[0m[31m -18[0m: test/core/evaluator_test.dart: Evaluator factorial and sign evaluates sgn(-3) = -1[0m                                                                                                     00:01 [32m+605[0m[31m -18[0m: test/core/evaluator_test.dart: Evaluator factorial and sign evaluates sgn(0) = 0[0m                                                                                                       00:01 [32m+606[0m[31m -18[0m: test/core/evaluator_test.dart: Evaluator factorial and sign evaluates sgn(0) = 0[0m                                                                                                       00:01 [32m+606[0m[31m -18[0m: [1m[90mloading test/core/extended_latex_test.dart[0m[0m                                                                                                                                             00:01 [32m+606[0m[31m -18[0m: test/core/extended_latex_test.dart: Extended LaTeX Support Multiple Integrals parses double integral with variables[0m                                                                    00:01 [32m+607[0m[31m -18[0m: test/calculus_test.dart: Challenge 1: Quantum Mechanics (Calculus & Trigonometry) Expectation value of momentum (should be 0 for real wave function components)[0m                        00:01 [32m+608[0m[31m -18[0m: test/calculus_test.dart: Challenge 1: Quantum Mechanics (Calculus & Trigonometry) Expectation value of momentum (should be 0 for real wave function components)[0m                        00:01 [32m+609[0m[31m -18[0m: test/calculus_test.dart: Challenge 1: Quantum Mechanics (Calculus & Trigonometry) Expectation value of momentum (should be 0 for real wave function components)[0m                        00:01 [32m+610[0m[31m -18[0m: test/calculus_test.dart: Challenge 1: Quantum Mechanics (Calculus & Trigonometry) Expectation value of momentum (should be 0 for real wave function components)[0m                        00:01 [32m+611[0m[31m -18[0m: test/calculus_test.dart: Challenge 1: Quantum Mechanics (Calculus & Trigonometry) Expectation value of momentum (should be 0 for real wave function components)[0m                        00:01 [32m+612[0m[31m -18[0m: test/calculus_test.dart: Challenge 1: Quantum Mechanics (Calculus & Trigonometry) Expectation value of momentum (should be 0 for real wave function components)[0m                        00:01 [32m+613[0m[31m -18[0m: test/calculus_test.dart: Challenge 1: Quantum Mechanics (Calculus & Trigonometry) Expectation value of momentum (should be 0 for real wave function components)[0m                        00:01 [32m+614[0m[31m -18[0m: test/calculus_test.dart: Challenge 1: Quantum Mechanics (Calculus & Trigonometry) Expectation value of momentum (should be 0 for real wave function components)[0m                        00:01 [32m+615[0m[31m -18[0m: test/calculus_test.dart: Challenge 1: Quantum Mechanics (Calculus & Trigonometry) Expectation value of momentum (should be 0 for real wave function components)[0m                        00:01 [32m+616[0m[31m -18[0m: test/calculus_test.dart: Challenge 1: Quantum Mechanics (Calculus & Trigonometry) Expectation value of momentum (should be 0 for real wave function components)[0m                        00:01 [32m+617[0m[31m -18[0m: test/calculus_test.dart: Challenge 1: Quantum Mechanics (Calculus & Trigonometry) Expectation value of momentum (should be 0 for real wave function components)[0m                        00:01 [32m+618[0m[31m -18[0m: test/calculus_test.dart: Challenge 1: Quantum Mechanics (Calculus & Trigonometry) Expectation value of momentum (should be 0 for real wave function components)[0m                        00:01 [32m+619[0m[31m -18[0m: test/calculus_test.dart: Challenge 1: Quantum Mechanics (Calculus & Trigonometry) Expectation value of momentum (should be 0 for real wave function components)[0m                        00:01 [32m+620[0m[31m -18[0m: test/calculus_test.dart: Challenge 1: Quantum Mechanics (Calculus & Trigonometry) Expectation value of momentum (should be 0 for real wave function components)[0m                        00:01 [32m+621[0m[31m -18[0m: test/calculus_test.dart: Challenge 1: Quantum Mechanics (Calculus & Trigonometry) Expectation value of momentum (should be 0 for real wave function components)[0m                        00:01 [32m+622[0m[31m -18[0m: test/calculus_test.dart: Challenge 1: Quantum Mechanics (Calculus & Trigonometry) Expectation value of momentum (should be 0 for real wave function components)[0m                        00:01 [32m+623[0m[31m -18[0m: test/calculus_test.dart: Challenge 1: Quantum Mechanics (Calculus & Trigonometry) Expectation value of momentum (should be 0 for real wave function components)[0m                        00:01 [32m+624[0m[31m -18[0m: test/calculus_test.dart: Challenge 1: Quantum Mechanics (Calculus & Trigonometry) Expectation value of momentum (should be 0 for real wave function components)[0m                        00:01 [32m+625[0m[31m -18[0m: test/calculus_test.dart: Challenge 1: Quantum Mechanics (Calculus & Trigonometry) Expectation value of momentum (should be 0 for real wave function components)[0m                        00:01 [32m+626[0m[31m -18[0m: test/calculus_test.dart: Challenge 1: Quantum Mechanics (Calculus & Trigonometry) Expectation value of momentum (should be 0 for real wave function components)[0m                        00:01 [32m+627[0m[31m -18[0m: test/calculus_test.dart: Challenge 1: Quantum Mechanics (Calculus & Trigonometry) Expectation value of momentum (should be 0 for real wave function components)[0m                        00:01 [32m+628[0m[31m -18[0m: test/calculus_test.dart: Challenge 1: Quantum Mechanics (Calculus & Trigonometry) Expectation value of momentum (should be 0 for real wave function components)[0m                        00:01 [32m+629[0m[31m -18[0m: test/calculus_test.dart: Challenge 1: Quantum Mechanics (Calculus & Trigonometry) Expectation value of momentum (should be 0 for real wave function components)[0m                        00:01 [32m+630[0m[31m -18[0m: test/calculus_test.dart: Challenge 1: Quantum Mechanics (Calculus & Trigonometry) Expectation value of momentum (should be 0 for real wave function components)[0m                        00:01 [32m+631[0m[31m -18[0m: test/calculus_test.dart: Challenge 1: Quantum Mechanics (Calculus & Trigonometry) Expectation value of momentum (should be 0 for real wave function components)[0m                        00:01 [32m+632[0m[31m -18[0m: test/calculus_test.dart: Challenge 1: Quantum Mechanics (Calculus & Trigonometry) Expectation value of momentum (should be 0 for real wave function components)[0m                        00:01 [32m+633[0m[31m -18[0m: test/calculus_test.dart: Challenge 1: Quantum Mechanics (Calculus & Trigonometry) Expectation value of momentum (should be 0 for real wave function components)[0m                        00:01 [32m+634[0m[31m -18[0m: test/calculus_test.dart: Challenge 1: Quantum Mechanics (Calculus & Trigonometry) Expectation value of momentum (should be 0 for real wave function components)[0m                        00:01 [32m+635[0m[31m -18[0m: test/calculus_test.dart: Challenge 1: Quantum Mechanics (Calculus & Trigonometry) Expectation value of momentum (should be 0 for real wave function components)[0m                        00:01 [32m+636[0m[31m -18[0m: test/calculus_test.dart: Challenge 1: Quantum Mechanics (Calculus & Trigonometry) Expectation value of momentum (should be 0 for real wave function components)[0m                        00:01 [32m+637[0m[31m -18[0m: test/calculus_test.dart: Challenge 1: Quantum Mechanics (Calculus & Trigonometry) Expectation value of momentum (should be 0 for real wave function components)[0m                        00:01 [32m+638[0m[31m -18[0m: test/calculus_test.dart: Challenge 1: Quantum Mechanics (Calculus & Trigonometry) Expectation value of momentum (should be 0 for real wave function components)[0m                        00:01 [32m+639[0m[31m -18[0m: test/calculus_test.dart: Challenge 1: Quantum Mechanics (Calculus & Trigonometry) Expectation value of momentum (should be 0 for real wave function components)[0m                        00:01 [32m+640[0m[31m -18[0m: test/calculus_test.dart: Challenge 1: Quantum Mechanics (Calculus & Trigonometry) Expectation value of momentum (should be 0 for real wave function components)[0m                        00:01 [32m+641[0m[31m -18[0m: test/calculus_test.dart: Challenge 1: Quantum Mechanics (Calculus & Trigonometry) Expectation value of momentum (should be 0 for real wave function components)[0m                        00:01 [32m+642[0m[31m -18[0m: test/calculus_test.dart: Challenge 1: Quantum Mechanics (Calculus & Trigonometry) Expectation value of momentum (should be 0 for real wave function components)[0m                        00:01 [32m+643[0m[31m -18[0m: test/calculus_test.dart: Challenge 1: Quantum Mechanics (Calculus & Trigonometry) Expectation value of momentum (should be 0 for real wave function components)[0m                        00:01 [32m+644[0m[31m -18[0m: test/calculus_test.dart: Challenge 1: Quantum Mechanics (Calculus & Trigonometry) Expectation value of momentum (should be 0 for real wave function components)[0m                        00:01 [32m+645[0m[31m -18[0m: test/calculus_test.dart: Challenge 1: Quantum Mechanics (Calculus & Trigonometry) Expectation value of momentum (should be 0 for real wave function components)[0m                        00:01 [32m+646[0m[31m -18[0m: test/calculus_test.dart: Challenge 1: Quantum Mechanics (Calculus & Trigonometry) Expectation value of momentum (should be 0 for real wave function components)[0m                        00:01 [32m+647[0m[31m -18[0m: test/calculus_test.dart: Challenge 1: Quantum Mechanics (Calculus & Trigonometry) Expectation value of momentum (should be 0 for real wave function components)[0m                        00:01 [32m+648[0m[31m -18[0m: test/calculus_test.dart: Challenge 1: Quantum Mechanics (Calculus & Trigonometry) Expectation value of momentum (should be 0 for real wave function components)[0m                        00:01 [32m+649[0m[31m -18[0m: test/calculus_test.dart: Challenge 1: Quantum Mechanics (Calculus & Trigonometry) Expectation value of momentum (should be 0 for real wave function components)[0m                        00:01 [32m+650[0m[31m -18[0m: test/calculus_test.dart: Challenge 1: Quantum Mechanics (Calculus & Trigonometry) Expectation value of momentum (should be 0 for real wave function components)[0m                        00:01 [32m+651[0m[31m -18[0m: test/calculus_test.dart: Challenge 1: Quantum Mechanics (Calculus & Trigonometry) Expectation value of momentum (should be 0 for real wave function components)[0m                        00:01 [32m+652[0m[31m -18[0m: test/calculus_test.dart: Challenge 1: Quantum Mechanics (Calculus & Trigonometry) Expectation value of momentum (should be 0 for real wave function components)[0m                        00:01 [32m+653[0m[31m -18[0m: test/calculus_test.dart: Challenge 1: Quantum Mechanics (Calculus & Trigonometry) Expectation value of momentum (should be 0 for real wave function components)[0m                        00:01 [32m+654[0m[31m -18[0m: test/calculus_test.dart: Challenge 1: Quantum Mechanics (Calculus & Trigonometry) Expectation value of momentum (should be 0 for real wave function components)[0m                        00:01 [32m+655[0m[31m -18[0m: test/calculus_test.dart: Challenge 1: Quantum Mechanics (Calculus & Trigonometry) Expectation value of momentum (should be 0 for real wave function components)[0m                        00:01 [32m+656[0m[31m -18[0m: test/calculus_test.dart: Challenge 1: Quantum Mechanics (Calculus & Trigonometry) Expectation value of momentum (should be 0 for real wave function components)[0m                        00:01 [32m+657[0m[31m -18[0m: test/calculus_test.dart: Challenge 1: Quantum Mechanics (Calculus & Trigonometry) Expectation value of momentum (should be 0 for real wave function components)[0m                        00:01 [32m+658[0m[31m -18[0m: test/calculus_test.dart: Challenge 1: Quantum Mechanics (Calculus & Trigonometry) Expectation value of momentum (should be 0 for real wave function components)[0m                        00:01 [32m+659[0m[31m -18[0m: test/calculus_test.dart: Challenge 1: Quantum Mechanics (Calculus & Trigonometry) Expectation value of momentum (should be 0 for real wave function components)[0m                        00:01 [32m+660[0m[31m -18[0m: test/calculus_test.dart: Challenge 1: Quantum Mechanics (Calculus & Trigonometry) Expectation value of momentum (should be 0 for real wave function components)[0m                        00:01 [32m+661[0m[31m -18[0m: test/calculus_test.dart: Challenge 1: Quantum Mechanics (Calculus & Trigonometry) Expectation value of momentum (should be 0 for real wave function components)[0m                        00:01 [32m+662[0m[31m -18[0m: test/calculus_test.dart: Challenge 1: Quantum Mechanics (Calculus & Trigonometry) Expectation value of momentum (should be 0 for real wave function components)[0m                        00:01 [32m+663[0m[31m -18[0m: test/calculus_test.dart: Challenge 1: Quantum Mechanics (Calculus & Trigonometry) Expectation value of momentum (should be 0 for real wave function components)[0m                        00:01 [32m+664[0m[31m -18[0m: test/integration/mathml/mathml_export_integration_test.dart: MathML Integration Export exports test cases for Python validation[0m                                                        00:01 [32m+665[0m[31m -18[0m: test/integration/mathml/mathml_export_integration_test.dart: MathML Integration Export exports test cases for Python validation[0m                                                        00:01 [32m+665[0m[31m -18[0m: test/integration/mathml/mathml_export_integration_test.dart: MathML Integration Export exports test cases for Python validation[0m                                                        
Exported 20 test cases to test/integration/mathml/test_cases.json
00:01 [32m+666[0m[31m -18[0m: test/integration/mathml/mathml_export_integration_test.dart: MathML Integration Export exports test cases for Python validation[0m                                                        00:01 [32m+667[0m[31m -18[0m: test/integration/mathml/mathml_export_integration_test.dart: MathML Integration Export exports test cases for Python validation[0m                                                        00:01 [32m+668[0m[31m -18[0m: test/security/security_vulnerabilities_test.dart: DoS - Resource Exhaustion via Large Iterations integral with unreasonably high subdivision should timeout[0m                            00:01 [32m+669[0m[31m -18[0m: test/security/security_vulnerabilities_test.dart: DoS - Resource Exhaustion via Large Iterations integral with unreasonably high subdivision should timeout[0m                            00:01 [32m+670[0m[31m -18[0m: test/security/security_vulnerabilities_test.dart: DoS - Resource Exhaustion via Large Iterations integral with unreasonably high subdivision should timeout[0m                            00:01 [32m+671[0m[31m -18[0m: test/security/security_vulnerabilities_test.dart: DoS - Resource Exhaustion via Large Iterations integral with unreasonably high subdivision should timeout[0m                            00:01 [32m+671[0m[31m -18[0m: test/integration/sympy/sympy_export_integration_test.dart: SymPy Integration Export exports test cases for Python verification[0m                                                         
Exported 20 test cases to test/integration/sympy/test_cases.json
00:01 [32m+672[0m[31m -18[0m: test/security/security_vulnerabilities_test.dart: DoS - Resource Exhaustion via Large Iterations integral with unreasonably high subdivision should timeout[0m                            00:01 [32m+673[0m[31m -18[0m: test/security/security_vulnerabilities_test.dart: DoS - Resource Exhaustion via Large Iterations integral with unreasonably high subdivision should timeout[0m                            00:01 [32m+674[0m[31m -18[0m: test/security/security_vulnerabilities_test.dart: DoS - Resource Exhaustion via Large Iterations integral with unreasonably high subdivision should timeout[0m                            00:01 [32m+675[0m[31m -18[0m: test/security/security_vulnerabilities_test.dart: DoS - Resource Exhaustion via Large Iterations integral with unreasonably high subdivision should timeout[0m                            00:01 [32m+676[0m[31m -18[0m: test/security/security_vulnerabilities_test.dart: DoS - Resource Exhaustion via Large Iterations integral with unreasonably high subdivision should timeout[0m                            00:01 [32m+677[0m[31m -18[0m: test/security/security_vulnerabilities_test.dart: DoS - Resource Exhaustion via Large Iterations integral with unreasonably high subdivision should timeout[0m                            00:01 [32m+678[0m[31m -18[0m: test/security/security_vulnerabilities_test.dart: DoS - Resource Exhaustion via Large Iterations integral with unreasonably high subdivision should timeout[0m                            00:01 [32m+679[0m[31m -18[0m: test/security/security_vulnerabilities_test.dart: DoS - Resource Exhaustion via Large Iterations integral with unreasonably high subdivision should timeout[0m                            00:01 [32m+680[0m[31m -18[0m: test/security/security_vulnerabilities_test.dart: DoS - Resource Exhaustion via Large Iterations integral with unreasonably high subdivision should timeout[0m                            00:01 [32m+681[0m[31m -18[0m: test/security/security_vulnerabilities_test.dart: DoS - Resource Exhaustion via Large Iterations integral with unreasonably high subdivision should timeout[0m                            00:01 [32m+682[0m[31m -18[0m: test/security/security_vulnerabilities_test.dart: DoS - Resource Exhaustion via Large Iterations integral with unreasonably high subdivision should timeout[0m                            00:01 [32m+683[0m[31m -18[0m: test/security/security_vulnerabilities_test.dart: DoS - Resource Exhaustion via Large Iterations integral with unreasonably high subdivision should timeout[0m                            00:01 [32m+684[0m[31m -18[0m: test/security/security_vulnerabilities_test.dart: DoS - Resource Exhaustion via Large Iterations integral with unreasonably high subdivision should timeout[0m                            00:01 [32m+685[0m[31m -18[0m: test/security/security_vulnerabilities_test.dart: DoS - Resource Exhaustion via Large Iterations integral with unreasonably high subdivision should timeout[0m                            00:01 [32m+686[0m[31m -18[0m: test/security/security_vulnerabilities_test.dart: DoS - Resource Exhaustion via Large Iterations integral with unreasonably high subdivision should timeout[0m                            00:01 [32m+687[0m[31m -18[0m: test/security/security_vulnerabilities_test.dart: DoS - Resource Exhaustion via Large Iterations integral with unreasonably high subdivision should timeout[0m                            00:01 [32m+688[0m[31m -18[0m: test/security/security_vulnerabilities_test.dart: DoS - Resource Exhaustion via Large Iterations integral with unreasonably high subdivision should timeout[0m                            00:01 [32m+689[0m[31m -18[0m: test/security/security_vulnerabilities_test.dart: DoS - Resource Exhaustion via Large Iterations integral with unreasonably high subdivision should timeout[0m                            00:01 [32m+690[0m[31m -18[0m: test/security/security_vulnerabilities_test.dart: DoS - Resource Exhaustion via Large Iterations integral with unreasonably high subdivision should timeout[0m                            00:01 [32m+691[0m[31m -18[0m: test/security/security_vulnerabilities_test.dart: DoS - Resource Exhaustion via Large Iterations integral with unreasonably high subdivision should timeout[0m                            00:01 [32m+692[0m[31m -18[0m: test/security/security_vulnerabilities_test.dart: DoS - Resource Exhaustion via Large Iterations integral with unreasonably high subdivision should timeout[0m                            00:01 [32m+693[0m[31m -18[0m: test/security/security_vulnerabilities_test.dart: DoS - Resource Exhaustion via Large Iterations integral with unreasonably high subdivision should timeout[0m                            00:01 [32m+694[0m[31m -18[0m: test/security/security_vulnerabilities_test.dart: DoS - Resource Exhaustion via Large Iterations integral with unreasonably high subdivision should timeout[0m                            00:01 [32m+695[0m[31m -18[0m: test/security/security_vulnerabilities_test.dart: DoS - Resource Exhaustion via Large Iterations integral with unreasonably high subdivision should timeout[0m                            00:01 [32m+696[0m[31m -18[0m: test/security/security_vulnerabilities_test.dart: DoS - Resource Exhaustion via Large Iterations integral with unreasonably high subdivision should timeout[0m                            00:01 [32m+697[0m[31m -18[0m: test/security/security_vulnerabilities_test.dart: DoS - Resource Exhaustion via Large Iterations integral with unreasonably high subdivision should timeout[0m                            00:01 [32m+698[0m[31m -18[0m: test/security/security_vulnerabilities_test.dart: DoS - Resource Exhaustion via Large Iterations integral with unreasonably high subdivision should timeout[0m                            00:01 [32m+699[0m[31m -19[0m: test/security/security_vulnerabilities_test.dart: DoS - Resource Exhaustion via Large Iterations integral with unreasonably high subdivision should timeout[0m                            00:01 [32m+700[0m[31m -19[0m: test/security/security_vulnerabilities_test.dart: DoS - Resource Exhaustion via Large Iterations integral with unreasonably high subdivision should timeout[0m                            00:01 [32m+701[0m[31m -19[0m: test/security/security_vulnerabilities_test.dart: DoS - Resource Exhaustion via Large Iterations integral with unreasonably high subdivision should timeout[0m                            00:01 [32m+702[0m[31m -19[0m: test/security/security_vulnerabilities_test.dart: DoS - Resource Exhaustion via Large Iterations integral with unreasonably high subdivision should timeout[0m                            00:01 [32m+703[0m[31m -19[0m: test/security/security_vulnerabilities_test.dart: DoS - Resource Exhaustion via Large Iterations integral with unreasonably high subdivision should timeout[0m                            00:01 [32m+704[0m[31m -19[0m: test/security/security_vulnerabilities_test.dart: DoS - Resource Exhaustion via Large Iterations integral with unreasonably high subdivision should timeout[0m                            00:01 [32m+705[0m[31m -19[0m: test/security/security_vulnerabilities_test.dart: DoS - Resource Exhaustion via Large Iterations integral with unreasonably high subdivision should timeout[0m                            00:01 [32m+706[0m[31m -19[0m: test/security/security_vulnerabilities_test.dart: DoS - Resource Exhaustion via Large Iterations integral with unreasonably high subdivision should timeout[0m                            00:01 [32m+707[0m[31m -19[0m: test/security/security_vulnerabilities_test.dart: DoS - Resource Exhaustion via Large Iterations integral with unreasonably high subdivision should timeout[0m                            00:01 [32m+707[0m[31m -19[0m: test/integration/integration_test.dart: Texpr Integration variables simple variable [1m[31m[E][0m[0m                                                                                                
  EvaluatorException: Invalid result type: int
  Suggestion: Results must be either a number, complex number, matrix, or vector
  package:texpr/src/evaluator.dart 94:7         Evaluator._wrapResult
  package:texpr/src/evaluator.dart 78:12        Evaluator.evaluate
  package:texpr/texpr.dart 389:31               Texpr.evaluateParsed
  package:texpr/texpr.dart 462:12               Texpr.evaluate
  test/integration/integration_test.dart 54:26  main.<fn>.<fn>.<fn>
  

[1m[36mTo run this test again:[0m /Users/xomodo/sdks/flutter/bin/cache/dart-sdk/bin/dart test test/integration/integration_test.dart -p vm --plain-name 'Texpr Integration variables simple variable'
00:01 [32m+708[0m[31m -19[0m: test/security/security_vulnerabilities_test.dart: DoS - Resource Exhaustion via Large Iterations integral with unreasonably high subdivision should timeout[0m                            00:01 [32m+709[0m[31m -20[0m: test/custom_environments_test.dart: AST Visitors assignment to JSON[0m                                                                                                                    00:01 [32m+709[0m[31m -20[0m: test/integration/integration_test.dart: Texpr Integration variables expression with variable [1m[31m[E][0m[0m                                                                                       
  EvaluatorException: Type mismatch in binary operation
  Suggestion: Ensure both operands are compatible types (numbers, complex numbers, matrices, or vectors)
  package:texpr/src/evaluator/binary_evaluator.dart 65:5     BinaryEvaluator.evaluate
  package:texpr/src/visitors/evaluation_visitor.dart 175:29  EvaluationVisitor.visitBinaryOp
  package:texpr/src/ast/operations.dart 54:20                BinaryOp.accept
  package:texpr/src/evaluator.dart 77:28                     Evaluator.evaluate
  package:texpr/texpr.dart 389:31                            Texpr.evaluateParsed
  package:texpr/texpr.dart 462:12                            Texpr.evaluate
  test/integration/integration_test.dart 58:26               main.<fn>.<fn>.<fn>
  

[1m[36mTo run this test again:[0m /Users/xomodo/sdks/flutter/bin/cache/dart-sdk/bin/dart test test/integration/integration_test.dart -p vm --plain-name 'Texpr Integration variables expression with variable'
00:01 [32m+710[0m[31m -20[0m: test/security/security_vulnerabilities_test.dart: Integer/Numeric Overflow Vulnerabilities factorial of very large number should fail gracefully[0m                                       00:01 [32m+711[0m[31m -20[0m: test/integration/integration_test.dart: Texpr Integration variables multiple variables[0m                                                                                                 00:01 [32m+712[0m[31m -20[0m: test/integration/integration_test.dart: Texpr Integration variables multiple variables[0m                                                                                                 00:01 [32m+712[0m[31m -21[0m: test/integration/integration_test.dart: Texpr Integration variables multiple variables [1m[31m[E][0m[0m                                                                                             
  EvaluatorException: Type mismatch in binary operation
  Suggestion: Ensure both operands are compatible types (numbers, complex numbers, matrices, or vectors)
  package:texpr/src/evaluator/binary_evaluator.dart 65:5     BinaryEvaluator.evaluate
  package:texpr/src/visitors/evaluation_visitor.dart 175:29  EvaluationVisitor.visitBinaryOp
  package:texpr/src/ast/operations.dart 54:20                BinaryOp.accept
  package:texpr/src/evaluator.dart 77:28                     Evaluator.evaluate
  package:texpr/texpr.dart 389:31                            Texpr.evaluateParsed
  package:texpr/texpr.dart 462:12                            Texpr.evaluate
  test/integration/integration_test.dart 62:26               main.<fn>.<fn>.<fn>
  

[1m[36mTo run this test again:[0m /Users/xomodo/sdks/flutter/bin/cache/dart-sdk/bin/dart test test/integration/integration_test.dart -p vm --plain-name 'Texpr Integration variables multiple variables'
00:01 [32m+713[0m[31m -21[0m: test/custom_environments_test.dart: AST Visitors assignment to MathML[0m                                                                                                                  00:01 [32m+714[0m[31m -21[0m: test/integration/integration_test.dart: Texpr Integration variables variable in power[0m                                                                                                  00:01 [32m+715[0m[31m -22[0m: test/security/security_vulnerabilities_test.dart: Integer/Numeric Overflow Vulnerabilities power operation resulting in infinity should be handled[0m                                     00:01 [32m+715[0m[31m -22[0m: test/security/security_vulnerabilities_test.dart: Integer/Numeric Overflow Vulnerabilities division by zero should throw appropriate exception[0m                                         00:01 [32m+715[0m[31m -22[0m: test/integration/integration_test.dart: Texpr Integration variables variable in power [1m[31m[E][0m[0m                                                                                              
  EvaluatorException: Type mismatch in binary operation
  Suggestion: Ensure both operands are compatible types (numbers, complex numbers, matrices, or vectors)
  package:texpr/src/evaluator/binary_evaluator.dart 65:5     BinaryEvaluator.evaluate
  package:texpr/src/visitors/evaluation_visitor.dart 175:29  EvaluationVisitor.visitBinaryOp
  package:texpr/src/ast/operations.dart 54:20                BinaryOp.accept
  package:texpr/src/evaluator.dart 77:28                     Evaluator.evaluate
  package:texpr/texpr.dart 389:31                            Texpr.evaluateParsed
  package:texpr/texpr.dart 462:12                            Texpr.evaluate
  test/integration/integration_test.dart 66:26               main.<fn>.<fn>.<fn>
  

[1m[36mTo run this test again:[0m /Users/xomodo/sdks/flutter/bin/cache/dart-sdk/bin/dart test test/integration/integration_test.dart -p vm --plain-name 'Texpr Integration variables variable in power'
00:01 [32m+716[0m[31m -22[0m: test/integration/integration_test.dart: Texpr Integration variables variable base and exponent[0m                                                                                         00:01 [32m+716[0m[31m -23[0m: test/integration/integration_test.dart: Texpr Integration variables variable base and exponent [1m[31m[E][0m[0m                                                                                     
  EvaluatorException: Type mismatch in binary operation
  Suggestion: Ensure both operands are compatible types (numbers, complex numbers, matrices, or vectors)
  package:texpr/src/evaluator/binary_evaluator.dart 65:5     BinaryEvaluator.evaluate
  package:texpr/src/visitors/evaluation_visitor.dart 175:29  EvaluationVisitor.visitBinaryOp
  package:texpr/src/ast/operations.dart 54:20                BinaryOp.accept
  package:texpr/src/evaluator.dart 77:28                     Evaluator.evaluate
  package:texpr/texpr.dart 389:31                            Texpr.evaluateParsed
  package:texpr/texpr.dart 462:12                            Texpr.evaluate
  test/integration/integration_test.dart 70:26               main.<fn>.<fn>.<fn>
  
00:01 [32m+717[0m[31m -23[0m: test/security/security_vulnerabilities_test.dart: Integer/Numeric Overflow Vulnerabilities nested factorial should not cause excessive computation[0m                                     
[1m[36mTo run this test again:[0m /Users/xomodo/sdks/flutter/bin/cache/dart-sdk/bin/dart test test/integration/integration_test.dart -p vm --plain-name 'Texpr Integration variables variable base and exponent'
00:01 [32m+717[0m[31m -23[0m: test/security/security_vulnerabilities_test.dart: Input Validation - Malicious Input extremely long expression string should be rejected[0m                                               00:01 [32m+717[0m[31m -24[0m: test/integration/integration_test.dart: Texpr Integration complex expressions quadratic: x^2 + 2x + 1 at x=3 [1m[31m[E][0m[0m                                                                       
  EvaluatorException: Type mismatch in binary operation
  Suggestion: Ensure both operands are compatible types (numbers, complex numbers, matrices, or vectors)
  package:texpr/src/evaluator/binary_evaluator.dart 65:5     BinaryEvaluator.evaluate
  package:texpr/src/visitors/evaluation_visitor.dart 175:29  EvaluationVisitor.visitBinaryOp
  package:texpr/src/ast/operations.dart 54:20                BinaryOp.accept
  package:texpr/src/visitors/evaluation_visitor.dart 79:19   EvaluationVisitor._evaluateRaw
  package:texpr/src/visitors/evaluation_visitor.dart 163:23  EvaluationVisitor.visitBinaryOp
  package:texpr/src/ast/operations.dart 54:20                BinaryOp.accept
  package:texpr/src/visitors/evaluation_visitor.dart 79:19   EvaluationVisitor._evaluateRaw
  package:texpr/src/visitors/evaluation_visitor.dart 163:23  EvaluationVisitor.visitBinaryOp
  package:texpr/src/ast/operations.dart 54:20                BinaryOp.accept
  package:texpr/src/evaluator.dart 77:28                     Evaluator.evaluate
  package:texpr/texpr.dart 389:31                            Texpr.evaluateParsed
  package:texpr/texpr.dart 462:12                            Texpr.evaluate
  test/integration/integration_test.dart 77:21               main.<fn>.<fn>.<fn>
  

[1m[36mTo run this test again:[0m /Users/xomodo/sdks/flutter/bin/cache/dart-sdk/bin/dart test test/integration/integration_test.dart -p vm --plain-name 'Texpr Integration complex expressions quadratic: x^2 + 2x + 1 at x=3'
00:01 [32m+718[0m[31m -24[0m: test/security/security_vulnerabilities_test.dart: Input Validation - Malicious Input extremely long expression string should be rejected[0m                                               00:01 [32m+718[0m[31m -25[0m: test/integration/integration_test.dart: Texpr Integration complex expressions unary minus [1m[31m[E][0m[0m                                                                                          
  EvaluatorException: Type mismatch in unary operation
  Suggestion: Unary operators can only be applied to numbers, complex numbers, matrices, or vectors
  package:texpr/src/evaluator/unary_evaluator.dart 50:5      UnaryEvaluator.evaluate
  package:texpr/src/visitors/evaluation_visitor.dart 183:28  EvaluationVisitor.visitUnaryOp
  package:texpr/src/ast/operations.dart 148:20               UnaryOp.accept
  package:texpr/src/evaluator.dart 77:28                     Evaluator.evaluate
  package:texpr/texpr.dart 389:31                            Texpr.evaluateParsed
  package:texpr/texpr.dart 462:12                            Texpr.evaluate
  test/integration/integration_test.dart 90:26               main.<fn>.<fn>.<fn>
  

[1m[36mTo run this test again:[0m /Users/xomodo/sdks/flutter/bin/cache/dart-sdk/bin/dart test test/integration/integration_test.dart -p vm --plain-name 'Texpr Integration complex expressions unary minus'
00:01 [32m+719[0m[31m -25[0m: test/security/security_vulnerabilities_test.dart: Input Validation - Malicious Input extremely long expression string should be rejected[0m                                               00:01 [32m+720[0m[31m -25[0m: test/security/security_vulnerabilities_test.dart: Input Validation - Malicious Input extremely long expression string should be rejected[0m                                               00:01 [32m+721[0m[31m -25[0m: test/security/security_vulnerabilities_test.dart: Input Validation - Malicious Input extremely long expression string should be rejected[0m                                               00:01 [32m+722[0m[31m -25[0m: test/security/security_vulnerabilities_test.dart: Input Validation - Malicious Input extremely long expression string should be rejected[0m                                               00:01 [32m+723[0m[31m -25[0m: test/integration/integration_test.dart: Texpr Integration fractions simple fraction[0m                                                                                                    00:01 [32m+724[0m[31m -25[0m: test/security/security_vulnerabilities_test.dart: Input Validation - Malicious Input expression with extremely long variable name should fail[0m                                          00:01 [32m+725[0m[31m -25[0m: test/security/security_vulnerabilities_test.dart: Input Validation - Malicious Input expression with extremely long variable name should fail[0m                                          00:01 [32m+726[0m[31m -25[0m: test/security/security_vulnerabilities_test.dart: Input Validation - Malicious Input expression with extremely long variable name should fail[0m                                          00:01 [32m+726[0m[31m -26[0m: test/integration/integration_test.dart: Texpr Integration fractions fraction with variables [1m[31m[E][0m[0m                                                                                        
  EvaluatorException: Type mismatch in binary operation
  Suggestion: Ensure both operands are compatible types (numbers, complex numbers, matrices, or vectors)
  package:texpr/src/evaluator/binary_evaluator.dart 65:5     BinaryEvaluator.evaluate
  package:texpr/src/visitors/evaluation_visitor.dart 175:29  EvaluationVisitor.visitBinaryOp
  package:texpr/src/ast/operations.dart 54:20                BinaryOp.accept
  package:texpr/src/evaluator.dart 77:28                     Evaluator.evaluate
  package:texpr/texpr.dart 389:31                            Texpr.evaluateParsed
  package:texpr/texpr.dart 462:12                            Texpr.evaluate
  test/integration/integration_test.dart 126:26              main.<fn>.<fn>.<fn>
  

[1m[36mTo run this test again:[0m /Users/xomodo/sdks/flutter/bin/cache/dart-sdk/bin/dart test test/integration/integration_test.dart -p vm --plain-name 'Texpr Integration fractions fraction with variables'
00:01 [32m+727[0m[31m -26[0m: test/security/security_vulnerabilities_test.dart: Input Validation - Malicious Input expression with extremely long variable name should fail[0m                                          00:01 [32m+728[0m[31m -26[0m: test/security/security_vulnerabilities_test.dart: Input Validation - Malicious Input expression with extremely long variable name should fail[0m                                          00:01 [32m+729[0m[31m -26[0m: test/security/security_vulnerabilities_test.dart: Input Validation - Malicious Input expression with extremely long variable name should fail[0m                                          00:01 [32m+730[0m[31m -26[0m: test/security/security_vulnerabilities_test.dart: Input Validation - Malicious Input expression with extremely long variable name should fail[0m                                          00:01 [32m+731[0m[31m -26[0m: test/security/security_vulnerabilities_test.dart: Input Validation - Malicious Input expression with extremely long variable name should fail[0m                                          00:01 [32m+731[0m[31m -27[0m: test/integration/integration_test.dart: Texpr Integration complex real-world expressions sin(pi^3 * x) with fraction and absolute value [1m[31m[E][0m[0m                                            
  EvaluatorException: Type mismatch in binary operation
  Suggestion: Ensure both operands are compatible types (numbers, complex numbers, matrices, or vectors)
  package:texpr/src/evaluator/binary_evaluator.dart 65:5     BinaryEvaluator.evaluate
  package:texpr/src/visitors/evaluation_visitor.dart 175:29  EvaluationVisitor.visitBinaryOp
  package:texpr/src/ast/operations.dart 54:20                BinaryOp.accept
  package:texpr/src/visitors/evaluation_visitor.dart 79:19   EvaluationVisitor._evaluateRaw
  package:texpr/src/visitors/evaluation_visitor.dart 213:14  EvaluationVisitor.visitFunctionCall.<fn>
  package:texpr/src/functions/trigonometric.dart 13:23       handleSin
  package:texpr/src/functions/function_registry.dart 158:19  FunctionRegistry.evaluate
  package:texpr/src/visitors/evaluation_visitor.dart 210:38  EvaluationVisitor.visitFunctionCall
  package:texpr/src/ast/functions.dart 92:20                 FunctionCall.accept
  package:texpr/src/visitors/evaluation_visitor.dart 79:19   EvaluationVisitor._evaluateRaw
  package:texpr/src/visitors/evaluation_visitor.dart 163:23  EvaluationVisitor.visitBinaryOp
  package:texpr/src/ast/operations.dart 54:20                BinaryOp.accept
  package:texpr/src/visitors/evaluation_visitor.dart 79:19   EvaluationVisitor._evaluateRaw
  package:texpr/src/visitors/evaluation_visitor.dart 163:23  EvaluationVisitor.visitBinaryOp
  package:texpr/src/ast/operations.dart 54:20                BinaryOp.accept
  package:texpr/src/evaluator.dart 77:28                     Evaluator.evaluate
  package:texpr/texpr.dart 389:31                            Texpr.evaluateParsed
  package:texpr/texpr.dart 462:12                            Texpr.evaluate
  test/integration/integration_test.dart 161:34              main.<fn>.<fn>.<fn>
  

[1m[36mTo run this test again:[0m /Users/xomodo/sdks/flutter/bin/cache/dart-sdk/bin/dart test test/integration/integration_test.dart -p vm --plain-name 'Texpr Integration complex real-world expressions sin(pi^3 * x) with fraction and absolute value'
00:01 [32m+732[0m[31m -27[0m: test/security/security_vulnerabilities_test.dart: Input Validation - Malicious Input expression with extremely long variable name should fail[0m                                          00:01 [32m+733[0m[31m -27[0m: test/security/security_vulnerabilities_test.dart: Input Validation - Malicious Input expression with extremely long variable name should fail[0m                                          00:01 [32m+734[0m[31m -27[0m: test/security/security_vulnerabilities_test.dart: Input Validation - Malicious Input expression with extremely long variable name should fail[0m                                          00:01 [32m+735[0m[31m -27[0m: test/security/security_vulnerabilities_test.dart: Input Validation - Malicious Input expression with extremely long variable name should fail[0m                                          00:01 [32m+736[0m[31m -27[0m: test/security/security_vulnerabilities_test.dart: Input Validation - Malicious Input expression with extremely long variable name should fail[0m                                          00:01 [32m+737[0m[31m -27[0m: test/security/security_vulnerabilities_test.dart: Input Validation - Malicious Input expression with extremely long variable name should fail[0m                                          00:01 [32m+738[0m[31m -27[0m: test/security/security_vulnerabilities_test.dart: Input Validation - Malicious Input expression with extremely long variable name should fail[0m                                          00:01 [32m+739[0m[31m -27[0m: test/security/security_vulnerabilities_test.dart: Input Validation - Malicious Input expression with extremely long variable name should fail[0m                                          00:01 [32m+740[0m[31m -27[0m: test/security/security_vulnerabilities_test.dart: Input Validation - Malicious Input expression with extremely long variable name should fail[0m                                          00:01 [32m+741[0m[31m -27[0m: test/security/security_vulnerabilities_test.dart: Input Validation - Malicious Input expression with extremely long variable name should fail[0m                                          00:01 [32m+742[0m[31m -27[0m: test/security/security_vulnerabilities_test.dart: Input Validation - Malicious Input expression with extremely long variable name should fail[0m                                          00:01 [32m+743[0m[31m -27[0m: test/security/security_vulnerabilities_test.dart: Input Validation - Malicious Input expression with extremely long variable name should fail[0m                                          00:01 [32m+744[0m[31m -27[0m: test/security/security_vulnerabilities_test.dart: Input Validation - Malicious Input expression with extremely long variable name should fail[0m                                          00:01 [32m+745[0m[31m -27[0m: test/security/security_vulnerabilities_test.dart: Input Validation - Malicious Input expression with extremely long variable name should fail[0m                                          00:01 [32m+746[0m[31m -27[0m: test/security/security_vulnerabilities_test.dart: Input Validation - Malicious Input expression with extremely long variable name should fail[0m                                          00:01 [32m+747[0m[31m -27[0m: test/security/security_vulnerabilities_test.dart: Input Validation - Malicious Input expression with extremely long variable name should fail[0m                                          00:01 [32m+748[0m[31m -27[0m: test/security/security_vulnerabilities_test.dart: Input Validation - Malicious Input expression with extremely long variable name should fail[0m                                          00:01 [32m+749[0m[31m -27[0m: test/security/security_vulnerabilities_test.dart: Input Validation - Malicious Input expression with extremely long variable name should fail[0m                                          00:01 [32m+750[0m[31m -27[0m: test/security/security_vulnerabilities_test.dart: Input Validation - Malicious Input expression with extremely long variable name should fail[0m                                          00:01 [32m+751[0m[31m -27[0m: test/security/security_vulnerabilities_test.dart: Input Validation - Malicious Input expression with extremely long variable name should fail[0m                                          00:01 [32m+752[0m[31m -27[0m: test/security/security_vulnerabilities_test.dart: Input Validation - Malicious Input expression with extremely long variable name should fail[0m                                          00:01 [32m+753[0m[31m -27[0m: test/security/security_vulnerabilities_test.dart: Input Validation - Malicious Input expression with extremely long variable name should fail[0m                                          00:01 [32m+754[0m[31m -28[0m: test/security/security_vulnerabilities_test.dart: Input Validation - Malicious Input expression with extremely long variable name should fail[0m                                          00:01 [32m+755[0m[31m -28[0m: test/security/security_vulnerabilities_test.dart: Input Validation - Malicious Input expression with extremely long variable name should fail[0m                                          00:01 [32m+756[0m[31m -28[0m: test/security/security_vulnerabilities_test.dart: Input Validation - Malicious Input expression with extremely long variable name should fail[0m                                          00:01 [32m+757[0m[31m -28[0m: test/security/security_vulnerabilities_test.dart: Input Validation - Malicious Input expression with extremely long variable name should fail[0m                                          00:01 [32m+758[0m[31m -28[0m: test/security/security_vulnerabilities_test.dart: Input Validation - Malicious Input expression with extremely long variable name should fail[0m                                          00:01 [32m+758[0m[31m -28[0m: test/features/conditions_complex_test.dart: Conditions Complex Scenarios Condition with function calls [1m[31m[E][0m[0m                                                                             
  EvaluatorException: Undefined variable: x
  Suggestion: Provide a value for "x" in the variables map
  package:texpr/src/visitors/evaluation_visitor.dart 154:5           EvaluationVisitor.visitVariable
  package:texpr/src/ast/basic.dart 56:20                             Variable.accept
  package:texpr/src/visitors/evaluation_visitor.dart 79:19           EvaluationVisitor._evaluateRaw
  package:texpr/src/visitors/evaluation_visitor.dart 213:14          EvaluationVisitor.visitFunctionCall.<fn>
  package:texpr/src/functions/trigonometric.dart 13:23               handleSin
  package:texpr/src/functions/function_registry.dart 158:19          FunctionRegistry.evaluate
  package:texpr/src/visitors/evaluation_visitor.dart 210:38          EvaluationVisitor.visitFunctionCall
  package:texpr/src/ast/functions.dart 92:20                         FunctionCall.accept
  package:texpr/src/visitors/evaluation_visitor.dart 79:19           EvaluationVisitor._evaluateRaw
  package:texpr/src/visitors/evaluation_visitor.dart 89:17           EvaluationVisitor._evaluateAsDouble
  package:texpr/src/features/logic/comparison_evaluator.dart 21:35   ComparisonEvaluator.evaluateComparison
  package:texpr/src/visitors/evaluation_visitor.dart 385:33          EvaluationVisitor.visitComparison
  package:texpr/src/ast/logic.dart 40:20                             Comparison.accept
  package:texpr/src/visitors/evaluation_visitor.dart 79:19           EvaluationVisitor._evaluateRaw
  package:texpr/src/visitors/evaluation_visitor.dart 89:17           EvaluationVisitor._evaluateAsDouble
  package:texpr/src/features/logic/comparison_evaluator.dart 107:46  ComparisonEvaluator.evaluateConditional
  package:texpr/src/visitors/evaluation_visitor.dart 401:33          EvaluationVisitor.visitConditionalExpr
  package:texpr/src/ast/logic.dart 76:20                             ConditionalExpr.accept
  package:texpr/src/evaluator.dart 77:28                             Evaluator.evaluate
  package:texpr/texpr.dart 389:31                                    Texpr.evaluateParsed
  package:texpr/texpr.dart 462:12                                    Texpr.evaluate
  test/features/conditions_complex_test.dart 13:32                   main.<fn>.<fn>
  

[1m[36mTo run this test again:[0m /Users/xomodo/sdks/flutter/bin/cache/dart-sdk/bin/dart test test/features/conditions_complex_test.dart -p vm --plain-name 'Conditions Complex Scenarios Condition with function calls'
00:01 [32m+758[0m[31m -30[0m: test/features/conditions_complex_test.dart: Conditions Complex Scenarios Condition with function calls (false) [1m[31m[E][0m[0m                                                                     
  EvaluatorException: Undefined variable: x
  Suggestion: Provide a value for "x" in the variables map
  package:texpr/src/visitors/evaluation_visitor.dart 154:5           EvaluationVisitor.visitVariable
  package:texpr/src/ast/basic.dart 56:20                             Variable.accept
  package:texpr/src/visitors/evaluation_visitor.dart 79:19           EvaluationVisitor._evaluateRaw
  package:texpr/src/visitors/evaluation_visitor.dart 213:14          EvaluationVisitor.visitFunctionCall.<fn>
  package:texpr/src/functions/trigonometric.dart 13:23               handleSin
  package:texpr/src/functions/function_registry.dart 158:19          FunctionRegistry.evaluate
  package:texpr/src/visitors/evaluation_visitor.dart 210:38          EvaluationVisitor.visitFunctionCall
  package:texpr/src/ast/functions.dart 92:20                         FunctionCall.accept
  package:texpr/src/visitors/evaluation_visitor.dart 79:19           EvaluationVisitor._evaluateRaw
  package:texpr/src/visitors/evaluation_visitor.dart 89:17           EvaluationVisitor._evaluateAsDouble
  package:texpr/src/features/logic/comparison_evaluator.dart 21:35   ComparisonEvaluator.evaluateComparison
  package:texpr/src/visitors/evaluation_visitor.dart 385:33          EvaluationVisitor.visitComparison
  package:texpr/src/ast/logic.dart 40:20                             Comparison.accept
  package:texpr/src/visitors/evaluation_visitor.dart 79:19           EvaluationVisitor._evaluateRaw
  package:texpr/src/visitors/evaluation_visitor.dart 89:17           EvaluationVisitor._evaluateAsDouble
  package:texpr/src/features/logic/comparison_evaluator.dart 107:46  ComparisonEvaluator.evaluateConditional
  package:texpr/src/visitors/evaluation_visitor.dart 401:33          EvaluationVisitor.visitConditionalExpr
  package:texpr/src/ast/logic.dart 76:20                             ConditionalExpr.accept
  package:texpr/src/evaluator.dart 77:28                             Evaluator.evaluate
  package:texpr/texpr.dart 389:31                                    Texpr.evaluateParsed
  package:texpr/texpr.dart 462:12                                    Texpr.evaluate
  test/features/conditions_complex_test.dart 19:32                   main.<fn>.<fn>
  

[1m[36mTo run this test again:[0m /Users/xomodo/sdks/flutter/bin/cache/dart-sdk/bin/dart test test/features/conditions_complex_test.dart -p vm --plain-name 'Conditions Complex Scenarios Condition with function calls (false)'
00:01 [32m+758[0m[31m -31[0m: test/features/conditions_complex_test.dart: Conditions Complex Scenarios Condition with arithmetic expression [1m[31m[E][0m[0m                                                                      
  EvaluatorException: Undefined variable: x
  Suggestion: Provide a value for "x" in the variables map
  package:texpr/src/visitors/evaluation_visitor.dart 154:5           EvaluationVisitor.visitVariable
  package:texpr/src/ast/basic.dart 56:20                             Variable.accept
  package:texpr/src/visitors/evaluation_visitor.dart 79:19           EvaluationVisitor._evaluateRaw
  package:texpr/src/visitors/evaluation_visitor.dart 163:23          EvaluationVisitor.visitBinaryOp
  package:texpr/src/ast/operations.dart 54:20                        BinaryOp.accept
  package:texpr/src/visitors/evaluation_visitor.dart 79:19           EvaluationVisitor._evaluateRaw
  package:texpr/src/visitors/evaluation_visitor.dart 163:23          EvaluationVisitor.visitBinaryOp
  package:texpr/src/ast/operations.dart 54:20                        BinaryOp.accept
  package:texpr/src/visitors/evaluation_visitor.dart 79:19           EvaluationVisitor._evaluateRaw
  package:texpr/src/visitors/evaluation_visitor.dart 89:17           EvaluationVisitor._evaluateAsDouble
  package:texpr/src/features/logic/comparison_evaluator.dart 21:35   ComparisonEvaluator.evaluateComparison
  package:texpr/src/visitors/evaluation_visitor.dart 385:33          EvaluationVisitor.visitComparison
  package:texpr/src/ast/logic.dart 40:20                             Comparison.accept
  package:texpr/src/visitors/evaluation_visitor.dart 79:19           EvaluationVisitor._evaluateRaw
  package:texpr/src/visitors/evaluation_visitor.dart 89:17           EvaluationVisitor._evaluateAsDouble
  package:texpr/src/features/logic/comparison_evaluator.dart 107:46  ComparisonEvaluator.evaluateConditional
  package:texpr/src/visitors/evaluation_visitor.dart 401:33          EvaluationVisitor.visitConditionalExpr
  package:texpr/src/ast/logic.dart 76:20                             ConditionalExpr.accept
  package:texpr/src/evaluator.dart 77:28                             Evaluator.evaluate
  package:texpr/texpr.dart 389:31                                    Texpr.evaluateParsed
  package:texpr/texpr.dart 462:12                                    Texpr.evaluate
  test/features/conditions_complex_test.dart 26:12                   main.<fn>.<fn>
  

[1m[36mTo run this test again:[0m /Users/xomodo/sdks/flutter/bin/cache/dart-sdk/bin/dart test test/features/conditions_complex_test.dart -p vm --plain-name 'Conditions Complex Scenarios Condition with arithmetic expression'
00:01 [32m+758[0m[31m -32[0m: test/features/conditions_complex_test.dart: Conditions Complex Scenarios Chained comparison with variables [1m[31m[E][0m[0m                                                                         
  EvaluatorException: Undefined variable: y
  Suggestion: Provide a value for "y" in the variables map
  package:texpr/src/visitors/evaluation_visitor.dart 154:5           EvaluationVisitor.visitVariable
  package:texpr/src/ast/basic.dart 56:20                             Variable.accept
  package:texpr/src/visitors/evaluation_visitor.dart 79:19           EvaluationVisitor._evaluateRaw
  package:texpr/src/visitors/evaluation_visitor.dart 89:17           EvaluationVisitor._evaluateAsDouble
  package:texpr/src/features/logic/comparison_evaluator.dart 60:55   ComparisonEvaluator.evaluateChainedComparison.<fn>
  dart:_internal                                                     ListIterable.toList
  package:texpr/src/features/logic/comparison_evaluator.dart 60:71   ComparisonEvaluator.evaluateChainedComparison
  package:texpr/src/visitors/evaluation_visitor.dart 393:33          EvaluationVisitor.visitChainedComparison
  package:texpr/src/ast/logic.dart 127:20                            ChainedComparison.accept
  package:texpr/src/visitors/evaluation_visitor.dart 79:19           EvaluationVisitor._evaluateRaw
  package:texpr/src/visitors/evaluation_visitor.dart 89:17           EvaluationVisitor._evaluateAsDouble
  package:texpr/src/features/logic/comparison_evaluator.dart 107:46  ComparisonEvaluator.evaluateConditional
  package:texpr/src/visitors/evaluation_visitor.dart 401:33          EvaluationVisitor.visitConditionalExpr
  package:texpr/src/ast/logic.dart 76:20                             ConditionalExpr.accept
  package:texpr/src/evaluator.dart 77:28                             Evaluator.evaluate
  package:texpr/texpr.dart 389:31                                    Texpr.evaluateParsed
  package:texpr/texpr.dart 462:12                                    Texpr.evaluate
  test/features/conditions_complex_test.dart 32:12                   main.<fn>.<fn>
  

[1m[36mTo run this test again:[0m /Users/xomodo/sdks/flutter/bin/cache/dart-sdk/bin/dart test test/features/conditions_complex_test.dart -p vm --plain-name 'Conditions Complex Scenarios Chained comparison with variables'
00:01 [32m+758[0m[31m -33[0m: test/features/conditions_complex_test.dart: Conditions Complex Scenarios Chained comparison with variables (fail) [1m[31m[E][0m[0m                                                                  
  EvaluatorException: Undefined variable: y
  Suggestion: Provide a value for "y" in the variables map
  package:texpr/src/visitors/evaluation_visitor.dart 154:5           EvaluationVisitor.visitVariable
  package:texpr/src/ast/basic.dart 56:20                             Variable.accept
  package:texpr/src/visitors/evaluation_visitor.dart 79:19           EvaluationVisitor._evaluateRaw
  package:texpr/src/visitors/evaluation_visitor.dart 89:17           EvaluationVisitor._evaluateAsDouble
  package:texpr/src/features/logic/comparison_evaluator.dart 60:55   ComparisonEvaluator.evaluateChainedComparison.<fn>
  dart:_internal                                                     ListIterable.toList
  package:texpr/src/features/logic/comparison_evaluator.dart 60:71   ComparisonEvaluator.evaluateChainedComparison
  package:texpr/src/visitors/evaluation_visitor.dart 393:33          EvaluationVisitor.visitChainedComparison
  package:texpr/src/ast/logic.dart 127:20                            ChainedComparison.accept
  package:texpr/src/visitors/evaluation_visitor.dart 79:19           EvaluationVisitor._evaluateRaw
  package:texpr/src/visitors/evaluation_visitor.dart 89:17           EvaluationVisitor._evaluateAsDouble
  package:texpr/src/features/logic/comparison_evaluator.dart 107:46  ComparisonEvaluator.evaluateConditional
  package:texpr/src/visitors/evaluation_visitor.dart 401:33          EvaluationVisitor.visitConditionalExpr
  package:texpr/src/ast/logic.dart 76:20                             ConditionalExpr.accept
  package:texpr/src/evaluator.dart 77:28                             Evaluator.evaluate
  package:texpr/texpr.dart 389:31                                    Texpr.evaluateParsed
  package:texpr/texpr.dart 462:12                                    Texpr.evaluate
  test/features/conditions_complex_test.dart 38:12                   main.<fn>.<fn>
  

[1m[36mTo run this test again:[0m /Users/xomodo/sdks/flutter/bin/cache/dart-sdk/bin/dart test test/features/conditions_complex_test.dart -p vm --plain-name 'Conditions Complex Scenarios Chained comparison with variables (fail)'
00:01 [32m+758[0m[31m -34[0m: test/features/conditions_complex_test.dart: Conditions Complex Scenarios Nested functions in condition [1m[31m[E][0m[0m                                                                             
  EvaluatorException: Undefined variable: x
  Suggestion: Provide a value for "x" in the variables map
  package:texpr/src/visitors/evaluation_visitor.dart 154:5           EvaluationVisitor.visitVariable
  package:texpr/src/ast/basic.dart 56:20                             Variable.accept
  package:texpr/src/visitors/evaluation_visitor.dart 79:19           EvaluationVisitor._evaluateRaw
  package:texpr/src/visitors/evaluation_visitor.dart 163:23          EvaluationVisitor.visitBinaryOp
  package:texpr/src/ast/operations.dart 54:20                        BinaryOp.accept
  package:texpr/src/visitors/evaluation_visitor.dart 79:19           EvaluationVisitor._evaluateRaw
  package:texpr/src/visitors/evaluation_visitor.dart 213:14          EvaluationVisitor.visitFunctionCall.<fn>
  package:texpr/src/functions/power.dart 13:23                       handleSqrt
  package:texpr/src/functions/function_registry.dart 158:19          FunctionRegistry.evaluate
  package:texpr/src/visitors/evaluation_visitor.dart 210:38          EvaluationVisitor.visitFunctionCall
  package:texpr/src/ast/functions.dart 92:20                         FunctionCall.accept
  package:texpr/src/visitors/evaluation_visitor.dart 79:19           EvaluationVisitor._evaluateRaw
  package:texpr/src/visitors/evaluation_visitor.dart 89:17           EvaluationVisitor._evaluateAsDouble
  package:texpr/src/features/logic/comparison_evaluator.dart 21:35   ComparisonEvaluator.evaluateComparison
  package:texpr/src/visitors/evaluation_visitor.dart 385:33          EvaluationVisitor.visitComparison
  package:texpr/src/ast/logic.dart 40:20                             Comparison.accept
  package:texpr/src/visitors/evaluation_visitor.dart 79:19           EvaluationVisitor._evaluateRaw
  package:texpr/src/visitors/evaluation_visitor.dart 89:17           EvaluationVisitor._evaluateAsDouble
  package:texpr/src/features/logic/comparison_evaluator.dart 107:46  ComparisonEvaluator.evaluateConditional
  package:texpr/src/visitors/evaluation_visitor.dart 401:33          EvaluationVisitor.visitConditionalExpr
  package:texpr/src/ast/logic.dart 76:20                             ConditionalExpr.accept
  package:texpr/src/evaluator.dart 77:28                             Evaluator.evaluate
  package:texpr/texpr.dart 389:31                                    Texpr.evaluateParsed
  package:texpr/texpr.dart 462:12                                    Texpr.evaluate
  test/features/conditions_complex_test.dart 43:32                   main.<fn>.<fn>
  

[1m[36mTo run this test again:[0m /Users/xomodo/sdks/flutter/bin/cache/dart-sdk/bin/dart test test/features/conditions_complex_test.dart -p vm --plain-name 'Conditions Complex Scenarios Nested functions in condition'
00:01 [32m+758[0m[31m -35[0m: test/features/conditions_complex_test.dart: Conditions Complex Scenarios Multiple conditions [1m[31m[E][0m[0m                                                                                       
  EvaluatorException: Undefined variable: x
  Suggestion: Provide a value for "x" in the variables map
  package:texpr/src/visitors/evaluation_visitor.dart 154:5           EvaluationVisitor.visitVariable
  package:texpr/src/ast/basic.dart 56:20                             Variable.accept
  package:texpr/src/visitors/evaluation_visitor.dart 79:19           EvaluationVisitor._evaluateRaw
  package:texpr/src/visitors/evaluation_visitor.dart 89:17           EvaluationVisitor._evaluateAsDouble
  package:texpr/src/features/logic/comparison_evaluator.dart 21:35   ComparisonEvaluator.evaluateComparison
  package:texpr/src/visitors/evaluation_visitor.dart 385:33          EvaluationVisitor.visitComparison
  package:texpr/src/ast/logic.dart 40:20                             Comparison.accept
  package:texpr/src/visitors/evaluation_visitor.dart 79:19           EvaluationVisitor._evaluateRaw
  package:texpr/src/visitors/evaluation_visitor.dart 89:17           EvaluationVisitor._evaluateAsDouble
  package:texpr/src/features/logic/comparison_evaluator.dart 107:46  ComparisonEvaluator.evaluateConditional
  package:texpr/src/visitors/evaluation_visitor.dart 401:33          EvaluationVisitor.visitConditionalExpr
  package:texpr/src/ast/logic.dart 76:20                             ConditionalExpr.accept
  package:texpr/src/evaluator.dart 77:28                             Evaluator.evaluate
  package:texpr/texpr.dart 389:31                                    Texpr.evaluateParsed
  package:texpr/texpr.dart 462:12                                    Texpr.evaluate
  test/features/conditions_complex_test.dart 49:32                   main.<fn>.<fn>
  

[1m[36mTo run this test again:[0m /Users/xomodo/sdks/flutter/bin/cache/dart-sdk/bin/dart test test/features/conditions_complex_test.dart -p vm --plain-name 'Conditions Complex Scenarios Multiple conditions'
00:01 [32m+758[0m[31m -36[0m: test/features/conditions_complex_test.dart: Conditions Complex Scenarios Condition using result of another calculation [1m[31m[E][0m[0m                                                             
  EvaluatorException: Undefined variable: x
  Suggestion: Provide a value for "x" in the variables map
  package:texpr/src/visitors/evaluation_visitor.dart 154:5           EvaluationVisitor.visitVariable
  package:texpr/src/ast/basic.dart 56:20                             Variable.accept
  package:texpr/src/visitors/evaluation_visitor.dart 79:19           EvaluationVisitor._evaluateRaw
  package:texpr/src/visitors/evaluation_visitor.dart 89:17           EvaluationVisitor._evaluateAsDouble
  package:texpr/src/features/logic/comparison_evaluator.dart 21:35   ComparisonEvaluator.evaluateComparison
  package:texpr/src/visitors/evaluation_visitor.dart 385:33          EvaluationVisitor.visitComparison
  package:texpr/src/ast/logic.dart 40:20                             Comparison.accept
  package:texpr/src/visitors/evaluation_visitor.dart 79:19           EvaluationVisitor._evaluateRaw
  package:texpr/src/visitors/evaluation_visitor.dart 89:17           EvaluationVisitor._evaluateAsDouble
  package:texpr/src/features/logic/comparison_evaluator.dart 107:46  ComparisonEvaluator.evaluateConditional
  package:texpr/src/visitors/evaluation_visitor.dart 401:33          EvaluationVisitor.visitConditionalExpr
  package:texpr/src/ast/logic.dart 76:20                             ConditionalExpr.accept
  package:texpr/src/evaluator.dart 77:28                             Evaluator.evaluate
  package:texpr/texpr.dart 389:31                                    Texpr.evaluateParsed
  package:texpr/texpr.dart 462:12                                    Texpr.evaluate
  test/features/conditions_complex_test.dart 56:12                   main.<fn>.<fn>
  

[1m[36mTo run this test again:[0m /Users/xomodo/sdks/flutter/bin/cache/dart-sdk/bin/dart test test/features/conditions_complex_test.dart -p vm --plain-name 'Conditions Complex Scenarios Condition using result of another calculation'
00:01 [32m+758[0m[31m -36[0m: test/features/implicit_test.dart: Implicit Multiplication Reproduction 2x + 1 with x=2 [1m[31m[E][0m[0m                                                                                             
  EvaluatorException: Type mismatch in binary operation
  Suggestion: Ensure both operands are compatible types (numbers, complex numbers, matrices, or vectors)
  package:texpr/src/evaluator/binary_evaluator.dart 65:5     BinaryEvaluator.evaluate
  package:texpr/src/visitors/evaluation_visitor.dart 175:29  EvaluationVisitor.visitBinaryOp
  package:texpr/src/ast/operations.dart 54:20                BinaryOp.accept
  package:texpr/src/visitors/evaluation_visitor.dart 79:19   EvaluationVisitor._evaluateRaw
  package:texpr/src/visitors/evaluation_visitor.dart 163:23  EvaluationVisitor.visitBinaryOp
  package:texpr/src/ast/operations.dart 54:20                BinaryOp.accept
  package:texpr/src/evaluator.dart 77:28                     Evaluator.evaluate
  package:texpr/texpr.dart 389:31                            Texpr.evaluateParsed
  package:texpr/texpr.dart 462:12                            Texpr.evaluate
  test/features/implicit_test.dart 14:32                     main.<fn>.<fn>
  

[1m[36mTo run this test again:[0m /Users/xomodo/sdks/flutter/bin/cache/dart-sdk/bin/dart test test/features/implicit_test.dart -p vm --plain-name 'Implicit Multiplication Reproduction 2x + 1 with x=2'
00:01 [32m+759[0m[31m -36[0m: test/security/security_vulnerabilities_test.dart: Input Validation - Malicious Input expression with extremely long variable name should fail[0m                                          00:01 [32m+759[0m[31m -37[0m: test/features/implicit_test.dart: Implicit Multiplication Reproduction (x+1)(x-1) with x=3 [1m[31m[E][0m[0m                                                                                         
  EvaluatorException: Type mismatch in binary operation
  Suggestion: Ensure both operands are compatible types (numbers, complex numbers, matrices, or vectors)
  package:texpr/src/evaluator/binary_evaluator.dart 65:5     BinaryEvaluator.evaluate
  package:texpr/src/visitors/evaluation_visitor.dart 175:29  EvaluationVisitor.visitBinaryOp
  package:texpr/src/ast/operations.dart 54:20                BinaryOp.accept
  package:texpr/src/visitors/evaluation_visitor.dart 79:19   EvaluationVisitor._evaluateRaw
  package:texpr/src/visitors/evaluation_visitor.dart 163:23  EvaluationVisitor.visitBinaryOp
  package:texpr/src/ast/operations.dart 54:20                BinaryOp.accept
  package:texpr/src/evaluator.dart 77:28                     Evaluator.evaluate
  package:texpr/texpr.dart 389:31                            Texpr.evaluateParsed
  package:texpr/texpr.dart 462:12                            Texpr.evaluate
  test/features/implicit_test.dart 25:32                     main.<fn>.<fn>
  

[1m[36mTo run this test again:[0m /Users/xomodo/sdks/flutter/bin/cache/dart-sdk/bin/dart test test/features/implicit_test.dart -p vm --plain-name 'Implicit Multiplication Reproduction (x+1)(x-1) with x=3'
00:01 [32m+759[0m[31m -37[0m: test/security/security_vulnerabilities_test.dart: Input Validation - Malicious Input expression with extremely long variable name should fail[0m                                          00:01 [32m+760[0m[31m -37[0m: test/security/security_vulnerabilities_test.dart: Input Validation - Malicious Input expression with extremely long variable name should fail[0m                                          00:01 [32m+761[0m[31m -37[0m: test/security/security_vulnerabilities_test.dart: Input Validation - Malicious Input expression with extremely long variable name should fail[0m                                          00:01 [32m+762[0m[31m -37[0m: test/security/security_vulnerabilities_test.dart: Input Validation - Malicious Input expression with extremely long variable name should fail[0m                                          00:01 [32m+763[0m[31m -37[0m: test/security/security_vulnerabilities_test.dart: Input Validation - Malicious Input expression with extremely long variable name should fail[0m                                          00:01 [32m+764[0m[31m -37[0m: test/security/security_vulnerabilities_test.dart: Input Validation - Malicious Input expression with extremely long variable name should fail[0m                                          00:01 [32m+765[0m[31m -37[0m: test/security/security_vulnerabilities_test.dart: Input Validation - Malicious Input expression with extremely long variable name should fail[0m                                          00:01 [32m+766[0m[31m -37[0m: test/security/security_vulnerabilities_test.dart: Input Validation - Malicious Input expression with extremely long variable name should fail[0m                                          00:01 [32m+767[0m[31m -37[0m: test/security/security_vulnerabilities_test.dart: Input Validation - Malicious Input expression with extremely long variable name should fail[0m                                          00:01 [32m+768[0m[31m -37[0m: test/security/security_vulnerabilities_test.dart: Input Validation - Malicious Input expression with extremely long variable name should fail[0m                                          00:01 [32m+769[0m[31m -37[0m: test/security/security_vulnerabilities_test.dart: Input Validation - Malicious Input expression with extremely long variable name should fail[0m                                          00:01 [32m+770[0m[31m -37[0m: test/security/security_vulnerabilities_test.dart: Input Validation - Malicious Input expression with extremely long variable name should fail[0m                                          00:01 [32m+771[0m[31m -37[0m: test/security/security_vulnerabilities_test.dart: Input Validation - Malicious Input expression with extremely long variable name should fail[0m                                          00:01 [32m+772[0m[31m -37[0m: test/security/security_vulnerabilities_test.dart: Input Validation - Malicious Input expression with extremely long variable name should fail[0m                                          00:01 [32m+773[0m[31m -37[0m: test/security/security_vulnerabilities_test.dart: Input Validation - Malicious Input expression with extremely long variable name should fail[0m                                          00:01 [32m+774[0m[31m -37[0m: test/security/security_vulnerabilities_test.dart: Input Validation - Malicious Input expression with extremely long variable name should fail[0m                                          00:01 [32m+775[0m[31m -37[0m: test/security/security_vulnerabilities_test.dart: Input Validation - Malicious Input expression with extremely long variable name should fail[0m                                          00:01 [32m+776[0m[31m -37[0m: test/security/security_vulnerabilities_test.dart: Input Validation - Malicious Input expression with extremely long variable name should fail[0m                                          00:01 [32m+777[0m[31m -37[0m: test/security/security_vulnerabilities_test.dart: Input Validation - Malicious Input expression with extremely long variable name should fail[0m                                          00:01 [32m+778[0m[31m -37[0m: test/security/security_vulnerabilities_test.dart: Input Validation - Malicious Input expression with extremely long variable name should fail[0m                                          00:01 [32m+779[0m[31m -37[0m: test/security/security_vulnerabilities_test.dart: Input Validation - Malicious Input expression with extremely long variable name should fail[0m                                          00:01 [32m+780[0m[31m -37[0m: test/security/security_vulnerabilities_test.dart: Input Validation - Malicious Input expression with extremely long variable name should fail[0m                                          00:01 [32m+781[0m[31m -37[0m: test/security/security_vulnerabilities_test.dart: Input Validation - Malicious Input expression with extremely long variable name should fail[0m                                          00:01 [32m+782[0m[31m -37[0m: test/security/security_vulnerabilities_test.dart: Input Validation - Malicious Input expression with extremely long variable name should fail[0m                                          00:01 [32m+783[0m[31m -37[0m: test/security/security_vulnerabilities_test.dart: Input Validation - Malicious Input expression with extremely long variable name should fail[0m                                          00:01 [32m+784[0m[31m -37[0m: test/security/security_vulnerabilities_test.dart: Input Validation - Malicious Input expression with extremely long variable name should fail[0m                                          00:01 [32m+785[0m[31m -37[0m: test/security/security_vulnerabilities_test.dart: Input Validation - Malicious Input expression with extremely long variable name should fail[0m                                          00:01 [32m+786[0m[31m -37[0m: test/security/security_vulnerabilities_test.dart: Input Validation - Malicious Input expression with extremely long variable name should fail[0m                                          00:01 [32m+787[0m[31m -37[0m: test/security/security_vulnerabilities_test.dart: Input Validation - Malicious Input expression with extremely long variable name should fail[0m                                          00:01 [32m+788[0m[31m -37[0m: test/security/security_vulnerabilities_test.dart: Input Validation - Malicious Input expression with extremely long variable name should fail[0m                                          00:01 [32m+789[0m[31m -37[0m: test/security/security_vulnerabilities_test.dart: Input Validation - Malicious Input expression with extremely long variable name should fail[0m                                          00:01 [32m+790[0m[31m -37[0m: test/security/security_vulnerabilities_test.dart: Input Validation - Malicious Input expression with extremely long variable name should fail[0m                                          00:01 [32m+791[0m[31m -37[0m: test/security/security_vulnerabilities_test.dart: Input Validation - Malicious Input expression with extremely long variable name should fail[0m                                          00:01 [32m+792[0m[31m -37[0m: test/security/security_vulnerabilities_test.dart: Input Validation - Malicious Input expression with extremely long variable name should fail[0m                                          00:01 [32m+793[0m[31m -37[0m: test/security/security_vulnerabilities_test.dart: Input Validation - Malicious Input expression with extremely long variable name should fail[0m                                          00:01 [32m+794[0m[31m -37[0m: test/security/security_vulnerabilities_test.dart: Input Validation - Malicious Input expression with extremely long variable name should fail[0m                                          00:01 [32m+795[0m[31m -37[0m: test/security/security_vulnerabilities_test.dart: Input Validation - Malicious Input expression with extremely long variable name should fail[0m                                          00:01 [32m+796[0m[31m -37[0m: test/security/security_vulnerabilities_test.dart: Input Validation - Malicious Input expression with extremely long variable name should fail[0m                                          00:01 [32m+797[0m[31m -37[0m: test/security/security_vulnerabilities_test.dart: Input Validation - Malicious Input expression with extremely long variable name should fail[0m                                          00:01 [32m+798[0m[31m -37[0m: test/security/security_vulnerabilities_test.dart: Input Validation - Malicious Input expression with extremely long variable name should fail[0m                                          00:01 [32m+799[0m[31m -37[0m: test/security/security_vulnerabilities_test.dart: Input Validation - Malicious Input expression with extremely long variable name should fail[0m                                          00:01 [32m+800[0m[31m -37[0m: test/security/security_vulnerabilities_test.dart: Input Validation - Malicious Input expression with extremely long variable name should fail[0m                                          00:01 [32m+801[0m[31m -38[0m: test/security/security_vulnerabilities_test.dart: Input Validation - Malicious Input expression with extremely long variable name should fail[0m                                          00:01 [32m+802[0m[31m -38[0m: test/security/security_vulnerabilities_test.dart: Input Validation - Malicious Input expression with extremely long variable name should fail[0m                                          00:01 [32m+803[0m[31m -38[0m: test/security/security_vulnerabilities_test.dart: Input Validation - Malicious Input expression with extremely long variable name should fail[0m                                          00:01 [32m+804[0m[31m -38[0m: test/security/security_vulnerabilities_test.dart: Input Validation - Malicious Input expression with extremely long variable name should fail[0m                                          00:01 [32m+805[0m[31m -38[0m: test/security/security_vulnerabilities_test.dart: Input Validation - Malicious Input expression with extremely long variable name should fail[0m                                          00:01 [32m+805[0m[31m -38[0m: test/features/delimiter_sizing_test.dart: Delimiter Sizing Commands \left and \right works with absolute value [1m[31m[E][0m[0m                                                                     
  EvaluatorException: Type mismatch in binary operation
  Suggestion: Ensure both operands are compatible types (numbers, complex numbers, matrices, or vectors)
  package:texpr/src/evaluator/binary_evaluator.dart 65:5     BinaryEvaluator.evaluate
  package:texpr/src/visitors/evaluation_visitor.dart 175:29  EvaluationVisitor.visitBinaryOp
  package:texpr/src/ast/operations.dart 54:20                BinaryOp.accept
  package:texpr/src/visitors/evaluation_visitor.dart 79:19   EvaluationVisitor._evaluateRaw
  package:texpr/src/visitors/evaluation_visitor.dart 221:22  EvaluationVisitor.visitAbsoluteValue
  package:texpr/src/ast/functions.dart 18:20                 AbsoluteValue.accept
  package:texpr/src/visitors/evaluation_visitor.dart 79:19   EvaluationVisitor._evaluateRaw
  package:texpr/src/visitors/evaluation_visitor.dart 213:14  EvaluationVisitor.visitFunctionCall.<fn>
  package:texpr/src/functions/power.dart 13:23               handleSqrt
  package:texpr/src/functions/function_registry.dart 158:19  FunctionRegistry.evaluate
  package:texpr/src/visitors/evaluation_visitor.dart 210:38  EvaluationVisitor.visitFunctionCall
  package:texpr/src/ast/functions.dart 92:20                 FunctionCall.accept
  package:texpr/src/evaluator.dart 77:28                     Evaluator.evaluate
  package:texpr/texpr.dart 389:31                            Texpr.evaluateParsed
  package:texpr/texpr.dart 462:12                            Texpr.evaluate
  test/features/delimiter_sizing_test.dart 15:23             main.<fn>.<fn>.<fn>
  
00:01 [32m+806[0m[31m -38[0m: test/security/security_vulnerabilities_test.dart: Input Validation - Malicious Input expression with extremely long variable name should fail[0m                                          
[1m[36mTo run this test again:[0m /Users/xomodo/sdks/flutter/bin/cache/dart-sdk/bin/dart test test/features/delimiter_sizing_test.dart -p vm --plain-name 'Delimiter Sizing Commands \left and \right works with absolute value'
00:01 [32m+807[0m[31m -38[0m: test/security/security_vulnerabilities_test.dart: Input Validation - Malicious Input expression with extremely long variable name should fail[0m                                          00:01 [32m+808[0m[31m -38[0m: test/security/security_vulnerabilities_test.dart: Input Validation - Malicious Input expression with extremely long variable name should fail[0m                                          00:01 [32m+809[0m[31m -38[0m: test/security/security_vulnerabilities_test.dart: Input Validation - Malicious Input expression with extremely long variable name should fail[0m                                          00:01 [32m+810[0m[31m -38[0m: test/security/security_vulnerabilities_test.dart: Input Validation - Malicious Input expression with extremely long variable name should fail[0m                                          00:01 [32m+811[0m[31m -38[0m: test/security/security_vulnerabilities_test.dart: Input Validation - Malicious Input expression with extremely long variable name should fail[0m                                          00:01 [32m+812[0m[31m -38[0m: test/security/security_vulnerabilities_test.dart: Input Validation - Malicious Input expression with extremely long variable name should fail[0m                                          00:01 [32m+813[0m[31m -38[0m: test/security/security_vulnerabilities_test.dart: Input Validation - Malicious Input expression with extremely long variable name should fail[0m                                          00:01 [32m+814[0m[31m -38[0m: test/security/security_vulnerabilities_test.dart: Input Validation - Malicious Input expression with extremely long variable name should fail[0m                                          00:01 [32m+815[0m[31m -38[0m: test/security/security_vulnerabilities_test.dart: Input Validation - Malicious Input expression with extremely long variable name should fail[0m                                          00:01 [32m+816[0m[31m -38[0m: test/security/security_vulnerabilities_test.dart: Input Validation - Malicious Input expression with extremely long variable name should fail[0m                                          00:01 [32m+817[0m[31m -38[0m: test/security/security_vulnerabilities_test.dart: Input Validation - Malicious Input expression with extremely long variable name should fail[0m                                          00:01 [32m+818[0m[31m -39[0m: test/security/security_vulnerabilities_test.dart: Input Validation - Malicious Input expression with extremely long variable name should fail[0m                                          00:01 [32m+818[0m[31m -39[0m: test/features/delimiter_sizing_test.dart: Delimiter Sizing Commands \left and \right works in complex expressions [1m[31m[E][0m[0m                                                                  
  EvaluatorException: Type mismatch in binary operation
  Suggestion: Ensure both operands are compatible types (numbers, complex numbers, matrices, or vectors)
  package:texpr/src/evaluator/binary_evaluator.dart 65:5     BinaryEvaluator.evaluate
  package:texpr/src/visitors/evaluation_visitor.dart 175:29  EvaluationVisitor.visitBinaryOp
  package:texpr/src/ast/operations.dart 54:20                BinaryOp.accept
  package:texpr/src/visitors/evaluation_visitor.dart 79:19   EvaluationVisitor._evaluateRaw
  package:texpr/src/visitors/evaluation_visitor.dart 221:22  EvaluationVisitor.visitAbsoluteValue
  package:texpr/src/ast/functions.dart 18:20                 AbsoluteValue.accept
  package:texpr/src/visitors/evaluation_visitor.dart 79:19   EvaluationVisitor._evaluateRaw
  package:texpr/src/visitors/evaluation_visitor.dart 163:23  EvaluationVisitor.visitBinaryOp
  package:texpr/src/ast/operations.dart 54:20                BinaryOp.accept
  package:texpr/src/evaluator.dart 77:28                     Evaluator.evaluate
  package:texpr/texpr.dart 389:31                            Texpr.evaluateParsed
  package:texpr/texpr.dart 462:12                            Texpr.evaluate
  test/features/delimiter_sizing_test.dart 44:34             main.<fn>.<fn>.<fn>
  

[1m[36mTo run this test again:[0m /Users/xomodo/sdks/flutter/bin/cache/dart-sdk/bin/dart test test/features/delimiter_sizing_test.dart -p vm --plain-name 'Delimiter Sizing Commands \left and \right works in complex expressions'
00:01 [32m+819[0m[31m -39[0m: test/security/security_vulnerabilities_test.dart: Input Validation - Malicious Input expression with extremely long variable name should fail[0m                                          00:01 [32m+820[0m[31m -39[0m: test/security/security_vulnerabilities_test.dart: Input Validation - Malicious Input expression with extremely long variable name should fail[0m                                          00:01 [32m+821[0m[31m -39[0m: test/security/security_vulnerabilities_test.dart: Input Validation - Malicious Input expression with extremely long variable name should fail[0m                                          00:01 [32m+822[0m[31m -39[0m: test/security/security_vulnerabilities_test.dart: Input Validation - Malicious Input expression with extremely long variable name should fail[0m                                          00:01 [32m+823[0m[31m -39[0m: test/security/security_vulnerabilities_test.dart: Input Validation - Malicious Input expression with extremely long variable name should fail[0m                                          00:01 [32m+824[0m[31m -39[0m: test/security/security_vulnerabilities_test.dart: Input Validation - Malicious Input expression with extremely long variable name should fail[0m                                          00:01 [32m+825[0m[31m -39[0m: test/security/security_vulnerabilities_test.dart: Input Validation - Malicious Input expression with extremely long variable name should fail[0m                                          00:01 [32m+826[0m[31m -39[0m: test/security/security_vulnerabilities_test.dart: Input Validation - Malicious Input expression with extremely long variable name should fail[0m                                          00:01 [32m+827[0m[31m -40[0m: test/security/security_vulnerabilities_test.dart: Input Validation - Malicious Input expression with extremely long variable name should fail[0m                                          00:01 [32m+828[0m[31m -40[0m: test/security/security_vulnerabilities_test.dart: Input Validation - Malicious Input expression with extremely long variable name should fail[0m                                          00:01 [32m+828[0m[31m -40[0m: test/features/delimiter_sizing_test.dart: Delimiter Sizing Commands Academic LaTeX examples calculus notation with \left and \right [1m[31m[E][0m[0m                                                
  EvaluatorException: Type mismatch in binary operation
  Suggestion: Ensure both operands are compatible types (numbers, complex numbers, matrices, or vectors)
  package:texpr/src/evaluator/binary_evaluator.dart 65:5     BinaryEvaluator.evaluate
  package:texpr/src/visitors/evaluation_visitor.dart 175:29  EvaluationVisitor.visitBinaryOp
  package:texpr/src/ast/operations.dart 54:20                BinaryOp.accept
  package:texpr/src/visitors/evaluation_visitor.dart 79:19   EvaluationVisitor._evaluateRaw
  package:texpr/src/visitors/evaluation_visitor.dart 163:23  EvaluationVisitor.visitBinaryOp
  package:texpr/src/ast/operations.dart 54:20                BinaryOp.accept
  package:texpr/src/evaluator.dart 77:28                     Evaluator.evaluate
  package:texpr/texpr.dart 389:31                            Texpr.evaluateParsed
  package:texpr/texpr.dart 462:12                            Texpr.evaluate
  test/features/delimiter_sizing_test.dart 76:34             main.<fn>.<fn>.<fn>
  
00:01 [32m+829[0m[31m -40[0m: test/security/security_vulnerabilities_test.dart: Input Validation - Malicious Input expression with extremely long variable name should fail[0m                                          
[1m[36mTo run this test again:[0m /Users/xomodo/sdks/flutter/bin/cache/dart-sdk/bin/dart test test/features/delimiter_sizing_test.dart -p vm --plain-name 'Delimiter Sizing Commands Academic LaTeX examples calculus notation with \left and \right'
00:01 [32m+830[0m[31m -40[0m: test/security/security_vulnerabilities_test.dart: Input Validation - Malicious Input expression with extremely long variable name should fail[0m                                          00:01 [32m+831[0m[31m -40[0m: test/security/security_vulnerabilities_test.dart: Input Validation - Malicious Input expression with extremely long variable name should fail[0m                                          00:01 [32m+831[0m[31m -41[0m: test/features/delimiter_sizing_test.dart: Delimiter Sizing Commands Academic LaTeX examples complex fraction with delimiters [1m[31m[E][0m[0m                                                       
  EvaluatorException: Type mismatch in binary operation
  Suggestion: Ensure both operands are compatible types (numbers, complex numbers, matrices, or vectors)
  package:texpr/src/evaluator/binary_evaluator.dart 65:5     BinaryEvaluator.evaluate
  package:texpr/src/visitors/evaluation_visitor.dart 175:29  EvaluationVisitor.visitBinaryOp
  package:texpr/src/ast/operations.dart 54:20                BinaryOp.accept
  package:texpr/src/visitors/evaluation_visitor.dart 79:19   EvaluationVisitor._evaluateRaw
  package:texpr/src/visitors/evaluation_visitor.dart 163:23  EvaluationVisitor.visitBinaryOp
  package:texpr/src/ast/operations.dart 54:20                BinaryOp.accept
  package:texpr/src/evaluator.dart 77:28                     Evaluator.evaluate
  package:texpr/texpr.dart 389:31                            Texpr.evaluateParsed
  package:texpr/texpr.dart 462:12                            Texpr.evaluate
  test/features/delimiter_sizing_test.dart 92:34             main.<fn>.<fn>.<fn>
  

[1m[36mTo run this test again:[0m /Users/xomodo/sdks/flutter/bin/cache/dart-sdk/bin/dart test test/features/delimiter_sizing_test.dart -p vm --plain-name 'Delimiter Sizing Commands Academic LaTeX examples complex fraction with delimiters'
00:01 [32m+832[0m[31m -42[0m: test/security/security_vulnerabilities_test.dart: Input Validation - Malicious Input expression with extremely long variable name should fail[0m                                          00:01 [32m+832[0m[31m -42[0m: test/features/delimiter_sizing_test.dart: Delimiter Sizing Commands Academic LaTeX examples multi-level nesting from academic notes [1m[31m[E][0m[0m                                                
  EvaluatorException: Type mismatch in binary operation
  Suggestion: Ensure both operands are compatible types (numbers, complex numbers, matrices, or vectors)
  package:texpr/src/evaluator/binary_evaluator.dart 65:5     BinaryEvaluator.evaluate
  package:texpr/src/visitors/evaluation_visitor.dart 175:29  EvaluationVisitor.visitBinaryOp
  package:texpr/src/ast/operations.dart 54:20                BinaryOp.accept
  package:texpr/src/visitors/evaluation_visitor.dart 79:19   EvaluationVisitor._evaluateRaw
  package:texpr/src/visitors/evaluation_visitor.dart 163:23  EvaluationVisitor.visitBinaryOp
  package:texpr/src/ast/operations.dart 54:20                BinaryOp.accept
  package:texpr/src/visitors/evaluation_visitor.dart 79:19   EvaluationVisitor._evaluateRaw
  package:texpr/src/visitors/evaluation_visitor.dart 163:23  EvaluationVisitor.visitBinaryOp
  package:texpr/src/ast/operations.dart 54:20                BinaryOp.accept
  package:texpr/src/evaluator.dart 77:28                     Evaluator.evaluate
  package:texpr/texpr.dart 389:31                            Texpr.evaluateParsed
  package:texpr/texpr.dart 462:12                            Texpr.evaluate
  test/features/delimiter_sizing_test.dart 100:34            main.<fn>.<fn>.<fn>
  

[1m[36mTo run this test again:[0m /Users/xomodo/sdks/flutter/bin/cache/dart-sdk/bin/dart test test/features/delimiter_sizing_test.dart -p vm --plain-name 'Delimiter Sizing Commands Academic LaTeX examples multi-level nesting from academic notes'
00:01 [32m+833[0m[31m -42[0m: test/security/security_vulnerabilities_test.dart: Input Validation - Malicious Input expression with extremely long variable name should fail[0m                                          00:01 [32m+834[0m[31m -42[0m: test/security/security_vulnerabilities_test.dart: Input Validation - Malicious Input expression with extremely long variable name should fail[0m                                          00:01 [32m+835[0m[31m -42[0m: test/security/security_vulnerabilities_test.dart: Input Validation - Malicious Input expression with extremely long variable name should fail[0m                                          00:01 [32m+836[0m[31m -42[0m: test/security/security_vulnerabilities_test.dart: Input Validation - Malicious Input expression with extremely long variable name should fail[0m                                          00:01 [32m+837[0m[31m -42[0m: test/security/security_vulnerabilities_test.dart: Input Validation - Malicious Input expression with extremely long variable name should fail[0m                                          00:01 [32m+838[0m[31m -42[0m: test/security/security_vulnerabilities_test.dart: Input Validation - Malicious Input expression with extremely long variable name should fail[0m                                          00:01 [32m+839[0m[31m -42[0m: test/security/security_vulnerabilities_test.dart: Input Validation - Malicious Input expression with extremely long variable name should fail[0m                                          00:01 [32m+840[0m[31m -42[0m: test/security/security_vulnerabilities_test.dart: Input Validation - Malicious Input expression with extremely long variable name should fail[0m                                          00:01 [32m+841[0m[31m -42[0m: test/security/security_vulnerabilities_test.dart: Input Validation - Malicious Input expression with extremely long variable name should fail[0m                                          00:01 [32m+842[0m[31m -42[0m: test/security/security_vulnerabilities_test.dart: Input Validation - Malicious Input expression with extremely long variable name should fail[0m                                          00:01 [32m+843[0m[31m -42[0m: test/security/security_vulnerabilities_test.dart: Input Validation - Malicious Input expression with extremely long variable name should fail[0m                                          00:01 [32m+844[0m[31m -42[0m: test/security/security_vulnerabilities_test.dart: Input Validation - Malicious Input expression with extremely long variable name should fail[0m                                          00:01 [32m+845[0m[31m -42[0m: test/security/security_vulnerabilities_test.dart: Input Validation - Malicious Input expression with extremely long variable name should fail[0m                                          00:01 [32m+846[0m[31m -42[0m: test/security/security_vulnerabilities_test.dart: Input Validation - Malicious Input expression with extremely long variable name should fail[0m                                          00:01 [32m+847[0m[31m -42[0m: test/security/security_vulnerabilities_test.dart: Input Validation - Malicious Input expression with extremely long variable name should fail[0m                                          00:01 [32m+848[0m[31m -42[0m: test/security/security_vulnerabilities_test.dart: Input Validation - Malicious Input expression with extremely long variable name should fail[0m                                          00:01 [32m+849[0m[31m -42[0m: test/security/security_vulnerabilities_test.dart: Input Validation - Malicious Input expression with extremely long variable name should fail[0m                                          00:01 [32m+850[0m[31m -42[0m: test/security/security_vulnerabilities_test.dart: Input Validation - Malicious Input expression with extremely long variable name should fail[0m                                          00:01 [32m+851[0m[31m -42[0m: test/security/security_vulnerabilities_test.dart: Input Validation - Malicious Input expression with extremely long variable name should fail[0m                                          00:01 [32m+852[0m[31m -42[0m: test/security/security_vulnerabilities_test.dart: Input Validation - Malicious Input expression with extremely long variable name should fail[0m                                          00:01 [32m+853[0m[31m -42[0m: test/security/security_vulnerabilities_test.dart: Input Validation - Malicious Input expression with extremely long variable name should fail[0m                                          00:01 [32m+854[0m[31m -42[0m: test/security/security_vulnerabilities_test.dart: Input Validation - Malicious Input expression with extremely long variable name should fail[0m                                          00:01 [32m+855[0m[31m -42[0m: test/security/security_vulnerabilities_test.dart: Input Validation - Malicious Input expression with extremely long variable name should fail[0m                                          00:01 [32m+856[0m[31m -42[0m: test/security/security_vulnerabilities_test.dart: Input Validation - Malicious Input expression with extremely long variable name should fail[0m                                          00:01 [32m+857[0m[31m -42[0m: test/security/security_vulnerabilities_test.dart: Input Validation - Malicious Input expression with extremely long variable name should fail[0m                                          00:01 [32m+858[0m[31m -42[0m: test/security/security_vulnerabilities_test.dart: Input Validation - Malicious Input expression with extremely long variable name should fail[0m                                          00:01 [32m+859[0m[31m -42[0m: test/security/security_vulnerabilities_test.dart: Input Validation - Malicious Input expression with extremely long variable name should fail[0m                                          00:01 [32m+860[0m[31m -42[0m: test/security/security_vulnerabilities_test.dart: Input Validation - Malicious Input expression with extremely long variable name should fail[0m                                          00:01 [32m+861[0m[31m -42[0m: test/security/security_vulnerabilities_test.dart: Input Validation - Malicious Input expression with extremely long variable name should fail[0m                                          00:01 [32m+862[0m[31m -42[0m: test/security/security_vulnerabilities_test.dart: Input Validation - Malicious Input expression with extremely long variable name should fail[0m                                          00:01 [32m+863[0m[31m -42[0m: test/security/security_vulnerabilities_test.dart: Input Validation - Malicious Input expression with extremely long variable name should fail[0m                                          00:01 [32m+864[0m[31m -42[0m: test/security/security_vulnerabilities_test.dart: Input Validation - Malicious Input expression with extremely long variable name should fail[0m                                          00:01 [32m+865[0m[31m -42[0m: test/security/security_vulnerabilities_test.dart: Input Validation - Malicious Input expression with extremely long variable name should fail[0m                                          00:01 [32m+866[0m[31m -42[0m: test/security/security_vulnerabilities_test.dart: Input Validation - Malicious Input expression with extremely long variable name should fail[0m                                          00:01 [32m+867[0m[31m -42[0m: test/security/security_vulnerabilities_test.dart: Input Validation - Malicious Input expression with extremely long variable name should fail[0m                                          00:01 [32m+868[0m[31m -42[0m: test/security/security_vulnerabilities_test.dart: Input Validation - Malicious Input expression with extremely long variable name should fail[0m                                          00:01 [32m+869[0m[31m -42[0m: test/security/security_vulnerabilities_test.dart: Input Validation - Malicious Input expression with extremely long variable name should fail[0m                                          00:01 [32m+870[0m[31m -42[0m: test/security/security_vulnerabilities_test.dart: Input Validation - Malicious Input expression with extremely long variable name should fail[0m                                          00:01 [32m+871[0m[31m -42[0m: test/security/security_vulnerabilities_test.dart: Input Validation - Malicious Input expression with extremely long variable name should fail[0m                                          00:01 [32m+872[0m[31m -42[0m: test/security/security_vulnerabilities_test.dart: Input Validation - Malicious Input expression with extremely long variable name should fail[0m                                          00:01 [32m+873[0m[31m -42[0m: test/security/security_vulnerabilities_test.dart: Input Validation - Malicious Input expression with extremely long variable name should fail[0m                                          00:01 [32m+874[0m[31m -42[0m: test/security/security_vulnerabilities_test.dart: Input Validation - Malicious Input expression with extremely long variable name should fail[0m                                          00:01 [32m+875[0m[31m -42[0m: test/security/security_vulnerabilities_test.dart: Input Validation - Malicious Input expression with extremely long variable name should fail[0m                                          00:01 [32m+876[0m[31m -42[0m: test/security/security_vulnerabilities_test.dart: Input Validation - Malicious Input expression with extremely long variable name should fail[0m                                          00:01 [32m+877[0m[31m -42[0m: test/security/security_vulnerabilities_test.dart: Input Validation - Malicious Input expression with extremely long variable name should fail[0m                                          00:01 [32m+878[0m[31m -42[0m: test/security/security_vulnerabilities_test.dart: Input Validation - Malicious Input expression with extremely long variable name should fail[0m                                          00:01 [32m+879[0m[31m -42[0m: test/security/security_vulnerabilities_test.dart: Input Validation - Malicious Input expression with extremely long variable name should fail[0m                                          00:01 [32m+880[0m[31m -42[0m: test/security/security_vulnerabilities_test.dart: Input Validation - Malicious Input expression with extremely long variable name should fail[0m                                          00:01 [32m+881[0m[31m -42[0m: test/security/security_vulnerabilities_test.dart: Input Validation - Malicious Input expression with extremely long variable name should fail[0m                                          00:01 [32m+882[0m[31m -42[0m: test/security/security_vulnerabilities_test.dart: Input Validation - Malicious Input expression with extremely long variable name should fail[0m                                          00:01 [32m+883[0m[31m -42[0m: test/security/security_vulnerabilities_test.dart: Input Validation - Malicious Input expression with extremely long variable name should fail[0m                                          00:01 [32m+883[0m[31m -43[0m: test/features/piecewise_differentiation_test.dart: Piecewise Function Differentiation differentiate piecewise function with condition [1m[31m[E][0m[0m                                              
  EvaluatorException: Undefined variable: x
  Suggestion: Provide a value for "x" in the variables map
  package:texpr/src/visitors/evaluation_visitor.dart 154:5           EvaluationVisitor.visitVariable
  package:texpr/src/ast/basic.dart 56:20                             Variable.accept
  package:texpr/src/visitors/evaluation_visitor.dart 79:19           EvaluationVisitor._evaluateRaw
  package:texpr/src/visitors/evaluation_visitor.dart 89:17           EvaluationVisitor._evaluateAsDouble
  package:texpr/src/features/logic/comparison_evaluator.dart 60:55   ComparisonEvaluator.evaluateChainedComparison.<fn>
  dart:_internal                                                     ListIterable.toList
  package:texpr/src/features/logic/comparison_evaluator.dart 60:71   ComparisonEvaluator.evaluateChainedComparison
  package:texpr/src/visitors/evaluation_visitor.dart 393:33          EvaluationVisitor.visitChainedComparison
  package:texpr/src/ast/logic.dart 127:20                            ChainedComparison.accept
  package:texpr/src/visitors/evaluation_visitor.dart 79:19           EvaluationVisitor._evaluateRaw
  package:texpr/src/visitors/evaluation_visitor.dart 89:17           EvaluationVisitor._evaluateAsDouble
  package:texpr/src/features/logic/comparison_evaluator.dart 107:46  ComparisonEvaluator.evaluateConditional
  package:texpr/src/visitors/evaluation_visitor.dart 401:33          EvaluationVisitor.visitConditionalExpr
  package:texpr/src/ast/logic.dart 76:20                             ConditionalExpr.accept
  package:texpr/src/evaluator.dart 77:28                             Evaluator.evaluate
  package:texpr/texpr.dart 389:31                                    Texpr.evaluateParsed
  test/features/piecewise_differentiation_test.dart 19:33            main.<fn>.<fn>
  

[1m[36mTo run this test again:[0m /Users/xomodo/sdks/flutter/bin/cache/dart-sdk/bin/dart test test/features/piecewise_differentiation_test.dart -p vm --plain-name 'Piecewise Function Differentiation differentiate piecewise function with condition'
00:01 [32m+883[0m[31m -43[0m: test/security/security_vulnerabilities_test.dart: Input Validation - Malicious Input expression with extremely long variable name should fail[0m                                          00:01 [32m+884[0m[31m -43[0m: test/security/security_vulnerabilities_test.dart: Input Validation - Malicious Input expression with extremely long variable name should fail[0m                                          00:01 [32m+884[0m[31m -44[0m: test/features/piecewise_differentiation_test.dart: Piecewise Function Differentiation differentiate complex piecewise expression [1m[31m[E][0m[0m                                                   
  EvaluatorException: Undefined variable: x
  Suggestion: Provide a value for "x" in the variables map
  package:texpr/src/visitors/evaluation_visitor.dart 154:5           EvaluationVisitor.visitVariable
  package:texpr/src/ast/basic.dart 56:20                             Variable.accept
  package:texpr/src/visitors/evaluation_visitor.dart 79:19           EvaluationVisitor._evaluateRaw
  package:texpr/src/visitors/evaluation_visitor.dart 89:17           EvaluationVisitor._evaluateAsDouble
  package:texpr/src/features/logic/comparison_evaluator.dart 60:55   ComparisonEvaluator.evaluateChainedComparison.<fn>
  dart:_internal                                                     ListIterable.toList
  package:texpr/src/features/logic/comparison_evaluator.dart 60:71   ComparisonEvaluator.evaluateChainedComparison
  package:texpr/src/visitors/evaluation_visitor.dart 393:33          EvaluationVisitor.visitChainedComparison
  package:texpr/src/ast/logic.dart 127:20                            ChainedComparison.accept
  package:texpr/src/visitors/evaluation_visitor.dart 79:19           EvaluationVisitor._evaluateRaw
  package:texpr/src/visitors/evaluation_visitor.dart 89:17           EvaluationVisitor._evaluateAsDouble
  package:texpr/src/features/logic/comparison_evaluator.dart 107:46  ComparisonEvaluator.evaluateConditional
  package:texpr/src/visitors/evaluation_visitor.dart 401:33          EvaluationVisitor.visitConditionalExpr
  package:texpr/src/ast/logic.dart 76:20                             ConditionalExpr.accept
  package:texpr/src/evaluator.dart 77:28                             Evaluator.evaluate
  package:texpr/texpr.dart 389:31                                    Texpr.evaluateParsed
  test/features/piecewise_differentiation_test.dart 56:32            main.<fn>.<fn>
  

[1m[36mTo run this test again:[0m /Users/xomodo/sdks/flutter/bin/cache/dart-sdk/bin/dart test test/features/piecewise_differentiation_test.dart -p vm --plain-name 'Piecewise Function Differentiation differentiate complex piecewise expression'
00:01 [32m+884[0m[31m -45[0m: test/features/piecewise_differentiation_test.dart: Piecewise Function Differentiation differentiate piecewise with chained comparison [1m[31m[E][0m[0m                                              
  EvaluatorException: Undefined variable: x
  Suggestion: Provide a value for "x" in the variables map
  package:texpr/src/visitors/evaluation_visitor.dart 154:5           EvaluationVisitor.visitVariable
  package:texpr/src/ast/basic.dart 56:20                             Variable.accept
  package:texpr/src/visitors/evaluation_visitor.dart 79:19           EvaluationVisitor._evaluateRaw
  package:texpr/src/visitors/evaluation_visitor.dart 89:17           EvaluationVisitor._evaluateAsDouble
  package:texpr/src/features/logic/comparison_evaluator.dart 60:55   ComparisonEvaluator.evaluateChainedComparison.<fn>
  dart:_internal                                                     ListIterable.toList
  package:texpr/src/features/logic/comparison_evaluator.dart 60:71   ComparisonEvaluator.evaluateChainedComparison
  package:texpr/src/visitors/evaluation_visitor.dart 393:33          EvaluationVisitor.visitChainedComparison
  package:texpr/src/ast/logic.dart 127:20                            ChainedComparison.accept
  package:texpr/src/visitors/evaluation_visitor.dart 79:19           EvaluationVisitor._evaluateRaw
  package:texpr/src/visitors/evaluation_visitor.dart 89:17           EvaluationVisitor._evaluateAsDouble
  package:texpr/src/features/logic/comparison_evaluator.dart 107:46  ComparisonEvaluator.evaluateConditional
  package:texpr/src/visitors/evaluation_visitor.dart 401:33          EvaluationVisitor.visitConditionalExpr
  package:texpr/src/ast/logic.dart 76:20                             ConditionalExpr.accept
  package:texpr/src/evaluator.dart 77:28                             Evaluator.evaluate
  package:texpr/texpr.dart 389:31                                    Texpr.evaluateParsed
  test/features/piecewise_differentiation_test.dart 64:33            main.<fn>.<fn>
  

[1m[36mTo run this test again:[0m /Users/xomodo/sdks/flutter/bin/cache/dart-sdk/bin/dart test test/features/piecewise_differentiation_test.dart -p vm --plain-name 'Piecewise Function Differentiation differentiate piecewise with chained comparison'
00:01 [32m+884[0m[31m -46[0m: test/features/piecewise_differentiation_test.dart: Piecewise Function Differentiation higher order derivative of piecewise function [1m[31m[E][0m[0m                                                
  EvaluatorException: Undefined variable: x
  Suggestion: Provide a value for "x" in the variables map
  package:texpr/src/visitors/evaluation_visitor.dart 154:5           EvaluationVisitor.visitVariable
  package:texpr/src/ast/basic.dart 56:20                             Variable.accept
  package:texpr/src/visitors/evaluation_visitor.dart 79:19           EvaluationVisitor._evaluateRaw
  package:texpr/src/visitors/evaluation_visitor.dart 89:17           EvaluationVisitor._evaluateAsDouble
  package:texpr/src/features/logic/comparison_evaluator.dart 60:55   ComparisonEvaluator.evaluateChainedComparison.<fn>
  dart:_internal                                                     ListIterable.toList
  package:texpr/src/features/logic/comparison_evaluator.dart 60:71   ComparisonEvaluator.evaluateChainedComparison
  package:texpr/src/visitors/evaluation_visitor.dart 393:33          EvaluationVisitor.visitChainedComparison
  package:texpr/src/ast/logic.dart 127:20                            ChainedComparison.accept
  package:texpr/src/visitors/evaluation_visitor.dart 79:19           EvaluationVisitor._evaluateRaw
  package:texpr/src/visitors/evaluation_visitor.dart 89:17           EvaluationVisitor._evaluateAsDouble
  package:texpr/src/features/logic/comparison_evaluator.dart 107:46  ComparisonEvaluator.evaluateConditional
  package:texpr/src/visitors/evaluation_visitor.dart 401:33          EvaluationVisitor.visitConditionalExpr
  package:texpr/src/ast/logic.dart 76:20                             ConditionalExpr.accept
  package:texpr/src/evaluator.dart 77:28                             Evaluator.evaluate
  package:texpr/texpr.dart 389:31                                    Texpr.evaluateParsed
  test/features/piecewise_differentiation_test.dart 84:32            main.<fn>.<fn>
  

[1m[36mTo run this test again:[0m /Users/xomodo/sdks/flutter/bin/cache/dart-sdk/bin/dart test test/features/piecewise_differentiation_test.dart -p vm --plain-name 'Piecewise Function Differentiation higher order derivative of piecewise function'
00:01 [32m+885[0m[31m -46[0m: test/security/security_vulnerabilities_test.dart: Input Validation - Malicious Input expression with extremely long variable name should fail[0m                                          00:01 [32m+886[0m[31m -46[0m: test/security/security_vulnerabilities_test.dart: Input Validation - Malicious Input expression with extremely long variable name should fail[0m                                          00:01 [32m+887[0m[31m -46[0m: test/security/security_vulnerabilities_test.dart: Input Validation - Malicious Input expression with extremely long variable name should fail[0m                                          00:01 [32m+887[0m[31m -47[0m: test/features/piecewise_differentiation_test.dart: Sign Function sign function in derivative of absolute value [1m[31m[E][0m[0m                                                                     
  EvaluatorException: Expected number argument for sign
  package:texpr/src/functions/function_registry.dart 58:17   FunctionRegistry._registerBuiltins.reg.<fn>.<fn>
  package:texpr/src/functions/other.dart 24:21               handleSgn
  package:texpr/src/functions/function_registry.dart 55:31   FunctionRegistry._registerBuiltins.reg.<fn>
  package:texpr/src/functions/function_registry.dart 158:19  FunctionRegistry.evaluate
  package:texpr/src/visitors/evaluation_visitor.dart 210:38  EvaluationVisitor.visitFunctionCall
  package:texpr/src/ast/functions.dart 92:20                 FunctionCall.accept
  package:texpr/src/evaluator.dart 77:28                     Evaluator.evaluate
  package:texpr/texpr.dart 389:31                            Texpr.evaluateParsed
  test/features/piecewise_differentiation_test.dart 110:33   main.<fn>.<fn>
  

[1m[36mTo run this test again:[0m /Users/xomodo/sdks/flutter/bin/cache/dart-sdk/bin/dart test test/features/piecewise_differentiation_test.dart -p vm --plain-name 'Sign Function sign function in derivative of absolute value'
00:01 [32m+888[0m[31m -47[0m: test/security/security_vulnerabilities_test.dart: Input Validation - Malicious Input expression with extremely long variable name should fail[0m                                          00:01 [32m+889[0m[31m -47[0m: test/security/security_vulnerabilities_test.dart: Input Validation - Malicious Input expression with extremely long variable name should fail[0m                                          00:01 [32m+889[0m[31m -48[0m: test/features/piecewise_differentiation_test.dart: String-Based API differentiate with string expression [1m[31m[E][0m[0m                                                                           
  EvaluatorException: Type mismatch in binary operation
  Suggestion: Ensure both operands are compatible types (numbers, complex numbers, matrices, or vectors)
  package:texpr/src/evaluator/binary_evaluator.dart 65:5     BinaryEvaluator.evaluate
  package:texpr/src/visitors/evaluation_visitor.dart 175:29  EvaluationVisitor.visitBinaryOp
  package:texpr/src/ast/operations.dart 54:20                BinaryOp.accept
  package:texpr/src/visitors/evaluation_visitor.dart 79:19   EvaluationVisitor._evaluateRaw
  package:texpr/src/visitors/evaluation_visitor.dart 174:24  EvaluationVisitor.visitBinaryOp
  package:texpr/src/ast/operations.dart 54:20                BinaryOp.accept
  package:texpr/src/evaluator.dart 77:28                     Evaluator.evaluate
  package:texpr/texpr.dart 389:31                            Texpr.evaluateParsed
  test/features/piecewise_differentiation_test.dart 149:32   main.<fn>.<fn>
  

[1m[36mTo run this test again:[0m /Users/xomodo/sdks/flutter/bin/cache/dart-sdk/bin/dart test test/features/piecewise_differentiation_test.dart -p vm --plain-name 'String-Based API differentiate with string expression'
00:01 [32m+889[0m[31m -49[0m: test/features/piecewise_differentiation_test.dart: String-Based API differentiate string vs parsed expression produces same result [1m[31m[E][0m[0m                                                 
  EvaluatorException: Type mismatch in binary operation
  Suggestion: Ensure both operands are compatible types (numbers, complex numbers, matrices, or vectors)
  package:texpr/src/evaluator/binary_evaluator.dart 65:5     BinaryEvaluator.evaluate
  package:texpr/src/visitors/evaluation_visitor.dart 175:29  EvaluationVisitor.visitBinaryOp
  package:texpr/src/ast/operations.dart 54:20                BinaryOp.accept
  package:texpr/src/visitors/evaluation_visitor.dart 79:19   EvaluationVisitor._evaluateRaw
  package:texpr/src/visitors/evaluation_visitor.dart 174:24  EvaluationVisitor.visitBinaryOp
  package:texpr/src/ast/operations.dart 54:20                BinaryOp.accept
  package:texpr/src/visitors/evaluation_visitor.dart 79:19   EvaluationVisitor._evaluateRaw
  package:texpr/src/visitors/evaluation_visitor.dart 163:23  EvaluationVisitor.visitBinaryOp
  package:texpr/src/ast/operations.dart 54:20                BinaryOp.accept
  package:texpr/src/evaluator.dart 77:28                     Evaluator.evaluate
  package:texpr/texpr.dart 389:31                            Texpr.evaluateParsed
  test/features/piecewise_differentiation_test.dart 162:33   main.<fn>.<fn>
  

[1m[36mTo run this test again:[0m /Users/xomodo/sdks/flutter/bin/cache/dart-sdk/bin/dart test test/features/piecewise_differentiation_test.dart -p vm --plain-name 'String-Based API differentiate string vs parsed expression produces same result'
00:01 [32m+890[0m[31m -49[0m: test/security/security_vulnerabilities_test.dart: Input Validation - Malicious Input expression with extremely long variable name should fail[0m                                          00:01 [32m+891[0m[31m -49[0m: test/security/security_vulnerabilities_test.dart: Input Validation - Malicious Input expression with extremely long variable name should fail[0m                                          00:01 [32m+892[0m[31m -49[0m: test/security/security_vulnerabilities_test.dart: Input Validation - Malicious Input expression with extremely long variable name should fail[0m                                          00:01 [32m+893[0m[31m -49[0m: test/security/security_vulnerabilities_test.dart: Input Validation - Malicious Input expression with extremely long variable name should fail[0m                                          00:01 [32m+894[0m[31m -50[0m: test/security/security_vulnerabilities_test.dart: Input Validation - Malicious Input expression with extremely long variable name should fail[0m                                          00:01 [32m+894[0m[31m -50[0m: test/features/piecewise_differentiation_test.dart: String-Based API higher order derivative with string [1m[31m[E][0m[0m                                                                            
  EvaluatorException: Type mismatch in binary operation
  Suggestion: Ensure both operands are compatible types (numbers, complex numbers, matrices, or vectors)
  package:texpr/src/evaluator/binary_evaluator.dart 65:5     BinaryEvaluator.evaluate
  package:texpr/src/visitors/evaluation_visitor.dart 175:29  EvaluationVisitor.visitBinaryOp
  package:texpr/src/ast/operations.dart 54:20                BinaryOp.accept
  package:texpr/src/visitors/evaluation_visitor.dart 79:19   EvaluationVisitor._evaluateRaw
  package:texpr/src/visitors/evaluation_visitor.dart 174:24  EvaluationVisitor.visitBinaryOp
  package:texpr/src/ast/operations.dart 54:20                BinaryOp.accept
  package:texpr/src/visitors/evaluation_visitor.dart 79:19   EvaluationVisitor._evaluateRaw
  package:texpr/src/visitors/evaluation_visitor.dart 174:24  EvaluationVisitor.visitBinaryOp
  package:texpr/src/ast/operations.dart 54:20                BinaryOp.accept
  package:texpr/src/visitors/evaluation_visitor.dart 79:19   EvaluationVisitor._evaluateRaw
  package:texpr/src/visitors/evaluation_visitor.dart 174:24  EvaluationVisitor.visitBinaryOp
  package:texpr/src/ast/operations.dart 54:20                BinaryOp.accept
  package:texpr/src/visitors/evaluation_visitor.dart 79:19   EvaluationVisitor._evaluateRaw
  package:texpr/src/visitors/evaluation_visitor.dart 163:23  EvaluationVisitor.visitBinaryOp
  package:texpr/src/ast/operations.dart 54:20                BinaryOp.accept
  package:texpr/src/evaluator.dart 77:28                     Evaluator.evaluate
  package:texpr/texpr.dart 389:31                            Texpr.evaluateParsed
  test/features/piecewise_differentiation_test.dart 192:32   main.<fn>.<fn>
  

[1m[36mTo run this test again:[0m /Users/xomodo/sdks/flutter/bin/cache/dart-sdk/bin/dart test test/features/piecewise_differentiation_test.dart -p vm --plain-name 'String-Based API higher order derivative with string'
00:01 [32m+894[0m[31m -51[0m: test/features/piecewise_differentiation_test.dart: String-Based API piecewise differentiation with string API [1m[31m[E][0m[0m                                                                      
  EvaluatorException: Undefined variable: x
  Suggestion: Provide a value for "x" in the variables map
  package:texpr/src/visitors/evaluation_visitor.dart 154:5           EvaluationVisitor.visitVariable
  package:texpr/src/ast/basic.dart 56:20                             Variable.accept
  package:texpr/src/visitors/evaluation_visitor.dart 79:19           EvaluationVisitor._evaluateRaw
  package:texpr/src/visitors/evaluation_visitor.dart 89:17           EvaluationVisitor._evaluateAsDouble
  package:texpr/src/features/logic/comparison_evaluator.dart 60:55   ComparisonEvaluator.evaluateChainedComparison.<fn>
  dart:_internal                                                     ListIterable.toList
  package:texpr/src/features/logic/comparison_evaluator.dart 60:71   ComparisonEvaluator.evaluateChainedComparison
  package:texpr/src/visitors/evaluation_visitor.dart 393:33          EvaluationVisitor.visitChainedComparison
  package:texpr/src/ast/logic.dart 127:20                            ChainedComparison.accept
  package:texpr/src/visitors/evaluation_visitor.dart 79:19           EvaluationVisitor._evaluateRaw
  package:texpr/src/visitors/evaluation_visitor.dart 89:17           EvaluationVisitor._evaluateAsDouble
  package:texpr/src/features/logic/comparison_evaluator.dart 107:46  ComparisonEvaluator.evaluateConditional
  package:texpr/src/visitors/evaluation_visitor.dart 401:33          EvaluationVisitor.visitConditionalExpr
  package:texpr/src/ast/logic.dart 76:20                             ConditionalExpr.accept
  package:texpr/src/evaluator.dart 77:28                             Evaluator.evaluate
  package:texpr/texpr.dart 389:31                                    Texpr.evaluateParsed
  test/features/piecewise_differentiation_test.dart 202:32           main.<fn>.<fn>
  

[1m[36mTo run this test again:[0m /Users/xomodo/sdks/flutter/bin/cache/dart-sdk/bin/dart test test/features/piecewise_differentiation_test.dart -p vm --plain-name 'String-Based API piecewise differentiation with string API'
00:01 [32m+894[0m[31m -52[0m: test/features/piecewise_differentiation_test.dart: Absolute Value Derivatives derivative of |x| at positive x [1m[31m[E][0m[0m                                                                      
  EvaluatorException: Expected number argument for sign
  package:texpr/src/functions/function_registry.dart 58:17   FunctionRegistry._registerBuiltins.reg.<fn>.<fn>
  package:texpr/src/functions/other.dart 24:21               handleSgn
  package:texpr/src/functions/function_registry.dart 55:31   FunctionRegistry._registerBuiltins.reg.<fn>
  package:texpr/src/functions/function_registry.dart 158:19  FunctionRegistry.evaluate
  package:texpr/src/visitors/evaluation_visitor.dart 210:38  EvaluationVisitor.visitFunctionCall
  package:texpr/src/ast/functions.dart 92:20                 FunctionCall.accept
  package:texpr/src/evaluator.dart 77:28                     Evaluator.evaluate
  package:texpr/texpr.dart 389:31                            Texpr.evaluateParsed
  test/features/piecewise_differentiation_test.dart 211:32   main.<fn>.<fn>
  

[1m[36mTo run this test again:[0m /Users/xomodo/sdks/flutter/bin/cache/dart-sdk/bin/dart test test/features/piecewise_differentiation_test.dart -p vm --plain-name 'Absolute Value Derivatives derivative of |x| at positive x'
00:01 [32m+894[0m[31m -53[0m: test/features/piecewise_differentiation_test.dart: Absolute Value Derivatives derivative of |x| at negative x [1m[31m[E][0m[0m                                                                      
  EvaluatorException: Expected number argument for sign
  package:texpr/src/functions/function_registry.dart 58:17   FunctionRegistry._registerBuiltins.reg.<fn>.<fn>
  package:texpr/src/functions/other.dart 24:21               handleSgn
  package:texpr/src/functions/function_registry.dart 55:31   FunctionRegistry._registerBuiltins.reg.<fn>
  package:texpr/src/functions/function_registry.dart 158:19  FunctionRegistry.evaluate
  package:texpr/src/visitors/evaluation_visitor.dart 210:38  EvaluationVisitor.visitFunctionCall
  package:texpr/src/ast/functions.dart 92:20                 FunctionCall.accept
  package:texpr/src/evaluator.dart 77:28                     Evaluator.evaluate
  package:texpr/texpr.dart 389:31                            Texpr.evaluateParsed
  test/features/piecewise_differentiation_test.dart 217:32   main.<fn>.<fn>
  

[1m[36mTo run this test again:[0m /Users/xomodo/sdks/flutter/bin/cache/dart-sdk/bin/dart test test/features/piecewise_differentiation_test.dart -p vm --plain-name 'Absolute Value Derivatives derivative of |x| at negative x'
00:01 [32m+894[0m[31m -54[0m: test/features/piecewise_differentiation_test.dart: Absolute Value Derivatives derivative of |x^2 - 4| [1m[31m[E][0m[0m                                                                              
  EvaluatorException: Type mismatch in binary operation
  Suggestion: Ensure both operands are compatible types (numbers, complex numbers, matrices, or vectors)
  package:texpr/src/evaluator/binary_evaluator.dart 65:5     BinaryEvaluator.evaluate
  package:texpr/src/visitors/evaluation_visitor.dart 175:29  EvaluationVisitor.visitBinaryOp
  package:texpr/src/ast/operations.dart 54:20                BinaryOp.accept
  package:texpr/src/visitors/evaluation_visitor.dart 79:19   EvaluationVisitor._evaluateRaw
  package:texpr/src/visitors/evaluation_visitor.dart 174:24  EvaluationVisitor.visitBinaryOp
  package:texpr/src/ast/operations.dart 54:20                BinaryOp.accept
  package:texpr/src/visitors/evaluation_visitor.dart 79:19   EvaluationVisitor._evaluateRaw
  package:texpr/src/visitors/evaluation_visitor.dart 163:23  EvaluationVisitor.visitBinaryOp
  package:texpr/src/ast/operations.dart 54:20                BinaryOp.accept
  package:texpr/src/evaluator.dart 77:28                     Evaluator.evaluate
  package:texpr/texpr.dart 389:31                            Texpr.evaluateParsed
  test/features/piecewise_differentiation_test.dart 225:33   main.<fn>.<fn>
  

[1m[36mTo run this test again:[0m /Users/xomodo/sdks/flutter/bin/cache/dart-sdk/bin/dart test test/features/piecewise_differentiation_test.dart -p vm --plain-name 'Absolute Value Derivatives derivative of |x^2 - 4|'
00:01 [32m+895[0m[31m -54[0m: test/security/security_vulnerabilities_test.dart: Input Validation - Malicious Input expression with extremely long variable name should fail[0m                                          00:01 [32m+895[0m[31m -55[0m: test/features/piecewise_differentiation_test.dart: Edge Cases with Piecewise and Sign derivative at boundary returns NaN [1m[31m[E][0m[0m                                                           
  EvaluatorException: Undefined variable: x
  Suggestion: Provide a value for "x" in the variables map
  package:texpr/src/visitors/evaluation_visitor.dart 154:5           EvaluationVisitor.visitVariable
  package:texpr/src/ast/basic.dart 56:20                             Variable.accept
  package:texpr/src/visitors/evaluation_visitor.dart 79:19           EvaluationVisitor._evaluateRaw
  package:texpr/src/visitors/evaluation_visitor.dart 89:17           EvaluationVisitor._evaluateAsDouble
  package:texpr/src/features/logic/comparison_evaluator.dart 60:55   ComparisonEvaluator.evaluateChainedComparison.<fn>
  dart:_internal                                                     ListIterable.toList
  package:texpr/src/features/logic/comparison_evaluator.dart 60:71   ComparisonEvaluator.evaluateChainedComparison
  package:texpr/src/visitors/evaluation_visitor.dart 393:33          EvaluationVisitor.visitChainedComparison
  package:texpr/src/ast/logic.dart 127:20                            ChainedComparison.accept
  package:texpr/src/visitors/evaluation_visitor.dart 79:19           EvaluationVisitor._evaluateRaw
  package:texpr/src/visitors/evaluation_visitor.dart 89:17           EvaluationVisitor._evaluateAsDouble
  package:texpr/src/features/logic/comparison_evaluator.dart 107:46  ComparisonEvaluator.evaluateConditional
  package:texpr/src/visitors/evaluation_visitor.dart 401:33          EvaluationVisitor.visitConditionalExpr
  package:texpr/src/ast/logic.dart 76:20                             ConditionalExpr.accept
  package:texpr/src/evaluator.dart 77:28                             Evaluator.evaluate
  package:texpr/texpr.dart 389:31                                    Texpr.evaluateParsed
  test/features/piecewise_differentiation_test.dart 250:33           main.<fn>.<fn>
  

[1m[36mTo run this test again:[0m /Users/xomodo/sdks/flutter/bin/cache/dart-sdk/bin/dart test test/features/piecewise_differentiation_test.dart -p vm --plain-name 'Edge Cases with Piecewise and Sign derivative at boundary returns NaN'
00:01 [32m+896[0m[31m -55[0m: test/security/security_vulnerabilities_test.dart: Input Validation - Malicious Input expression with extremely long variable name should fail[0m                                          00:01 [32m+897[0m[31m -55[0m: test/security/security_vulnerabilities_test.dart: Input Validation - Malicious Input expression with extremely long variable name should fail[0m                                          00:01 [32m+898[0m[31m -55[0m: test/security/security_vulnerabilities_test.dart: Input Validation - Malicious Input expression with extremely long variable name should fail[0m                                          00:01 [32m+899[0m[31m -56[0m: test/security/security_vulnerabilities_test.dart: Input Validation - Malicious Input expression with extremely long variable name should fail[0m                                          00:01 [32m+899[0m[31m -56[0m: test/features/piecewise_differentiation_test.dart: Edge Cases with Piecewise and Sign nested absolute values [1m[31m[E][0m[0m                                                                       
  EvaluatorException: Expected number argument for sign
  package:texpr/src/functions/function_registry.dart 58:17   FunctionRegistry._registerBuiltins.reg.<fn>.<fn>
  package:texpr/src/functions/other.dart 24:21               handleSgn
  package:texpr/src/functions/function_registry.dart 55:31   FunctionRegistry._registerBuiltins.reg.<fn>
  package:texpr/src/functions/function_registry.dart 158:19  FunctionRegistry.evaluate
  package:texpr/src/visitors/evaluation_visitor.dart 210:38  EvaluationVisitor.visitFunctionCall
  package:texpr/src/ast/functions.dart 92:20                 FunctionCall.accept
  package:texpr/src/visitors/evaluation_visitor.dart 79:19   EvaluationVisitor._evaluateRaw
  package:texpr/src/visitors/evaluation_visitor.dart 163:23  EvaluationVisitor.visitBinaryOp
  package:texpr/src/ast/operations.dart 54:20                BinaryOp.accept
  package:texpr/src/evaluator.dart 77:28                     Evaluator.evaluate
  package:texpr/texpr.dart 389:31                            Texpr.evaluateParsed
  test/features/piecewise_differentiation_test.dart 281:33   main.<fn>.<fn>
  

[1m[36mTo run this test again:[0m /Users/xomodo/sdks/flutter/bin/cache/dart-sdk/bin/dart test test/features/piecewise_differentiation_test.dart -p vm --plain-name 'Edge Cases with Piecewise and Sign nested absolute values'
00:01 [32m+899[0m[31m -56[0m: test/security/security_vulnerabilities_test.dart: Input Validation - Malicious Input expression with extremely long variable name should fail[0m                                          00:01 [32m+900[0m[31m -56[0m: test/security/security_vulnerabilities_test.dart: Input Validation - Malicious Input expression with extremely long variable name should fail[0m                                          00:01 [32m+901[0m[31m -56[0m: test/security/security_vulnerabilities_test.dart: Input Validation - Malicious Input expression with extremely long variable name should fail[0m                                          00:01 [32m+902[0m[31m -56[0m: test/security/security_vulnerabilities_test.dart: Input Validation - Malicious Input expression with extremely long variable name should fail[0m                                          00:01 [32m+903[0m[31m -56[0m: test/security/security_vulnerabilities_test.dart: Input Validation - Malicious Input expression with extremely long variable name should fail[0m                                          00:01 [32m+904[0m[31m -56[0m: test/security/security_vulnerabilities_test.dart: Input Validation - Malicious Input expression with extremely long variable name should fail[0m                                          00:01 [32m+905[0m[31m -56[0m: test/security/security_vulnerabilities_test.dart: Input Validation - Malicious Input expression with extremely long variable name should fail[0m                                          00:01 [32m+906[0m[31m -56[0m: test/security/security_vulnerabilities_test.dart: Input Validation - Malicious Input expression with extremely long variable name should fail[0m                                          00:01 [32m+907[0m[31m -56[0m: test/security/security_vulnerabilities_test.dart: Input Validation - Malicious Input expression with extremely long variable name should fail[0m                                          00:02 [32m+907[0m[31m -56[0m: test/security/security_vulnerabilities_test.dart: Input Validation - Malicious Input expression with extremely long variable name should fail[0m                                          00:02 [32m+908[0m[31m -56[0m: test/security/security_vulnerabilities_test.dart: Input Validation - Malicious Input expression with extremely long variable name should fail[0m                                          00:02 [32m+909[0m[31m -56[0m: test/security/security_vulnerabilities_test.dart: Input Validation - Malicious Input expression with extremely long variable name should fail[0m                                          00:02 [32m+910[0m[31m -56[0m: test/security/security_vulnerabilities_test.dart: Input Validation - Malicious Input expression with extremely long variable name should fail[0m                                          00:02 [32m+911[0m[31m -56[0m: test/security/security_vulnerabilities_test.dart: Input Validation - Malicious Input expression with extremely long variable name should fail[0m                                          00:02 [32m+912[0m[31m -56[0m: test/security/security_vulnerabilities_test.dart: Input Validation - Malicious Input expression with extremely long variable name should fail[0m                                          00:02 [32m+913[0m[31m -56[0m: test/security/security_vulnerabilities_test.dart: Input Validation - Malicious Input expression with extremely long variable name should fail[0m                                          00:02 [32m+914[0m[31m -56[0m: test/security/security_vulnerabilities_test.dart: Input Validation - Malicious Input expression with extremely long variable name should fail[0m                                          00:02 [32m+915[0m[31m -56[0m: test/security/security_vulnerabilities_test.dart: Input Validation - Malicious Input expression with extremely long variable name should fail[0m                                          00:02 [32m+916[0m[31m -56[0m: test/security/security_vulnerabilities_test.dart: Input Validation - Malicious Input expression with extremely long variable name should fail[0m                                          00:02 [32m+917[0m[31m -56[0m: test/security/security_vulnerabilities_test.dart: Input Validation - Malicious Input expression with extremely long variable name should fail[0m                                          00:02 [32m+918[0m[31m -56[0m: test/security/security_vulnerabilities_test.dart: Input Validation - Malicious Input expression with extremely long variable name should fail[0m                                          00:02 [32m+919[0m[31m -56[0m: test/security/security_vulnerabilities_test.dart: Input Validation - Malicious Input expression with extremely long variable name should fail[0m                                          00:02 [32m+920[0m[31m -56[0m: test/security/security_vulnerabilities_test.dart: Input Validation - Malicious Input expression with extremely long variable name should fail[0m                                          00:02 [32m+921[0m[31m -56[0m: test/security/security_vulnerabilities_test.dart: Input Validation - Malicious Input expression with extremely long variable name should fail[0m                                          00:02 [32m+922[0m[31m -56[0m: test/security/security_vulnerabilities_test.dart: Input Validation - Malicious Input expression with extremely long variable name should fail[0m                                          00:02 [32m+923[0m[31m -56[0m: test/security/security_vulnerabilities_test.dart: Input Validation - Malicious Input expression with extremely long variable name should fail[0m                                          00:02 [32m+924[0m[31m -56[0m: test/security/security_vulnerabilities_test.dart: Input Validation - Malicious Input expression with extremely long variable name should fail[0m                                          00:02 [32m+925[0m[31m -56[0m: test/security/security_vulnerabilities_test.dart: Input Validation - Malicious Input expression with extremely long variable name should fail[0m                                          00:02 [32m+926[0m[31m -56[0m: test/security/security_vulnerabilities_test.dart: Input Validation - Malicious Input expression with extremely long variable name should fail[0m                                          00:02 [32m+927[0m[31m -56[0m: test/security/security_vulnerabilities_test.dart: Input Validation - Malicious Input expression with extremely long variable name should fail[0m                                          00:02 [32m+928[0m[31m -56[0m: test/security/security_vulnerabilities_test.dart: Input Validation - Malicious Input expression with extremely long variable name should fail[0m                                          00:02 [32m+929[0m[31m -56[0m: test/security/security_vulnerabilities_test.dart: Input Validation - Malicious Input expression with extremely long variable name should fail[0m                                          00:02 [32m+930[0m[31m -56[0m: test/security/security_vulnerabilities_test.dart: Input Validation - Malicious Input expression with extremely long variable name should fail[0m                                          00:02 [32m+931[0m[31m -56[0m: test/security/security_vulnerabilities_test.dart: Input Validation - Malicious Input expression with extremely long variable name should fail[0m                                          00:02 [32m+932[0m[31m -56[0m: test/security/security_vulnerabilities_test.dart: Input Validation - Malicious Input expression with extremely long variable name should fail[0m                                          00:02 [32m+933[0m[31m -56[0m: test/security/security_vulnerabilities_test.dart: Input Validation - Malicious Input expression with extremely long variable name should fail[0m                                          00:02 [32m+934[0m[31m -56[0m: test/security/security_vulnerabilities_test.dart: Input Validation - Malicious Input expression with extremely long variable name should fail[0m                                          00:02 [32m+935[0m[31m -56[0m: test/security/security_vulnerabilities_test.dart: Input Validation - Malicious Input expression with extremely long variable name should fail[0m                                          00:02 [32m+936[0m[31m -56[0m: test/security/security_vulnerabilities_test.dart: Input Validation - Malicious Input expression with extremely long variable name should fail[0m                                          00:02 [32m+937[0m[31m -56[0m: test/security/security_vulnerabilities_test.dart: Input Validation - Malicious Input expression with extremely long variable name should fail[0m                                          00:02 [32m+938[0m[31m -56[0m: test/security/security_vulnerabilities_test.dart: Input Validation - Malicious Input expression with extremely long variable name should fail[0m                                          00:02 [32m+939[0m[31m -56[0m: test/security/security_vulnerabilities_test.dart: Input Validation - Malicious Input expression with extremely long variable name should fail[0m                                          00:02 [32m+940[0m[31m -56[0m: test/security/security_vulnerabilities_test.dart: Input Validation - Malicious Input expression with extremely long variable name should fail[0m                                          00:02 [32m+941[0m[31m -56[0m: test/security/security_vulnerabilities_test.dart: Input Validation - Malicious Input expression with extremely long variable name should fail[0m                                          00:02 [32m+942[0m[31m -56[0m: test/security/security_vulnerabilities_test.dart: Input Validation - Malicious Input expression with extremely long variable name should fail[0m                                          00:02 [32m+943[0m[31m -56[0m: test/security/security_vulnerabilities_test.dart: Input Validation - Malicious Input expression with extremely long variable name should fail[0m                                          00:02 [32m+944[0m[31m -56[0m: test/security/security_vulnerabilities_test.dart: Input Validation - Malicious Input expression with extremely long variable name should fail[0m                                          00:02 [32m+945[0m[31m -56[0m: test/security/security_vulnerabilities_test.dart: Input Validation - Malicious Input expression with extremely long variable name should fail[0m                                          00:02 [32m+946[0m[31m -56[0m: test/security/security_vulnerabilities_test.dart: Input Validation - Malicious Input expression with extremely long variable name should fail[0m                                          00:02 [32m+947[0m[31m -56[0m: test/security/security_vulnerabilities_test.dart: Input Validation - Malicious Input expression with extremely long variable name should fail[0m                                          00:02 [32m+948[0m[31m -56[0m: test/security/security_vulnerabilities_test.dart: Input Validation - Malicious Input expression with extremely long variable name should fail[0m                                          00:02 [32m+949[0m[31m -56[0m: test/security/security_vulnerabilities_test.dart: Input Validation - Malicious Input expression with extremely long variable name should fail[0m                                          00:02 [32m+950[0m[31m -56[0m: test/security/security_vulnerabilities_test.dart: Input Validation - Malicious Input expression with extremely long variable name should fail[0m                                          00:02 [32m+951[0m[31m -56[0m: test/security/security_vulnerabilities_test.dart: Input Validation - Malicious Input expression with extremely long variable name should fail[0m                                          00:02 [32m+952[0m[31m -56[0m: test/security/security_vulnerabilities_test.dart: Input Validation - Malicious Input expression with extremely long variable name should fail[0m                                          00:02 [32m+953[0m[31m -56[0m: test/security/security_vulnerabilities_test.dart: Input Validation - Malicious Input expression with extremely long variable name should fail[0m                                          00:02 [32m+954[0m[31m -56[0m: test/security/security_vulnerabilities_test.dart: Input Validation - Malicious Input expression with extremely long variable name should fail[0m                                          00:02 [32m+955[0m[31m -56[0m: test/security/security_vulnerabilities_test.dart: Input Validation - Malicious Input expression with extremely long variable name should fail[0m                                          00:02 [32m+956[0m[31m -56[0m: test/security/security_vulnerabilities_test.dart: Input Validation - Malicious Input expression with extremely long variable name should fail[0m                                          00:02 [32m+957[0m[31m -56[0m: test/security/security_vulnerabilities_test.dart: Input Validation - Malicious Input expression with extremely long variable name should fail[0m                                          00:02 [32m+958[0m[31m -56[0m: test/security/security_vulnerabilities_test.dart: Input Validation - Malicious Input expression with extremely long variable name should fail[0m                                          00:02 [32m+959[0m[31m -56[0m: test/security/security_vulnerabilities_test.dart: Input Validation - Malicious Input expression with extremely long variable name should fail[0m                                          00:02 [32m+960[0m[31m -56[0m: test/security/security_vulnerabilities_test.dart: Input Validation - Malicious Input expression with extremely long variable name should fail[0m                                          00:02 [32m+961[0m[31m -56[0m: test/security/security_vulnerabilities_test.dart: Input Validation - Malicious Input expression with extremely long variable name should fail[0m                                          00:02 [32m+962[0m[31m -56[0m: test/security/security_vulnerabilities_test.dart: Input Validation - Malicious Input expression with extremely long variable name should fail[0m                                          00:02 [32m+963[0m[31m -56[0m: test/security/security_vulnerabilities_test.dart: Input Validation - Malicious Input expression with extremely long variable name should fail[0m                                          00:02 [32m+964[0m[31m -56[0m: test/security/security_vulnerabilities_test.dart: Input Validation - Malicious Input expression with extremely long variable name should fail[0m                                          00:02 [32m+965[0m[31m -56[0m: test/security/security_vulnerabilities_test.dart: Input Validation - Malicious Input expression with extremely long variable name should fail[0m                                          00:02 [32m+966[0m[31m -56[0m: test/security/security_vulnerabilities_test.dart: Input Validation - Malicious Input expression with extremely long variable name should fail[0m                                          00:02 [32m+967[0m[31m -56[0m: test/security/security_vulnerabilities_test.dart: Input Validation - Malicious Input expression with extremely long variable name should fail[0m                                          00:02 [32m+968[0m[31m -56[0m: test/security/security_vulnerabilities_test.dart: Input Validation - Malicious Input expression with extremely long variable name should fail[0m                                          00:02 [32m+969[0m[31m -56[0m: test/security/security_vulnerabilities_test.dart: Input Validation - Malicious Input expression with extremely long variable name should fail[0m                                          00:02 [32m+969[0m[31m -57[0m: test/security/security_vulnerabilities_test.dart: Input Validation - Malicious Input expression with extremely long variable name should fail[0m                                          00:02 [32m+969[0m[31m -57[0m: test/features/differentiation_test.dart: Basic Derivatives power rule: d/dx(x^2) = 2x [1m[31m[E][0m[0m                                                                                              
  EvaluatorException: Undefined variable: x
  Suggestion: Provide a value for "x" in the variables map
  package:texpr/src/visitors/evaluation_visitor.dart 154:5                   EvaluationVisitor.visitVariable
  package:texpr/src/ast/basic.dart 56:20                                     Variable.accept
  package:texpr/src/visitors/evaluation_visitor.dart 79:19                   EvaluationVisitor._evaluateRaw
  package:texpr/src/visitors/evaluation_visitor.dart 163:23                  EvaluationVisitor.visitBinaryOp
  package:texpr/src/ast/operations.dart 54:20                                BinaryOp.accept
  package:texpr/src/visitors/evaluation_visitor.dart 79:19                   EvaluationVisitor._evaluateRaw
  package:texpr/src/visitors/evaluation_visitor.dart 174:24                  EvaluationVisitor.visitBinaryOp
  package:texpr/src/ast/operations.dart 54:20                                BinaryOp.accept
  package:texpr/src/visitors/evaluation_visitor.dart 79:19                   EvaluationVisitor._evaluateRaw
  package:texpr/src/visitors/evaluation_visitor.dart 89:17                   EvaluationVisitor._evaluateAsDouble
  package:texpr/src/features/calculus/differentiation_evaluator.dart 493:21  DifferentiationEvaluator.evaluateDerivative
  package:texpr/src/visitors/evaluation_visitor.dart 272:38                  EvaluationVisitor.visitDerivativeExpr
  package:texpr/src/ast/calculus.dart 221:20                                 DerivativeExpr.accept
  package:texpr/src/evaluator.dart 77:28                                     Evaluator.evaluate
  package:texpr/texpr.dart 389:31                                            Texpr.evaluateParsed
  package:texpr/texpr.dart 462:12                                            Texpr.evaluate
  test/features/differentiation_test.dart 34:32                              main.<fn>.<fn>
  

[1m[36mTo run this test again:[0m /Users/xomodo/sdks/flutter/bin/cache/dart-sdk/bin/dart test test/features/differentiation_test.dart -p vm --plain-name 'Basic Derivatives power rule: d/dx(x^2) = 2x'
00:02 [32m+969[0m[31m -57[0m: test/security/security_vulnerabilities_test.dart: Input Validation - Malicious Input expression with extremely long variable name should fail[0m                                          00:02 [32m+969[0m[31m -58[0m: test/features/differentiation_test.dart: Basic Derivatives power rule: d/dx(x^3) = 3x^2 [1m[31m[E][0m[0m                                                                                            
  EvaluatorException: Undefined variable: x
  Suggestion: Provide a value for "x" in the variables map
  package:texpr/src/visitors/evaluation_visitor.dart 154:5                   EvaluationVisitor.visitVariable
  package:texpr/src/ast/basic.dart 56:20                                     Variable.accept
  package:texpr/src/visitors/evaluation_visitor.dart 79:19                   EvaluationVisitor._evaluateRaw
  package:texpr/src/visitors/evaluation_visitor.dart 163:23                  EvaluationVisitor.visitBinaryOp
  package:texpr/src/ast/operations.dart 54:20                                BinaryOp.accept
  package:texpr/src/visitors/evaluation_visitor.dart 79:19                   EvaluationVisitor._evaluateRaw
  package:texpr/src/visitors/evaluation_visitor.dart 174:24                  EvaluationVisitor.visitBinaryOp
  package:texpr/src/ast/operations.dart 54:20                                BinaryOp.accept
  package:texpr/src/visitors/evaluation_visitor.dart 79:19                   EvaluationVisitor._evaluateRaw
  package:texpr/src/visitors/evaluation_visitor.dart 89:17                   EvaluationVisitor._evaluateAsDouble
  package:texpr/src/features/calculus/differentiation_evaluator.dart 493:21  DifferentiationEvaluator.evaluateDerivative
  package:texpr/src/visitors/evaluation_visitor.dart 272:38                  EvaluationVisitor.visitDerivativeExpr
  package:texpr/src/ast/calculus.dart 221:20                                 DerivativeExpr.accept
  package:texpr/src/evaluator.dart 77:28                                     Evaluator.evaluate
  package:texpr/texpr.dart 389:31                                            Texpr.evaluateParsed
  package:texpr/texpr.dart 462:12                                            Texpr.evaluate
  test/features/differentiation_test.dart 40:32                              main.<fn>.<fn>
  

[1m[36mTo run this test again:[0m /Users/xomodo/sdks/flutter/bin/cache/dart-sdk/bin/dart test test/features/differentiation_test.dart -p vm --plain-name 'Basic Derivatives power rule: d/dx(x^3) = 3x^2'
00:02 [32m+969[0m[31m -59[0m: test/features/differentiation_test.dart: Basic Derivatives power rule: d/dx(x^{-1}) = -x^{-2} [1m[31m[E][0m[0m                                                                                      
  EvaluatorException: Undefined variable: x
  Suggestion: Provide a value for "x" in the variables map
  package:texpr/src/visitors/evaluation_visitor.dart 154:5                   EvaluationVisitor.visitVariable
  package:texpr/src/ast/basic.dart 56:20                                     Variable.accept
  package:texpr/src/visitors/evaluation_visitor.dart 79:19                   EvaluationVisitor._evaluateRaw
  package:texpr/src/visitors/evaluation_visitor.dart 163:23                  EvaluationVisitor.visitBinaryOp
  package:texpr/src/ast/operations.dart 54:20                                BinaryOp.accept
  package:texpr/src/visitors/evaluation_visitor.dart 79:19                   EvaluationVisitor._evaluateRaw
  package:texpr/src/visitors/evaluation_visitor.dart 174:24                  EvaluationVisitor.visitBinaryOp
  package:texpr/src/ast/operations.dart 54:20                                BinaryOp.accept
  package:texpr/src/visitors/evaluation_visitor.dart 79:19                   EvaluationVisitor._evaluateRaw
  package:texpr/src/visitors/evaluation_visitor.dart 89:17                   EvaluationVisitor._evaluateAsDouble
  package:texpr/src/features/calculus/differentiation_evaluator.dart 493:21  DifferentiationEvaluator.evaluateDerivative
  package:texpr/src/visitors/evaluation_visitor.dart 272:38                  EvaluationVisitor.visitDerivativeExpr
  package:texpr/src/ast/calculus.dart 221:20                                 DerivativeExpr.accept
  package:texpr/src/evaluator.dart 77:28                                     Evaluator.evaluate
  package:texpr/texpr.dart 389:31                                            Texpr.evaluateParsed
  package:texpr/texpr.dart 462:12                                            Texpr.evaluate
  test/features/differentiation_test.dart 46:32                              main.<fn>.<fn>
  

[1m[36mTo run this test again:[0m /Users/xomodo/sdks/flutter/bin/cache/dart-sdk/bin/dart test test/features/differentiation_test.dart -p vm --plain-name 'Basic Derivatives power rule: d/dx(x^{-1}) = -x^{-2}'
00:02 [32m+969[0m[31m -60[0m: test/features/differentiation_test.dart: Basic Derivatives power rule: d/dx(x^{0.5}) = 0.5x^{-0.5} [1m[31m[E][0m[0m                                                                                 
  EvaluatorException: Undefined variable: x
  Suggestion: Provide a value for "x" in the variables map
  package:texpr/src/visitors/evaluation_visitor.dart 154:5                   EvaluationVisitor.visitVariable
  package:texpr/src/ast/basic.dart 56:20                                     Variable.accept
  package:texpr/src/visitors/evaluation_visitor.dart 79:19                   EvaluationVisitor._evaluateRaw
  package:texpr/src/visitors/evaluation_visitor.dart 163:23                  EvaluationVisitor.visitBinaryOp
  package:texpr/src/ast/operations.dart 54:20                                BinaryOp.accept
  package:texpr/src/visitors/evaluation_visitor.dart 79:19                   EvaluationVisitor._evaluateRaw
  package:texpr/src/visitors/evaluation_visitor.dart 174:24                  EvaluationVisitor.visitBinaryOp
  package:texpr/src/ast/operations.dart 54:20                                BinaryOp.accept
  package:texpr/src/visitors/evaluation_visitor.dart 79:19                   EvaluationVisitor._evaluateRaw
  package:texpr/src/visitors/evaluation_visitor.dart 89:17                   EvaluationVisitor._evaluateAsDouble
  package:texpr/src/features/calculus/differentiation_evaluator.dart 493:21  DifferentiationEvaluator.evaluateDerivative
  package:texpr/src/visitors/evaluation_visitor.dart 272:38                  EvaluationVisitor.visitDerivativeExpr
  package:texpr/src/ast/calculus.dart 221:20                                 DerivativeExpr.accept
  package:texpr/src/evaluator.dart 77:28                                     Evaluator.evaluate
  package:texpr/texpr.dart 389:31                                            Texpr.evaluateParsed
  package:texpr/texpr.dart 462:12                                            Texpr.evaluate
  test/features/differentiation_test.dart 52:32                              main.<fn>.<fn>
  

[1m[36mTo run this test again:[0m /Users/xomodo/sdks/flutter/bin/cache/dart-sdk/bin/dart test test/features/differentiation_test.dart -p vm --plain-name 'Basic Derivatives power rule: d/dx(x^{0.5}) = 0.5x^{-0.5}'
00:02 [32m+969[0m[31m -61[0m: test/features/differentiation_test.dart: Sum and Difference Rules sum rule: d/dx(x^2 + x) = 2x + 1 [1m[31m[E][0m[0m                                                                                 
  EvaluatorException: Undefined variable: x
  Suggestion: Provide a value for "x" in the variables map
  package:texpr/src/visitors/evaluation_visitor.dart 154:5                   EvaluationVisitor.visitVariable
  package:texpr/src/ast/basic.dart 56:20                                     Variable.accept
  package:texpr/src/visitors/evaluation_visitor.dart 79:19                   EvaluationVisitor._evaluateRaw
  package:texpr/src/visitors/evaluation_visitor.dart 163:23                  EvaluationVisitor.visitBinaryOp
  package:texpr/src/ast/operations.dart 54:20                                BinaryOp.accept
  package:texpr/src/visitors/evaluation_visitor.dart 79:19                   EvaluationVisitor._evaluateRaw
  package:texpr/src/visitors/evaluation_visitor.dart 174:24                  EvaluationVisitor.visitBinaryOp
  package:texpr/src/ast/operations.dart 54:20                                BinaryOp.accept
  package:texpr/src/visitors/evaluation_visitor.dart 79:19                   EvaluationVisitor._evaluateRaw
  package:texpr/src/visitors/evaluation_visitor.dart 163:23                  EvaluationVisitor.visitBinaryOp
  package:texpr/src/ast/operations.dart 54:20                                BinaryOp.accept
  package:texpr/src/visitors/evaluation_visitor.dart 79:19                   EvaluationVisitor._evaluateRaw
  package:texpr/src/visitors/evaluation_visitor.dart 89:17                   EvaluationVisitor._evaluateAsDouble
  package:texpr/src/features/calculus/differentiation_evaluator.dart 493:21  DifferentiationEvaluator.evaluateDerivative
  package:texpr/src/visitors/evaluation_visitor.dart 272:38                  EvaluationVisitor.visitDerivativeExpr
  package:texpr/src/ast/calculus.dart 221:20                                 DerivativeExpr.accept
  package:texpr/src/evaluator.dart 77:28                                     Evaluator.evaluate
  package:texpr/texpr.dart 389:31                                            Texpr.evaluateParsed
  package:texpr/texpr.dart 462:12                                            Texpr.evaluate
  test/features/differentiation_test.dart 60:32                              main.<fn>.<fn>
  

[1m[36mTo run this test again:[0m /Users/xomodo/sdks/flutter/bin/cache/dart-sdk/bin/dart test test/features/differentiation_test.dart -p vm --plain-name 'Sum and Difference Rules sum rule: d/dx(x^2 + x) = 2x + 1'
00:02 [32m+970[0m[31m -61[0m: test/security/security_vulnerabilities_test.dart: Input Validation - Malicious Input expression with extremely long variable name should fail[0m                                          00:02 [32m+970[0m[31m -62[0m: test/features/differentiation_test.dart: Sum and Difference Rules difference rule: d/dx(x^3 - x) = 3x^2 - 1 [1m[31m[E][0m[0m                                                                        
  EvaluatorException: Undefined variable: x
  Suggestion: Provide a value for "x" in the variables map
  package:texpr/src/visitors/evaluation_visitor.dart 154:5                   EvaluationVisitor.visitVariable
  package:texpr/src/ast/basic.dart 56:20                                     Variable.accept
  package:texpr/src/visitors/evaluation_visitor.dart 79:19                   EvaluationVisitor._evaluateRaw
  package:texpr/src/visitors/evaluation_visitor.dart 163:23                  EvaluationVisitor.visitBinaryOp
  package:texpr/src/ast/operations.dart 54:20                                BinaryOp.accept
  package:texpr/src/visitors/evaluation_visitor.dart 79:19                   EvaluationVisitor._evaluateRaw
  package:texpr/src/visitors/evaluation_visitor.dart 174:24                  EvaluationVisitor.visitBinaryOp
  package:texpr/src/ast/operations.dart 54:20                                BinaryOp.accept
  package:texpr/src/visitors/evaluation_visitor.dart 79:19                   EvaluationVisitor._evaluateRaw
  package:texpr/src/visitors/evaluation_visitor.dart 163:23                  EvaluationVisitor.visitBinaryOp
  package:texpr/src/ast/operations.dart 54:20                                BinaryOp.accept
  package:texpr/src/visitors/evaluation_visitor.dart 79:19                   EvaluationVisitor._evaluateRaw
  package:texpr/src/visitors/evaluation_visitor.dart 89:17                   EvaluationVisitor._evaluateAsDouble
  package:texpr/src/features/calculus/differentiation_evaluator.dart 493:21  DifferentiationEvaluator.evaluateDerivative
  package:texpr/src/visitors/evaluation_visitor.dart 272:38                  EvaluationVisitor.visitDerivativeExpr
  package:texpr/src/ast/calculus.dart 221:20                                 DerivativeExpr.accept
  package:texpr/src/evaluator.dart 77:28                                     Evaluator.evaluate
  package:texpr/texpr.dart 389:31                                            Texpr.evaluateParsed
  package:texpr/texpr.dart 462:12                                            Texpr.evaluate
  test/features/differentiation_test.dart 66:32                              main.<fn>.<fn>
  

[1m[36mTo run this test again:[0m /Users/xomodo/sdks/flutter/bin/cache/dart-sdk/bin/dart test test/features/differentiation_test.dart -p vm --plain-name 'Sum and Difference Rules difference rule: d/dx(x^3 - x) = 3x^2 - 1'
00:02 [32m+971[0m[31m -62[0m: test/security/security_vulnerabilities_test.dart: Input Validation - Malicious Input expression with extremely long variable name should fail[0m                                          00:02 [32m+972[0m[31m -62[0m: test/security/security_vulnerabilities_test.dart: Input Validation - Malicious Input expression with extremely long variable name should fail[0m                                          00:02 [32m+973[0m[31m -63[0m: test/security/security_vulnerabilities_test.dart: Input Validation - Malicious Input expression with extremely long variable name should fail[0m                                          00:02 [32m+974[0m[31m -63[0m: test/security/security_vulnerabilities_test.dart: Input Validation - Malicious Input expression with extremely long variable name should fail[0m                                          00:02 [32m+974[0m[31m -63[0m: test/features/differentiation_test.dart: Sum and Difference Rules multiple terms: d/dx(x^3 + 2x^2 - 5x + 7) = 3x^2 + 4x - 5 [1m[31m[E][0m[0m                                                        
  EvaluatorException: Undefined variable: x
  Suggestion: Provide a value for "x" in the variables map
  package:texpr/src/visitors/evaluation_visitor.dart 154:5                   EvaluationVisitor.visitVariable
  package:texpr/src/ast/basic.dart 56:20                                     Variable.accept
  package:texpr/src/visitors/evaluation_visitor.dart 79:19                   EvaluationVisitor._evaluateRaw
  package:texpr/src/visitors/evaluation_visitor.dart 163:23                  EvaluationVisitor.visitBinaryOp
  package:texpr/src/ast/operations.dart 54:20                                BinaryOp.accept
  package:texpr/src/visitors/evaluation_visitor.dart 79:19                   EvaluationVisitor._evaluateRaw
  package:texpr/src/visitors/evaluation_visitor.dart 174:24                  EvaluationVisitor.visitBinaryOp
  package:texpr/src/ast/operations.dart 54:20                                BinaryOp.accept
  package:texpr/src/visitors/evaluation_visitor.dart 79:19                   EvaluationVisitor._evaluateRaw
  package:texpr/src/visitors/evaluation_visitor.dart 163:23                  EvaluationVisitor.visitBinaryOp
  package:texpr/src/ast/operations.dart 54:20                                BinaryOp.accept
  package:texpr/src/visitors/evaluation_visitor.dart 79:19                   EvaluationVisitor._evaluateRaw
  package:texpr/src/visitors/evaluation_visitor.dart 163:23                  EvaluationVisitor.visitBinaryOp
  package:texpr/src/ast/operations.dart 54:20                                BinaryOp.accept
  package:texpr/src/visitors/evaluation_visitor.dart 79:19                   EvaluationVisitor._evaluateRaw
  package:texpr/src/visitors/evaluation_visitor.dart 89:17                   EvaluationVisitor._evaluateAsDouble
  package:texpr/src/features/calculus/differentiation_evaluator.dart 493:21  DifferentiationEvaluator.evaluateDerivative
  package:texpr/src/visitors/evaluation_visitor.dart 272:38                  EvaluationVisitor.visitDerivativeExpr
  package:texpr/src/ast/calculus.dart 221:20                                 DerivativeExpr.accept
  package:texpr/src/evaluator.dart 77:28                                     Evaluator.evaluate
  package:texpr/texpr.dart 389:31                                            Texpr.evaluateParsed
  package:texpr/texpr.dart 462:12                                            Texpr.evaluate
  test/features/differentiation_test.dart 72:32                              main.<fn>.<fn>
  

[1m[36mTo run this test again:[0m /Users/xomodo/sdks/flutter/bin/cache/dart-sdk/bin/dart test test/features/differentiation_test.dart -p vm --plain-name 'Sum and Difference Rules multiple terms: d/dx(x^3 + 2x^2 - 5x + 7) = 3x^2 + 4x - 5'
00:02 [32m+975[0m[31m -63[0m: test/security/security_vulnerabilities_test.dart: Input Validation - Malicious Input expression with extremely long variable name should fail[0m                                          00:02 [32m+976[0m[31m -64[0m: test/security/security_vulnerabilities_test.dart: Input Validation - Malicious Input expression with extremely long variable name should fail[0m                                          00:02 [32m+977[0m[31m -64[0m: test/security/security_vulnerabilities_test.dart: Input Validation - Malicious Input expression with extremely long variable name should fail[0m                                          00:02 [32m+978[0m[31m -64[0m: test/security/security_vulnerabilities_test.dart: Input Validation - Malicious Input expression with extremely long variable name should fail[0m                                          00:02 [32m+979[0m[31m -64[0m: test/security/security_vulnerabilities_test.dart: Input Validation - Malicious Input expression with extremely long variable name should fail[0m                                          00:02 [32m+979[0m[31m -64[0m: test/features/differentiation_test.dart: Product Rule product rule: d/dx(x * x^2) = x^2 + x*2x = 3x^2 [1m[31m[E][0m[0m                                                                              
  EvaluatorException: Undefined variable: x
  Suggestion: Provide a value for "x" in the variables map
  package:texpr/src/visitors/evaluation_visitor.dart 154:5                   EvaluationVisitor.visitVariable
  package:texpr/src/ast/basic.dart 56:20                                     Variable.accept
  package:texpr/src/visitors/evaluation_visitor.dart 79:19                   EvaluationVisitor._evaluateRaw
  package:texpr/src/visitors/evaluation_visitor.dart 163:23                  EvaluationVisitor.visitBinaryOp
  package:texpr/src/ast/operations.dart 54:20                                BinaryOp.accept
  package:texpr/src/visitors/evaluation_visitor.dart 79:19                   EvaluationVisitor._evaluateRaw
  package:texpr/src/visitors/evaluation_visitor.dart 163:23                  EvaluationVisitor.visitBinaryOp
  package:texpr/src/ast/operations.dart 54:20                                BinaryOp.accept
  package:texpr/src/visitors/evaluation_visitor.dart 79:19                   EvaluationVisitor._evaluateRaw
  package:texpr/src/visitors/evaluation_visitor.dart 89:17                   EvaluationVisitor._evaluateAsDouble
  package:texpr/src/features/calculus/differentiation_evaluator.dart 493:21  DifferentiationEvaluator.evaluateDerivative
  package:texpr/src/visitors/evaluation_visitor.dart 272:38                  EvaluationVisitor.visitDerivativeExpr
  package:texpr/src/ast/calculus.dart 221:20                                 DerivativeExpr.accept
  package:texpr/src/evaluator.dart 77:28                                     Evaluator.evaluate
  package:texpr/texpr.dart 389:31                                            Texpr.evaluateParsed
  package:texpr/texpr.dart 462:12                                            Texpr.evaluate
  test/features/differentiation_test.dart 80:32                              main.<fn>.<fn>
  

[1m[36mTo run this test again:[0m /Users/xomodo/sdks/flutter/bin/cache/dart-sdk/bin/dart test test/features/differentiation_test.dart -p vm --plain-name 'Product Rule product rule: d/dx(x * x^2) = x^2 + x*2x = 3x^2'
00:02 [32m+980[0m[31m -64[0m: test/security/security_vulnerabilities_test.dart: Input Validation - Malicious Input expression with extremely long variable name should fail[0m                                          00:02 [32m+981[0m[31m -64[0m: test/security/security_vulnerabilities_test.dart: Input Validation - Malicious Input expression with extremely long variable name should fail[0m                                          00:02 [32m+982[0m[31m -64[0m: test/security/security_vulnerabilities_test.dart: Input Validation - Malicious Input expression with extremely long variable name should fail[0m                                          00:02 [32m+983[0m[31m -65[0m: test/security/security_vulnerabilities_test.dart: Input Validation - Malicious Input expression with extremely long variable name should fail[0m                                          00:02 [32m+984[0m[31m -65[0m: test/security/security_vulnerabilities_test.dart: Input Validation - Malicious Input expression with extremely long variable name should fail[0m                                          00:02 [32m+984[0m[31m -65[0m: test/features/differentiation_test.dart: Product Rule product rule: d/dx((x+1)(x-1)) = (x-1) + (x+1) [1m[31m[E][0m[0m                                                                               
  EvaluatorException: Undefined variable: x
  Suggestion: Provide a value for "x" in the variables map
  package:texpr/src/visitors/evaluation_visitor.dart 154:5                   EvaluationVisitor.visitVariable
  package:texpr/src/ast/basic.dart 56:20                                     Variable.accept
  package:texpr/src/visitors/evaluation_visitor.dart 79:19                   EvaluationVisitor._evaluateRaw
  package:texpr/src/visitors/evaluation_visitor.dart 163:23                  EvaluationVisitor.visitBinaryOp
  package:texpr/src/ast/operations.dart 54:20                                BinaryOp.accept
  package:texpr/src/visitors/evaluation_visitor.dart 79:19                   EvaluationVisitor._evaluateRaw
  package:texpr/src/visitors/evaluation_visitor.dart 174:24                  EvaluationVisitor.visitBinaryOp
  package:texpr/src/ast/operations.dart 54:20                                BinaryOp.accept
  package:texpr/src/visitors/evaluation_visitor.dart 79:19                   EvaluationVisitor._evaluateRaw
  package:texpr/src/visitors/evaluation_visitor.dart 163:23                  EvaluationVisitor.visitBinaryOp
  package:texpr/src/ast/operations.dart 54:20                                BinaryOp.accept
  package:texpr/src/visitors/evaluation_visitor.dart 79:19                   EvaluationVisitor._evaluateRaw
  package:texpr/src/visitors/evaluation_visitor.dart 89:17                   EvaluationVisitor._evaluateAsDouble
  package:texpr/src/features/calculus/differentiation_evaluator.dart 493:21  DifferentiationEvaluator.evaluateDerivative
  package:texpr/src/visitors/evaluation_visitor.dart 272:38                  EvaluationVisitor.visitDerivativeExpr
  package:texpr/src/ast/calculus.dart 221:20                                 DerivativeExpr.accept
  package:texpr/src/evaluator.dart 77:28                                     Evaluator.evaluate
  package:texpr/texpr.dart 389:31                                            Texpr.evaluateParsed
  package:texpr/texpr.dart 462:12                                            Texpr.evaluate
  test/features/differentiation_test.dart 86:32                              main.<fn>.<fn>
  

[1m[36mTo run this test again:[0m /Users/xomodo/sdks/flutter/bin/cache/dart-sdk/bin/dart test test/features/differentiation_test.dart -p vm --plain-name 'Product Rule product rule: d/dx((x+1)(x-1)) = (x-1) + (x+1)'
00:02 [32m+985[0m[31m -65[0m: test/security/security_vulnerabilities_test.dart: Input Validation - Malicious Input expression with extremely long variable name should fail[0m                                          00:02 [32m+986[0m[31m -66[0m: test/security/security_vulnerabilities_test.dart: Input Validation - Malicious Input expression with extremely long variable name should fail[0m                                          00:02 [32m+987[0m[31m -67[0m: test/security/security_vulnerabilities_test.dart: Input Validation - Malicious Input expression with extremely long variable name should fail[0m                                          00:02 [32m+987[0m[31m -67[0m: test/features/differentiation_test.dart: Product Rule product rule with constants: d/dx(5x * 3x) = 30x [1m[31m[E][0m[0m                                                                             
  EvaluatorException: Undefined variable: x
  Suggestion: Provide a value for "x" in the variables map
  package:texpr/src/visitors/evaluation_visitor.dart 154:5                   EvaluationVisitor.visitVariable
  package:texpr/src/ast/basic.dart 56:20                                     Variable.accept
  package:texpr/src/visitors/evaluation_visitor.dart 79:19                   EvaluationVisitor._evaluateRaw
  package:texpr/src/visitors/evaluation_visitor.dart 174:24                  EvaluationVisitor.visitBinaryOp
  package:texpr/src/ast/operations.dart 54:20                                BinaryOp.accept
  package:texpr/src/visitors/evaluation_visitor.dart 79:19                   EvaluationVisitor._evaluateRaw
  package:texpr/src/visitors/evaluation_visitor.dart 163:23                  EvaluationVisitor.visitBinaryOp
  package:texpr/src/ast/operations.dart 54:20                                BinaryOp.accept
  package:texpr/src/visitors/evaluation_visitor.dart 79:19                   EvaluationVisitor._evaluateRaw
  package:texpr/src/visitors/evaluation_visitor.dart 89:17                   EvaluationVisitor._evaluateAsDouble
  package:texpr/src/features/calculus/differentiation_evaluator.dart 493:21  DifferentiationEvaluator.evaluateDerivative
  package:texpr/src/visitors/evaluation_visitor.dart 272:38                  EvaluationVisitor.visitDerivativeExpr
  package:texpr/src/ast/calculus.dart 221:20                                 DerivativeExpr.accept
  package:texpr/src/evaluator.dart 77:28                                     Evaluator.evaluate
  package:texpr/texpr.dart 389:31                                            Texpr.evaluateParsed
  package:texpr/texpr.dart 462:12                                            Texpr.evaluate
  test/features/differentiation_test.dart 92:32                              main.<fn>.<fn>
  

[1m[36mTo run this test again:[0m /Users/xomodo/sdks/flutter/bin/cache/dart-sdk/bin/dart test test/features/differentiation_test.dart -p vm --plain-name 'Product Rule product rule with constants: d/dx(5x * 3x) = 30x'
00:02 [32m+988[0m[31m -67[0m: test/security/security_vulnerabilities_test.dart: Input Validation - Malicious Input expression with extremely long variable name should fail[0m                                          00:02 [32m+988[0m[31m -68[0m: test/features/differentiation_test.dart: Quotient Rule quotient rule: d/dx(x^2 / x) = d/dx(x) = 1 [1m[31m[E][0m[0m                                                                                  
  EvaluatorException: Undefined variable: x
  Suggestion: Provide a value for "x" in the variables map
  package:texpr/src/visitors/evaluation_visitor.dart 154:5                   EvaluationVisitor.visitVariable
  package:texpr/src/ast/basic.dart 56:20                                     Variable.accept
  package:texpr/src/visitors/evaluation_visitor.dart 79:19                   EvaluationVisitor._evaluateRaw
  package:texpr/src/visitors/evaluation_visitor.dart 163:23                  EvaluationVisitor.visitBinaryOp
  package:texpr/src/ast/operations.dart 54:20                                BinaryOp.accept
  package:texpr/src/visitors/evaluation_visitor.dart 79:19                   EvaluationVisitor._evaluateRaw
  package:texpr/src/visitors/evaluation_visitor.dart 174:24                  EvaluationVisitor.visitBinaryOp
  package:texpr/src/ast/operations.dart 54:20                                BinaryOp.accept
  package:texpr/src/visitors/evaluation_visitor.dart 79:19                   EvaluationVisitor._evaluateRaw
  package:texpr/src/visitors/evaluation_visitor.dart 163:23                  EvaluationVisitor.visitBinaryOp
  package:texpr/src/ast/operations.dart 54:20                                BinaryOp.accept
  package:texpr/src/visitors/evaluation_visitor.dart 79:19                   EvaluationVisitor._evaluateRaw
  package:texpr/src/visitors/evaluation_visitor.dart 163:23                  EvaluationVisitor.visitBinaryOp
  package:texpr/src/ast/operations.dart 54:20                                BinaryOp.accept
  package:texpr/src/visitors/evaluation_visitor.dart 79:19                   EvaluationVisitor._evaluateRaw
  package:texpr/src/visitors/evaluation_visitor.dart 163:23                  EvaluationVisitor.visitBinaryOp
  package:texpr/src/ast/operations.dart 54:20                                BinaryOp.accept
  package:texpr/src/visitors/evaluation_visitor.dart 79:19                   EvaluationVisitor._evaluateRaw
  package:texpr/src/visitors/evaluation_visitor.dart 89:17                   EvaluationVisitor._evaluateAsDouble
  package:texpr/src/features/calculus/differentiation_evaluator.dart 493:21  DifferentiationEvaluator.evaluateDerivative
  package:texpr/src/visitors/evaluation_visitor.dart 272:38                  EvaluationVisitor.visitDerivativeExpr
  package:texpr/src/ast/calculus.dart 221:20                                 DerivativeExpr.accept
  package:texpr/src/evaluator.dart 77:28                                     Evaluator.evaluate
  package:texpr/texpr.dart 389:31                                            Texpr.evaluateParsed
  package:texpr/texpr.dart 462:12                                            Texpr.evaluate
  test/features/differentiation_test.dart 100:32                             main.<fn>.<fn>
  

[1m[36mTo run this test again:[0m /Users/xomodo/sdks/flutter/bin/cache/dart-sdk/bin/dart test test/features/differentiation_test.dart -p vm --plain-name 'Quotient Rule quotient rule: d/dx(x^2 / x) = d/dx(x) = 1'
00:02 [32m+989[0m[31m -68[0m: test/security/security_vulnerabilities_test.dart: Input Validation - Malicious Input expression with extremely long variable name should fail[0m                                          00:02 [32m+990[0m[31m -69[0m: test/security/security_vulnerabilities_test.dart: Input Validation - Malicious Input expression with extremely long variable name should fail[0m                                          00:02 [32m+990[0m[31m -69[0m: test/features/differentiation_test.dart: Quotient Rule quotient rule: d/dx(1/x) = -1/x^2 [1m[31m[E][0m[0m                                                                                           
  EvaluatorException: Undefined variable: x
  Suggestion: Provide a value for "x" in the variables map
  package:texpr/src/visitors/evaluation_visitor.dart 154:5                   EvaluationVisitor.visitVariable
  package:texpr/src/ast/basic.dart 56:20                                     Variable.accept
  package:texpr/src/visitors/evaluation_visitor.dart 79:19                   EvaluationVisitor._evaluateRaw
  package:texpr/src/visitors/evaluation_visitor.dart 163:23                  EvaluationVisitor.visitBinaryOp
  package:texpr/src/ast/operations.dart 54:20                                BinaryOp.accept
  package:texpr/src/visitors/evaluation_visitor.dart 79:19                   EvaluationVisitor._evaluateRaw
  package:texpr/src/visitors/evaluation_visitor.dart 174:24                  EvaluationVisitor.visitBinaryOp
  package:texpr/src/ast/operations.dart 54:20                                BinaryOp.accept
  package:texpr/src/visitors/evaluation_visitor.dart 79:19                   EvaluationVisitor._evaluateRaw
  package:texpr/src/visitors/evaluation_visitor.dart 89:17                   EvaluationVisitor._evaluateAsDouble
  package:texpr/src/features/calculus/differentiation_evaluator.dart 493:21  DifferentiationEvaluator.evaluateDerivative
  package:texpr/src/visitors/evaluation_visitor.dart 272:38                  EvaluationVisitor.visitDerivativeExpr
  package:texpr/src/ast/calculus.dart 221:20                                 DerivativeExpr.accept
  package:texpr/src/evaluator.dart 77:28                                     Evaluator.evaluate
  package:texpr/texpr.dart 389:31                                            Texpr.evaluateParsed
  package:texpr/texpr.dart 462:12                                            Texpr.evaluate
  test/features/differentiation_test.dart 106:32                             main.<fn>.<fn>
  

[1m[36mTo run this test again:[0m /Users/xomodo/sdks/flutter/bin/cache/dart-sdk/bin/dart test test/features/differentiation_test.dart -p vm --plain-name 'Quotient Rule quotient rule: d/dx(1/x) = -1/x^2'
00:02 [32m+991[0m[31m -69[0m: test/security/security_vulnerabilities_test.dart: Input Validation - Malicious Input expression with extremely long variable name should fail[0m                                          00:02 [32m+992[0m[31m -70[0m: test/security/security_vulnerabilities_test.dart: Input Validation - Malicious Input expression with extremely long variable name should fail[0m                                          00:02 [32m+992[0m[31m -70[0m: test/features/differentiation_test.dart: Quotient Rule quotient rule: d/dx(x/(x+1)) [1m[31m[E][0m[0m                                                                                                
  EvaluatorException: Undefined variable: x
  Suggestion: Provide a value for "x" in the variables map
  package:texpr/src/visitors/evaluation_visitor.dart 154:5                   EvaluationVisitor.visitVariable
  package:texpr/src/ast/basic.dart 56:20                                     Variable.accept
  package:texpr/src/visitors/evaluation_visitor.dart 79:19                   EvaluationVisitor._evaluateRaw
  package:texpr/src/visitors/evaluation_visitor.dart 163:23                  EvaluationVisitor.visitBinaryOp
  package:texpr/src/ast/operations.dart 54:20                                BinaryOp.accept
  package:texpr/src/visitors/evaluation_visitor.dart 79:19                   EvaluationVisitor._evaluateRaw
  package:texpr/src/visitors/evaluation_visitor.dart 163:23                  EvaluationVisitor.visitBinaryOp
  package:texpr/src/ast/operations.dart 54:20                                BinaryOp.accept
  package:texpr/src/visitors/evaluation_visitor.dart 79:19                   EvaluationVisitor._evaluateRaw
  package:texpr/src/visitors/evaluation_visitor.dart 163:23                  EvaluationVisitor.visitBinaryOp
  package:texpr/src/ast/operations.dart 54:20                                BinaryOp.accept
  package:texpr/src/visitors/evaluation_visitor.dart 79:19                   EvaluationVisitor._evaluateRaw
  package:texpr/src/visitors/evaluation_visitor.dart 89:17                   EvaluationVisitor._evaluateAsDouble
  package:texpr/src/features/calculus/differentiation_evaluator.dart 493:21  DifferentiationEvaluator.evaluateDerivative
  package:texpr/src/visitors/evaluation_visitor.dart 272:38                  EvaluationVisitor.visitDerivativeExpr
  package:texpr/src/ast/calculus.dart 221:20                                 DerivativeExpr.accept
  package:texpr/src/evaluator.dart 77:28                                     Evaluator.evaluate
  package:texpr/texpr.dart 389:31                                            Texpr.evaluateParsed
  package:texpr/texpr.dart 462:12                                            Texpr.evaluate
  test/features/differentiation_test.dart 112:32                             main.<fn>.<fn>
  

[1m[36mTo run this test again:[0m /Users/xomodo/sdks/flutter/bin/cache/dart-sdk/bin/dart test test/features/differentiation_test.dart -p vm --plain-name 'Quotient Rule quotient rule: d/dx(x/(x+1))'
00:02 [32m+993[0m[31m -70[0m: test/security/security_vulnerabilities_test.dart: Input Validation - Malicious Input expression with extremely long variable name should fail[0m                                          00:02 [32m+993[0m[31m -71[0m: test/features/differentiation_test.dart: Chain Rule chain rule: d/dx((x^2)^3) = 6x^5 [1m[31m[E][0m[0m                                                                                               
  EvaluatorException: Undefined variable: x
  Suggestion: Provide a value for "x" in the variables map
  package:texpr/src/visitors/evaluation_visitor.dart 154:5                   EvaluationVisitor.visitVariable
  package:texpr/src/ast/basic.dart 56:20                                     Variable.accept
  package:texpr/src/visitors/evaluation_visitor.dart 79:19                   EvaluationVisitor._evaluateRaw
  package:texpr/src/visitors/evaluation_visitor.dart 163:23                  EvaluationVisitor.visitBinaryOp
  package:texpr/src/ast/operations.dart 54:20                                BinaryOp.accept
  package:texpr/src/visitors/evaluation_visitor.dart 79:19                   EvaluationVisitor._evaluateRaw
  package:texpr/src/visitors/evaluation_visitor.dart 163:23                  EvaluationVisitor.visitBinaryOp
  package:texpr/src/ast/operations.dart 54:20                                BinaryOp.accept
  package:texpr/src/visitors/evaluation_visitor.dart 79:19                   EvaluationVisitor._evaluateRaw
  package:texpr/src/visitors/evaluation_visitor.dart 174:24                  EvaluationVisitor.visitBinaryOp
  package:texpr/src/ast/operations.dart 54:20                                BinaryOp.accept
  package:texpr/src/visitors/evaluation_visitor.dart 79:19                   EvaluationVisitor._evaluateRaw
  package:texpr/src/visitors/evaluation_visitor.dart 163:23                  EvaluationVisitor.visitBinaryOp
  package:texpr/src/ast/operations.dart 54:20                                BinaryOp.accept
  package:texpr/src/visitors/evaluation_visitor.dart 79:19                   EvaluationVisitor._evaluateRaw
  package:texpr/src/visitors/evaluation_visitor.dart 89:17                   EvaluationVisitor._evaluateAsDouble
  package:texpr/src/features/calculus/differentiation_evaluator.dart 493:21  DifferentiationEvaluator.evaluateDerivative
  package:texpr/src/visitors/evaluation_visitor.dart 272:38                  EvaluationVisitor.visitDerivativeExpr
  package:texpr/src/ast/calculus.dart 221:20                                 DerivativeExpr.accept
  package:texpr/src/evaluator.dart 77:28                                     Evaluator.evaluate
  package:texpr/texpr.dart 389:31                                            Texpr.evaluateParsed
  package:texpr/texpr.dart 462:12                                            Texpr.evaluate
  test/features/differentiation_test.dart 121:32                             main.<fn>.<fn>
  

[1m[36mTo run this test again:[0m /Users/xomodo/sdks/flutter/bin/cache/dart-sdk/bin/dart test test/features/differentiation_test.dart -p vm --plain-name 'Chain Rule chain rule: d/dx((x^2)^3) = 6x^5'
00:02 [32m+994[0m[31m -71[0m: test/security/security_vulnerabilities_test.dart: Input Validation - Malicious Input expression with extremely long variable name should fail[0m                                          00:02 [32m+995[0m[31m -71[0m: test/security/security_vulnerabilities_test.dart: Input Validation - Malicious Input expression with extremely long variable name should fail[0m                                          00:02 [32m+996[0m[31m -71[0m: test/security/security_vulnerabilities_test.dart: Input Validation - Malicious Input expression with extremely long variable name should fail[0m                                          00:02 [32m+996[0m[31m -72[0m: test/features/differentiation_test.dart: Chain Rule chain rule: d/dx(sin(x^2)) = 2x*cos(x^2) [1m[31m[E][0m[0m                                                                                       
  EvaluatorException: Undefined variable: x
  Suggestion: Provide a value for "x" in the variables map
  package:texpr/src/visitors/evaluation_visitor.dart 154:5                   EvaluationVisitor.visitVariable
  package:texpr/src/ast/basic.dart 56:20                                     Variable.accept
  package:texpr/src/visitors/evaluation_visitor.dart 79:19                   EvaluationVisitor._evaluateRaw
  package:texpr/src/visitors/evaluation_visitor.dart 163:23                  EvaluationVisitor.visitBinaryOp
  package:texpr/src/ast/operations.dart 54:20                                BinaryOp.accept
  package:texpr/src/visitors/evaluation_visitor.dart 79:19                   EvaluationVisitor._evaluateRaw
  package:texpr/src/visitors/evaluation_visitor.dart 213:14                  EvaluationVisitor.visitFunctionCall.<fn>
  package:texpr/src/functions/trigonometric.dart 22:23                       handleCos
  package:texpr/src/functions/function_registry.dart 158:19                  FunctionRegistry.evaluate
  package:texpr/src/visitors/evaluation_visitor.dart 210:38                  EvaluationVisitor.visitFunctionCall
  package:texpr/src/ast/functions.dart 92:20                                 FunctionCall.accept
  package:texpr/src/visitors/evaluation_visitor.dart 79:19                   EvaluationVisitor._evaluateRaw
  package:texpr/src/visitors/evaluation_visitor.dart 163:23                  EvaluationVisitor.visitBinaryOp
  package:texpr/src/ast/operations.dart 54:20                                BinaryOp.accept
  package:texpr/src/visitors/evaluation_visitor.dart 79:19                   EvaluationVisitor._evaluateRaw
  package:texpr/src/visitors/evaluation_visitor.dart 89:17                   EvaluationVisitor._evaluateAsDouble
  package:texpr/src/features/calculus/differentiation_evaluator.dart 493:21  DifferentiationEvaluator.evaluateDerivative
  package:texpr/src/visitors/evaluation_visitor.dart 272:38                  EvaluationVisitor.visitDerivativeExpr
  package:texpr/src/ast/calculus.dart 221:20                                 DerivativeExpr.accept
  package:texpr/src/evaluator.dart 77:28                                     Evaluator.evaluate
  package:texpr/texpr.dart 389:31                                            Texpr.evaluateParsed
  package:texpr/texpr.dart 462:12                                            Texpr.evaluate
  test/features/differentiation_test.dart 127:32                             main.<fn>.<fn>
  

[1m[36mTo run this test again:[0m /Users/xomodo/sdks/flutter/bin/cache/dart-sdk/bin/dart test test/features/differentiation_test.dart -p vm --plain-name 'Chain Rule chain rule: d/dx(sin(x^2)) = 2x*cos(x^2)'
00:02 [32m+997[0m[31m -73[0m: test/security/security_vulnerabilities_test.dart: Input Validation - Malicious Input expression with extremely long variable name should fail[0m                                          00:02 [32m+997[0m[31m -73[0m: test/features/differentiation_test.dart: Chain Rule chain rule: d/dx(e^(x^2)) = 2x*e^(x^2) [1m[31m[E][0m[0m                                                                                         
  EvaluatorException: Undefined variable: x
  Suggestion: Provide a value for "x" in the variables map
  package:texpr/src/visitors/evaluation_visitor.dart 154:5                   EvaluationVisitor.visitVariable
  package:texpr/src/ast/basic.dart 56:20                                     Variable.accept
  package:texpr/src/visitors/evaluation_visitor.dart 79:19                   EvaluationVisitor._evaluateRaw
  package:texpr/src/visitors/evaluation_visitor.dart 163:23                  EvaluationVisitor.visitBinaryOp
  package:texpr/src/ast/operations.dart 54:20                                BinaryOp.accept
  package:texpr/src/visitors/evaluation_visitor.dart 79:19                   EvaluationVisitor._evaluateRaw
  package:texpr/src/visitors/evaluation_visitor.dart 213:14                  EvaluationVisitor.visitFunctionCall.<fn>
  package:texpr/src/functions/power.dart 57:23                               handleExp
  package:texpr/src/functions/function_registry.dart 158:19                  FunctionRegistry.evaluate
  package:texpr/src/visitors/evaluation_visitor.dart 210:38                  EvaluationVisitor.visitFunctionCall
  package:texpr/src/ast/functions.dart 92:20                                 FunctionCall.accept
  package:texpr/src/visitors/evaluation_visitor.dart 79:19                   EvaluationVisitor._evaluateRaw
  package:texpr/src/visitors/evaluation_visitor.dart 163:23                  EvaluationVisitor.visitBinaryOp
  package:texpr/src/ast/operations.dart 54:20                                BinaryOp.accept
  package:texpr/src/visitors/evaluation_visitor.dart 79:19                   EvaluationVisitor._evaluateRaw
  package:texpr/src/visitors/evaluation_visitor.dart 89:17                   EvaluationVisitor._evaluateAsDouble
  package:texpr/src/features/calculus/differentiation_evaluator.dart 493:21  DifferentiationEvaluator.evaluateDerivative
  package:texpr/src/visitors/evaluation_visitor.dart 272:38                  EvaluationVisitor.visitDerivativeExpr
  package:texpr/src/ast/calculus.dart 221:20                                 DerivativeExpr.accept
  package:texpr/src/evaluator.dart 77:28                                     Evaluator.evaluate
  package:texpr/texpr.dart 389:31                                            Texpr.evaluateParsed
  package:texpr/texpr.dart 462:12                                            Texpr.evaluate
  test/features/differentiation_test.dart 134:32                             main.<fn>.<fn>
  

[1m[36mTo run this test again:[0m /Users/xomodo/sdks/flutter/bin/cache/dart-sdk/bin/dart test test/features/differentiation_test.dart -p vm --plain-name 'Chain Rule chain rule: d/dx(e^(x^2)) = 2x*e^(x^2)'
00:02 [32m+998[0m[31m -73[0m: test/security/security_vulnerabilities_test.dart: Input Validation - Malicious Input expression with extremely long variable name should fail[0m                                          00:02 [32m+998[0m[31m -74[0m: test/features/differentiation_test.dart: Trigonometric Functions d/dx(sin(x)) = cos(x) [1m[31m[E][0m[0m                                                                                             
  EvaluatorException: Undefined variable: x
  Suggestion: Provide a value for "x" in the variables map
  package:texpr/src/visitors/evaluation_visitor.dart 154:5                   EvaluationVisitor.visitVariable
  package:texpr/src/ast/basic.dart 56:20                                     Variable.accept
  package:texpr/src/visitors/evaluation_visitor.dart 79:19                   EvaluationVisitor._evaluateRaw
  package:texpr/src/visitors/evaluation_visitor.dart 213:14                  EvaluationVisitor.visitFunctionCall.<fn>
  package:texpr/src/functions/trigonometric.dart 22:23                       handleCos
  package:texpr/src/functions/function_registry.dart 158:19                  FunctionRegistry.evaluate
  package:texpr/src/visitors/evaluation_visitor.dart 210:38                  EvaluationVisitor.visitFunctionCall
  package:texpr/src/ast/functions.dart 92:20                                 FunctionCall.accept
  package:texpr/src/visitors/evaluation_visitor.dart 79:19                   EvaluationVisitor._evaluateRaw
  package:texpr/src/visitors/evaluation_visitor.dart 89:17                   EvaluationVisitor._evaluateAsDouble
  package:texpr/src/features/calculus/differentiation_evaluator.dart 493:21  DifferentiationEvaluator.evaluateDerivative
  package:texpr/src/visitors/evaluation_visitor.dart 272:38                  EvaluationVisitor.visitDerivativeExpr
  package:texpr/src/ast/calculus.dart 221:20                                 DerivativeExpr.accept
  package:texpr/src/evaluator.dart 77:28                                     Evaluator.evaluate
  package:texpr/texpr.dart 389:31                                            Texpr.evaluateParsed
  package:texpr/texpr.dart 462:12                                            Texpr.evaluate
  test/features/differentiation_test.dart 143:32                             main.<fn>.<fn>
  

[1m[36mTo run this test again:[0m /Users/xomodo/sdks/flutter/bin/cache/dart-sdk/bin/dart test test/features/differentiation_test.dart -p vm --plain-name 'Trigonometric Functions d/dx(sin(x)) = cos(x)'
00:02 [32m+998[0m[31m -74[0m: test/features/conditions_edge_cases_test.dart: Conditions Edge Cases Zero boundary positive [1m[31m[E][0m[0m                                                                                        
  EvaluatorException: Undefined variable: x
  Suggestion: Provide a value for "x" in the variables map
  package:texpr/src/visitors/evaluation_visitor.dart 154:5           EvaluationVisitor.visitVariable
  package:texpr/src/ast/basic.dart 56:20                             Variable.accept
  package:texpr/src/visitors/evaluation_visitor.dart 79:19           EvaluationVisitor._evaluateRaw
  package:texpr/src/visitors/evaluation_visitor.dart 89:17           EvaluationVisitor._evaluateAsDouble
  package:texpr/src/features/logic/comparison_evaluator.dart 21:35   ComparisonEvaluator.evaluateComparison
  package:texpr/src/visitors/evaluation_visitor.dart 385:33          EvaluationVisitor.visitComparison
  package:texpr/src/ast/logic.dart 40:20                             Comparison.accept
  package:texpr/src/visitors/evaluation_visitor.dart 79:19           EvaluationVisitor._evaluateRaw
  package:texpr/src/visitors/evaluation_visitor.dart 89:17           EvaluationVisitor._evaluateAsDouble
  package:texpr/src/features/logic/comparison_evaluator.dart 107:46  ComparisonEvaluator.evaluateConditional
  package:texpr/src/visitors/evaluation_visitor.dart 401:33          EvaluationVisitor.visitConditionalExpr
  package:texpr/src/ast/logic.dart 76:20                             ConditionalExpr.accept
  package:texpr/src/evaluator.dart 77:28                             Evaluator.evaluate
  package:texpr/texpr.dart 389:31                                    Texpr.evaluateParsed
  package:texpr/texpr.dart 462:12                                    Texpr.evaluate
  test/features/conditions_edge_cases_test.dart 68:32                main.<fn>.<fn>
  
00:02 [32m+999[0m[31m -74[0m: test/security/security_vulnerabilities_test.dart: Input Validation - Malicious Input expression with extremely long variable name should fail[0m                                          
[1m[36mTo run this test again:[0m /Users/xomodo/sdks/flutter/bin/cache/dart-sdk/bin/dart test test/features/conditions_edge_cases_test.dart -p vm --plain-name 'Conditions Edge Cases Zero boundary positive'
00:02 [32m+999[0m[31m -75[0m: test/features/differentiation_test.dart: Trigonometric Functions d/dx(cos(x)) = -sin(x) [1m[31m[E][0m[0m                                                                                            
  EvaluatorException: Undefined variable: x
  Suggestion: Provide a value for "x" in the variables map
  package:texpr/src/visitors/evaluation_visitor.dart 154:5                   EvaluationVisitor.visitVariable
  package:texpr/src/ast/basic.dart 56:20                                     Variable.accept
  package:texpr/src/visitors/evaluation_visitor.dart 79:19                   EvaluationVisitor._evaluateRaw
  package:texpr/src/visitors/evaluation_visitor.dart 213:14                  EvaluationVisitor.visitFunctionCall.<fn>
  package:texpr/src/functions/trigonometric.dart 13:23                       handleSin
  package:texpr/src/functions/function_registry.dart 158:19                  FunctionRegistry.evaluate
  package:texpr/src/visitors/evaluation_visitor.dart 210:38                  EvaluationVisitor.visitFunctionCall
  package:texpr/src/ast/functions.dart 92:20                                 FunctionCall.accept
  package:texpr/src/visitors/evaluation_visitor.dart 79:19                   EvaluationVisitor._evaluateRaw
  package:texpr/src/visitors/evaluation_visitor.dart 182:26                  EvaluationVisitor.visitUnaryOp
  package:texpr/src/ast/operations.dart 148:20                               UnaryOp.accept
  package:texpr/src/visitors/evaluation_visitor.dart 79:19                   EvaluationVisitor._evaluateRaw
  package:texpr/src/visitors/evaluation_visitor.dart 89:17                   EvaluationVisitor._evaluateAsDouble
  package:texpr/src/features/calculus/differentiation_evaluator.dart 493:21  DifferentiationEvaluator.evaluateDerivative
  package:texpr/src/visitors/evaluation_visitor.dart 272:38                  EvaluationVisitor.visitDerivativeExpr
  package:texpr/src/ast/calculus.dart 221:20                                 DerivativeExpr.accept
  package:texpr/src/evaluator.dart 77:28                                     Evaluator.evaluate
  package:texpr/texpr.dart 389:31                                            Texpr.evaluateParsed
  package:texpr/texpr.dart 462:12                                            Texpr.evaluate
  test/features/differentiation_test.dart 149:32                             main.<fn>.<fn>
  

[1m[36mTo run this test again:[0m /Users/xomodo/sdks/flutter/bin/cache/dart-sdk/bin/dart test test/features/differentiation_test.dart -p vm --plain-name 'Trigonometric Functions d/dx(cos(x)) = -sin(x)'
00:02 [32m+1000[0m[31m -75[0m: test/security/security_vulnerabilities_test.dart: Input Validation - Malicious Input expression with extremely long variable name should fail[0m                                         00:02 [32m+1001[0m[31m -77[0m: test/security/security_vulnerabilities_test.dart: Input Validation - Malicious Input expression with extremely long variable name should fail[0m                                         00:02 [32m+1001[0m[31m -77[0m: test/features/differentiation_test.dart: Trigonometric Functions d/dx(tan(x)) = sec^2(x) [1m[31m[E][0m[0m                                                                                          
  EvaluatorException: Undefined variable: x
  Suggestion: Provide a value for "x" in the variables map
  package:texpr/src/visitors/evaluation_visitor.dart 154:5                   EvaluationVisitor.visitVariable
  package:texpr/src/ast/basic.dart 56:20                                     Variable.accept
  package:texpr/src/visitors/evaluation_visitor.dart 79:19                   EvaluationVisitor._evaluateRaw
  package:texpr/src/visitors/evaluation_visitor.dart 213:14                  EvaluationVisitor.visitFunctionCall.<fn>
  package:texpr/src/functions/trigonometric.dart 22:23                       handleCos
  package:texpr/src/functions/function_registry.dart 158:19                  FunctionRegistry.evaluate
  package:texpr/src/visitors/evaluation_visitor.dart 210:38                  EvaluationVisitor.visitFunctionCall
  package:texpr/src/ast/functions.dart 92:20                                 FunctionCall.accept
  package:texpr/src/visitors/evaluation_visitor.dart 79:19                   EvaluationVisitor._evaluateRaw
  package:texpr/src/visitors/evaluation_visitor.dart 163:23                  EvaluationVisitor.visitBinaryOp
  package:texpr/src/ast/operations.dart 54:20                                BinaryOp.accept
  package:texpr/src/visitors/evaluation_visitor.dart 79:19                   EvaluationVisitor._evaluateRaw
  package:texpr/src/visitors/evaluation_visitor.dart 174:24                  EvaluationVisitor.visitBinaryOp
  package:texpr/src/ast/operations.dart 54:20                                BinaryOp.accept
  package:texpr/src/visitors/evaluation_visitor.dart 79:19                   EvaluationVisitor._evaluateRaw
  package:texpr/src/visitors/evaluation_visitor.dart 89:17                   EvaluationVisitor._evaluateAsDouble
  package:texpr/src/features/calculus/differentiation_evaluator.dart 493:21  DifferentiationEvaluator.evaluateDerivative
  package:texpr/src/visitors/evaluation_visitor.dart 272:38                  EvaluationVisitor.visitDerivativeExpr
  package:texpr/src/ast/calculus.dart 221:20                                 DerivativeExpr.accept
  package:texpr/src/evaluator.dart 77:28                                     Evaluator.evaluate
  package:texpr/texpr.dart 389:31                                            Texpr.evaluateParsed
  package:texpr/texpr.dart 462:12                                            Texpr.evaluate
  test/features/differentiation_test.dart 155:32                             main.<fn>.<fn>
  

[1m[36mTo run this test again:[0m /Users/xomodo/sdks/flutter/bin/cache/dart-sdk/bin/dart test test/features/differentiation_test.dart -p vm --plain-name 'Trigonometric Functions d/dx(tan(x)) = sec^2(x)'
00:02 [32m+1001[0m[31m -77[0m: test/features/conditions_edge_cases_test.dart: Conditions Edge Cases Zero boundary negative [1m[31m[E][0m[0m                                                                                       
  EvaluatorException: Undefined variable: x
  Suggestion: Provide a value for "x" in the variables map
  package:texpr/src/visitors/evaluation_visitor.dart 154:5           EvaluationVisitor.visitVariable
  package:texpr/src/ast/basic.dart 56:20                             Variable.accept
  package:texpr/src/visitors/evaluation_visitor.dart 79:19           EvaluationVisitor._evaluateRaw
  package:texpr/src/visitors/evaluation_visitor.dart 89:17           EvaluationVisitor._evaluateAsDouble
  package:texpr/src/features/logic/comparison_evaluator.dart 21:35   ComparisonEvaluator.evaluateComparison
  package:texpr/src/visitors/evaluation_visitor.dart 385:33          EvaluationVisitor.visitComparison
  package:texpr/src/ast/logic.dart 40:20                             Comparison.accept
  package:texpr/src/visitors/evaluation_visitor.dart 79:19           EvaluationVisitor._evaluateRaw
  package:texpr/src/visitors/evaluation_visitor.dart 89:17           EvaluationVisitor._evaluateAsDouble
  package:texpr/src/features/logic/comparison_evaluator.dart 107:46  ComparisonEvaluator.evaluateConditional
  package:texpr/src/visitors/evaluation_visitor.dart 401:33          EvaluationVisitor.visitConditionalExpr
  package:texpr/src/ast/logic.dart 76:20                             ConditionalExpr.accept
  package:texpr/src/evaluator.dart 77:28                             Evaluator.evaluate
  package:texpr/texpr.dart 389:31                                    Texpr.evaluateParsed
  package:texpr/texpr.dart 462:12                                    Texpr.evaluate
  test/features/conditions_edge_cases_test.dart 73:32                main.<fn>.<fn>
  

[1m[36mTo run this test again:[0m /Users/xomodo/sdks/flutter/bin/cache/dart-sdk/bin/dart test test/features/conditions_edge_cases_test.dart -p vm --plain-name 'Conditions Edge Cases Zero boundary negative'
00:02 [32m+1002[0m[31m -77[0m: test/security/security_vulnerabilities_test.dart: Input Validation - Malicious Input expression with extremely long variable name should fail[0m                                         00:02 [32m+1003[0m[31m -78[0m: test/security/security_vulnerabilities_test.dart: Input Validation - Malicious Input expression with extremely long variable name should fail[0m                                         00:02 [32m+1003[0m[31m -78[0m: test/features/differentiation_test.dart: Trigonometric Functions d/dx(sin(2x)) = 2cos(2x) [1m[31m[E][0m[0m                                                                                         
  EvaluatorException: Undefined variable: x
  Suggestion: Provide a value for "x" in the variables map
  package:texpr/src/visitors/evaluation_visitor.dart 154:5                   EvaluationVisitor.visitVariable
  package:texpr/src/ast/basic.dart 56:20                                     Variable.accept
  package:texpr/src/visitors/evaluation_visitor.dart 79:19                   EvaluationVisitor._evaluateRaw
  package:texpr/src/visitors/evaluation_visitor.dart 174:24                  EvaluationVisitor.visitBinaryOp
  package:texpr/src/ast/operations.dart 54:20                                BinaryOp.accept
  package:texpr/src/visitors/evaluation_visitor.dart 79:19                   EvaluationVisitor._evaluateRaw
  package:texpr/src/visitors/evaluation_visitor.dart 213:14                  EvaluationVisitor.visitFunctionCall.<fn>
  package:texpr/src/functions/trigonometric.dart 22:23                       handleCos
  package:texpr/src/functions/function_registry.dart 158:19                  FunctionRegistry.evaluate
  package:texpr/src/visitors/evaluation_visitor.dart 210:38                  EvaluationVisitor.visitFunctionCall
  package:texpr/src/ast/functions.dart 92:20                                 FunctionCall.accept
  package:texpr/src/visitors/evaluation_visitor.dart 79:19                   EvaluationVisitor._evaluateRaw
  package:texpr/src/visitors/evaluation_visitor.dart 163:23                  EvaluationVisitor.visitBinaryOp
  package:texpr/src/ast/operations.dart 54:20                                BinaryOp.accept
  package:texpr/src/visitors/evaluation_visitor.dart 79:19                   EvaluationVisitor._evaluateRaw
  package:texpr/src/visitors/evaluation_visitor.dart 89:17                   EvaluationVisitor._evaluateAsDouble
  package:texpr/src/features/calculus/differentiation_evaluator.dart 493:21  DifferentiationEvaluator.evaluateDerivative
  package:texpr/src/visitors/evaluation_visitor.dart 272:38                  EvaluationVisitor.visitDerivativeExpr
  package:texpr/src/ast/calculus.dart 221:20                                 DerivativeExpr.accept
  package:texpr/src/evaluator.dart 77:28                                     Evaluator.evaluate
  package:texpr/texpr.dart 389:31                                            Texpr.evaluateParsed
  package:texpr/texpr.dart 462:12                                            Texpr.evaluate
  test/features/differentiation_test.dart 161:32                             main.<fn>.<fn>
  

[1m[36mTo run this test again:[0m /Users/xomodo/sdks/flutter/bin/cache/dart-sdk/bin/dart test test/features/differentiation_test.dart -p vm --plain-name 'Trigonometric Functions d/dx(sin(2x)) = 2cos(2x)'
00:02 [32m+1004[0m[31m -78[0m: test/security/security_vulnerabilities_test.dart: Input Validation - Malicious Input expression with extremely long variable name should fail[0m                                         00:02 [32m+1005[0m[31m -78[0m: test/security/security_vulnerabilities_test.dart: Input Validation - Malicious Input expression with extremely long variable name should fail[0m                                         00:02 [32m+1006[0m[31m -79[0m: test/security/security_vulnerabilities_test.dart: Input Validation - Malicious Input expression with extremely long variable name should fail[0m                                         00:02 [32m+1006[0m[31m -79[0m: test/features/differentiation_test.dart: Inverse Trigonometric Functions d/dx(arcsin(x)) = 1/sqrt(1-x^2) [1m[31m[E][0m[0m                                                                          
  EvaluatorException: Undefined variable: x
  Suggestion: Provide a value for "x" in the variables map
  package:texpr/src/visitors/evaluation_visitor.dart 154:5                   EvaluationVisitor.visitVariable
  package:texpr/src/ast/basic.dart 56:20                                     Variable.accept
  package:texpr/src/visitors/evaluation_visitor.dart 79:19                   EvaluationVisitor._evaluateRaw
  package:texpr/src/visitors/evaluation_visitor.dart 163:23                  EvaluationVisitor.visitBinaryOp
  package:texpr/src/ast/operations.dart 54:20                                BinaryOp.accept
  package:texpr/src/visitors/evaluation_visitor.dart 79:19                   EvaluationVisitor._evaluateRaw
  package:texpr/src/visitors/evaluation_visitor.dart 174:24                  EvaluationVisitor.visitBinaryOp
  package:texpr/src/ast/operations.dart 54:20                                BinaryOp.accept
  package:texpr/src/visitors/evaluation_visitor.dart 79:19                   EvaluationVisitor._evaluateRaw
  package:texpr/src/visitors/evaluation_visitor.dart 213:14                  EvaluationVisitor.visitFunctionCall.<fn>
  package:texpr/src/functions/power.dart 13:23                               handleSqrt
  package:texpr/src/functions/function_registry.dart 158:19                  FunctionRegistry.evaluate
  package:texpr/src/visitors/evaluation_visitor.dart 210:38                  EvaluationVisitor.visitFunctionCall
  package:texpr/src/ast/functions.dart 92:20                                 FunctionCall.accept
  package:texpr/src/visitors/evaluation_visitor.dart 79:19                   EvaluationVisitor._evaluateRaw
  package:texpr/src/visitors/evaluation_visitor.dart 174:24                  EvaluationVisitor.visitBinaryOp
  package:texpr/src/ast/operations.dart 54:20                                BinaryOp.accept
  package:texpr/src/visitors/evaluation_visitor.dart 79:19                   EvaluationVisitor._evaluateRaw
  package:texpr/src/visitors/evaluation_visitor.dart 89:17                   EvaluationVisitor._evaluateAsDouble
  package:texpr/src/features/calculus/differentiation_evaluator.dart 493:21  DifferentiationEvaluator.evaluateDerivative
  package:texpr/src/visitors/evaluation_visitor.dart 272:38                  EvaluationVisitor.visitDerivativeExpr
  package:texpr/src/ast/calculus.dart 221:20                                 DerivativeExpr.accept
  package:texpr/src/evaluator.dart 77:28                                     Evaluator.evaluate
  package:texpr/texpr.dart 389:31                                            Texpr.evaluateParsed
  package:texpr/texpr.dart 462:12                                            Texpr.evaluate
  test/features/differentiation_test.dart 169:32                             main.<fn>.<fn>
  

[1m[36mTo run this test again:[0m /Users/xomodo/sdks/flutter/bin/cache/dart-sdk/bin/dart test test/features/differentiation_test.dart -p vm --plain-name 'Inverse Trigonometric Functions d/dx(arcsin(x)) = 1/sqrt(1-x^2)'
00:02 [32m+1006[0m[31m -80[0m: test/features/differentiation_test.dart: Inverse Trigonometric Functions d/dx(arccos(x)) = -1/sqrt(1-x^2) [1m[31m[E][0m[0m                                                                         
  EvaluatorException: Undefined variable: x
  Suggestion: Provide a value for "x" in the variables map
  package:texpr/src/visitors/evaluation_visitor.dart 154:5                   EvaluationVisitor.visitVariable
  package:texpr/src/ast/basic.dart 56:20                                     Variable.accept
  package:texpr/src/visitors/evaluation_visitor.dart 79:19                   EvaluationVisitor._evaluateRaw
  package:texpr/src/visitors/evaluation_visitor.dart 163:23                  EvaluationVisitor.visitBinaryOp
  package:texpr/src/ast/operations.dart 54:20                                BinaryOp.accept
  package:texpr/src/visitors/evaluation_visitor.dart 79:19                   EvaluationVisitor._evaluateRaw
  package:texpr/src/visitors/evaluation_visitor.dart 174:24                  EvaluationVisitor.visitBinaryOp
  package:texpr/src/ast/operations.dart 54:20                                BinaryOp.accept
  package:texpr/src/visitors/evaluation_visitor.dart 79:19                   EvaluationVisitor._evaluateRaw
  package:texpr/src/visitors/evaluation_visitor.dart 213:14                  EvaluationVisitor.visitFunctionCall.<fn>
  package:texpr/src/functions/power.dart 13:23                               handleSqrt
  package:texpr/src/functions/function_registry.dart 158:19                  FunctionRegistry.evaluate
  package:texpr/src/visitors/evaluation_visitor.dart 210:38                  EvaluationVisitor.visitFunctionCall
  package:texpr/src/ast/functions.dart 92:20                                 FunctionCall.accept
  package:texpr/src/visitors/evaluation_visitor.dart 79:19                   EvaluationVisitor._evaluateRaw
  package:texpr/src/visitors/evaluation_visitor.dart 174:24                  EvaluationVisitor.visitBinaryOp
  package:texpr/src/ast/operations.dart 54:20                                BinaryOp.accept
  package:texpr/src/visitors/evaluation_visitor.dart 79:19                   EvaluationVisitor._evaluateRaw
  package:texpr/src/visitors/evaluation_visitor.dart 182:26                  EvaluationVisitor.visitUnaryOp
  package:texpr/src/ast/operations.dart 148:20                               UnaryOp.accept
  package:texpr/src/visitors/evaluation_visitor.dart 79:19                   EvaluationVisitor._evaluateRaw
  package:texpr/src/visitors/evaluation_visitor.dart 89:17                   EvaluationVisitor._evaluateAsDouble
  package:texpr/src/features/calculus/differentiation_evaluator.dart 493:21  DifferentiationEvaluator.evaluateDerivative
  package:texpr/src/visitors/evaluation_visitor.dart 272:38                  EvaluationVisitor.visitDerivativeExpr
  package:texpr/src/ast/calculus.dart 221:20                                 DerivativeExpr.accept
  package:texpr/src/evaluator.dart 77:28                                     Evaluator.evaluate
  package:texpr/texpr.dart 389:31                                            Texpr.evaluateParsed
  package:texpr/texpr.dart 462:12                                            Texpr.evaluate
  test/features/differentiation_test.dart 175:32                             main.<fn>.<fn>
  

[1m[36mTo run this test again:[0m /Users/xomodo/sdks/flutter/bin/cache/dart-sdk/bin/dart test test/features/differentiation_test.dart -p vm --plain-name 'Inverse Trigonometric Functions d/dx(arccos(x)) = -1/sqrt(1-x^2)'
00:02 [32m+1007[0m[31m -80[0m: test/security/security_vulnerabilities_test.dart: Input Validation - Malicious Input expression with extremely long variable name should fail[0m                                         00:02 [32m+1007[0m[31m -81[0m: test/features/differentiation_test.dart: Inverse Trigonometric Functions d/dx(arctan(x)) = 1/(1+x^2) [1m[31m[E][0m[0m                                                                              
  EvaluatorException: Undefined variable: x
  Suggestion: Provide a value for "x" in the variables map
  package:texpr/src/visitors/evaluation_visitor.dart 154:5                   EvaluationVisitor.visitVariable
  package:texpr/src/ast/basic.dart 56:20                                     Variable.accept
  package:texpr/src/visitors/evaluation_visitor.dart 79:19                   EvaluationVisitor._evaluateRaw
  package:texpr/src/visitors/evaluation_visitor.dart 163:23                  EvaluationVisitor.visitBinaryOp
  package:texpr/src/ast/operations.dart 54:20                                BinaryOp.accept
  package:texpr/src/visitors/evaluation_visitor.dart 79:19                   EvaluationVisitor._evaluateRaw
  package:texpr/src/visitors/evaluation_visitor.dart 174:24                  EvaluationVisitor.visitBinaryOp
  package:texpr/src/ast/operations.dart 54:20                                BinaryOp.accept
  package:texpr/src/visitors/evaluation_visitor.dart 79:19                   EvaluationVisitor._evaluateRaw
  package:texpr/src/visitors/evaluation_visitor.dart 174:24                  EvaluationVisitor.visitBinaryOp
  package:texpr/src/ast/operations.dart 54:20                                BinaryOp.accept
  package:texpr/src/visitors/evaluation_visitor.dart 79:19                   EvaluationVisitor._evaluateRaw
  package:texpr/src/visitors/evaluation_visitor.dart 89:17                   EvaluationVisitor._evaluateAsDouble
  package:texpr/src/features/calculus/differentiation_evaluator.dart 493:21  DifferentiationEvaluator.evaluateDerivative
  package:texpr/src/visitors/evaluation_visitor.dart 272:38                  EvaluationVisitor.visitDerivativeExpr
  package:texpr/src/ast/calculus.dart 221:20                                 DerivativeExpr.accept
  package:texpr/src/evaluator.dart 77:28                                     Evaluator.evaluate
  package:texpr/texpr.dart 389:31                                            Texpr.evaluateParsed
  package:texpr/texpr.dart 462:12                                            Texpr.evaluate
  test/features/differentiation_test.dart 181:32                             main.<fn>.<fn>
  

[1m[36mTo run this test again:[0m /Users/xomodo/sdks/flutter/bin/cache/dart-sdk/bin/dart test test/features/differentiation_test.dart -p vm --plain-name 'Inverse Trigonometric Functions d/dx(arctan(x)) = 1/(1+x^2)'
00:02 [32m+1008[0m[31m -81[0m: test/security/security_vulnerabilities_test.dart: Input Validation - Malicious Input expression with extremely long variable name should fail[0m                                         00:02 [32m+1008[0m[31m -82[0m: test/features/differentiation_test.dart: Exponential and Logarithmic Functions d/dx(e^x) = e^x [1m[31m[E][0m[0m                                                                                    
  EvaluatorException: Undefined variable: x
  Suggestion: Provide a value for "x" in the variables map
  package:texpr/src/visitors/evaluation_visitor.dart 154:5                   EvaluationVisitor.visitVariable
  package:texpr/src/ast/basic.dart 56:20                                     Variable.accept
  package:texpr/src/visitors/evaluation_visitor.dart 79:19                   EvaluationVisitor._evaluateRaw
  package:texpr/src/visitors/evaluation_visitor.dart 213:14                  EvaluationVisitor.visitFunctionCall.<fn>
  package:texpr/src/functions/power.dart 57:23                               handleExp
  package:texpr/src/functions/function_registry.dart 158:19                  FunctionRegistry.evaluate
  package:texpr/src/visitors/evaluation_visitor.dart 210:38                  EvaluationVisitor.visitFunctionCall
  package:texpr/src/ast/functions.dart 92:20                                 FunctionCall.accept
  package:texpr/src/visitors/evaluation_visitor.dart 79:19                   EvaluationVisitor._evaluateRaw
  package:texpr/src/visitors/evaluation_visitor.dart 89:17                   EvaluationVisitor._evaluateAsDouble
  package:texpr/src/features/calculus/differentiation_evaluator.dart 493:21  DifferentiationEvaluator.evaluateDerivative
  package:texpr/src/visitors/evaluation_visitor.dart 272:38                  EvaluationVisitor.visitDerivativeExpr
  package:texpr/src/ast/calculus.dart 221:20                                 DerivativeExpr.accept
  package:texpr/src/evaluator.dart 77:28                                     Evaluator.evaluate
  package:texpr/texpr.dart 389:31                                            Texpr.evaluateParsed
  package:texpr/texpr.dart 462:12                                            Texpr.evaluate
  test/features/differentiation_test.dart 189:32                             main.<fn>.<fn>
  

[1m[36mTo run this test again:[0m /Users/xomodo/sdks/flutter/bin/cache/dart-sdk/bin/dart test test/features/differentiation_test.dart -p vm --plain-name 'Exponential and Logarithmic Functions d/dx(e^x) = e^x'
00:02 [32m+1008[0m[31m -83[0m: test/features/differentiation_test.dart: Exponential and Logarithmic Functions d/dx(ln(x)) = 1/x [1m[31m[E][0m[0m                                                                                  
  EvaluatorException: Undefined variable: x
  Suggestion: Provide a value for "x" in the variables map
  package:texpr/src/visitors/evaluation_visitor.dart 154:5                   EvaluationVisitor.visitVariable
  package:texpr/src/ast/basic.dart 56:20                                     Variable.accept
  package:texpr/src/visitors/evaluation_visitor.dart 79:19                   EvaluationVisitor._evaluateRaw
  package:texpr/src/visitors/evaluation_visitor.dart 174:24                  EvaluationVisitor.visitBinaryOp
  package:texpr/src/ast/operations.dart 54:20                                BinaryOp.accept
  package:texpr/src/visitors/evaluation_visitor.dart 79:19                   EvaluationVisitor._evaluateRaw
  package:texpr/src/visitors/evaluation_visitor.dart 89:17                   EvaluationVisitor._evaluateAsDouble
  package:texpr/src/features/calculus/differentiation_evaluator.dart 493:21  DifferentiationEvaluator.evaluateDerivative
  package:texpr/src/visitors/evaluation_visitor.dart 272:38                  EvaluationVisitor.visitDerivativeExpr
  package:texpr/src/ast/calculus.dart 221:20                                 DerivativeExpr.accept
  package:texpr/src/evaluator.dart 77:28                                     Evaluator.evaluate
  package:texpr/texpr.dart 389:31                                            Texpr.evaluateParsed
  package:texpr/texpr.dart 462:12                                            Texpr.evaluate
  test/features/differentiation_test.dart 195:32                             main.<fn>.<fn>
  

[1m[36mTo run this test again:[0m /Users/xomodo/sdks/flutter/bin/cache/dart-sdk/bin/dart test test/features/differentiation_test.dart -p vm --plain-name 'Exponential and Logarithmic Functions d/dx(ln(x)) = 1/x'
00:02 [32m+1008[0m[31m -84[0m: test/features/differentiation_test.dart: Exponential and Logarithmic Functions d/dx(log(x)) = 1/(x*ln(10)) [1m[31m[E][0m[0m                                                                        
  EvaluatorException: Undefined variable: x
  Suggestion: Provide a value for "x" in the variables map
  package:texpr/src/visitors/evaluation_visitor.dart 154:5                   EvaluationVisitor.visitVariable
  package:texpr/src/ast/basic.dart 56:20                                     Variable.accept
  package:texpr/src/visitors/evaluation_visitor.dart 79:19                   EvaluationVisitor._evaluateRaw
  package:texpr/src/visitors/evaluation_visitor.dart 163:23                  EvaluationVisitor.visitBinaryOp
  package:texpr/src/ast/operations.dart 54:20                                BinaryOp.accept
  package:texpr/src/visitors/evaluation_visitor.dart 79:19                   EvaluationVisitor._evaluateRaw
  package:texpr/src/visitors/evaluation_visitor.dart 174:24                  EvaluationVisitor.visitBinaryOp
  package:texpr/src/ast/operations.dart 54:20                                BinaryOp.accept
  package:texpr/src/visitors/evaluation_visitor.dart 79:19                   EvaluationVisitor._evaluateRaw
  package:texpr/src/visitors/evaluation_visitor.dart 89:17                   EvaluationVisitor._evaluateAsDouble
  package:texpr/src/features/calculus/differentiation_evaluator.dart 493:21  DifferentiationEvaluator.evaluateDerivative
  package:texpr/src/visitors/evaluation_visitor.dart 272:38                  EvaluationVisitor.visitDerivativeExpr
  package:texpr/src/ast/calculus.dart 221:20                                 DerivativeExpr.accept
  package:texpr/src/evaluator.dart 77:28                                     Evaluator.evaluate
  package:texpr/texpr.dart 389:31                                            Texpr.evaluateParsed
  package:texpr/texpr.dart 462:12                                            Texpr.evaluate
  test/features/differentiation_test.dart 201:32                             main.<fn>.<fn>
  

[1m[36mTo run this test again:[0m /Users/xomodo/sdks/flutter/bin/cache/dart-sdk/bin/dart test test/features/differentiation_test.dart -p vm --plain-name 'Exponential and Logarithmic Functions d/dx(log(x)) = 1/(x*ln(10))'
00:02 [32m+1008[0m[31m -85[0m: test/features/differentiation_test.dart: Exponential and Logarithmic Functions d/dx(2^x) = 2^x * ln(2) [1m[31m[E][0m[0m                                                                            
  EvaluatorException: Undefined variable: x
  Suggestion: Provide a value for "x" in the variables map
  package:texpr/src/visitors/evaluation_visitor.dart 154:5                   EvaluationVisitor.visitVariable
  package:texpr/src/ast/basic.dart 56:20                                     Variable.accept
  package:texpr/src/visitors/evaluation_visitor.dart 79:19                   EvaluationVisitor._evaluateRaw
  package:texpr/src/visitors/evaluation_visitor.dart 174:24                  EvaluationVisitor.visitBinaryOp
  package:texpr/src/ast/operations.dart 54:20                                BinaryOp.accept
  package:texpr/src/visitors/evaluation_visitor.dart 79:19                   EvaluationVisitor._evaluateRaw
  package:texpr/src/visitors/evaluation_visitor.dart 163:23                  EvaluationVisitor.visitBinaryOp
  package:texpr/src/ast/operations.dart 54:20                                BinaryOp.accept
  package:texpr/src/visitors/evaluation_visitor.dart 79:19                   EvaluationVisitor._evaluateRaw
  package:texpr/src/visitors/evaluation_visitor.dart 89:17                   EvaluationVisitor._evaluateAsDouble
  package:texpr/src/features/calculus/differentiation_evaluator.dart 493:21  DifferentiationEvaluator.evaluateDerivative
  package:texpr/src/visitors/evaluation_visitor.dart 272:38                  EvaluationVisitor.visitDerivativeExpr
  package:texpr/src/ast/calculus.dart 221:20                                 DerivativeExpr.accept
  package:texpr/src/evaluator.dart 77:28                                     Evaluator.evaluate
  package:texpr/texpr.dart 389:31                                            Texpr.evaluateParsed
  package:texpr/texpr.dart 462:12                                            Texpr.evaluate
  test/features/differentiation_test.dart 208:32                             main.<fn>.<fn>
  

[1m[36mTo run this test again:[0m /Users/xomodo/sdks/flutter/bin/cache/dart-sdk/bin/dart test test/features/differentiation_test.dart -p vm --plain-name 'Exponential and Logarithmic Functions d/dx(2^x) = 2^x * ln(2)'
00:02 [32m+1008[0m[31m -86[0m: test/features/differentiation_test.dart: Square Root d/dx(sqrt(x)) = 1/(2*sqrt(x)) [1m[31m[E][0m[0m                                                                                                
  EvaluatorException: Undefined variable: x
  Suggestion: Provide a value for "x" in the variables map
  package:texpr/src/visitors/evaluation_visitor.dart 154:5                   EvaluationVisitor.visitVariable
  package:texpr/src/ast/basic.dart 56:20                                     Variable.accept
  package:texpr/src/visitors/evaluation_visitor.dart 79:19                   EvaluationVisitor._evaluateRaw
  package:texpr/src/visitors/evaluation_visitor.dart 213:14                  EvaluationVisitor.visitFunctionCall.<fn>
  package:texpr/src/functions/power.dart 13:23                               handleSqrt
  package:texpr/src/functions/function_registry.dart 158:19                  FunctionRegistry.evaluate
  package:texpr/src/visitors/evaluation_visitor.dart 210:38                  EvaluationVisitor.visitFunctionCall
  package:texpr/src/ast/functions.dart 92:20                                 FunctionCall.accept
  package:texpr/src/visitors/evaluation_visitor.dart 79:19                   EvaluationVisitor._evaluateRaw
  package:texpr/src/visitors/evaluation_visitor.dart 174:24                  EvaluationVisitor.visitBinaryOp
  package:texpr/src/ast/operations.dart 54:20                                BinaryOp.accept
  package:texpr/src/visitors/evaluation_visitor.dart 79:19                   EvaluationVisitor._evaluateRaw
  package:texpr/src/visitors/evaluation_visitor.dart 174:24                  EvaluationVisitor.visitBinaryOp
  package:texpr/src/ast/operations.dart 54:20                                BinaryOp.accept
  package:texpr/src/visitors/evaluation_visitor.dart 79:19                   EvaluationVisitor._evaluateRaw
  package:texpr/src/visitors/evaluation_visitor.dart 89:17                   EvaluationVisitor._evaluateAsDouble
  package:texpr/src/features/calculus/differentiation_evaluator.dart 493:21  DifferentiationEvaluator.evaluateDerivative
  package:texpr/src/visitors/evaluation_visitor.dart 272:38                  EvaluationVisitor.visitDerivativeExpr
  package:texpr/src/ast/calculus.dart 221:20                                 DerivativeExpr.accept
  package:texpr/src/evaluator.dart 77:28                                     Evaluator.evaluate
  package:texpr/texpr.dart 389:31                                            Texpr.evaluateParsed
  package:texpr/texpr.dart 462:12                                            Texpr.evaluate
  test/features/differentiation_test.dart 217:32                             main.<fn>.<fn>
  

[1m[36mTo run this test again:[0m /Users/xomodo/sdks/flutter/bin/cache/dart-sdk/bin/dart test test/features/differentiation_test.dart -p vm --plain-name 'Square Root d/dx(sqrt(x)) = 1/(2*sqrt(x))'
00:02 [32m+1008[0m[31m -87[0m: test/features/differentiation_test.dart: Square Root d/dx(sqrt(x^2)) = x/sqrt(x^2) [1m[31m[E][0m[0m                                                                                                
  EvaluatorException: Undefined variable: x
  Suggestion: Provide a value for "x" in the variables map
  package:texpr/src/visitors/evaluation_visitor.dart 154:5                   EvaluationVisitor.visitVariable
  package:texpr/src/ast/basic.dart 56:20                                     Variable.accept
  package:texpr/src/visitors/evaluation_visitor.dart 79:19                   EvaluationVisitor._evaluateRaw
  package:texpr/src/visitors/evaluation_visitor.dart 163:23                  EvaluationVisitor.visitBinaryOp
  package:texpr/src/ast/operations.dart 54:20                                BinaryOp.accept
  package:texpr/src/visitors/evaluation_visitor.dart 79:19                   EvaluationVisitor._evaluateRaw
  package:texpr/src/visitors/evaluation_visitor.dart 213:14                  EvaluationVisitor.visitFunctionCall.<fn>
  package:texpr/src/functions/power.dart 13:23                               handleSqrt
  package:texpr/src/functions/function_registry.dart 158:19                  FunctionRegistry.evaluate
  package:texpr/src/visitors/evaluation_visitor.dart 210:38                  EvaluationVisitor.visitFunctionCall
  package:texpr/src/ast/functions.dart 92:20                                 FunctionCall.accept
  package:texpr/src/visitors/evaluation_visitor.dart 79:19                   EvaluationVisitor._evaluateRaw
  package:texpr/src/visitors/evaluation_visitor.dart 174:24                  EvaluationVisitor.visitBinaryOp
  package:texpr/src/ast/operations.dart 54:20                                BinaryOp.accept
  package:texpr/src/visitors/evaluation_visitor.dart 79:19                   EvaluationVisitor._evaluateRaw
  package:texpr/src/visitors/evaluation_visitor.dart 174:24                  EvaluationVisitor.visitBinaryOp
  package:texpr/src/ast/operations.dart 54:20                                BinaryOp.accept
  package:texpr/src/visitors/evaluation_visitor.dart 79:19                   EvaluationVisitor._evaluateRaw
  package:texpr/src/visitors/evaluation_visitor.dart 163:23                  EvaluationVisitor.visitBinaryOp
  package:texpr/src/ast/operations.dart 54:20                                BinaryOp.accept
  package:texpr/src/visitors/evaluation_visitor.dart 79:19                   EvaluationVisitor._evaluateRaw
  package:texpr/src/visitors/evaluation_visitor.dart 89:17                   EvaluationVisitor._evaluateAsDouble
  package:texpr/src/features/calculus/differentiation_evaluator.dart 493:21  DifferentiationEvaluator.evaluateDerivative
  package:texpr/src/visitors/evaluation_visitor.dart 272:38                  EvaluationVisitor.visitDerivativeExpr
  package:texpr/src/ast/calculus.dart 221:20                                 DerivativeExpr.accept
  package:texpr/src/evaluator.dart 77:28                                     Evaluator.evaluate
  package:texpr/texpr.dart 389:31                                            Texpr.evaluateParsed
  package:texpr/texpr.dart 462:12                                            Texpr.evaluate
  test/features/differentiation_test.dart 223:32                             main.<fn>.<fn>
  

[1m[36mTo run this test again:[0m /Users/xomodo/sdks/flutter/bin/cache/dart-sdk/bin/dart test test/features/differentiation_test.dart -p vm --plain-name 'Square Root d/dx(sqrt(x^2)) = x/sqrt(x^2)'
00:02 [32m+1008[0m[31m -88[0m: test/features/differentiation_test.dart: Higher Order Derivatives second derivative: d²/dx²(x^3) = 6x [1m[31m[E][0m[0m                                                                             
  EvaluatorException: Undefined variable: x
  Suggestion: Provide a value for "x" in the variables map
  package:texpr/src/visitors/evaluation_visitor.dart 154:5                   EvaluationVisitor.visitVariable
  package:texpr/src/ast/basic.dart 56:20                                     Variable.accept
  package:texpr/src/visitors/evaluation_visitor.dart 79:19                   EvaluationVisitor._evaluateRaw
  package:texpr/src/visitors/evaluation_visitor.dart 163:23                  EvaluationVisitor.visitBinaryOp
  package:texpr/src/ast/operations.dart 54:20                                BinaryOp.accept
  package:texpr/src/visitors/evaluation_visitor.dart 79:19                   EvaluationVisitor._evaluateRaw
  package:texpr/src/visitors/evaluation_visitor.dart 174:24                  EvaluationVisitor.visitBinaryOp
  package:texpr/src/ast/operations.dart 54:20                                BinaryOp.accept
  package:texpr/src/visitors/evaluation_visitor.dart 79:19                   EvaluationVisitor._evaluateRaw
  package:texpr/src/visitors/evaluation_visitor.dart 174:24                  EvaluationVisitor.visitBinaryOp
  package:texpr/src/ast/operations.dart 54:20                                BinaryOp.accept
  package:texpr/src/visitors/evaluation_visitor.dart 79:19                   EvaluationVisitor._evaluateRaw
  package:texpr/src/visitors/evaluation_visitor.dart 174:24                  EvaluationVisitor.visitBinaryOp
  package:texpr/src/ast/operations.dart 54:20                                BinaryOp.accept
  package:texpr/src/visitors/evaluation_visitor.dart 79:19                   EvaluationVisitor._evaluateRaw
  package:texpr/src/visitors/evaluation_visitor.dart 163:23                  EvaluationVisitor.visitBinaryOp
  package:texpr/src/ast/operations.dart 54:20                                BinaryOp.accept
  package:texpr/src/visitors/evaluation_visitor.dart 79:19                   EvaluationVisitor._evaluateRaw
  package:texpr/src/visitors/evaluation_visitor.dart 89:17                   EvaluationVisitor._evaluateAsDouble
  package:texpr/src/features/calculus/differentiation_evaluator.dart 493:21  DifferentiationEvaluator.evaluateDerivative
  package:texpr/src/visitors/evaluation_visitor.dart 272:38                  EvaluationVisitor.visitDerivativeExpr
  package:texpr/src/ast/calculus.dart 221:20                                 DerivativeExpr.accept
  package:texpr/src/evaluator.dart 77:28                                     Evaluator.evaluate
  package:texpr/texpr.dart 389:31                                            Texpr.evaluateParsed
  package:texpr/texpr.dart 462:12                                            Texpr.evaluate
  test/features/differentiation_test.dart 232:32                             main.<fn>.<fn>
  

[1m[36mTo run this test again:[0m /Users/xomodo/sdks/flutter/bin/cache/dart-sdk/bin/dart test test/features/differentiation_test.dart -p vm --plain-name 'Higher Order Derivatives second derivative: d²/dx²(x^3) = 6x'
00:02 [32m+1008[0m[31m -89[0m: test/features/differentiation_test.dart: Higher Order Derivatives second derivative: d²/dx²(sin(x)) = -sin(x) [1m[31m[E][0m[0m                                                                     
  EvaluatorException: Undefined variable: x
  Suggestion: Provide a value for "x" in the variables map
  package:texpr/src/visitors/evaluation_visitor.dart 154:5                   EvaluationVisitor.visitVariable
  package:texpr/src/ast/basic.dart 56:20                                     Variable.accept
  package:texpr/src/visitors/evaluation_visitor.dart 79:19                   EvaluationVisitor._evaluateRaw
  package:texpr/src/visitors/evaluation_visitor.dart 213:14                  EvaluationVisitor.visitFunctionCall.<fn>
  package:texpr/src/functions/trigonometric.dart 13:23                       handleSin
  package:texpr/src/functions/function_registry.dart 158:19                  FunctionRegistry.evaluate
  package:texpr/src/visitors/evaluation_visitor.dart 210:38                  EvaluationVisitor.visitFunctionCall
  package:texpr/src/ast/functions.dart 92:20                                 FunctionCall.accept
  package:texpr/src/visitors/evaluation_visitor.dart 79:19                   EvaluationVisitor._evaluateRaw
  package:texpr/src/visitors/evaluation_visitor.dart 182:26                  EvaluationVisitor.visitUnaryOp
  package:texpr/src/ast/operations.dart 148:20                               UnaryOp.accept
  package:texpr/src/visitors/evaluation_visitor.dart 79:19                   EvaluationVisitor._evaluateRaw
  package:texpr/src/visitors/evaluation_visitor.dart 163:23                  EvaluationVisitor.visitBinaryOp
  package:texpr/src/ast/operations.dart 54:20                                BinaryOp.accept
  package:texpr/src/visitors/evaluation_visitor.dart 79:19                   EvaluationVisitor._evaluateRaw
  package:texpr/src/visitors/evaluation_visitor.dart 89:17                   EvaluationVisitor._evaluateAsDouble
  package:texpr/src/features/calculus/differentiation_evaluator.dart 493:21  DifferentiationEvaluator.evaluateDerivative
  package:texpr/src/visitors/evaluation_visitor.dart 272:38                  EvaluationVisitor.visitDerivativeExpr
  package:texpr/src/ast/calculus.dart 221:20                                 DerivativeExpr.accept
  package:texpr/src/evaluator.dart 77:28                                     Evaluator.evaluate
  package:texpr/texpr.dart 389:31                                            Texpr.evaluateParsed
  package:texpr/texpr.dart 462:12                                            Texpr.evaluate
  test/features/differentiation_test.dart 238:32                             main.<fn>.<fn>
  

[1m[36mTo run this test again:[0m /Users/xomodo/sdks/flutter/bin/cache/dart-sdk/bin/dart test test/features/differentiation_test.dart -p vm --plain-name 'Higher Order Derivatives second derivative: d²/dx²(sin(x)) = -sin(x)'
00:02 [32m+1008[0m[31m -90[0m: test/features/differentiation_test.dart: Higher Order Derivatives third derivative: d³/dx³(x^4) = 24x [1m[31m[E][0m[0m                                                                             
  EvaluatorException: Undefined variable: x
  Suggestion: Provide a value for "x" in the variables map
  package:texpr/src/visitors/evaluation_visitor.dart 154:5                   EvaluationVisitor.visitVariable
  package:texpr/src/ast/basic.dart 56:20                                     Variable.accept
  package:texpr/src/visitors/evaluation_visitor.dart 79:19                   EvaluationVisitor._evaluateRaw
  package:texpr/src/visitors/evaluation_visitor.dart 163:23                  EvaluationVisitor.visitBinaryOp
  package:texpr/src/ast/operations.dart 54:20                                BinaryOp.accept
  package:texpr/src/visitors/evaluation_visitor.dart 79:19                   EvaluationVisitor._evaluateRaw
  package:texpr/src/visitors/evaluation_visitor.dart 174:24                  EvaluationVisitor.visitBinaryOp
  package:texpr/src/ast/operations.dart 54:20                                BinaryOp.accept
  package:texpr/src/visitors/evaluation_visitor.dart 79:19                   EvaluationVisitor._evaluateRaw
  package:texpr/src/visitors/evaluation_visitor.dart 163:23                  EvaluationVisitor.visitBinaryOp
  package:texpr/src/ast/operations.dart 54:20                                BinaryOp.accept
  package:texpr/src/visitors/evaluation_visitor.dart 79:19                   EvaluationVisitor._evaluateRaw
  package:texpr/src/visitors/evaluation_visitor.dart 163:23                  EvaluationVisitor.visitBinaryOp
  package:texpr/src/ast/operations.dart 54:20                                BinaryOp.accept
  package:texpr/src/visitors/evaluation_visitor.dart 79:19                   EvaluationVisitor._evaluateRaw
  package:texpr/src/visitors/evaluation_visitor.dart 174:24                  EvaluationVisitor.visitBinaryOp
  package:texpr/src/ast/operations.dart 54:20                                BinaryOp.accept
  package:texpr/src/visitors/evaluation_visitor.dart 79:19                   EvaluationVisitor._evaluateRaw
  package:texpr/src/visitors/evaluation_visitor.dart 174:24                  EvaluationVisitor.visitBinaryOp
  package:texpr/src/ast/operations.dart 54:20                                BinaryOp.accept
  package:texpr/src/visitors/evaluation_visitor.dart 79:19                   EvaluationVisitor._evaluateRaw
  package:texpr/src/visitors/evaluation_visitor.dart 174:24                  EvaluationVisitor.visitBinaryOp
  package:texpr/src/ast/operations.dart 54:20                                BinaryOp.accept
  package:texpr/src/visitors/evaluation_visitor.dart 79:19                   EvaluationVisitor._evaluateRaw
  package:texpr/src/visitors/evaluation_visitor.dart 163:23                  EvaluationVisitor.visitBinaryOp
  package:texpr/src/ast/operations.dart 54:20                                BinaryOp.accept
  package:texpr/src/visitors/evaluation_visitor.dart 79:19                   EvaluationVisitor._evaluateRaw
  package:texpr/src/visitors/evaluation_visitor.dart 163:23                  EvaluationVisitor.visitBinaryOp
  package:texpr/src/ast/operations.dart 54:20                                BinaryOp.accept
  package:texpr/src/visitors/evaluation_visitor.dart 79:19                   EvaluationVisitor._evaluateRaw
  package:texpr/src/visitors/evaluation_visitor.dart 89:17                   EvaluationVisitor._evaluateAsDouble
  package:texpr/src/features/calculus/differentiation_evaluator.dart 493:21  DifferentiationEvaluator.evaluateDerivative
  package:texpr/src/visitors/evaluation_visitor.dart 272:38                  EvaluationVisitor.visitDerivativeExpr
  package:texpr/src/ast/calculus.dart 221:20                                 DerivativeExpr.accept
  package:texpr/src/evaluator.dart 77:28                                     Evaluator.evaluate
  package:texpr/texpr.dart 389:31                                            Texpr.evaluateParsed
  package:texpr/texpr.dart 462:12                                            Texpr.evaluate
  test/features/differentiation_test.dart 244:32                             main.<fn>.<fn>
  

[1m[36mTo run this test again:[0m /Users/xomodo/sdks/flutter/bin/cache/dart-sdk/bin/dart test test/features/differentiation_test.dart -p vm --plain-name 'Higher Order Derivatives third derivative: d³/dx³(x^4) = 24x'
00:02 [32m+1008[0m[31m -91[0m: test/features/differentiation_test.dart: Higher Order Derivatives fourth derivative: d⁴/dx⁴(x^4) = 24 [1m[31m[E][0m[0m                                                                             
  EvaluatorException: Undefined variable: x
  Suggestion: Provide a value for "x" in the variables map
  package:texpr/src/visitors/evaluation_visitor.dart 154:5                   EvaluationVisitor.visitVariable
  package:texpr/src/ast/basic.dart 56:20                                     Variable.accept
  package:texpr/src/visitors/evaluation_visitor.dart 79:19                   EvaluationVisitor._evaluateRaw
  package:texpr/src/visitors/evaluation_visitor.dart 163:23                  EvaluationVisitor.visitBinaryOp
  package:texpr/src/ast/operations.dart 54:20                                BinaryOp.accept
  package:texpr/src/visitors/evaluation_visitor.dart 79:19                   EvaluationVisitor._evaluateRaw
  package:texpr/src/visitors/evaluation_visitor.dart 174:24                  EvaluationVisitor.visitBinaryOp
  package:texpr/src/ast/operations.dart 54:20                                BinaryOp.accept
  package:texpr/src/visitors/evaluation_visitor.dart 79:19                   EvaluationVisitor._evaluateRaw
  package:texpr/src/visitors/evaluation_visitor.dart 163:23                  EvaluationVisitor.visitBinaryOp
  package:texpr/src/ast/operations.dart 54:20                                BinaryOp.accept
  package:texpr/src/visitors/evaluation_visitor.dart 79:19                   EvaluationVisitor._evaluateRaw
  package:texpr/src/visitors/evaluation_visitor.dart 163:23                  EvaluationVisitor.visitBinaryOp
  package:texpr/src/ast/operations.dart 54:20                                BinaryOp.accept
  package:texpr/src/visitors/evaluation_visitor.dart 79:19                   EvaluationVisitor._evaluateRaw
  package:texpr/src/visitors/evaluation_visitor.dart 163:23                  EvaluationVisitor.visitBinaryOp
  package:texpr/src/ast/operations.dart 54:20                                BinaryOp.accept
  package:texpr/src/visitors/evaluation_visitor.dart 79:19                   EvaluationVisitor._evaluateRaw
  package:texpr/src/visitors/evaluation_visitor.dart 163:23                  EvaluationVisitor.visitBinaryOp
  package:texpr/src/ast/operations.dart 54:20                                BinaryOp.accept
  package:texpr/src/visitors/evaluation_visitor.dart 79:19                   EvaluationVisitor._evaluateRaw
  package:texpr/src/visitors/evaluation_visitor.dart 174:24                  EvaluationVisitor.visitBinaryOp
  package:texpr/src/ast/operations.dart 54:20                                BinaryOp.accept
  package:texpr/src/visitors/evaluation_visitor.dart 79:19                   EvaluationVisitor._evaluateRaw
  package:texpr/src/visitors/evaluation_visitor.dart 174:24                  EvaluationVisitor.visitBinaryOp
  package:texpr/src/ast/operations.dart 54:20                                BinaryOp.accept
  package:texpr/src/visitors/evaluation_visitor.dart 79:19                   EvaluationVisitor._evaluateRaw
  package:texpr/src/visitors/evaluation_visitor.dart 174:24                  EvaluationVisitor.visitBinaryOp
  package:texpr/src/ast/operations.dart 54:20                                BinaryOp.accept
  package:texpr/src/visitors/evaluation_visitor.dart 79:19                   EvaluationVisitor._evaluateRaw
  package:texpr/src/visitors/evaluation_visitor.dart 174:24                  EvaluationVisitor.visitBinaryOp
  package:texpr/src/ast/operations.dart 54:20                                BinaryOp.accept
  package:texpr/src/visitors/evaluation_visitor.dart 79:19                   EvaluationVisitor._evaluateRaw
  package:texpr/src/visitors/evaluation_visitor.dart 163:23                  EvaluationVisitor.visitBinaryOp
  package:texpr/src/ast/operations.dart 54:20                                BinaryOp.accept
  package:texpr/src/visitors/evaluation_visitor.dart 79:19                   EvaluationVisitor._evaluateRaw
  package:texpr/src/visitors/evaluation_visitor.dart 163:23                  EvaluationVisitor.visitBinaryOp
  package:texpr/src/ast/operations.dart 54:20                                BinaryOp.accept
  package:texpr/src/visitors/evaluation_visitor.dart 79:19                   EvaluationVisitor._evaluateRaw
  package:texpr/src/visitors/evaluation_visitor.dart 163:23                  EvaluationVisitor.visitBinaryOp
  package:texpr/src/ast/operations.dart 54:20                                BinaryOp.accept
  package:texpr/src/visitors/evaluation_visitor.dart 79:19                   EvaluationVisitor._evaluateRaw
  package:texpr/src/visitors/evaluation_visitor.dart 89:17                   EvaluationVisitor._evaluateAsDouble
  package:texpr/src/features/calculus/differentiation_evaluator.dart 493:21  DifferentiationEvaluator.evaluateDerivative
  package:texpr/src/visitors/evaluation_visitor.dart 272:38                  EvaluationVisitor.visitDerivativeExpr
  package:texpr/src/ast/calculus.dart 221:20                                 DerivativeExpr.accept
  package:texpr/src/evaluator.dart 77:28                                     Evaluator.evaluate
  package:texpr/texpr.dart 389:31                                            Texpr.evaluateParsed
  package:texpr/texpr.dart 462:12                                            Texpr.evaluate
  test/features/differentiation_test.dart 250:32                             main.<fn>.<fn>
  

[1m[36mTo run this test again:[0m /Users/xomodo/sdks/flutter/bin/cache/dart-sdk/bin/dart test test/features/differentiation_test.dart -p vm --plain-name 'Higher Order Derivatives fourth derivative: d⁴/dx⁴(x^4) = 24'
00:02 [32m+1008[0m[31m -92[0m: test/features/differentiation_test.dart: API Method - differentiate() symbolic differentiation returns expression [1m[31m[E][0m[0m                                                                 
  EvaluatorException: Type mismatch in binary operation
  Suggestion: Ensure both operands are compatible types (numbers, complex numbers, matrices, or vectors)
  package:texpr/src/evaluator/binary_evaluator.dart 65:5     BinaryEvaluator.evaluate
  package:texpr/src/visitors/evaluation_visitor.dart 175:29  EvaluationVisitor.visitBinaryOp
  package:texpr/src/ast/operations.dart 54:20                BinaryOp.accept
  package:texpr/src/visitors/evaluation_visitor.dart 79:19   EvaluationVisitor._evaluateRaw
  package:texpr/src/visitors/evaluation_visitor.dart 174:24  EvaluationVisitor.visitBinaryOp
  package:texpr/src/ast/operations.dart 54:20                BinaryOp.accept
  package:texpr/src/evaluator.dart 77:28                     Evaluator.evaluate
  package:texpr/texpr.dart 389:31                            Texpr.evaluateParsed
  test/features/differentiation_test.dart 262:32             main.<fn>.<fn>
  

[1m[36mTo run this test again:[0m /Users/xomodo/sdks/flutter/bin/cache/dart-sdk/bin/dart test test/features/differentiation_test.dart -p vm --plain-name 'API Method - differentiate() symbolic differentiation returns expression'
00:02 [32m+1008[0m[31m -93[0m: test/features/differentiation_test.dart: API Method - differentiate() second order derivative via API [1m[31m[E][0m[0m                                                                             
  EvaluatorException: Type mismatch in binary operation
  Suggestion: Ensure both operands are compatible types (numbers, complex numbers, matrices, or vectors)
  package:texpr/src/evaluator/binary_evaluator.dart 65:5     BinaryEvaluator.evaluate
  package:texpr/src/visitors/evaluation_visitor.dart 175:29  EvaluationVisitor.visitBinaryOp
  package:texpr/src/ast/operations.dart 54:20                BinaryOp.accept
  package:texpr/src/visitors/evaluation_visitor.dart 79:19   EvaluationVisitor._evaluateRaw
  package:texpr/src/visitors/evaluation_visitor.dart 174:24  EvaluationVisitor.visitBinaryOp
  package:texpr/src/ast/operations.dart 54:20                BinaryOp.accept
  package:texpr/src/visitors/evaluation_visitor.dart 79:19   EvaluationVisitor._evaluateRaw
  package:texpr/src/visitors/evaluation_visitor.dart 174:24  EvaluationVisitor.visitBinaryOp
  package:texpr/src/ast/operations.dart 54:20                BinaryOp.accept
  package:texpr/src/visitors/evaluation_visitor.dart 79:19   EvaluationVisitor._evaluateRaw
  package:texpr/src/visitors/evaluation_visitor.dart 174:24  EvaluationVisitor.visitBinaryOp
  package:texpr/src/ast/operations.dart 54:20                BinaryOp.accept
  package:texpr/src/visitors/evaluation_visitor.dart 79:19   EvaluationVisitor._evaluateRaw
  package:texpr/src/visitors/evaluation_visitor.dart 163:23  EvaluationVisitor.visitBinaryOp
  package:texpr/src/ast/operations.dart 54:20                BinaryOp.accept
  package:texpr/src/evaluator.dart 77:28                     Evaluator.evaluate
  package:texpr/texpr.dart 389:31                            Texpr.evaluateParsed
  test/features/differentiation_test.dart 271:32             main.<fn>.<fn>
  

[1m[36mTo run this test again:[0m /Users/xomodo/sdks/flutter/bin/cache/dart-sdk/bin/dart test test/features/differentiation_test.dart -p vm --plain-name 'API Method - differentiate() second order derivative via API'
00:02 [32m+1008[0m[31m -94[0m: test/features/differentiation_test.dart: API Method - differentiate() derivative of complex expression [1m[31m[E][0m[0m                                                                            
  EvaluatorException: Type mismatch in binary operation
  Suggestion: Ensure both operands are compatible types (numbers, complex numbers, matrices, or vectors)
  package:texpr/src/evaluator/binary_evaluator.dart 65:5     BinaryEvaluator.evaluate
  package:texpr/src/visitors/evaluation_visitor.dart 175:29  EvaluationVisitor.visitBinaryOp
  package:texpr/src/ast/operations.dart 54:20                BinaryOp.accept
  package:texpr/src/visitors/evaluation_visitor.dart 79:19   EvaluationVisitor._evaluateRaw
  package:texpr/src/visitors/evaluation_visitor.dart 174:24  EvaluationVisitor.visitBinaryOp
  package:texpr/src/ast/operations.dart 54:20                BinaryOp.accept
  package:texpr/src/visitors/evaluation_visitor.dart 79:19   EvaluationVisitor._evaluateRaw
  package:texpr/src/visitors/evaluation_visitor.dart 174:24  EvaluationVisitor.visitBinaryOp
  package:texpr/src/ast/operations.dart 54:20                BinaryOp.accept
  package:texpr/src/evaluator.dart 77:28                     Evaluator.evaluate
  package:texpr/texpr.dart 389:31                            Texpr.evaluateParsed
  test/features/differentiation_test.dart 280:32             main.<fn>.<fn>
  

[1m[36mTo run this test again:[0m /Users/xomodo/sdks/flutter/bin/cache/dart-sdk/bin/dart test test/features/differentiation_test.dart -p vm --plain-name 'API Method - differentiate() derivative of complex expression'
00:02 [32m+1009[0m[31m -94[0m: test/security/security_vulnerabilities_test.dart: Input Validation - Malicious Input expression with extremely long variable name should fail[0m                                         00:02 [32m+1009[0m[31m -95[0m: test/features/differentiation_test.dart: Edge Cases derivative of polynomial at negative x [1m[31m[E][0m[0m                                                                                        
  EvaluatorException: Undefined variable: x
  Suggestion: Provide a value for "x" in the variables map
  package:texpr/src/visitors/evaluation_visitor.dart 154:5                   EvaluationVisitor.visitVariable
  package:texpr/src/ast/basic.dart 56:20                                     Variable.accept
  package:texpr/src/visitors/evaluation_visitor.dart 79:19                   EvaluationVisitor._evaluateRaw
  package:texpr/src/visitors/evaluation_visitor.dart 163:23                  EvaluationVisitor.visitBinaryOp
  package:texpr/src/ast/operations.dart 54:20                                BinaryOp.accept
  package:texpr/src/visitors/evaluation_visitor.dart 79:19                   EvaluationVisitor._evaluateRaw
  package:texpr/src/visitors/evaluation_visitor.dart 174:24                  EvaluationVisitor.visitBinaryOp
  package:texpr/src/ast/operations.dart 54:20                                BinaryOp.accept
  package:texpr/src/visitors/evaluation_visitor.dart 79:19                   EvaluationVisitor._evaluateRaw
  package:texpr/src/visitors/evaluation_visitor.dart 89:17                   EvaluationVisitor._evaluateAsDouble
  package:texpr/src/features/calculus/differentiation_evaluator.dart 493:21  DifferentiationEvaluator.evaluateDerivative
  package:texpr/src/visitors/evaluation_visitor.dart 272:38                  EvaluationVisitor.visitDerivativeExpr
  package:texpr/src/ast/calculus.dart 221:20                                 DerivativeExpr.accept
  package:texpr/src/evaluator.dart 77:28                                     Evaluator.evaluate
  package:texpr/texpr.dart 389:31                                            Texpr.evaluateParsed
  package:texpr/texpr.dart 462:12                                            Texpr.evaluate
  test/features/differentiation_test.dart 294:32                             main.<fn>.<fn>
  

[1m[36mTo run this test again:[0m /Users/xomodo/sdks/flutter/bin/cache/dart-sdk/bin/dart test test/features/differentiation_test.dart -p vm --plain-name 'Edge Cases derivative of polynomial at negative x'
00:02 [32m+1010[0m[31m -95[0m: test/security/security_vulnerabilities_test.dart: Input Validation - Malicious Input expression with extremely long variable name should fail[0m                                         00:02 [32m+1011[0m[31m -95[0m: test/security/security_vulnerabilities_test.dart: Input Validation - Malicious Input expression with extremely long variable name should fail[0m                                         00:02 [32m+1011[0m[31m -96[0m: test/features/differentiation_test.dart: Complex Expressions derivative of (x^2 + 1)/(x - 1) [1m[31m[E][0m[0m                                                                                      
  EvaluatorException: Undefined variable: x
  Suggestion: Provide a value for "x" in the variables map
  package:texpr/src/visitors/evaluation_visitor.dart 154:5                   EvaluationVisitor.visitVariable
  package:texpr/src/ast/basic.dart 56:20                                     Variable.accept
  package:texpr/src/visitors/evaluation_visitor.dart 79:19                   EvaluationVisitor._evaluateRaw
  package:texpr/src/visitors/evaluation_visitor.dart 163:23                  EvaluationVisitor.visitBinaryOp
  package:texpr/src/ast/operations.dart 54:20                                BinaryOp.accept
  package:texpr/src/visitors/evaluation_visitor.dart 79:19                   EvaluationVisitor._evaluateRaw
  package:texpr/src/visitors/evaluation_visitor.dart 174:24                  EvaluationVisitor.visitBinaryOp
  package:texpr/src/ast/operations.dart 54:20                                BinaryOp.accept
  package:texpr/src/visitors/evaluation_visitor.dart 79:19                   EvaluationVisitor._evaluateRaw
  package:texpr/src/visitors/evaluation_visitor.dart 163:23                  EvaluationVisitor.visitBinaryOp
  package:texpr/src/ast/operations.dart 54:20                                BinaryOp.accept
  package:texpr/src/visitors/evaluation_visitor.dart 79:19                   EvaluationVisitor._evaluateRaw
  package:texpr/src/visitors/evaluation_visitor.dart 163:23                  EvaluationVisitor.visitBinaryOp
  package:texpr/src/ast/operations.dart 54:20                                BinaryOp.accept
  package:texpr/src/visitors/evaluation_visitor.dart 79:19                   EvaluationVisitor._evaluateRaw
  package:texpr/src/visitors/evaluation_visitor.dart 163:23                  EvaluationVisitor.visitBinaryOp
  package:texpr/src/ast/operations.dart 54:20                                BinaryOp.accept
  package:texpr/src/visitors/evaluation_visitor.dart 79:19                   EvaluationVisitor._evaluateRaw
  package:texpr/src/visitors/evaluation_visitor.dart 89:17                   EvaluationVisitor._evaluateAsDouble
  package:texpr/src/features/calculus/differentiation_evaluator.dart 493:21  DifferentiationEvaluator.evaluateDerivative
  package:texpr/src/visitors/evaluation_visitor.dart 272:38                  EvaluationVisitor.visitDerivativeExpr
  package:texpr/src/ast/calculus.dart 221:20                                 DerivativeExpr.accept
  package:texpr/src/evaluator.dart 77:28                                     Evaluator.evaluate
  package:texpr/texpr.dart 389:31                                            Texpr.evaluateParsed
  package:texpr/texpr.dart 462:12                                            Texpr.evaluate
  test/features/differentiation_test.dart 318:32                             main.<fn>.<fn>
  

[1m[36mTo run this test again:[0m /Users/xomodo/sdks/flutter/bin/cache/dart-sdk/bin/dart test test/features/differentiation_test.dart -p vm --plain-name 'Complex Expressions derivative of (x^2 + 1)/(x - 1)'
00:02 [32m+1011[0m[31m -97[0m: test/features/differentiation_test.dart: Complex Expressions derivative of x^x [1m[31m[E][0m[0m                                                                                                    
  EvaluatorException: Undefined variable: x
  Suggestion: Provide a value for "x" in the variables map
  package:texpr/src/visitors/evaluation_visitor.dart 154:5                   EvaluationVisitor.visitVariable
  package:texpr/src/ast/basic.dart 56:20                                     Variable.accept
  package:texpr/src/visitors/evaluation_visitor.dart 79:19                   EvaluationVisitor._evaluateRaw
  package:texpr/src/visitors/evaluation_visitor.dart 163:23                  EvaluationVisitor.visitBinaryOp
  package:texpr/src/ast/operations.dart 54:20                                BinaryOp.accept
  package:texpr/src/visitors/evaluation_visitor.dart 79:19                   EvaluationVisitor._evaluateRaw
  package:texpr/src/visitors/evaluation_visitor.dart 163:23                  EvaluationVisitor.visitBinaryOp
  package:texpr/src/ast/operations.dart 54:20                                BinaryOp.accept
  package:texpr/src/visitors/evaluation_visitor.dart 79:19                   EvaluationVisitor._evaluateRaw
  package:texpr/src/visitors/evaluation_visitor.dart 89:17                   EvaluationVisitor._evaluateAsDouble
  package:texpr/src/features/calculus/differentiation_evaluator.dart 493:21  DifferentiationEvaluator.evaluateDerivative
  package:texpr/src/visitors/evaluation_visitor.dart 272:38                  EvaluationVisitor.visitDerivativeExpr
  package:texpr/src/ast/calculus.dart 221:20                                 DerivativeExpr.accept
  package:texpr/src/evaluator.dart 77:28                                     Evaluator.evaluate
  package:texpr/texpr.dart 389:31                                            Texpr.evaluateParsed
  package:texpr/texpr.dart 462:12                                            Texpr.evaluate
  test/features/differentiation_test.dart 326:32                             main.<fn>.<fn>
  

[1m[36mTo run this test again:[0m /Users/xomodo/sdks/flutter/bin/cache/dart-sdk/bin/dart test test/features/differentiation_test.dart -p vm --plain-name 'Complex Expressions derivative of x^x'
00:02 [32m+1011[0m[31m -97[0m: test/security/security_vulnerabilities_test.dart: Input Validation - Malicious Input expression with extremely long variable name should fail[0m                                         00:02 [32m+1012[0m[31m -97[0m: test/security/security_vulnerabilities_test.dart: Input Validation - Malicious Input expression with extremely long variable name should fail[0m                                         00:02 [32m+1013[0m[31m -97[0m: test/security/security_vulnerabilities_test.dart: Input Validation - Malicious Input expression with extremely long variable name should fail[0m                                         00:02 [32m+1014[0m[31m -97[0m: test/security/security_vulnerabilities_test.dart: Input Validation - Malicious Input expression with extremely long variable name should fail[0m                                         00:02 [32m+1015[0m[31m -97[0m: test/security/security_vulnerabilities_test.dart: Input Validation - Malicious Input expression with extremely long variable name should fail[0m                                         00:02 [32m+1016[0m[31m -97[0m: test/security/security_vulnerabilities_test.dart: Input Validation - Malicious Input expression with extremely long variable name should fail[0m                                         00:02 [32m+1017[0m[31m -97[0m: test/security/security_vulnerabilities_test.dart: Input Validation - Malicious Input expression with extremely long variable name should fail[0m                                         00:02 [32m+1018[0m[31m -97[0m: test/security/security_vulnerabilities_test.dart: Input Validation - Malicious Input expression with extremely long variable name should fail[0m                                         00:02 [32m+1019[0m[31m -97[0m: test/security/security_vulnerabilities_test.dart: Input Validation - Malicious Input expression with extremely long variable name should fail[0m                                         00:02 [32m+1020[0m[31m -97[0m: test/security/security_vulnerabilities_test.dart: Input Validation - Malicious Input expression with extremely long variable name should fail[0m                                         00:02 [32m+1021[0m[31m -97[0m: test/security/security_vulnerabilities_test.dart: Input Validation - Malicious Input expression with extremely long variable name should fail[0m                                         00:02 [32m+1022[0m[31m -97[0m: test/security/security_vulnerabilities_test.dart: Input Validation - Malicious Input expression with extremely long variable name should fail[0m                                         00:02 [32m+1023[0m[31m -97[0m: test/security/security_vulnerabilities_test.dart: Input Validation - Malicious Input expression with extremely long variable name should fail[0m                                         00:02 [32m+1024[0m[31m -97[0m: test/security/security_vulnerabilities_test.dart: Input Validation - Malicious Input expression with extremely long variable name should fail[0m                                         00:02 [32m+1025[0m[31m -97[0m: test/security/security_vulnerabilities_test.dart: Input Validation - Malicious Input expression with extremely long variable name should fail[0m                                         00:02 [32m+1026[0m[31m -97[0m: test/security/security_vulnerabilities_test.dart: Input Validation - Malicious Input expression with extremely long variable name should fail[0m                                         00:02 [32m+1027[0m[31m -97[0m: test/security/security_vulnerabilities_test.dart: Input Validation - Malicious Input expression with extremely long variable name should fail[0m                                         00:02 [32m+1028[0m[31m -97[0m: test/security/security_vulnerabilities_test.dart: Input Validation - Malicious Input expression with extremely long variable name should fail[0m                                         00:02 [32m+1029[0m[31m -97[0m: test/security/security_vulnerabilities_test.dart: Input Validation - Malicious Input expression with extremely long variable name should fail[0m                                         00:02 [32m+1030[0m[31m -97[0m: test/security/security_vulnerabilities_test.dart: Input Validation - Malicious Input expression with extremely long variable name should fail[0m                                         00:02 [32m+1031[0m[31m -97[0m: test/security/security_vulnerabilities_test.dart: Input Validation - Malicious Input expression with extremely long variable name should fail[0m                                         00:02 [32m+1032[0m[31m -97[0m: test/security/security_vulnerabilities_test.dart: Input Validation - Malicious Input expression with extremely long variable name should fail[0m                                         00:02 [32m+1033[0m[31m -97[0m: test/security/security_vulnerabilities_test.dart: Input Validation - Malicious Input expression with extremely long variable name should fail[0m                                         00:02 [32m+1034[0m[31m -97[0m: test/security/security_vulnerabilities_test.dart: Input Validation - Malicious Input expression with extremely long variable name should fail[0m                                         00:02 [32m+1035[0m[31m -97[0m: test/security/security_vulnerabilities_test.dart: Input Validation - Malicious Input expression with extremely long variable name should fail[0m                                         00:02 [32m+1036[0m[31m -97[0m: test/security/security_vulnerabilities_test.dart: Input Validation - Malicious Input expression with extremely long variable name should fail[0m                                         00:02 [32m+1037[0m[31m -97[0m: test/security/security_vulnerabilities_test.dart: Input Validation - Malicious Input expression with extremely long variable name should fail[0m                                         00:02 [32m+1038[0m[31m -97[0m: test/security/security_vulnerabilities_test.dart: Input Validation - Malicious Input expression with extremely long variable name should fail[0m                                         00:02 [32m+1039[0m[31m -97[0m: test/security/security_vulnerabilities_test.dart: Input Validation - Malicious Input expression with extremely long variable name should fail[0m                                         00:02 [32m+1040[0m[31m -97[0m: test/security/security_vulnerabilities_test.dart: Input Validation - Malicious Input expression with extremely long variable name should fail[0m                                         00:02 [32m+1041[0m[31m -98[0m: test/security/security_vulnerabilities_test.dart: Input Validation - Malicious Input expression with extremely long variable name should fail[0m                                         00:02 [32m+1042[0m[31m -98[0m: test/security/security_vulnerabilities_test.dart: Input Validation - Malicious Input expression with extremely long variable name should fail[0m                                         00:02 [32m+1043[0m[31m -98[0m: test/security/security_vulnerabilities_test.dart: Input Validation - Malicious Input expression with extremely long variable name should fail[0m                                         00:02 [32m+1044[0m[31m -98[0m: test/security/security_vulnerabilities_test.dart: Input Validation - Malicious Input expression with extremely long variable name should fail[0m                                         00:02 [32m+1045[0m[31m -98[0m: test/security/security_vulnerabilities_test.dart: Input Validation - Malicious Input expression with extremely long variable name should fail[0m                                         00:02 [32m+1046[0m[31m -98[0m: test/security/security_vulnerabilities_test.dart: Input Validation - Malicious Input expression with extremely long variable name should fail[0m                                         00:02 [32m+1047[0m[31m -98[0m: test/security/security_vulnerabilities_test.dart: Input Validation - Malicious Input expression with extremely long variable name should fail[0m                                         00:02 [32m+1048[0m[31m -98[0m: test/security/security_vulnerabilities_test.dart: Input Validation - Malicious Input expression with extremely long variable name should fail[0m                                         00:02 [32m+1049[0m[31m -98[0m: test/security/security_vulnerabilities_test.dart: Input Validation - Malicious Input expression with extremely long variable name should fail[0m                                         00:02 [32m+1050[0m[31m -98[0m: test/security/security_vulnerabilities_test.dart: Input Validation - Malicious Input expression with extremely long variable name should fail[0m                                         00:02 [32m+1051[0m[31m -98[0m: test/security/security_vulnerabilities_test.dart: Input Validation - Malicious Input expression with extremely long variable name should fail[0m                                         00:02 [32m+1052[0m[31m -98[0m: test/security/security_vulnerabilities_test.dart: Input Validation - Malicious Input expression with extremely long variable name should fail[0m                                         00:02 [32m+1053[0m[31m -98[0m: test/security/security_vulnerabilities_test.dart: Input Validation - Malicious Input expression with extremely long variable name should fail[0m                                         00:02 [32m+1054[0m[31m -98[0m: test/security/security_vulnerabilities_test.dart: Input Validation - Malicious Input expression with extremely long variable name should fail[0m                                         00:02 [32m+1054[0m[31m -98[0m: test/features/academic_paper_test.dart: Fluid Dynamics Navier-Stokes Equation (Incompressible) [1m[31m[E][0m[0m                                                                                    
  ParserException at position 12: Expected parameter name
  
  \rho \left( \frac{\partial \math...
              ^
  package:texpr/src/parser/base_parser.dart 118:5  BaseParser.consume
  package:texpr/src/parser/parser.dart 62:17       Parser.parse
  package:texpr/texpr.dart 257:65                  Texpr._parseInternal
  package:texpr/texpr.dart 239:17                  Texpr.parse
  test/features/academic_paper_test.dart 69:32     main.<fn>.<fn>
  

[1m[36mTo run this test again:[0m /Users/xomodo/sdks/flutter/bin/cache/dart-sdk/bin/dart test test/features/academic_paper_test.dart -p vm --plain-name 'Fluid Dynamics Navier-Stokes Equation (Incompressible)'
00:02 [32m+1055[0m[31m -98[0m: test/security/security_vulnerabilities_test.dart: Input Validation - Malicious Input expression with extremely long variable name should fail[0m                                         00:02 [32m+1056[0m[31m -98[0m: test/security/security_vulnerabilities_test.dart: Input Validation - Malicious Input expression with extremely long variable name should fail[0m                                         00:02 [32m+1057[0m[31m -98[0m: test/security/security_vulnerabilities_test.dart: Input Validation - Malicious Input expression with extremely long variable name should fail[0m                                         00:02 [32m+1058[0m[31m -98[0m: test/security/security_vulnerabilities_test.dart: Input Validation - Malicious Input expression with extremely long variable name should fail[0m                                         00:02 [32m+1059[0m[31m -98[0m: test/security/security_vulnerabilities_test.dart: Input Validation - Malicious Input expression with extremely long variable name should fail[0m                                         00:02 [32m+1060[0m[31m -98[0m: test/security/security_vulnerabilities_test.dart: Input Validation - Malicious Input expression with extremely long variable name should fail[0m                                         00:02 [32m+1061[0m[31m -98[0m: test/security/security_vulnerabilities_test.dart: Input Validation - Malicious Input expression with extremely long variable name should fail[0m                                         00:02 [32m+1062[0m[31m -98[0m: test/security/security_vulnerabilities_test.dart: Input Validation - Malicious Input expression with extremely long variable name should fail[0m                                         00:02 [32m+1063[0m[31m -98[0m: test/security/security_vulnerabilities_test.dart: Input Validation - Malicious Input expression with extremely long variable name should fail[0m                                         00:02 [32m+1064[0m[31m -98[0m: test/security/security_vulnerabilities_test.dart: Input Validation - Malicious Input expression with extremely long variable name should fail[0m                                         00:02 [32m+1065[0m[31m -98[0m: test/security/security_vulnerabilities_test.dart: Input Validation - Malicious Input expression with extremely long variable name should fail[0m                                         00:02 [32m+1066[0m[31m -98[0m: test/security/security_vulnerabilities_test.dart: Input Validation - Malicious Input expression with extremely long variable name should fail[0m                                         00:02 [32m+1067[0m[31m -98[0m: test/security/security_vulnerabilities_test.dart: Input Validation - Malicious Input expression with extremely long variable name should fail[0m                                         00:02 [32m+1068[0m[31m -98[0m: test/security/security_vulnerabilities_test.dart: Input Validation - Malicious Input expression with extremely long variable name should fail[0m                                         00:02 [32m+1069[0m[31m -98[0m: test/security/security_vulnerabilities_test.dart: Input Validation - Malicious Input expression with extremely long variable name should fail[0m                                         00:02 [32m+1070[0m[31m -98[0m: test/security/security_vulnerabilities_test.dart: Input Validation - Malicious Input expression with extremely long variable name should fail[0m                                         00:02 [32m+1071[0m[31m -98[0m: test/security/security_vulnerabilities_test.dart: Input Validation - Malicious Input expression with extremely long variable name should fail[0m                                         00:02 [32m+1072[0m[31m -98[0m: test/security/security_vulnerabilities_test.dart: Input Validation - Malicious Input expression with extremely long variable name should fail[0m                                         00:02 [32m+1073[0m[31m -98[0m: test/security/security_vulnerabilities_test.dart: Input Validation - Malicious Input expression with extremely long variable name should fail[0m                                         00:02 [32m+1074[0m[31m -98[0m: test/security/security_vulnerabilities_test.dart: Input Validation - Malicious Input expression with extremely long variable name should fail[0m                                         00:02 [32m+1075[0m[31m -98[0m: test/security/security_vulnerabilities_test.dart: Input Validation - Malicious Input expression with extremely long variable name should fail[0m                                         00:02 [32m+1076[0m[31m -98[0m: test/security/security_vulnerabilities_test.dart: Input Validation - Malicious Input expression with extremely long variable name should fail[0m                                         00:02 [32m+1077[0m[31m -98[0m: test/security/security_vulnerabilities_test.dart: Input Validation - Malicious Input expression with extremely long variable name should fail[0m                                         00:02 [32m+1078[0m[31m -98[0m: test/security/security_vulnerabilities_test.dart: Input Validation - Malicious Input expression with extremely long variable name should fail[0m                                         00:02 [32m+1079[0m[31m -98[0m: test/security/security_vulnerabilities_test.dart: Input Validation - Malicious Input expression with extremely long variable name should fail[0m                                         00:02 [32m+1080[0m[31m -98[0m: test/security/security_vulnerabilities_test.dart: Input Validation - Malicious Input expression with extremely long variable name should fail[0m                                         00:02 [32m+1081[0m[31m -98[0m: test/security/security_vulnerabilities_test.dart: Input Validation - Malicious Input expression with extremely long variable name should fail[0m                                         00:02 [32m+1082[0m[31m -98[0m: test/security/security_vulnerabilities_test.dart: Input Validation - Malicious Input expression with extremely long variable name should fail[0m                                         00:02 [32m+1083[0m[31m -98[0m: test/security/security_vulnerabilities_test.dart: Input Validation - Malicious Input expression with extremely long variable name should fail[0m                                         00:02 [32m+1084[0m[31m -98[0m: test/security/security_vulnerabilities_test.dart: Input Validation - Malicious Input expression with extremely long variable name should fail[0m                                         00:02 [32m+1085[0m[31m -98[0m: test/security/security_vulnerabilities_test.dart: Input Validation - Malicious Input expression with extremely long variable name should fail[0m                                         00:02 [32m+1086[0m[31m -98[0m: test/security/security_vulnerabilities_test.dart: Input Validation - Malicious Input expression with extremely long variable name should fail[0m                                         00:02 [32m+1087[0m[31m -98[0m: test/security/security_vulnerabilities_test.dart: Input Validation - Malicious Input expression with extremely long variable name should fail[0m                                         00:02 [32m+1088[0m[31m -98[0m: test/security/security_vulnerabilities_test.dart: Input Validation - Malicious Input expression with extremely long variable name should fail[0m                                         00:02 [32m+1089[0m[31m -98[0m: test/security/security_vulnerabilities_test.dart: Input Validation - Malicious Input expression with extremely long variable name should fail[0m                                         00:02 [32m+1090[0m[31m -98[0m: test/security/security_vulnerabilities_test.dart: Input Validation - Malicious Input expression with extremely long variable name should fail[0m                                         00:02 [32m+1091[0m[31m -98[0m: test/security/security_vulnerabilities_test.dart: Input Validation - Malicious Input expression with extremely long variable name should fail[0m                                         00:02 [32m+1092[0m[31m -98[0m: test/security/security_vulnerabilities_test.dart: Input Validation - Malicious Input expression with extremely long variable name should fail[0m                                         00:02 [32m+1093[0m[31m -98[0m: test/security/security_vulnerabilities_test.dart: Input Validation - Malicious Input expression with extremely long variable name should fail[0m                                         00:02 [32m+1094[0m[31m -98[0m: test/security/security_vulnerabilities_test.dart: Input Validation - Malicious Input expression with extremely long variable name should fail[0m                                         00:02 [32m+1095[0m[31m -98[0m: test/security/security_vulnerabilities_test.dart: Input Validation - Malicious Input expression with extremely long variable name should fail[0m                                         00:02 [32m+1096[0m[31m -98[0m: test/security/security_vulnerabilities_test.dart: Input Validation - Malicious Input expression with extremely long variable name should fail[0m                                         00:02 [32m+1097[0m[31m -98[0m: test/security/security_vulnerabilities_test.dart: Input Validation - Malicious Input expression with extremely long variable name should fail[0m                                         00:02 [32m+1098[0m[31m -98[0m: test/security/security_vulnerabilities_test.dart: Input Validation - Malicious Input expression with extremely long variable name should fail[0m                                         00:02 [32m+1099[0m[31m -98[0m: test/security/security_vulnerabilities_test.dart: Input Validation - Malicious Input expression with extremely long variable name should fail[0m                                         00:02 [32m+1100[0m[31m -98[0m: test/security/security_vulnerabilities_test.dart: Input Validation - Malicious Input expression with extremely long variable name should fail[0m                                         00:02 [32m+1101[0m[31m -98[0m: test/security/security_vulnerabilities_test.dart: Input Validation - Malicious Input expression with extremely long variable name should fail[0m                                         00:02 [32m+1102[0m[31m -98[0m: test/security/security_vulnerabilities_test.dart: Input Validation - Malicious Input expression with extremely long variable name should fail[0m                                         00:02 [32m+1103[0m[31m -98[0m: test/security/security_vulnerabilities_test.dart: Input Validation - Malicious Input expression with extremely long variable name should fail[0m                                         00:02 [32m+1104[0m[31m -98[0m: test/security/security_vulnerabilities_test.dart: Input Validation - Malicious Input expression with extremely long variable name should fail[0m                                         00:02 [32m+1105[0m[31m -98[0m: test/security/security_vulnerabilities_test.dart: Input Validation - Malicious Input expression with extremely long variable name should fail[0m                                         00:02 [32m+1106[0m[31m -98[0m: test/security/security_vulnerabilities_test.dart: Input Validation - Malicious Input expression with extremely long variable name should fail[0m                                         00:02 [32m+1107[0m[31m -98[0m: test/security/security_vulnerabilities_test.dart: Input Validation - Malicious Input expression with extremely long variable name should fail[0m                                         00:02 [32m+1108[0m[31m -98[0m: test/security/security_vulnerabilities_test.dart: Input Validation - Malicious Input expression with extremely long variable name should fail[0m                                         00:02 [32m+1109[0m[31m -98[0m: test/security/security_vulnerabilities_test.dart: Input Validation - Malicious Input expression with extremely long variable name should fail[0m                                         00:02 [32m+1110[0m[31m -98[0m: test/security/security_vulnerabilities_test.dart: Input Validation - Malicious Input expression with extremely long variable name should fail[0m                                         00:02 [32m+1111[0m[31m -98[0m: test/security/security_vulnerabilities_test.dart: Input Validation - Malicious Input expression with extremely long variable name should fail[0m                                         00:02 [32m+1112[0m[31m -98[0m: test/security/security_vulnerabilities_test.dart: Input Validation - Malicious Input expression with extremely long variable name should fail[0m                                         00:02 [32m+1113[0m[31m -98[0m: test/security/security_vulnerabilities_test.dart: Input Validation - Malicious Input expression with extremely long variable name should fail[0m                                         00:02 [32m+1114[0m[31m -98[0m: test/security/security_vulnerabilities_test.dart: Input Validation - Malicious Input expression with extremely long variable name should fail[0m                                         00:02 [32m+1115[0m[31m -98[0m: test/security/security_vulnerabilities_test.dart: Input Validation - Malicious Input expression with extremely long variable name should fail[0m                                         00:02 [32m+1116[0m[31m -98[0m: test/security/security_vulnerabilities_test.dart: Input Validation - Malicious Input expression with extremely long variable name should fail[0m                                         00:02 [32m+1117[0m[31m -98[0m: test/security/security_vulnerabilities_test.dart: Input Validation - Malicious Input expression with extremely long variable name should fail[0m                                         00:02 [32m+1118[0m[31m -98[0m: test/security/security_vulnerabilities_test.dart: Input Validation - Malicious Input expression with extremely long variable name should fail[0m                                         00:02 [32m+1119[0m[31m -98[0m: test/security/security_vulnerabilities_test.dart: Input Validation - Malicious Input expression with extremely long variable name should fail[0m                                         00:02 [32m+1120[0m[31m -98[0m: test/security/security_vulnerabilities_test.dart: Input Validation - Malicious Input expression with extremely long variable name should fail[0m                                         00:02 [32m+1121[0m[31m -98[0m: test/security/security_vulnerabilities_test.dart: Input Validation - Malicious Input expression with extremely long variable name should fail[0m                                         00:02 [32m+1122[0m[31m -98[0m: test/security/security_vulnerabilities_test.dart: Input Validation - Malicious Input expression with extremely long variable name should fail[0m                                         00:02 [32m+1123[0m[31m -98[0m: test/security/security_vulnerabilities_test.dart: Input Validation - Malicious Input expression with extremely long variable name should fail[0m                                         00:02 [32m+1124[0m[31m -98[0m: test/security/security_vulnerabilities_test.dart: Input Validation - Malicious Input expression with extremely long variable name should fail[0m                                         00:02 [32m+1125[0m[31m -98[0m: test/security/security_vulnerabilities_test.dart: Input Validation - Malicious Input expression with extremely long variable name should fail[0m                                         00:02 [32m+1126[0m[31m -98[0m: test/security/security_vulnerabilities_test.dart: Input Validation - Malicious Input expression with extremely long variable name should fail[0m                                         00:02 [32m+1127[0m[31m -98[0m: test/security/security_vulnerabilities_test.dart: Input Validation - Malicious Input expression with extremely long variable name should fail[0m                                         00:02 [32m+1128[0m[31m -98[0m: test/security/security_vulnerabilities_test.dart: Input Validation - Malicious Input expression with extremely long variable name should fail[0m                                         00:02 [32m+1129[0m[31m -98[0m: test/security/security_vulnerabilities_test.dart: Input Validation - Malicious Input expression with extremely long variable name should fail[0m                                         00:02 [32m+1130[0m[31m -98[0m: test/security/security_vulnerabilities_test.dart: Input Validation - Malicious Input expression with extremely long variable name should fail[0m                                         00:02 [32m+1131[0m[31m -98[0m: test/security/security_vulnerabilities_test.dart: Input Validation - Malicious Input expression with extremely long variable name should fail[0m                                         00:02 [32m+1132[0m[31m -98[0m: test/security/security_vulnerabilities_test.dart: Input Validation - Malicious Input expression with extremely long variable name should fail[0m                                         00:02 [32m+1133[0m[31m -98[0m: test/security/security_vulnerabilities_test.dart: Input Validation - Malicious Input expression with extremely long variable name should fail[0m                                         00:02 [32m+1134[0m[31m -98[0m: test/security/security_vulnerabilities_test.dart: Input Validation - Malicious Input expression with extremely long variable name should fail[0m                                         00:02 [32m+1135[0m[31m -98[0m: test/security/security_vulnerabilities_test.dart: Input Validation - Malicious Input expression with extremely long variable name should fail[0m                                         00:02 [32m+1136[0m[31m -98[0m: test/security/security_vulnerabilities_test.dart: Input Validation - Malicious Input expression with extremely long variable name should fail[0m                                         00:02 [32m+1137[0m[31m -98[0m: test/security/security_vulnerabilities_test.dart: Input Validation - Malicious Input expression with extremely long variable name should fail[0m                                         00:02 [32m+1138[0m[31m -98[0m: test/security/security_vulnerabilities_test.dart: Input Validation - Malicious Input expression with extremely long variable name should fail[0m                                         00:02 [32m+1139[0m[31m -98[0m: test/security/security_vulnerabilities_test.dart: Input Validation - Malicious Input expression with extremely long variable name should fail[0m                                         00:02 [32m+1140[0m[31m -98[0m: test/security/security_vulnerabilities_test.dart: Input Validation - Malicious Input expression with extremely long variable name should fail[0m                                         00:02 [32m+1141[0m[31m -98[0m: test/security/security_vulnerabilities_test.dart: Input Validation - Malicious Input expression with extremely long variable name should fail[0m                                         00:02 [32m+1142[0m[31m -98[0m: test/security/security_vulnerabilities_test.dart: Input Validation - Malicious Input expression with extremely long variable name should fail[0m                                         00:02 [32m+1143[0m[31m -98[0m: test/security/security_vulnerabilities_test.dart: Input Validation - Malicious Input expression with extremely long variable name should fail[0m                                         00:02 [32m+1144[0m[31m -98[0m: test/security/security_vulnerabilities_test.dart: Input Validation - Malicious Input expression with extremely long variable name should fail[0m                                         00:02 [32m+1145[0m[31m -98[0m: test/security/security_vulnerabilities_test.dart: Input Validation - Malicious Input expression with extremely long variable name should fail[0m                                         00:02 [32m+1146[0m[31m -98[0m: test/security/security_vulnerabilities_test.dart: Input Validation - Malicious Input expression with extremely long variable name should fail[0m                                         00:02 [32m+1147[0m[31m -98[0m: test/security/security_vulnerabilities_test.dart: Input Validation - Malicious Input expression with extremely long variable name should fail[0m                                         00:02 [32m+1148[0m[31m -98[0m: test/security/security_vulnerabilities_test.dart: Input Validation - Malicious Input expression with extremely long variable name should fail[0m                                         00:02 [32m+1149[0m[31m -98[0m: test/security/security_vulnerabilities_test.dart: Input Validation - Malicious Input expression with extremely long variable name should fail[0m                                         00:02 [32m+1150[0m[31m -98[0m: test/security/security_vulnerabilities_test.dart: Input Validation - Malicious Input expression with extremely long variable name should fail[0m                                         00:02 [32m+1151[0m[31m -98[0m: test/security/security_vulnerabilities_test.dart: Input Validation - Malicious Input expression with extremely long variable name should fail[0m                                         00:02 [32m+1152[0m[31m -98[0m: test/security/security_vulnerabilities_test.dart: Input Validation - Malicious Input expression with extremely long variable name should fail[0m                                         00:02 [32m+1153[0m[31m -98[0m: test/security/security_vulnerabilities_test.dart: Input Validation - Malicious Input expression with extremely long variable name should fail[0m                                         00:02 [32m+1153[0m[31m -99[0m: test/security/security_vulnerabilities_test.dart: Input Validation - Malicious Input expression with extremely long variable name should fail[0m                                         00:02 [32m+1154[0m[31m -99[0m: test/security/security_vulnerabilities_test.dart: Input Validation - Malicious Input expression with extremely long variable name should fail[0m                                         00:02 [32m+1155[0m[31m -99[0m: test/security/security_vulnerabilities_test.dart: Input Validation - Malicious Input expression with extremely long variable name should fail[0m                                         00:02 [32m+1155[0m[31m -99[0m: test/features/textbook_compatibility_test.dart: Textbook LaTeX Compatibility Implicit Multiplication Preserved x(x+1) is implicit multiplication, not function call [1m[31m[E][0m[0m               
  EvaluatorException: Type mismatch in binary operation
  Suggestion: Ensure both operands are compatible types (numbers, complex numbers, matrices, or vectors)
  package:texpr/src/evaluator/binary_evaluator.dart 65:5     BinaryEvaluator.evaluate
  package:texpr/src/visitors/evaluation_visitor.dart 175:29  EvaluationVisitor.visitBinaryOp
  package:texpr/src/ast/operations.dart 54:20                BinaryOp.accept
  package:texpr/src/visitors/evaluation_visitor.dart 79:19   EvaluationVisitor._evaluateRaw
  package:texpr/src/visitors/evaluation_visitor.dart 174:24  EvaluationVisitor.visitBinaryOp
  package:texpr/src/ast/operations.dart 54:20                BinaryOp.accept
  package:texpr/src/evaluator.dart 77:28                     Evaluator.evaluate
  package:texpr/texpr.dart 389:31                            Texpr.evaluateParsed
  package:texpr/texpr.dart 462:12                            Texpr.evaluate
  test/features/textbook_compatibility_test.dart 67:34       main.<fn>.<fn>.<fn>
  

[1m[36mTo run this test again:[0m /Users/xomodo/sdks/flutter/bin/cache/dart-sdk/bin/dart test test/features/textbook_compatibility_test.dart -p vm --plain-name 'Textbook LaTeX Compatibility Implicit Multiplication Preserved x(x+1) is implicit multiplication, not function call'
00:02 [32m+1156[0m[31m -99[0m: test/security/security_vulnerabilities_test.dart: Input Validation - Malicious Input expression with extremely long variable name should fail[0m                                         00:02 [32m+1157[0m[31m -99[0m: test/security/security_vulnerabilities_test.dart: Input Validation - Malicious Input expression with extremely long variable name should fail[0m                                         00:02 [32m+1158[0m[31m -99[0m: test/security/security_vulnerabilities_test.dart: Input Validation - Malicious Input expression with extremely long variable name should fail[0m                                         00:02 [32m+1159[0m[31m -100[0m: test/security/security_vulnerabilities_test.dart: Input Validation - Malicious Input expression with extremely long variable name should fail[0m                                        00:02 [32m+1160[0m[31m -100[0m: test/security/security_vulnerabilities_test.dart: Input Validation - Malicious Input expression with extremely long variable name should fail[0m                                        00:02 [32m+1160[0m[31m -100[0m: test/features/textbook_compatibility_test.dart: Textbook LaTeX Compatibility Implicit Multiplication Preserved a(b) is implicit multiplication [1m[31m[E][0m[0m                                   
  EvaluatorException: Type mismatch in binary operation
  Suggestion: Ensure both operands are compatible types (numbers, complex numbers, matrices, or vectors)
  package:texpr/src/evaluator/binary_evaluator.dart 65:5     BinaryEvaluator.evaluate
  package:texpr/src/visitors/evaluation_visitor.dart 175:29  EvaluationVisitor.visitBinaryOp
  package:texpr/src/ast/operations.dart 54:20                BinaryOp.accept
  package:texpr/src/evaluator.dart 77:28                     Evaluator.evaluate
  package:texpr/texpr.dart 389:31                            Texpr.evaluateParsed
  package:texpr/texpr.dart 462:12                            Texpr.evaluate
  test/features/textbook_compatibility_test.dart 77:34       main.<fn>.<fn>.<fn>
  

[1m[36mTo run this test again:[0m /Users/xomodo/sdks/flutter/bin/cache/dart-sdk/bin/dart test test/features/textbook_compatibility_test.dart -p vm --plain-name 'Textbook LaTeX Compatibility Implicit Multiplication Preserved a(b) is implicit multiplication'
00:02 [32m+1161[0m[31m -100[0m: test/security/security_vulnerabilities_test.dart: Input Validation - Malicious Input expression with extremely long variable name should fail[0m                                        00:02 [32m+1162[0m[31m -100[0m: test/security/security_vulnerabilities_test.dart: Input Validation - Malicious Input expression with extremely long variable name should fail[0m                                        00:02 [32m+1163[0m[31m -100[0m: test/security/security_vulnerabilities_test.dart: Input Validation - Malicious Input expression with extremely long variable name should fail[0m                                        00:02 [32m+1164[0m[31m -100[0m: test/security/security_vulnerabilities_test.dart: Input Validation - Malicious Input expression with extremely long variable name should fail[0m                                        00:02 [32m+1165[0m[31m -100[0m: test/security/security_vulnerabilities_test.dart: Input Validation - Malicious Input expression with extremely long variable name should fail[0m                                        00:02 [32m+1166[0m[31m -100[0m: test/security/security_vulnerabilities_test.dart: Input Validation - Malicious Input expression with extremely long variable name should fail[0m                                        00:02 [32m+1167[0m[31m -100[0m: test/security/security_vulnerabilities_test.dart: Input Validation - Malicious Input expression with extremely long variable name should fail[0m                                        00:02 [32m+1168[0m[31m -100[0m: test/security/security_vulnerabilities_test.dart: Input Validation - Malicious Input expression with extremely long variable name should fail[0m                                        00:02 [32m+1169[0m[31m -100[0m: test/security/security_vulnerabilities_test.dart: Input Validation - Malicious Input expression with extremely long variable name should fail[0m                                        00:02 [32m+1170[0m[31m -100[0m: test/security/security_vulnerabilities_test.dart: Input Validation - Malicious Input expression with extremely long variable name should fail[0m                                        00:02 [32m+1171[0m[31m -100[0m: test/security/security_vulnerabilities_test.dart: Input Validation - Malicious Input expression with extremely long variable name should fail[0m                                        00:02 [32m+1172[0m[31m -100[0m: test/security/security_vulnerabilities_test.dart: Input Validation - Malicious Input expression with extremely long variable name should fail[0m                                        00:02 [32m+1173[0m[31m -100[0m: test/security/security_vulnerabilities_test.dart: Input Validation - Malicious Input expression with extremely long variable name should fail[0m                                        00:02 [32m+1174[0m[31m -100[0m: test/security/security_vulnerabilities_test.dart: Input Validation - Malicious Input expression with extremely long variable name should fail[0m                                        00:02 [32m+1175[0m[31m -100[0m: test/security/security_vulnerabilities_test.dart: Input Validation - Malicious Input expression with extremely long variable name should fail[0m                                        00:02 [32m+1176[0m[31m -100[0m: test/security/security_vulnerabilities_test.dart: Input Validation - Malicious Input expression with extremely long variable name should fail[0m                                        00:02 [32m+1177[0m[31m -100[0m: test/security/security_vulnerabilities_test.dart: Input Validation - Malicious Input expression with extremely long variable name should fail[0m                                        00:02 [32m+1178[0m[31m -100[0m: test/security/security_vulnerabilities_test.dart: Input Validation - Malicious Input expression with extremely long variable name should fail[0m                                        00:02 [32m+1179[0m[31m -100[0m: test/security/security_vulnerabilities_test.dart: Input Validation - Malicious Input expression with extremely long variable name should fail[0m                                        00:02 [32m+1180[0m[31m -100[0m: test/security/security_vulnerabilities_test.dart: Input Validation - Malicious Input expression with extremely long variable name should fail[0m                                        00:02 [32m+1181[0m[31m -100[0m: test/security/security_vulnerabilities_test.dart: Input Validation - Malicious Input expression with extremely long variable name should fail[0m                                        00:02 [32m+1182[0m[31m -100[0m: test/security/security_vulnerabilities_test.dart: Input Validation - Malicious Input expression with extremely long variable name should fail[0m                                        00:02 [32m+1183[0m[31m -100[0m: test/security/security_vulnerabilities_test.dart: Input Validation - Malicious Input expression with extremely long variable name should fail[0m                                        00:02 [32m+1184[0m[31m -100[0m: test/security/security_vulnerabilities_test.dart: Input Validation - Malicious Input expression with extremely long variable name should fail[0m                                        00:02 [32m+1185[0m[31m -100[0m: test/security/security_vulnerabilities_test.dart: Input Validation - Malicious Input expression with extremely long variable name should fail[0m                                        00:02 [32m+1186[0m[31m -100[0m: test/security/security_vulnerabilities_test.dart: Input Validation - Malicious Input expression with extremely long variable name should fail[0m                                        00:02 [32m+1187[0m[31m -100[0m: test/security/security_vulnerabilities_test.dart: Input Validation - Malicious Input expression with extremely long variable name should fail[0m                                        00:02 [32m+1188[0m[31m -100[0m: test/security/security_vulnerabilities_test.dart: Input Validation - Malicious Input expression with extremely long variable name should fail[0m                                        00:02 [32m+1189[0m[31m -100[0m: test/security/security_vulnerabilities_test.dart: Input Validation - Malicious Input expression with extremely long variable name should fail[0m                                        00:02 [32m+1190[0m[31m -100[0m: test/security/security_vulnerabilities_test.dart: Input Validation - Malicious Input expression with extremely long variable name should fail[0m                                        00:02 [32m+1191[0m[31m -100[0m: test/security/security_vulnerabilities_test.dart: Input Validation - Malicious Input expression with extremely long variable name should fail[0m                                        00:02 [32m+1192[0m[31m -100[0m: test/security/security_vulnerabilities_test.dart: Input Validation - Malicious Input expression with extremely long variable name should fail[0m                                        00:02 [32m+1193[0m[31m -100[0m: test/security/security_vulnerabilities_test.dart: Input Validation - Malicious Input expression with extremely long variable name should fail[0m                                        00:02 [32m+1194[0m[31m -100[0m: test/security/security_vulnerabilities_test.dart: Input Validation - Malicious Input expression with extremely long variable name should fail[0m                                        00:02 [32m+1195[0m[31m -100[0m: test/security/security_vulnerabilities_test.dart: Input Validation - Malicious Input expression with extremely long variable name should fail[0m                                        00:02 [32m+1196[0m[31m -100[0m: test/security/security_vulnerabilities_test.dart: Input Validation - Malicious Input expression with extremely long variable name should fail[0m                                        00:02 [32m+1197[0m[31m -100[0m: test/security/security_vulnerabilities_test.dart: Input Validation - Malicious Input expression with extremely long variable name should fail[0m                                        00:02 [32m+1198[0m[31m -100[0m: test/security/security_vulnerabilities_test.dart: Input Validation - Malicious Input expression with extremely long variable name should fail[0m                                        00:02 [32m+1199[0m[31m -100[0m: test/security/security_vulnerabilities_test.dart: Input Validation - Malicious Input expression with extremely long variable name should fail[0m                                        00:02 [32m+1200[0m[31m -100[0m: test/security/security_vulnerabilities_test.dart: Input Validation - Malicious Input expression with extremely long variable name should fail[0m                                        00:02 [32m+1201[0m[31m -100[0m: test/security/security_vulnerabilities_test.dart: Input Validation - Malicious Input expression with extremely long variable name should fail[0m                                        00:02 [32m+1202[0m[31m -100[0m: test/security/security_vulnerabilities_test.dart: Input Validation - Malicious Input expression with extremely long variable name should fail[0m                                        00:02 [32m+1203[0m[31m -100[0m: test/security/security_vulnerabilities_test.dart: Input Validation - Malicious Input expression with extremely long variable name should fail[0m                                        00:02 [32m+1204[0m[31m -100[0m: test/security/security_vulnerabilities_test.dart: Input Validation - Malicious Input expression with extremely long variable name should fail[0m                                        00:02 [32m+1205[0m[31m -100[0m: test/security/security_vulnerabilities_test.dart: Input Validation - Malicious Input expression with extremely long variable name should fail[0m                                        00:02 [32m+1206[0m[31m -100[0m: test/security/security_vulnerabilities_test.dart: Input Validation - Malicious Input expression with extremely long variable name should fail[0m                                        00:02 [32m+1207[0m[31m -100[0m: test/security/security_vulnerabilities_test.dart: Input Validation - Malicious Input expression with extremely long variable name should fail[0m                                        00:02 [32m+1208[0m[31m -100[0m: test/security/security_vulnerabilities_test.dart: Input Validation - Malicious Input expression with extremely long variable name should fail[0m                                        00:02 [32m+1209[0m[31m -100[0m: test/security/security_vulnerabilities_test.dart: Input Validation - Malicious Input expression with extremely long variable name should fail[0m                                        00:02 [32m+1210[0m[31m -100[0m: test/security/security_vulnerabilities_test.dart: Input Validation - Malicious Input expression with extremely long variable name should fail[0m                                        00:02 [32m+1211[0m[31m -100[0m: test/security/security_vulnerabilities_test.dart: Input Validation - Malicious Input expression with extremely long variable name should fail[0m                                        00:02 [32m+1212[0m[31m -100[0m: test/security/security_vulnerabilities_test.dart: Input Validation - Malicious Input expression with extremely long variable name should fail[0m                                        00:02 [32m+1213[0m[31m -100[0m: test/security/security_vulnerabilities_test.dart: Input Validation - Malicious Input expression with extremely long variable name should fail[0m                                        00:02 [32m+1214[0m[31m -100[0m: test/security/security_vulnerabilities_test.dart: Input Validation - Malicious Input expression with extremely long variable name should fail[0m                                        00:02 [32m+1215[0m[31m -100[0m: test/security/security_vulnerabilities_test.dart: Input Validation - Malicious Input expression with extremely long variable name should fail[0m                                        00:02 [32m+1216[0m[31m -100[0m: test/security/security_vulnerabilities_test.dart: Input Validation - Malicious Input expression with extremely long variable name should fail[0m                                        00:02 [32m+1217[0m[31m -100[0m: test/security/security_vulnerabilities_test.dart: Input Validation - Malicious Input expression with extremely long variable name should fail[0m                                        00:02 [32m+1218[0m[31m -100[0m: test/security/security_vulnerabilities_test.dart: Input Validation - Malicious Input expression with extremely long variable name should fail[0m                                        00:02 [32m+1219[0m[31m -100[0m: test/security/security_vulnerabilities_test.dart: Input Validation - Malicious Input expression with extremely long variable name should fail[0m                                        00:02 [32m+1220[0m[31m -100[0m: test/security/security_vulnerabilities_test.dart: Input Validation - Malicious Input expression with extremely long variable name should fail[0m                                        00:02 [32m+1221[0m[31m -100[0m: test/security/security_vulnerabilities_test.dart: Input Validation - Malicious Input expression with extremely long variable name should fail[0m                                        00:02 [32m+1222[0m[31m -100[0m: test/security/security_vulnerabilities_test.dart: Input Validation - Malicious Input expression with extremely long variable name should fail[0m                                        00:02 [32m+1223[0m[31m -100[0m: test/security/security_vulnerabilities_test.dart: Input Validation - Malicious Input expression with extremely long variable name should fail[0m                                        00:02 [32m+1224[0m[31m -100[0m: test/security/security_vulnerabilities_test.dart: Input Validation - Malicious Input expression with extremely long variable name should fail[0m                                        00:02 [32m+1225[0m[31m -100[0m: test/security/security_vulnerabilities_test.dart: Input Validation - Malicious Input expression with extremely long variable name should fail[0m                                        00:02 [32m+1226[0m[31m -100[0m: test/security/security_vulnerabilities_test.dart: Input Validation - Malicious Input expression with extremely long variable name should fail[0m                                        00:02 [32m+1227[0m[31m -100[0m: test/security/security_vulnerabilities_test.dart: Input Validation - Malicious Input expression with extremely long variable name should fail[0m                                        00:02 [32m+1228[0m[31m -100[0m: test/security/security_vulnerabilities_test.dart: Input Validation - Malicious Input expression with extremely long variable name should fail[0m                                        00:02 [32m+1229[0m[31m -100[0m: test/security/security_vulnerabilities_test.dart: Input Validation - Malicious Input expression with extremely long variable name should fail[0m                                        00:02 [32m+1230[0m[31m -100[0m: test/security/security_vulnerabilities_test.dart: Input Validation - Malicious Input expression with extremely long variable name should fail[0m                                        00:02 [32m+1231[0m[31m -100[0m: test/security/security_vulnerabilities_test.dart: Input Validation - Malicious Input expression with extremely long variable name should fail[0m                                        00:02 [32m+1232[0m[31m -100[0m: test/security/security_vulnerabilities_test.dart: Input Validation - Malicious Input expression with extremely long variable name should fail[0m                                        00:02 [32m+1233[0m[31m -100[0m: test/security/security_vulnerabilities_test.dart: Input Validation - Malicious Input expression with extremely long variable name should fail[0m                                        00:02 [32m+1234[0m[31m -100[0m: test/security/security_vulnerabilities_test.dart: Input Validation - Malicious Input expression with extremely long variable name should fail[0m                                        00:02 [32m+1235[0m[31m -100[0m: test/security/security_vulnerabilities_test.dart: Input Validation - Malicious Input expression with extremely long variable name should fail[0m                                        00:02 [32m+1236[0m[31m -100[0m: test/security/security_vulnerabilities_test.dart: Input Validation - Malicious Input expression with extremely long variable name should fail[0m                                        00:02 [32m+1237[0m[31m -100[0m: test/security/security_vulnerabilities_test.dart: Input Validation - Malicious Input expression with extremely long variable name should fail[0m                                        00:02 [32m+1238[0m[31m -100[0m: test/security/security_vulnerabilities_test.dart: Input Validation - Malicious Input expression with extremely long variable name should fail[0m                                        00:02 [32m+1239[0m[31m -100[0m: test/security/security_vulnerabilities_test.dart: Input Validation - Malicious Input expression with extremely long variable name should fail[0m                                        00:02 [32m+1240[0m[31m -100[0m: test/security/security_vulnerabilities_test.dart: Input Validation - Malicious Input expression with extremely long variable name should fail[0m                                        00:02 [32m+1241[0m[31m -100[0m: test/security/security_vulnerabilities_test.dart: Input Validation - Malicious Input expression with extremely long variable name should fail[0m                                        00:02 [32m+1242[0m[31m -100[0m: test/security/security_vulnerabilities_test.dart: Input Validation - Malicious Input expression with extremely long variable name should fail[0m                                        00:02 [32m+1243[0m[31m -100[0m: test/security/security_vulnerabilities_test.dart: Input Validation - Malicious Input expression with extremely long variable name should fail[0m                                        00:02 [32m+1244[0m[31m -100[0m: test/security/security_vulnerabilities_test.dart: Input Validation - Malicious Input expression with extremely long variable name should fail[0m                                        00:02 [32m+1245[0m[31m -100[0m: test/security/security_vulnerabilities_test.dart: Input Validation - Malicious Input expression with extremely long variable name should fail[0m                                        00:02 [32m+1246[0m[31m -100[0m: test/security/security_vulnerabilities_test.dart: Input Validation - Malicious Input expression with extremely long variable name should fail[0m                                        00:02 [32m+1247[0m[31m -100[0m: test/security/security_vulnerabilities_test.dart: Input Validation - Malicious Input expression with extremely long variable name should fail[0m                                        00:02 [32m+1248[0m[31m -100[0m: test/security/security_vulnerabilities_test.dart: Input Validation - Malicious Input expression with extremely long variable name should fail[0m                                        00:02 [32m+1249[0m[31m -100[0m: test/security/security_vulnerabilities_test.dart: Input Validation - Malicious Input expression with extremely long variable name should fail[0m                                        00:02 [32m+1250[0m[31m -100[0m: test/security/security_vulnerabilities_test.dart: Input Validation - Malicious Input expression with extremely long variable name should fail[0m                                        00:02 [32m+1251[0m[31m -100[0m: test/security/security_vulnerabilities_test.dart: Input Validation - Malicious Input expression with extremely long variable name should fail[0m                                        00:02 [32m+1252[0m[31m -100[0m: test/security/security_vulnerabilities_test.dart: Input Validation - Malicious Input expression with extremely long variable name should fail[0m                                        00:02 [32m+1253[0m[31m -100[0m: test/security/security_vulnerabilities_test.dart: Input Validation - Malicious Input expression with extremely long variable name should fail[0m                                        00:02 [32m+1254[0m[31m -100[0m: test/security/security_vulnerabilities_test.dart: Input Validation - Malicious Input expression with extremely long variable name should fail[0m                                        00:02 [32m+1255[0m[31m -100[0m: test/security/security_vulnerabilities_test.dart: Input Validation - Malicious Input expression with extremely long variable name should fail[0m                                        00:02 [32m+1256[0m[31m -100[0m: test/security/security_vulnerabilities_test.dart: Input Validation - Malicious Input expression with extremely long variable name should fail[0m                                        00:02 [32m+1257[0m[31m -100[0m: test/security/security_vulnerabilities_test.dart: Input Validation - Malicious Input expression with extremely long variable name should fail[0m                                        00:02 [32m+1258[0m[31m -100[0m: test/security/security_vulnerabilities_test.dart: Input Validation - Malicious Input expression with extremely long variable name should fail[0m                                        00:02 [32m+1259[0m[31m -100[0m: test/security/security_vulnerabilities_test.dart: Input Validation - Malicious Input expression with extremely long variable name should fail[0m                                        00:02 [32m+1260[0m[31m -100[0m: test/security/security_vulnerabilities_test.dart: Input Validation - Malicious Input expression with extremely long variable name should fail[0m                                        00:02 [32m+1261[0m[31m -100[0m: test/security/security_vulnerabilities_test.dart: Input Validation - Malicious Input expression with extremely long variable name should fail[0m                                        00:02 [32m+1262[0m[31m -100[0m: test/security/security_vulnerabilities_test.dart: Input Validation - Malicious Input expression with extremely long variable name should fail[0m                                        00:02 [32m+1263[0m[31m -100[0m: test/security/security_vulnerabilities_test.dart: Input Validation - Malicious Input expression with extremely long variable name should fail[0m                                        00:02 [32m+1264[0m[31m -100[0m: test/security/security_vulnerabilities_test.dart: Input Validation - Malicious Input expression with extremely long variable name should fail[0m                                        00:02 [32m+1265[0m[31m -100[0m: test/security/security_vulnerabilities_test.dart: Input Validation - Malicious Input expression with extremely long variable name should fail[0m                                        00:02 [32m+1266[0m[31m -100[0m: test/security/security_vulnerabilities_test.dart: Input Validation - Malicious Input expression with extremely long variable name should fail[0m                                        00:02 [32m+1267[0m[31m -100[0m: test/security/security_vulnerabilities_test.dart: Input Validation - Malicious Input expression with extremely long variable name should fail[0m                                        00:02 [32m+1268[0m[31m -100[0m: test/security/security_vulnerabilities_test.dart: Input Validation - Malicious Input expression with extremely long variable name should fail[0m                                        00:02 [32m+1269[0m[31m -100[0m: test/security/security_vulnerabilities_test.dart: Input Validation - Malicious Input expression with extremely long variable name should fail[0m                                        00:02 [32m+1270[0m[31m -100[0m: test/security/security_vulnerabilities_test.dart: Input Validation - Malicious Input expression with extremely long variable name should fail[0m                                        00:02 [32m+1271[0m[31m -100[0m: test/security/security_vulnerabilities_test.dart: Input Validation - Malicious Input expression with extremely long variable name should fail[0m                                        00:02 [32m+1272[0m[31m -100[0m: test/security/security_vulnerabilities_test.dart: Input Validation - Malicious Input expression with extremely long variable name should fail[0m                                        00:02 [32m+1273[0m[31m -100[0m: test/security/security_vulnerabilities_test.dart: Input Validation - Malicious Input expression with extremely long variable name should fail[0m                                        00:02 [32m+1274[0m[31m -100[0m: test/security/security_vulnerabilities_test.dart: Input Validation - Malicious Input expression with extremely long variable name should fail[0m                                        00:02 [32m+1275[0m[31m -100[0m: test/security/security_vulnerabilities_test.dart: Input Validation - Malicious Input expression with extremely long variable name should fail[0m                                        00:02 [32m+1276[0m[31m -100[0m: test/security/security_vulnerabilities_test.dart: Input Validation - Malicious Input expression with extremely long variable name should fail[0m                                        00:02 [32m+1277[0m[31m -100[0m: test/security/security_vulnerabilities_test.dart: Input Validation - Malicious Input expression with extremely long variable name should fail[0m                                        00:02 [32m+1278[0m[31m -100[0m: test/security/security_vulnerabilities_test.dart: Input Validation - Malicious Input expression with extremely long variable name should fail[0m                                        00:02 [32m+1279[0m[31m -100[0m: test/security/security_vulnerabilities_test.dart: Input Validation - Malicious Input expression with extremely long variable name should fail[0m                                        00:02 [32m+1280[0m[31m -100[0m: test/security/security_vulnerabilities_test.dart: Input Validation - Malicious Input expression with extremely long variable name should fail[0m                                        00:02 [32m+1281[0m[31m -100[0m: test/security/security_vulnerabilities_test.dart: Input Validation - Malicious Input expression with extremely long variable name should fail[0m                                        00:02 [32m+1282[0m[31m -100[0m: test/security/security_vulnerabilities_test.dart: Input Validation - Malicious Input expression with extremely long variable name should fail[0m                                        00:02 [32m+1283[0m[31m -100[0m: test/security/security_vulnerabilities_test.dart: Input Validation - Malicious Input expression with extremely long variable name should fail[0m                                        00:02 [32m+1284[0m[31m -100[0m: test/security/security_vulnerabilities_test.dart: Input Validation - Malicious Input expression with extremely long variable name should fail[0m                                        00:02 [32m+1285[0m[31m -100[0m: test/security/security_vulnerabilities_test.dart: Input Validation - Malicious Input expression with extremely long variable name should fail[0m                                        00:02 [32m+1286[0m[31m -100[0m: test/security/security_vulnerabilities_test.dart: Input Validation - Malicious Input expression with extremely long variable name should fail[0m                                        00:02 [32m+1287[0m[31m -100[0m: test/security/security_vulnerabilities_test.dart: Input Validation - Malicious Input expression with extremely long variable name should fail[0m                                        00:02 [32m+1288[0m[31m -100[0m: test/security/security_vulnerabilities_test.dart: Input Validation - Malicious Input expression with extremely long variable name should fail[0m                                        00:02 [32m+1289[0m[31m -100[0m: test/security/security_vulnerabilities_test.dart: Input Validation - Malicious Input expression with extremely long variable name should fail[0m                                        00:02 [32m+1290[0m[31m -100[0m: test/security/security_vulnerabilities_test.dart: Input Validation - Malicious Input expression with extremely long variable name should fail[0m                                        00:02 [32m+1291[0m[31m -100[0m: test/security/security_vulnerabilities_test.dart: Input Validation - Malicious Input expression with extremely long variable name should fail[0m                                        00:02 [32m+1292[0m[31m -100[0m: test/security/security_vulnerabilities_test.dart: Input Validation - Malicious Input expression with extremely long variable name should fail[0m                                        00:02 [32m+1293[0m[31m -100[0m: test/security/security_vulnerabilities_test.dart: Input Validation - Malicious Input expression with extremely long variable name should fail[0m                                        00:02 [32m+1294[0m[31m -100[0m: test/security/security_vulnerabilities_test.dart: Input Validation - Malicious Input expression with extremely long variable name should fail[0m                                        00:02 [32m+1295[0m[31m -100[0m: test/security/security_vulnerabilities_test.dart: Input Validation - Malicious Input expression with extremely long variable name should fail[0m                                        00:02 [32m+1296[0m[31m -100[0m: test/security/security_vulnerabilities_test.dart: Input Validation - Malicious Input expression with extremely long variable name should fail[0m                                        00:02 [32m+1297[0m[31m -100[0m: test/security/security_vulnerabilities_test.dart: Input Validation - Malicious Input expression with extremely long variable name should fail[0m                                        00:02 [32m+1298[0m[31m -100[0m: test/security/security_vulnerabilities_test.dart: Input Validation - Malicious Input expression with extremely long variable name should fail[0m                                        00:02 [32m+1299[0m[31m -100[0m: test/security/security_vulnerabilities_test.dart: Input Validation - Malicious Input expression with extremely long variable name should fail[0m                                        00:02 [32m+1300[0m[31m -100[0m: test/security/security_vulnerabilities_test.dart: Input Validation - Malicious Input expression with extremely long variable name should fail[0m                                        00:02 [32m+1301[0m[31m -100[0m: test/security/security_vulnerabilities_test.dart: Input Validation - Malicious Input expression with extremely long variable name should fail[0m                                        00:02 [32m+1302[0m[31m -100[0m: test/security/security_vulnerabilities_test.dart: Input Validation - Malicious Input expression with extremely long variable name should fail[0m                                        00:02 [32m+1303[0m[31m -100[0m: test/security/security_vulnerabilities_test.dart: Input Validation - Malicious Input expression with extremely long variable name should fail[0m                                        00:02 [32m+1304[0m[31m -100[0m: test/security/security_vulnerabilities_test.dart: Input Validation - Malicious Input expression with extremely long variable name should fail[0m                                        00:02 [32m+1305[0m[31m -100[0m: test/security/security_vulnerabilities_test.dart: Input Validation - Malicious Input expression with extremely long variable name should fail[0m                                        00:02 [32m+1306[0m[31m -100[0m: test/security/security_vulnerabilities_test.dart: Input Validation - Malicious Input expression with extremely long variable name should fail[0m                                        00:02 [32m+1307[0m[31m -100[0m: test/security/security_vulnerabilities_test.dart: Input Validation - Malicious Input expression with extremely long variable name should fail[0m                                        00:02 [32m+1308[0m[31m -100[0m: test/security/security_vulnerabilities_test.dart: Input Validation - Malicious Input expression with extremely long variable name should fail[0m                                        00:02 [32m+1309[0m[31m -100[0m: test/security/security_vulnerabilities_test.dart: Input Validation - Malicious Input expression with extremely long variable name should fail[0m                                        00:02 [32m+1310[0m[31m -100[0m: test/security/security_vulnerabilities_test.dart: Input Validation - Malicious Input expression with extremely long variable name should fail[0m                                        00:02 [32m+1311[0m[31m -100[0m: test/security/security_vulnerabilities_test.dart: Input Validation - Malicious Input expression with extremely long variable name should fail[0m                                        00:02 [32m+1312[0m[31m -100[0m: test/security/security_vulnerabilities_test.dart: Input Validation - Malicious Input expression with extremely long variable name should fail[0m                                        00:02 [32m+1313[0m[31m -100[0m: test/security/security_vulnerabilities_test.dart: Input Validation - Malicious Input expression with extremely long variable name should fail[0m                                        00:02 [32m+1314[0m[31m -100[0m: test/security/security_vulnerabilities_test.dart: Input Validation - Malicious Input expression with extremely long variable name should fail[0m                                        00:02 [32m+1315[0m[31m -100[0m: test/security/security_vulnerabilities_test.dart: Input Validation - Malicious Input expression with extremely long variable name should fail[0m                                        00:02 [32m+1316[0m[31m -100[0m: test/security/security_vulnerabilities_test.dart: Input Validation - Malicious Input expression with extremely long variable name should fail[0m                                        00:02 [32m+1317[0m[31m -100[0m: test/security/security_vulnerabilities_test.dart: Input Validation - Malicious Input expression with extremely long variable name should fail[0m                                        00:02 [32m+1318[0m[31m -100[0m: test/security/security_vulnerabilities_test.dart: Input Validation - Malicious Input expression with extremely long variable name should fail[0m                                        00:02 [32m+1319[0m[31m -100[0m: test/security/security_vulnerabilities_test.dart: Input Validation - Malicious Input expression with extremely long variable name should fail[0m                                        00:02 [32m+1320[0m[31m -100[0m: test/security/security_vulnerabilities_test.dart: Input Validation - Malicious Input expression with extremely long variable name should fail[0m                                        00:02 [32m+1321[0m[31m -100[0m: test/security/security_vulnerabilities_test.dart: Input Validation - Malicious Input expression with extremely long variable name should fail[0m                                        00:02 [32m+1322[0m[31m -100[0m: test/security/security_vulnerabilities_test.dart: Input Validation - Malicious Input expression with extremely long variable name should fail[0m                                        00:02 [32m+1323[0m[31m -100[0m: test/security/security_vulnerabilities_test.dart: Input Validation - Malicious Input expression with extremely long variable name should fail[0m                                        00:02 [32m+1324[0m[31m -100[0m: test/security/security_vulnerabilities_test.dart: Input Validation - Malicious Input expression with extremely long variable name should fail[0m                                        00:02 [32m+1325[0m[31m -100[0m: test/security/security_vulnerabilities_test.dart: Input Validation - Malicious Input expression with extremely long variable name should fail[0m                                        00:02 [32m+1326[0m[31m -100[0m: test/security/security_vulnerabilities_test.dart: Input Validation - Malicious Input expression with extremely long variable name should fail[0m                                        00:02 [32m+1327[0m[31m -100[0m: test/security/security_vulnerabilities_test.dart: Input Validation - Malicious Input expression with extremely long variable name should fail[0m                                        00:02 [32m+1328[0m[31m -100[0m: test/security/security_vulnerabilities_test.dart: Input Validation - Malicious Input expression with extremely long variable name should fail[0m                                        00:02 [32m+1329[0m[31m -100[0m: test/security/security_vulnerabilities_test.dart: Input Validation - Malicious Input expression with extremely long variable name should fail[0m                                        00:02 [32m+1330[0m[31m -100[0m: test/security/security_vulnerabilities_test.dart: Input Validation - Malicious Input expression with extremely long variable name should fail[0m                                        00:02 [32m+1331[0m[31m -100[0m: test/security/security_vulnerabilities_test.dart: Input Validation - Malicious Input expression with extremely long variable name should fail[0m                                        00:02 [32m+1332[0m[31m -100[0m: test/security/security_vulnerabilities_test.dart: Input Validation - Malicious Input expression with extremely long variable name should fail[0m                                        00:02 [32m+1333[0m[31m -100[0m: test/security/security_vulnerabilities_test.dart: Input Validation - Malicious Input expression with extremely long variable name should fail[0m                                        00:02 [32m+1334[0m[31m -100[0m: test/security/security_vulnerabilities_test.dart: Input Validation - Malicious Input expression with extremely long variable name should fail[0m                                        00:02 [32m+1335[0m[31m -100[0m: test/security/security_vulnerabilities_test.dart: Input Validation - Malicious Input expression with extremely long variable name should fail[0m                                        00:02 [32m+1336[0m[31m -100[0m: test/security/security_vulnerabilities_test.dart: Input Validation - Malicious Input expression with extremely long variable name should fail[0m                                        00:02 [32m+1337[0m[31m -100[0m: test/security/security_vulnerabilities_test.dart: Input Validation - Malicious Input expression with extremely long variable name should fail[0m                                        00:02 [32m+1338[0m[31m -100[0m: test/security/security_vulnerabilities_test.dart: Input Validation - Malicious Input expression with extremely long variable name should fail[0m                                        00:02 [32m+1339[0m[31m -100[0m: test/security/security_vulnerabilities_test.dart: Input Validation - Malicious Input expression with extremely long variable name should fail[0m                                        00:02 [32m+1340[0m[31m -100[0m: test/security/security_vulnerabilities_test.dart: Input Validation - Malicious Input expression with extremely long variable name should fail[0m                                        00:02 [32m+1341[0m[31m -100[0m: test/security/security_vulnerabilities_test.dart: Input Validation - Malicious Input expression with extremely long variable name should fail[0m                                        00:02 [32m+1342[0m[31m -100[0m: test/security/security_vulnerabilities_test.dart: Input Validation - Malicious Input expression with extremely long variable name should fail[0m                                        00:02 [32m+1343[0m[31m -100[0m: test/security/security_vulnerabilities_test.dart: Input Validation - Malicious Input expression with extremely long variable name should fail[0m                                        00:02 [32m+1344[0m[31m -100[0m: test/security/security_vulnerabilities_test.dart: Input Validation - Malicious Input expression with extremely long variable name should fail[0m                                        00:02 [32m+1345[0m[31m -100[0m: test/security/security_vulnerabilities_test.dart: Input Validation - Malicious Input expression with extremely long variable name should fail[0m                                        00:02 [32m+1346[0m[31m -100[0m: test/security/security_vulnerabilities_test.dart: Input Validation - Malicious Input expression with extremely long variable name should fail[0m                                        00:02 [32m+1347[0m[31m -100[0m: test/security/security_vulnerabilities_test.dart: Input Validation - Malicious Input expression with extremely long variable name should fail[0m                                        00:02 [32m+1348[0m[31m -100[0m: test/security/security_vulnerabilities_test.dart: Input Validation - Malicious Input expression with extremely long variable name should fail[0m                                        00:02 [32m+1349[0m[31m -100[0m: test/security/security_vulnerabilities_test.dart: Input Validation - Malicious Input expression with extremely long variable name should fail[0m                                        00:02 [32m+1350[0m[31m -100[0m: test/security/security_vulnerabilities_test.dart: Input Validation - Malicious Input expression with extremely long variable name should fail[0m                                        00:02 [32m+1351[0m[31m -100[0m: test/security/security_vulnerabilities_test.dart: Input Validation - Malicious Input expression with extremely long variable name should fail[0m                                        00:02 [32m+1352[0m[31m -100[0m: test/security/security_vulnerabilities_test.dart: Input Validation - Malicious Input expression with extremely long variable name should fail[0m                                        00:02 [32m+1353[0m[31m -100[0m: test/security/security_vulnerabilities_test.dart: Input Validation - Malicious Input expression with extremely long variable name should fail[0m                                        00:02 [32m+1354[0m[31m -100[0m: test/security/security_vulnerabilities_test.dart: Input Validation - Malicious Input expression with extremely long variable name should fail[0m                                        00:02 [32m+1355[0m[31m -100[0m: test/security/security_vulnerabilities_test.dart: Input Validation - Malicious Input expression with extremely long variable name should fail[0m                                        00:02 [32m+1356[0m[31m -100[0m: test/security/security_vulnerabilities_test.dart: Input Validation - Malicious Input expression with extremely long variable name should fail[0m                                        00:02 [32m+1357[0m[31m -100[0m: test/security/security_vulnerabilities_test.dart: Input Validation - Malicious Input expression with extremely long variable name should fail[0m                                        00:02 [32m+1358[0m[31m -100[0m: test/security/security_vulnerabilities_test.dart: Input Validation - Malicious Input expression with extremely long variable name should fail[0m                                        00:02 [32m+1359[0m[31m -100[0m: test/security/security_vulnerabilities_test.dart: Input Validation - Malicious Input expression with extremely long variable name should fail[0m                                        00:02 [32m+1360[0m[31m -100[0m: test/security/security_vulnerabilities_test.dart: Input Validation - Malicious Input expression with extremely long variable name should fail[0m                                        00:02 [32m+1361[0m[31m -100[0m: test/security/security_vulnerabilities_test.dart: Input Validation - Malicious Input expression with extremely long variable name should fail[0m                                        00:02 [32m+1362[0m[31m -100[0m: test/security/security_vulnerabilities_test.dart: Input Validation - Malicious Input expression with extremely long variable name should fail[0m                                        00:02 [32m+1363[0m[31m -100[0m: test/security/security_vulnerabilities_test.dart: Input Validation - Malicious Input expression with extremely long variable name should fail[0m                                        00:02 [32m+1364[0m[31m -100[0m: test/security/security_vulnerabilities_test.dart: Input Validation - Malicious Input expression with extremely long variable name should fail[0m                                        00:02 [32m+1365[0m[31m -100[0m: test/security/security_vulnerabilities_test.dart: Input Validation - Malicious Input expression with extremely long variable name should fail[0m                                        00:02 [32m+1366[0m[31m -100[0m: test/security/security_vulnerabilities_test.dart: Input Validation - Malicious Input expression with extremely long variable name should fail[0m                                        00:02 [32m+1367[0m[31m -100[0m: test/security/security_vulnerabilities_test.dart: Input Validation - Malicious Input expression with extremely long variable name should fail[0m                                        00:02 [32m+1368[0m[31m -100[0m: test/security/security_vulnerabilities_test.dart: Input Validation - Malicious Input expression with extremely long variable name should fail[0m                                        00:02 [32m+1369[0m[31m -100[0m: test/security/security_vulnerabilities_test.dart: Input Validation - Malicious Input expression with extremely long variable name should fail[0m                                        00:02 [32m+1370[0m[31m -100[0m: test/security/security_vulnerabilities_test.dart: Input Validation - Malicious Input expression with extremely long variable name should fail[0m                                        00:02 [32m+1371[0m[31m -100[0m: test/security/security_vulnerabilities_test.dart: Input Validation - Malicious Input expression with extremely long variable name should fail[0m                                        00:02 [32m+1372[0m[31m -100[0m: test/security/security_vulnerabilities_test.dart: Input Validation - Malicious Input expression with extremely long variable name should fail[0m                                        00:02 [32m+1373[0m[31m -100[0m: test/security/security_vulnerabilities_test.dart: Input Validation - Malicious Input expression with extremely long variable name should fail[0m                                        00:02 [32m+1374[0m[31m -100[0m: test/security/security_vulnerabilities_test.dart: Input Validation - Malicious Input expression with extremely long variable name should fail[0m                                        00:02 [32m+1375[0m[31m -100[0m: test/security/security_vulnerabilities_test.dart: Input Validation - Malicious Input expression with extremely long variable name should fail[0m                                        00:02 [32m+1376[0m[31m -100[0m: test/security/security_vulnerabilities_test.dart: Input Validation - Malicious Input expression with extremely long variable name should fail[0m                                        00:02 [32m+1377[0m[31m -100[0m: test/security/security_vulnerabilities_test.dart: Input Validation - Malicious Input expression with extremely long variable name should fail[0m                                        00:02 [32m+1378[0m[31m -100[0m: test/security/security_vulnerabilities_test.dart: Input Validation - Malicious Input expression with extremely long variable name should fail[0m                                        00:02 [32m+1379[0m[31m -100[0m: test/security/security_vulnerabilities_test.dart: Input Validation - Malicious Input expression with extremely long variable name should fail[0m                                        00:02 [32m+1380[0m[31m -100[0m: test/security/security_vulnerabilities_test.dart: Input Validation - Malicious Input expression with extremely long variable name should fail[0m                                        00:02 [32m+1381[0m[31m -100[0m: test/security/security_vulnerabilities_test.dart: Input Validation - Malicious Input expression with extremely long variable name should fail[0m                                        00:02 [32m+1382[0m[31m -100[0m: test/security/security_vulnerabilities_test.dart: Input Validation - Malicious Input expression with extremely long variable name should fail[0m                                        00:02 [32m+1383[0m[31m -100[0m: test/security/security_vulnerabilities_test.dart: Input Validation - Malicious Input expression with extremely long variable name should fail[0m                                        00:02 [32m+1384[0m[31m -100[0m: test/security/security_vulnerabilities_test.dart: Input Validation - Malicious Input expression with extremely long variable name should fail[0m                                        00:02 [32m+1385[0m[31m -100[0m: test/security/security_vulnerabilities_test.dart: Input Validation - Malicious Input expression with extremely long variable name should fail[0m                                        00:02 [32m+1386[0m[31m -100[0m: test/security/security_vulnerabilities_test.dart: Input Validation - Malicious Input expression with extremely long variable name should fail[0m                                        00:02 [32m+1387[0m[31m -100[0m: test/security/security_vulnerabilities_test.dart: Input Validation - Malicious Input expression with extremely long variable name should fail[0m                                        00:02 [32m+1388[0m[31m -100[0m: test/security/security_vulnerabilities_test.dart: Input Validation - Malicious Input expression with extremely long variable name should fail[0m                                        00:02 [32m+1389[0m[31m -100[0m: test/security/security_vulnerabilities_test.dart: Input Validation - Malicious Input expression with extremely long variable name should fail[0m                                        00:02 [32m+1390[0m[31m -100[0m: test/security/security_vulnerabilities_test.dart: Input Validation - Malicious Input expression with extremely long variable name should fail[0m                                        00:02 [32m+1391[0m[31m -100[0m: test/security/security_vulnerabilities_test.dart: Input Validation - Malicious Input expression with extremely long variable name should fail[0m                                        00:02 [32m+1392[0m[31m -100[0m: test/security/security_vulnerabilities_test.dart: Input Validation - Malicious Input expression with extremely long variable name should fail[0m                                        00:02 [32m+1393[0m[31m -100[0m: test/security/security_vulnerabilities_test.dart: Input Validation - Malicious Input expression with extremely long variable name should fail[0m                                        00:02 [32m+1394[0m[31m -100[0m: test/security/security_vulnerabilities_test.dart: Input Validation - Malicious Input expression with extremely long variable name should fail[0m                                        00:02 [32m+1395[0m[31m -100[0m: test/security/security_vulnerabilities_test.dart: Input Validation - Malicious Input expression with extremely long variable name should fail[0m                                        00:02 [32m+1396[0m[31m -100[0m: test/security/security_vulnerabilities_test.dart: Input Validation - Malicious Input expression with extremely long variable name should fail[0m                                        00:02 [32m+1397[0m[31m -100[0m: test/security/security_vulnerabilities_test.dart: Input Validation - Malicious Input expression with extremely long variable name should fail[0m                                        00:02 [32m+1398[0m[31m -100[0m: test/security/security_vulnerabilities_test.dart: Input Validation - Malicious Input expression with extremely long variable name should fail[0m                                        00:02 [32m+1399[0m[31m -100[0m: test/security/security_vulnerabilities_test.dart: Input Validation - Malicious Input expression with extremely long variable name should fail[0m                                        00:02 [32m+1400[0m[31m -100[0m: test/security/security_vulnerabilities_test.dart: Input Validation - Malicious Input expression with extremely long variable name should fail[0m                                        00:02 [32m+1401[0m[31m -100[0m: test/security/security_vulnerabilities_test.dart: Input Validation - Malicious Input expression with extremely long variable name should fail[0m                                        00:02 [32m+1402[0m[31m -100[0m: test/security/security_vulnerabilities_test.dart: Input Validation - Malicious Input expression with extremely long variable name should fail[0m                                        00:02 [32m+1403[0m[31m -100[0m: test/security/security_vulnerabilities_test.dart: Input Validation - Malicious Input expression with extremely long variable name should fail[0m                                        00:02 [32m+1404[0m[31m -100[0m: test/security/security_vulnerabilities_test.dart: Input Validation - Malicious Input expression with extremely long variable name should fail[0m                                        00:02 [32m+1405[0m[31m -100[0m: test/security/security_vulnerabilities_test.dart: Input Validation - Malicious Input expression with extremely long variable name should fail[0m                                        00:02 [32m+1406[0m[31m -100[0m: test/security/security_vulnerabilities_test.dart: Input Validation - Malicious Input expression with extremely long variable name should fail[0m                                        00:02 [32m+1407[0m[31m -100[0m: test/security/security_vulnerabilities_test.dart: Input Validation - Malicious Input expression with extremely long variable name should fail[0m                                        00:02 [32m+1408[0m[31m -100[0m: test/security/security_vulnerabilities_test.dart: Input Validation - Malicious Input expression with extremely long variable name should fail[0m                                        00:02 [32m+1409[0m[31m -100[0m: test/security/security_vulnerabilities_test.dart: Input Validation - Malicious Input expression with extremely long variable name should fail[0m                                        00:02 [32m+1410[0m[31m -100[0m: test/security/security_vulnerabilities_test.dart: Input Validation - Malicious Input expression with extremely long variable name should fail[0m                                        00:02 [32m+1411[0m[31m -100[0m: test/security/security_vulnerabilities_test.dart: Input Validation - Malicious Input expression with extremely long variable name should fail[0m                                        00:02 [32m+1412[0m[31m -100[0m: test/security/security_vulnerabilities_test.dart: Input Validation - Malicious Input expression with extremely long variable name should fail[0m                                        00:02 [32m+1413[0m[31m -100[0m: test/security/security_vulnerabilities_test.dart: Input Validation - Malicious Input expression with extremely long variable name should fail[0m                                        00:02 [32m+1414[0m[31m -100[0m: test/security/security_vulnerabilities_test.dart: Input Validation - Malicious Input expression with extremely long variable name should fail[0m                                        00:02 [32m+1415[0m[31m -100[0m: test/security/security_vulnerabilities_test.dart: Input Validation - Malicious Input expression with extremely long variable name should fail[0m                                        00:02 [32m+1416[0m[31m -100[0m: test/security/security_vulnerabilities_test.dart: Input Validation - Malicious Input expression with extremely long variable name should fail[0m                                        00:02 [32m+1417[0m[31m -100[0m: test/security/security_vulnerabilities_test.dart: Input Validation - Malicious Input expression with extremely long variable name should fail[0m                                        00:02 [32m+1418[0m[31m -100[0m: test/security/security_vulnerabilities_test.dart: Input Validation - Malicious Input expression with extremely long variable name should fail[0m                                        00:02 [32m+1419[0m[31m -100[0m: test/security/security_vulnerabilities_test.dart: Input Validation - Malicious Input expression with extremely long variable name should fail[0m                                        00:02 [32m+1420[0m[31m -100[0m: test/security/security_vulnerabilities_test.dart: Input Validation - Malicious Input expression with extremely long variable name should fail[0m                                        00:02 [32m+1421[0m[31m -100[0m: test/security/security_vulnerabilities_test.dart: Input Validation - Malicious Input expression with extremely long variable name should fail[0m                                        00:02 [32m+1422[0m[31m -100[0m: test/security/security_vulnerabilities_test.dart: Input Validation - Malicious Input expression with extremely long variable name should fail[0m                                        00:02 [32m+1423[0m[31m -100[0m: test/security/security_vulnerabilities_test.dart: Input Validation - Malicious Input expression with extremely long variable name should fail[0m                                        00:02 [32m+1424[0m[31m -100[0m: test/security/security_vulnerabilities_test.dart: Input Validation - Malicious Input expression with extremely long variable name should fail[0m                                        00:02 [32m+1425[0m[31m -100[0m: test/security/security_vulnerabilities_test.dart: Input Validation - Malicious Input expression with extremely long variable name should fail[0m                                        00:02 [32m+1426[0m[31m -100[0m: test/security/security_vulnerabilities_test.dart: Input Validation - Malicious Input expression with extremely long variable name should fail[0m                                        00:02 [32m+1427[0m[31m -100[0m: test/security/security_vulnerabilities_test.dart: Input Validation - Malicious Input expression with extremely long variable name should fail[0m                                        00:02 [32m+1428[0m[31m -100[0m: test/security/security_vulnerabilities_test.dart: Input Validation - Malicious Input expression with extremely long variable name should fail[0m                                        00:02 [32m+1429[0m[31m -100[0m: test/security/security_vulnerabilities_test.dart: Input Validation - Malicious Input expression with extremely long variable name should fail[0m                                        00:02 [32m+1430[0m[31m -100[0m: test/security/security_vulnerabilities_test.dart: Input Validation - Malicious Input expression with extremely long variable name should fail[0m                                        00:02 [32m+1431[0m[31m -100[0m: test/security/security_vulnerabilities_test.dart: Input Validation - Malicious Input expression with extremely long variable name should fail[0m                                        00:02 [32m+1432[0m[31m -100[0m: test/security/security_vulnerabilities_test.dart: Input Validation - Malicious Input expression with extremely long variable name should fail[0m                                        00:02 [32m+1433[0m[31m -100[0m: test/security/security_vulnerabilities_test.dart: Input Validation - Malicious Input expression with extremely long variable name should fail[0m                                        00:02 [32m+1434[0m[31m -100[0m: test/security/security_vulnerabilities_test.dart: Input Validation - Malicious Input expression with extremely long variable name should fail[0m                                        00:02 [32m+1434[0m[31m -101[0m: test/features/conditions_test.dart: Equations with Constraints Curly brace notation: f(x)=expr{condition} f(x)=x^{2}-2{-1<x<2} with x=0 (valid) [1m[31m[E][0m[0m                                  
  Bad state: Result is a function, not a number
  package:texpr/src/evaluation_result.dart 46:9  EvaluationResult.asNumeric
  test/features/conditions_test.dart 15:66       main.<fn>.<fn>.<fn>
  

[1m[36mTo run this test again:[0m /Users/xomodo/sdks/flutter/bin/cache/dart-sdk/bin/dart test test/features/conditions_test.dart -p vm --plain-name 'Equations with Constraints Curly brace notation: f(x)=expr{condition} f(x)=x^{2}-2{-1<x<2} with x=0 (valid)'
00:02 [32m+1434[0m[31m -102[0m: test/features/conditions_test.dart: Equations with Constraints Curly brace notation: f(x)=expr{condition} f(x)=x^{2}-2{-1<x<2} with x=1 (valid) [1m[31m[E][0m[0m                                  
  Bad state: Result is a function, not a number
  package:texpr/src/evaluation_result.dart 46:9  EvaluationResult.asNumeric
  test/features/conditions_test.dart 21:66       main.<fn>.<fn>.<fn>
  

[1m[36mTo run this test again:[0m /Users/xomodo/sdks/flutter/bin/cache/dart-sdk/bin/dart test test/features/conditions_test.dart -p vm --plain-name 'Equations with Constraints Curly brace notation: f(x)=expr{condition} f(x)=x^{2}-2{-1<x<2} with x=1 (valid)'
00:02 [32m+1434[0m[31m -103[0m: test/features/conditions_test.dart: Equations with Constraints Curly brace notation: f(x)=expr{condition} f(x)=x^{2}-2{-1<x<2} with x=3 (invalid) [1m[31m[E][0m[0m                                
  Bad state: Result is a function, not a number
  package:texpr/src/evaluation_result.dart 46:9  EvaluationResult.asNumeric
  test/features/conditions_test.dart 27:66       main.<fn>.<fn>.<fn>
  

[1m[36mTo run this test again:[0m /Users/xomodo/sdks/flutter/bin/cache/dart-sdk/bin/dart test test/features/conditions_test.dart -p vm --plain-name 'Equations with Constraints Curly brace notation: f(x)=expr{condition} f(x)=x^{2}-2{-1<x<2} with x=3 (invalid)'
00:02 [32m+1434[0m[31m -104[0m: test/features/conditions_test.dart: Equations with Constraints Curly brace notation: f(x)=expr{condition} f(x)=x^{2}-2{-1<x<2} with x=-1 (boundary, invalid) [1m[31m[E][0m[0m                     
  Bad state: Result is a function, not a number
  package:texpr/src/evaluation_result.dart 46:9  EvaluationResult.asNumeric
  test/features/conditions_test.dart 33:67       main.<fn>.<fn>.<fn>
  

[1m[36mTo run this test again:[0m /Users/xomodo/sdks/flutter/bin/cache/dart-sdk/bin/dart test test/features/conditions_test.dart -p vm --plain-name 'Equations with Constraints Curly brace notation: f(x)=expr{condition} f(x)=x^{2}-2{-1<x<2} with x=-1 (boundary, invalid)'
00:02 [32m+1434[0m[31m -105[0m: test/security/security_vulnerabilities_test.dart: Input Validation - Malicious Input expression with extremely long variable name should fail[0m                                        00:02 [32m+1434[0m[31m -105[0m: test/features/conditions_test.dart: Equations with Constraints Curly brace notation: f(x)=expr{condition} f(x)=x^{2}-2{-1<x<2} with x=2 (boundary, invalid) [1m[31m[E][0m[0m                      
  Bad state: Result is a function, not a number
  package:texpr/src/evaluation_result.dart 46:9  EvaluationResult.asNumeric
  test/features/conditions_test.dart 39:66       main.<fn>.<fn>.<fn>
  

[1m[36mTo run this test again:[0m /Users/xomodo/sdks/flutter/bin/cache/dart-sdk/bin/dart test test/features/conditions_test.dart -p vm --plain-name 'Equations with Constraints Curly brace notation: f(x)=expr{condition} f(x)=x^{2}-2{-1<x<2} with x=2 (boundary, invalid)'
00:02 [32m+1434[0m[31m -106[0m: test/features/conditions_test.dart: Equations with Constraints Curly brace notation: f(x)=expr{condition} Simple condition with curly braces: x^2{x>0} with x=2 [1m[31m[E][0m[0m                  
  EvaluatorException: Type mismatch in binary operation
  Suggestion: Ensure both operands are compatible types (numbers, complex numbers, matrices, or vectors)
  package:texpr/src/evaluator/binary_evaluator.dart 65:5     BinaryEvaluator.evaluate
  package:texpr/src/visitors/evaluation_visitor.dart 175:29  EvaluationVisitor.visitBinaryOp
  package:texpr/src/ast/operations.dart 54:20                BinaryOp.accept
  package:texpr/src/visitors/evaluation_visitor.dart 79:19   EvaluationVisitor._evaluateRaw
  package:texpr/src/visitors/evaluation_visitor.dart 163:23  EvaluationVisitor.visitBinaryOp
  package:texpr/src/ast/operations.dart 54:20                BinaryOp.accept
  package:texpr/src/evaluator.dart 77:28                     Evaluator.evaluate
  package:texpr/texpr.dart 389:31                            Texpr.evaluateParsed
  package:texpr/texpr.dart 462:12                            Texpr.evaluate
  test/features/conditions_test.dart 44:34                   main.<fn>.<fn>.<fn>
  

[1m[36mTo run this test again:[0m /Users/xomodo/sdks/flutter/bin/cache/dart-sdk/bin/dart test test/features/conditions_test.dart -p vm --plain-name 'Equations with Constraints Curly brace notation: f(x)=expr{condition} Simple condition with curly braces: x^2{x>0} with x=2'
00:02 [32m+1434[0m[31m -107[0m: test/features/conditions_test.dart: Equations with Constraints Curly brace notation: f(x)=expr{condition} Simple condition with curly braces: x^2{x>0} with x=-2 [1m[31m[E][0m[0m                 
  EvaluatorException: Type mismatch in binary operation
  Suggestion: Ensure both operands are compatible types (numbers, complex numbers, matrices, or vectors)
  package:texpr/src/evaluator/binary_evaluator.dart 65:5     BinaryEvaluator.evaluate
  package:texpr/src/visitors/evaluation_visitor.dart 175:29  EvaluationVisitor.visitBinaryOp
  package:texpr/src/ast/operations.dart 54:20                BinaryOp.accept
  package:texpr/src/visitors/evaluation_visitor.dart 79:19   EvaluationVisitor._evaluateRaw
  package:texpr/src/visitors/evaluation_visitor.dart 163:23  EvaluationVisitor.visitBinaryOp
  package:texpr/src/ast/operations.dart 54:20                BinaryOp.accept
  package:texpr/src/evaluator.dart 77:28                     Evaluator.evaluate
  package:texpr/texpr.dart 389:31                            Texpr.evaluateParsed
  package:texpr/texpr.dart 462:12                            Texpr.evaluate
  test/features/conditions_test.dart 49:34                   main.<fn>.<fn>.<fn>
  

[1m[36mTo run this test again:[0m /Users/xomodo/sdks/flutter/bin/cache/dart-sdk/bin/dart test test/features/conditions_test.dart -p vm --plain-name 'Equations with Constraints Curly brace notation: f(x)=expr{condition} Simple condition with curly braces: x^2{x>0} with x=-2'
00:02 [32m+1434[0m[31m -108[0m: test/features/conditions_test.dart: Equations with Constraints Comma notation: expr, condition x^2-2, -1 < x < 2 with x=0 (valid) [1m[31m[E][0m[0m                                                
  EvaluatorException: Undefined variable: x
  Suggestion: Provide a value for "x" in the variables map
  package:texpr/src/visitors/evaluation_visitor.dart 154:5           EvaluationVisitor.visitVariable
  package:texpr/src/ast/basic.dart 56:20                             Variable.accept
  package:texpr/src/visitors/evaluation_visitor.dart 79:19           EvaluationVisitor._evaluateRaw
  package:texpr/src/visitors/evaluation_visitor.dart 89:17           EvaluationVisitor._evaluateAsDouble
  package:texpr/src/features/logic/comparison_evaluator.dart 60:55   ComparisonEvaluator.evaluateChainedComparison.<fn>
  dart:_internal                                                     ListIterable.toList
  package:texpr/src/features/logic/comparison_evaluator.dart 60:71   ComparisonEvaluator.evaluateChainedComparison
  package:texpr/src/visitors/evaluation_visitor.dart 393:33          EvaluationVisitor.visitChainedComparison
  package:texpr/src/ast/logic.dart 127:20                            ChainedComparison.accept
  package:texpr/src/visitors/evaluation_visitor.dart 79:19           EvaluationVisitor._evaluateRaw
  package:texpr/src/visitors/evaluation_visitor.dart 89:17           EvaluationVisitor._evaluateAsDouble
  package:texpr/src/features/logic/comparison_evaluator.dart 107:46  ComparisonEvaluator.evaluateConditional
  package:texpr/src/visitors/evaluation_visitor.dart 401:33          EvaluationVisitor.visitConditionalExpr
  package:texpr/src/ast/logic.dart 76:20                             ConditionalExpr.accept
  package:texpr/src/evaluator.dart 77:28                             Evaluator.evaluate
  package:texpr/texpr.dart 389:31                                    Texpr.evaluateParsed
  package:texpr/texpr.dart 462:12                                    Texpr.evaluate
  test/features/conditions_test.dart 57:23                           main.<fn>.<fn>.<fn>
  

[1m[36mTo run this test again:[0m /Users/xomodo/sdks/flutter/bin/cache/dart-sdk/bin/dart test test/features/conditions_test.dart -p vm --plain-name 'Equations with Constraints Comma notation: expr, condition x^2-2, -1 < x < 2 with x=0 (valid)'
00:02 [32m+1435[0m[31m -108[0m: test/security/security_vulnerabilities_test.dart: Input Validation - Malicious Input expression with extremely long variable name should fail[0m                                        00:02 [32m+1436[0m[31m -109[0m: test/security/security_vulnerabilities_test.dart: Input Validation - Malicious Input expression with extremely long variable name should fail[0m                                        00:02 [32m+1437[0m[31m -109[0m: test/security/security_vulnerabilities_test.dart: Input Validation - Malicious Input expression with extremely long variable name should fail[0m                                        00:02 [32m+1437[0m[31m -109[0m: test/features/conditions_test.dart: Equations with Constraints Comma notation: expr, condition x^2-2, -1 < x < 2 with x=3 (invalid) [1m[31m[E][0m[0m                                              
  EvaluatorException: Undefined variable: x
  Suggestion: Provide a value for "x" in the variables map
  package:texpr/src/visitors/evaluation_visitor.dart 154:5           EvaluationVisitor.visitVariable
  package:texpr/src/ast/basic.dart 56:20                             Variable.accept
  package:texpr/src/visitors/evaluation_visitor.dart 79:19           EvaluationVisitor._evaluateRaw
  package:texpr/src/visitors/evaluation_visitor.dart 89:17           EvaluationVisitor._evaluateAsDouble
  package:texpr/src/features/logic/comparison_evaluator.dart 60:55   ComparisonEvaluator.evaluateChainedComparison.<fn>
  dart:_internal                                                     ListIterable.toList
  package:texpr/src/features/logic/comparison_evaluator.dart 60:71   ComparisonEvaluator.evaluateChainedComparison
  package:texpr/src/visitors/evaluation_visitor.dart 393:33          EvaluationVisitor.visitChainedComparison
  package:texpr/src/ast/logic.dart 127:20                            ChainedComparison.accept
  package:texpr/src/visitors/evaluation_visitor.dart 79:19           EvaluationVisitor._evaluateRaw
  package:texpr/src/visitors/evaluation_visitor.dart 89:17           EvaluationVisitor._evaluateAsDouble
  package:texpr/src/features/logic/comparison_evaluator.dart 107:46  ComparisonEvaluator.evaluateConditional
  package:texpr/src/visitors/evaluation_visitor.dart 401:33          EvaluationVisitor.visitConditionalExpr
  package:texpr/src/ast/logic.dart 76:20                             ConditionalExpr.accept
  package:texpr/src/evaluator.dart 77:28                             Evaluator.evaluate
  package:texpr/texpr.dart 389:31                                    Texpr.evaluateParsed
  package:texpr/texpr.dart 462:12                                    Texpr.evaluate
  test/features/conditions_test.dart 69:23                           main.<fn>.<fn>.<fn>
  

[1m[36mTo run this test again:[0m /Users/xomodo/sdks/flutter/bin/cache/dart-sdk/bin/dart test test/features/conditions_test.dart -p vm --plain-name 'Equations with Constraints Comma notation: expr, condition x^2-2, -1 < x < 2 with x=3 (invalid)'
00:02 [32m+1438[0m[31m -110[0m: test/security/security_vulnerabilities_test.dart: Input Validation - Malicious Input expression with extremely long variable name should fail[0m                                        00:02 [32m+1438[0m[31m -110[0m: test/features/conditions_test.dart: Equations with Constraints Comma notation: expr, condition x^2-2, -1 < x < 2 with x=-2 (invalid) [1m[31m[E][0m[0m                                             
  EvaluatorException: Undefined variable: x
  Suggestion: Provide a value for "x" in the variables map
  package:texpr/src/visitors/evaluation_visitor.dart 154:5           EvaluationVisitor.visitVariable
  package:texpr/src/ast/basic.dart 56:20                             Variable.accept
  package:texpr/src/visitors/evaluation_visitor.dart 79:19           EvaluationVisitor._evaluateRaw
  package:texpr/src/visitors/evaluation_visitor.dart 89:17           EvaluationVisitor._evaluateAsDouble
  package:texpr/src/features/logic/comparison_evaluator.dart 60:55   ComparisonEvaluator.evaluateChainedComparison.<fn>
  dart:_internal                                                     ListIterable.toList
  package:texpr/src/features/logic/comparison_evaluator.dart 60:71   ComparisonEvaluator.evaluateChainedComparison
  package:texpr/src/visitors/evaluation_visitor.dart 393:33          EvaluationVisitor.visitChainedComparison
  package:texpr/src/ast/logic.dart 127:20                            ChainedComparison.accept
  package:texpr/src/visitors/evaluation_visitor.dart 79:19           EvaluationVisitor._evaluateRaw
  package:texpr/src/visitors/evaluation_visitor.dart 89:17           EvaluationVisitor._evaluateAsDouble
  package:texpr/src/features/logic/comparison_evaluator.dart 107:46  ComparisonEvaluator.evaluateConditional
  package:texpr/src/visitors/evaluation_visitor.dart 401:33          EvaluationVisitor.visitConditionalExpr
  package:texpr/src/ast/logic.dart 76:20                             ConditionalExpr.accept
  package:texpr/src/evaluator.dart 77:28                             Evaluator.evaluate
  package:texpr/texpr.dart 389:31                                    Texpr.evaluateParsed
  package:texpr/texpr.dart 462:12                                    Texpr.evaluate
  test/features/conditions_test.dart 75:23                           main.<fn>.<fn>.<fn>
  
00:02 [32m+1439[0m[31m -110[0m: test/security/security_vulnerabilities_test.dart: Input Validation - Malicious Input expression with extremely long variable name should fail[0m                                        
[1m[36mTo run this test again:[0m /Users/xomodo/sdks/flutter/bin/cache/dart-sdk/bin/dart test test/features/conditions_test.dart -p vm --plain-name 'Equations with Constraints Comma notation: expr, condition x^2-2, -1 < x < 2 with x=-2 (invalid)'
00:02 [32m+1440[0m[31m -111[0m: test/security/security_vulnerabilities_test.dart: Input Validation - Malicious Input expression with extremely long variable name should fail[0m                                        00:02 [32m+1440[0m[31m -111[0m: test/features/conditions_test.dart: Equations with Constraints Comma notation: expr, condition Simple condition with comma: x+5, x>=0 with x=10 [1m[31m[E][0m[0m                                  
  EvaluatorException: Undefined variable: x
  Suggestion: Provide a value for "x" in the variables map
  package:texpr/src/visitors/evaluation_visitor.dart 154:5           EvaluationVisitor.visitVariable
  package:texpr/src/ast/basic.dart 56:20                             Variable.accept
  package:texpr/src/visitors/evaluation_visitor.dart 79:19           EvaluationVisitor._evaluateRaw
  package:texpr/src/visitors/evaluation_visitor.dart 89:17           EvaluationVisitor._evaluateAsDouble
  package:texpr/src/features/logic/comparison_evaluator.dart 21:35   ComparisonEvaluator.evaluateComparison
  package:texpr/src/visitors/evaluation_visitor.dart 385:33          EvaluationVisitor.visitComparison
  package:texpr/src/ast/logic.dart 40:20                             Comparison.accept
  package:texpr/src/visitors/evaluation_visitor.dart 79:19           EvaluationVisitor._evaluateRaw
  package:texpr/src/visitors/evaluation_visitor.dart 89:17           EvaluationVisitor._evaluateAsDouble
  package:texpr/src/features/logic/comparison_evaluator.dart 107:46  ComparisonEvaluator.evaluateConditional
  package:texpr/src/visitors/evaluation_visitor.dart 401:33          EvaluationVisitor.visitConditionalExpr
  package:texpr/src/ast/logic.dart 76:20                             ConditionalExpr.accept
  package:texpr/src/evaluator.dart 77:28                             Evaluator.evaluate
  package:texpr/texpr.dart 389:31                                    Texpr.evaluateParsed
  package:texpr/texpr.dart 462:12                                    Texpr.evaluate
  test/features/conditions_test.dart 80:34                           main.<fn>.<fn>.<fn>
  
00:02 [32m+1441[0m[31m -111[0m: test/security/security_vulnerabilities_test.dart: Input Validation - Malicious Input expression with extremely long variable name should fail[0m                                        
[1m[36mTo run this test again:[0m /Users/xomodo/sdks/flutter/bin/cache/dart-sdk/bin/dart test test/features/conditions_test.dart -p vm --plain-name 'Equations with Constraints Comma notation: expr, condition Simple condition with comma: x+5, x>=0 with x=10'
00:02 [32m+1442[0m[31m -111[0m: test/security/security_vulnerabilities_test.dart: Input Validation - Malicious Input expression with extremely long variable name should fail[0m                                        00:02 [32m+1443[0m[31m -112[0m: test/security/security_vulnerabilities_test.dart: Input Validation - Malicious Input expression with extremely long variable name should fail[0m                                        00:02 [32m+1443[0m[31m -112[0m: test/features/conditions_test.dart: Equations with Constraints Comma notation: expr, condition Simple condition with comma: x+5, x>=0 with x=-1 [1m[31m[E][0m[0m                                  
  EvaluatorException: Undefined variable: x
  Suggestion: Provide a value for "x" in the variables map
  package:texpr/src/visitors/evaluation_visitor.dart 154:5           EvaluationVisitor.visitVariable
  package:texpr/src/ast/basic.dart 56:20                             Variable.accept
  package:texpr/src/visitors/evaluation_visitor.dart 79:19           EvaluationVisitor._evaluateRaw
  package:texpr/src/visitors/evaluation_visitor.dart 89:17           EvaluationVisitor._evaluateAsDouble
  package:texpr/src/features/logic/comparison_evaluator.dart 21:35   ComparisonEvaluator.evaluateComparison
  package:texpr/src/visitors/evaluation_visitor.dart 385:33          EvaluationVisitor.visitComparison
  package:texpr/src/ast/logic.dart 40:20                             Comparison.accept
  package:texpr/src/visitors/evaluation_visitor.dart 79:19           EvaluationVisitor._evaluateRaw
  package:texpr/src/visitors/evaluation_visitor.dart 89:17           EvaluationVisitor._evaluateAsDouble
  package:texpr/src/features/logic/comparison_evaluator.dart 107:46  ComparisonEvaluator.evaluateConditional
  package:texpr/src/visitors/evaluation_visitor.dart 401:33          EvaluationVisitor.visitConditionalExpr
  package:texpr/src/ast/logic.dart 76:20                             ConditionalExpr.accept
  package:texpr/src/evaluator.dart 77:28                             Evaluator.evaluate
  package:texpr/texpr.dart 389:31                                    Texpr.evaluateParsed
  package:texpr/texpr.dart 462:12                                    Texpr.evaluate
  test/features/conditions_test.dart 85:34                           main.<fn>.<fn>.<fn>
  

[1m[36mTo run this test again:[0m /Users/xomodo/sdks/flutter/bin/cache/dart-sdk/bin/dart test test/features/conditions_test.dart -p vm --plain-name 'Equations with Constraints Comma notation: expr, condition Simple condition with comma: x+5, x>=0 with x=-1'
00:02 [32m+1443[0m[31m -113[0m: test/features/conditions_test.dart: Equations with Constraints Chained comparisons Standalone chained comparison: -1 < x < 2 with x=0 [1m[31m[E][0m[0m                                            
  EvaluatorException: Undefined variable: x
  Suggestion: Provide a value for "x" in the variables map
  package:texpr/src/visitors/evaluation_visitor.dart 154:5          EvaluationVisitor.visitVariable
  package:texpr/src/ast/basic.dart 56:20                            Variable.accept
  package:texpr/src/visitors/evaluation_visitor.dart 79:19          EvaluationVisitor._evaluateRaw
  package:texpr/src/visitors/evaluation_visitor.dart 89:17          EvaluationVisitor._evaluateAsDouble
  package:texpr/src/features/logic/comparison_evaluator.dart 60:55  ComparisonEvaluator.evaluateChainedComparison.<fn>
  dart:_internal                                                    ListIterable.toList
  package:texpr/src/features/logic/comparison_evaluator.dart 60:71  ComparisonEvaluator.evaluateChainedComparison
  package:texpr/src/visitors/evaluation_visitor.dart 393:33         EvaluationVisitor.visitChainedComparison
  package:texpr/src/ast/logic.dart 127:20                           ChainedComparison.accept
  package:texpr/src/evaluator.dart 77:28                            Evaluator.evaluate
  package:texpr/texpr.dart 389:31                                   Texpr.evaluateParsed
  package:texpr/texpr.dart 462:12                                   Texpr.evaluate
  test/features/conditions_test.dart 92:34                          main.<fn>.<fn>.<fn>
  

[1m[36mTo run this test again:[0m /Users/xomodo/sdks/flutter/bin/cache/dart-sdk/bin/dart test test/features/conditions_test.dart -p vm --plain-name 'Equations with Constraints Chained comparisons Standalone chained comparison: -1 < x < 2 with x=0'
00:02 [32m+1444[0m[31m -114[0m: test/security/security_vulnerabilities_test.dart: Input Validation - Malicious Input expression with extremely long variable name should fail[0m                                        00:02 [32m+1444[0m[31m -114[0m: test/features/conditions_test.dart: Equations with Constraints Chained comparisons Standalone chained comparison: -1 < x < 2 with x=-2 [1m[31m[E][0m[0m                                           
  EvaluatorException: Undefined variable: x
  Suggestion: Provide a value for "x" in the variables map
  package:texpr/src/visitors/evaluation_visitor.dart 154:5          EvaluationVisitor.visitVariable
  package:texpr/src/ast/basic.dart 56:20                            Variable.accept
  package:texpr/src/visitors/evaluation_visitor.dart 79:19          EvaluationVisitor._evaluateRaw
  package:texpr/src/visitors/evaluation_visitor.dart 89:17          EvaluationVisitor._evaluateAsDouble
  package:texpr/src/features/logic/comparison_evaluator.dart 60:55  ComparisonEvaluator.evaluateChainedComparison.<fn>
  dart:_internal                                                    ListIterable.toList
  package:texpr/src/features/logic/comparison_evaluator.dart 60:71  ComparisonEvaluator.evaluateChainedComparison
  package:texpr/src/visitors/evaluation_visitor.dart 393:33         EvaluationVisitor.visitChainedComparison
  package:texpr/src/ast/logic.dart 127:20                           ChainedComparison.accept
  package:texpr/src/evaluator.dart 77:28                            Evaluator.evaluate
  package:texpr/texpr.dart 389:31                                   Texpr.evaluateParsed
  package:texpr/texpr.dart 462:12                                   Texpr.evaluate
  test/features/conditions_test.dart 97:34                          main.<fn>.<fn>.<fn>
  

[1m[36mTo run this test again:[0m /Users/xomodo/sdks/flutter/bin/cache/dart-sdk/bin/dart test test/features/conditions_test.dart -p vm --plain-name 'Equations with Constraints Chained comparisons Standalone chained comparison: -1 < x < 2 with x=-2'
00:02 [32m+1444[0m[31m -115[0m: test/features/conditions_test.dart: Equations with Constraints Chained comparisons Standalone chained comparison: 0 <= x <= 10 with x=5 [1m[31m[E][0m[0m                                          
  EvaluatorException: Undefined variable: x
  Suggestion: Provide a value for "x" in the variables map
  package:texpr/src/visitors/evaluation_visitor.dart 154:5          EvaluationVisitor.visitVariable
  package:texpr/src/ast/basic.dart 56:20                            Variable.accept
  package:texpr/src/visitors/evaluation_visitor.dart 79:19          EvaluationVisitor._evaluateRaw
  package:texpr/src/visitors/evaluation_visitor.dart 89:17          EvaluationVisitor._evaluateAsDouble
  package:texpr/src/features/logic/comparison_evaluator.dart 60:55  ComparisonEvaluator.evaluateChainedComparison.<fn>
  dart:_internal                                                    ListIterable.toList
  package:texpr/src/features/logic/comparison_evaluator.dart 60:71  ComparisonEvaluator.evaluateChainedComparison
  package:texpr/src/visitors/evaluation_visitor.dart 393:33         EvaluationVisitor.visitChainedComparison
  package:texpr/src/ast/logic.dart 127:20                           ChainedComparison.accept
  package:texpr/src/evaluator.dart 77:28                            Evaluator.evaluate
  package:texpr/texpr.dart 389:31                                   Texpr.evaluateParsed
  package:texpr/texpr.dart 462:12                                   Texpr.evaluate
  test/features/conditions_test.dart 102:34                         main.<fn>.<fn>.<fn>
  
00:02 [32m+1445[0m[31m -115[0m: test/security/security_vulnerabilities_test.dart: Input Validation - Malicious Input expression with extremely long variable name should fail[0m                                        
[1m[36mTo run this test again:[0m /Users/xomodo/sdks/flutter/bin/cache/dart-sdk/bin/dart test test/features/conditions_test.dart -p vm --plain-name 'Equations with Constraints Chained comparisons Standalone chained comparison: 0 <= x <= 10 with x=5'
00:02 [32m+1446[0m[31m -116[0m: test/security/security_vulnerabilities_test.dart: Input Validation - Malicious Input expression with extremely long variable name should fail[0m                                        00:02 [32m+1446[0m[31m -116[0m: test/features/conditions_test.dart: Equations with Constraints Chained comparisons Standalone chained comparison: 0 <= x <= 10 with x=0 [1m[31m[E][0m[0m                                          
  EvaluatorException: Undefined variable: x
  Suggestion: Provide a value for "x" in the variables map
  package:texpr/src/visitors/evaluation_visitor.dart 154:5          EvaluationVisitor.visitVariable
  package:texpr/src/ast/basic.dart 56:20                            Variable.accept
  package:texpr/src/visitors/evaluation_visitor.dart 79:19          EvaluationVisitor._evaluateRaw
  package:texpr/src/visitors/evaluation_visitor.dart 89:17          EvaluationVisitor._evaluateAsDouble
  package:texpr/src/features/logic/comparison_evaluator.dart 60:55  ComparisonEvaluator.evaluateChainedComparison.<fn>
  dart:_internal                                                    ListIterable.toList
  package:texpr/src/features/logic/comparison_evaluator.dart 60:71  ComparisonEvaluator.evaluateChainedComparison
  package:texpr/src/visitors/evaluation_visitor.dart 393:33         EvaluationVisitor.visitChainedComparison
  package:texpr/src/ast/logic.dart 127:20                           ChainedComparison.accept
  package:texpr/src/evaluator.dart 77:28                            Evaluator.evaluate
  package:texpr/texpr.dart 389:31                                   Texpr.evaluateParsed
  package:texpr/texpr.dart 462:12                                   Texpr.evaluate
  test/features/conditions_test.dart 107:34                         main.<fn>.<fn>.<fn>
  

[1m[36mTo run this test again:[0m /Users/xomodo/sdks/flutter/bin/cache/dart-sdk/bin/dart test test/features/conditions_test.dart -p vm --plain-name 'Equations with Constraints Chained comparisons Standalone chained comparison: 0 <= x <= 10 with x=0'
00:02 [32m+1447[0m[31m -116[0m: test/security/security_vulnerabilities_test.dart: Input Validation - Malicious Input expression with extremely long variable name should fail[0m                                        00:02 [32m+1448[0m[31m -117[0m: test/security/security_vulnerabilities_test.dart: Input Validation - Malicious Input expression with extremely long variable name should fail[0m                                        00:02 [32m+1448[0m[31m -117[0m: test/features/conditions_test.dart: Equations with Constraints Chained comparisons Standalone chained comparison: 0 <= x <= 10 with x=11 [1m[31m[E][0m[0m                                         
  EvaluatorException: Undefined variable: x
  Suggestion: Provide a value for "x" in the variables map
  package:texpr/src/visitors/evaluation_visitor.dart 154:5          EvaluationVisitor.visitVariable
  package:texpr/src/ast/basic.dart 56:20                            Variable.accept
  package:texpr/src/visitors/evaluation_visitor.dart 79:19          EvaluationVisitor._evaluateRaw
  package:texpr/src/visitors/evaluation_visitor.dart 89:17          EvaluationVisitor._evaluateAsDouble
  package:texpr/src/features/logic/comparison_evaluator.dart 60:55  ComparisonEvaluator.evaluateChainedComparison.<fn>
  dart:_internal                                                    ListIterable.toList
  package:texpr/src/features/logic/comparison_evaluator.dart 60:71  ComparisonEvaluator.evaluateChainedComparison
  package:texpr/src/visitors/evaluation_visitor.dart 393:33         EvaluationVisitor.visitChainedComparison
  package:texpr/src/ast/logic.dart 127:20                           ChainedComparison.accept
  package:texpr/src/evaluator.dart 77:28                            Evaluator.evaluate
  package:texpr/texpr.dart 389:31                                   Texpr.evaluateParsed
  package:texpr/texpr.dart 462:12                                   Texpr.evaluate
  test/features/conditions_test.dart 113:23                         main.<fn>.<fn>.<fn>
  

[1m[36mTo run this test again:[0m /Users/xomodo/sdks/flutter/bin/cache/dart-sdk/bin/dart test test/features/conditions_test.dart -p vm --plain-name 'Equations with Constraints Chained comparisons Standalone chained comparison: 0 <= x <= 10 with x=11'
00:02 [32m+1449[0m[31m -117[0m: test/security/security_vulnerabilities_test.dart: Input Validation - Malicious Input expression with extremely long variable name should fail[0m                                        00:02 [32m+1450[0m[31m -118[0m: test/security/security_vulnerabilities_test.dart: Input Validation - Malicious Input expression with extremely long variable name should fail[0m                                        00:02 [32m+1450[0m[31m -118[0m: test/features/conditions_test.dart: Equations with Constraints Edge cases Multiple variables in condition [1m[31m[E][0m[0m                                                                        
  EvaluatorException: Undefined variable: x
  Suggestion: Provide a value for "x" in the variables map
  package:texpr/src/visitors/evaluation_visitor.dart 154:5           EvaluationVisitor.visitVariable
  package:texpr/src/ast/basic.dart 56:20                             Variable.accept
  package:texpr/src/visitors/evaluation_visitor.dart 79:19           EvaluationVisitor._evaluateRaw
  package:texpr/src/visitors/evaluation_visitor.dart 89:17           EvaluationVisitor._evaluateAsDouble
  package:texpr/src/features/logic/comparison_evaluator.dart 21:35   ComparisonEvaluator.evaluateComparison
  package:texpr/src/visitors/evaluation_visitor.dart 385:33          EvaluationVisitor.visitComparison
  package:texpr/src/ast/logic.dart 40:20                             Comparison.accept
  package:texpr/src/visitors/evaluation_visitor.dart 79:19           EvaluationVisitor._evaluateRaw
  package:texpr/src/visitors/evaluation_visitor.dart 89:17           EvaluationVisitor._evaluateAsDouble
  package:texpr/src/features/logic/comparison_evaluator.dart 107:46  ComparisonEvaluator.evaluateConditional
  package:texpr/src/visitors/evaluation_visitor.dart 401:33          EvaluationVisitor.visitConditionalExpr
  package:texpr/src/ast/logic.dart 76:20                             ConditionalExpr.accept
  package:texpr/src/evaluator.dart 77:28                             Evaluator.evaluate
  package:texpr/texpr.dart 389:31                                    Texpr.evaluateParsed
  package:texpr/texpr.dart 462:12                                    Texpr.evaluate
  test/features/conditions_test.dart 121:23                          main.<fn>.<fn>.<fn>
  

[1m[36mTo run this test again:[0m /Users/xomodo/sdks/flutter/bin/cache/dart-sdk/bin/dart test test/features/conditions_test.dart -p vm --plain-name 'Equations with Constraints Edge cases Multiple variables in condition'
00:02 [32m+1451[0m[31m -118[0m: test/security/security_vulnerabilities_test.dart: Input Validation - Malicious Input expression with extremely long variable name should fail[0m                                        00:02 [32m+1452[0m[31m -118[0m: test/security/security_vulnerabilities_test.dart: Input Validation - Malicious Input expression with extremely long variable name should fail[0m                                        00:02 [32m+1453[0m[31m -119[0m: test/security/security_vulnerabilities_test.dart: Input Validation - Malicious Input expression with extremely long variable name should fail[0m                                        00:02 [32m+1453[0m[31m -119[0m: test/features/conditions_test.dart: Equations with Constraints Edge cases Complex expression with condition [1m[31m[E][0m[0m                                                                      
  EvaluatorException: Undefined variable: x
  Suggestion: Provide a value for "x" in the variables map
  package:texpr/src/visitors/evaluation_visitor.dart 154:5           EvaluationVisitor.visitVariable
  package:texpr/src/ast/basic.dart 56:20                             Variable.accept
  package:texpr/src/visitors/evaluation_visitor.dart 79:19           EvaluationVisitor._evaluateRaw
  package:texpr/src/visitors/evaluation_visitor.dart 89:17           EvaluationVisitor._evaluateAsDouble
  package:texpr/src/features/logic/comparison_evaluator.dart 60:55   ComparisonEvaluator.evaluateChainedComparison.<fn>
  dart:_internal                                                     ListIterable.toList
  package:texpr/src/features/logic/comparison_evaluator.dart 60:71   ComparisonEvaluator.evaluateChainedComparison
  package:texpr/src/visitors/evaluation_visitor.dart 393:33          EvaluationVisitor.visitChainedComparison
  package:texpr/src/ast/logic.dart 127:20                            ChainedComparison.accept
  package:texpr/src/visitors/evaluation_visitor.dart 79:19           EvaluationVisitor._evaluateRaw
  package:texpr/src/visitors/evaluation_visitor.dart 89:17           EvaluationVisitor._evaluateAsDouble
  package:texpr/src/features/logic/comparison_evaluator.dart 107:46  ComparisonEvaluator.evaluateConditional
  package:texpr/src/visitors/evaluation_visitor.dart 401:33          EvaluationVisitor.visitConditionalExpr
  package:texpr/src/ast/logic.dart 76:20                             ConditionalExpr.accept
  package:texpr/src/evaluator.dart 77:28                             Evaluator.evaluate
  package:texpr/texpr.dart 389:31                                    Texpr.evaluateParsed
  package:texpr/texpr.dart 462:12                                    Texpr.evaluate
  test/features/conditions_test.dart 127:14                          main.<fn>.<fn>.<fn>
  

[1m[36mTo run this test again:[0m /Users/xomodo/sdks/flutter/bin/cache/dart-sdk/bin/dart test test/features/conditions_test.dart -p vm --plain-name 'Equations with Constraints Edge cases Complex expression with condition'
00:02 [32m+1454[0m[31m -119[0m: test/security/security_vulnerabilities_test.dart: Input Validation - Malicious Input expression with extremely long variable name should fail[0m                                        00:02 [32m+1455[0m[31m -120[0m: test/security/security_vulnerabilities_test.dart: Input Validation - Malicious Input expression with extremely long variable name should fail[0m                                        00:02 [32m+1455[0m[31m -120[0m: test/features/conditions_test.dart: Equations with Constraints Edge cases Condition with equality [1m[31m[E][0m[0m                                                                                
  EvaluatorException: Undefined variable: x
  Suggestion: Provide a value for "x" in the variables map
  package:texpr/src/visitors/evaluation_visitor.dart 154:5           EvaluationVisitor.visitVariable
  package:texpr/src/ast/basic.dart 56:20                             Variable.accept
  package:texpr/src/visitors/evaluation_visitor.dart 79:19           EvaluationVisitor._evaluateRaw
  package:texpr/src/visitors/evaluation_visitor.dart 89:17           EvaluationVisitor._evaluateAsDouble
  package:texpr/src/features/logic/comparison_evaluator.dart 21:35   ComparisonEvaluator.evaluateComparison
  package:texpr/src/visitors/evaluation_visitor.dart 385:33          EvaluationVisitor.visitComparison
  package:texpr/src/ast/logic.dart 40:20                             Comparison.accept
  package:texpr/src/visitors/evaluation_visitor.dart 79:19           EvaluationVisitor._evaluateRaw
  package:texpr/src/visitors/evaluation_visitor.dart 89:17           EvaluationVisitor._evaluateAsDouble
  package:texpr/src/features/logic/comparison_evaluator.dart 107:46  ComparisonEvaluator.evaluateConditional
  package:texpr/src/visitors/evaluation_visitor.dart 401:33          EvaluationVisitor.visitConditionalExpr
  package:texpr/src/ast/logic.dart 76:20                             ConditionalExpr.accept
  package:texpr/src/evaluator.dart 77:28                             Evaluator.evaluate
  package:texpr/texpr.dart 389:31                                    Texpr.evaluateParsed
  package:texpr/texpr.dart 462:12                                    Texpr.evaluate
  test/features/conditions_test.dart 132:34                          main.<fn>.<fn>.<fn>
  

[1m[36mTo run this test again:[0m /Users/xomodo/sdks/flutter/bin/cache/dart-sdk/bin/dart test test/features/conditions_test.dart -p vm --plain-name 'Equations with Constraints Edge cases Condition with equality'
00:02 [32m+1456[0m[31m -120[0m: test/security/security_vulnerabilities_test.dart: Input Validation - Malicious Input expression with extremely long variable name should fail[0m                                        00:02 [32m+1457[0m[31m -120[0m: test/security/security_vulnerabilities_test.dart: Input Validation - Malicious Input expression with extremely long variable name should fail[0m                                        00:02 [32m+1458[0m[31m -120[0m: test/security/security_vulnerabilities_test.dart: Input Validation - Malicious Input expression with extremely long variable name should fail[0m                                        00:02 [32m+1459[0m[31m -120[0m: test/security/security_vulnerabilities_test.dart: Input Validation - Malicious Input expression with extremely long variable name should fail[0m                                        00:02 [32m+1460[0m[31m -120[0m: test/security/security_vulnerabilities_test.dart: Input Validation - Malicious Input expression with extremely long variable name should fail[0m                                        00:02 [32m+1461[0m[31m -120[0m: test/security/security_vulnerabilities_test.dart: Input Validation - Malicious Input expression with extremely long variable name should fail[0m                                        00:02 [32m+1462[0m[31m -120[0m: test/security/security_vulnerabilities_test.dart: Input Validation - Malicious Input expression with extremely long variable name should fail[0m                                        00:02 [32m+1463[0m[31m -120[0m: test/security/security_vulnerabilities_test.dart: Input Validation - Malicious Input expression with extremely long variable name should fail[0m                                        00:02 [32m+1464[0m[31m -120[0m: test/security/security_vulnerabilities_test.dart: Input Validation - Malicious Input expression with extremely long variable name should fail[0m                                        00:02 [32m+1465[0m[31m -120[0m: test/security/security_vulnerabilities_test.dart: Input Validation - Malicious Input expression with extremely long variable name should fail[0m                                        00:02 [32m+1466[0m[31m -120[0m: test/security/security_vulnerabilities_test.dart: Input Validation - Malicious Input expression with extremely long variable name should fail[0m                                        00:02 [32m+1467[0m[31m -120[0m: test/security/security_vulnerabilities_test.dart: Input Validation - Malicious Input expression with extremely long variable name should fail[0m                                        00:02 [32m+1468[0m[31m -120[0m: test/security/security_vulnerabilities_test.dart: Input Validation - Malicious Input expression with extremely long variable name should fail[0m                                        00:02 [32m+1469[0m[31m -120[0m: test/security/security_vulnerabilities_test.dart: Input Validation - Malicious Input expression with extremely long variable name should fail[0m                                        00:02 [32m+1470[0m[31m -120[0m: test/security/security_vulnerabilities_test.dart: Input Validation - Malicious Input expression with extremely long variable name should fail[0m                                        00:02 [32m+1471[0m[31m -120[0m: test/security/security_vulnerabilities_test.dart: Input Validation - Malicious Input expression with extremely long variable name should fail[0m                                        00:02 [32m+1472[0m[31m -120[0m: test/security/security_vulnerabilities_test.dart: Input Validation - Malicious Input expression with extremely long variable name should fail[0m                                        00:02 [32m+1473[0m[31m -120[0m: test/security/security_vulnerabilities_test.dart: Input Validation - Malicious Input expression with extremely long variable name should fail[0m                                        00:02 [32m+1474[0m[31m -120[0m: test/security/security_vulnerabilities_test.dart: Input Validation - Malicious Input expression with extremely long variable name should fail[0m                                        00:02 [32m+1475[0m[31m -120[0m: test/security/security_vulnerabilities_test.dart: Input Validation - Malicious Input expression with extremely long variable name should fail[0m                                        00:02 [32m+1476[0m[31m -120[0m: test/security/security_vulnerabilities_test.dart: Input Validation - Malicious Input expression with extremely long variable name should fail[0m                                        00:02 [32m+1477[0m[31m -120[0m: test/security/security_vulnerabilities_test.dart: Input Validation - Malicious Input expression with extremely long variable name should fail[0m                                        00:02 [32m+1478[0m[31m -120[0m: test/security/security_vulnerabilities_test.dart: Input Validation - Malicious Input expression with extremely long variable name should fail[0m                                        00:02 [32m+1479[0m[31m -120[0m: test/security/security_vulnerabilities_test.dart: Input Validation - Malicious Input expression with extremely long variable name should fail[0m                                        00:02 [32m+1480[0m[31m -120[0m: test/security/security_vulnerabilities_test.dart: Input Validation - Malicious Input expression with extremely long variable name should fail[0m                                        00:02 [32m+1481[0m[31m -120[0m: test/security/security_vulnerabilities_test.dart: Input Validation - Malicious Input expression with extremely long variable name should fail[0m                                        00:02 [32m+1482[0m[31m -120[0m: test/security/security_vulnerabilities_test.dart: Input Validation - Malicious Input expression with extremely long variable name should fail[0m                                        00:02 [32m+1483[0m[31m -120[0m: test/security/security_vulnerabilities_test.dart: Input Validation - Malicious Input expression with extremely long variable name should fail[0m                                        00:02 [32m+1484[0m[31m -120[0m: test/security/security_vulnerabilities_test.dart: Input Validation - Malicious Input expression with extremely long variable name should fail[0m                                        00:02 [32m+1485[0m[31m -120[0m: test/security/security_vulnerabilities_test.dart: Input Validation - Malicious Input expression with extremely long variable name should fail[0m                                        00:02 [32m+1486[0m[31m -120[0m: test/security/security_vulnerabilities_test.dart: Input Validation - Malicious Input expression with extremely long variable name should fail[0m                                        00:02 [32m+1487[0m[31m -120[0m: test/security/security_vulnerabilities_test.dart: Input Validation - Malicious Input expression with extremely long variable name should fail[0m                                        00:02 [32m+1488[0m[31m -120[0m: test/security/security_vulnerabilities_test.dart: Input Validation - Malicious Input expression with extremely long variable name should fail[0m                                        00:02 [32m+1489[0m[31m -120[0m: test/security/security_vulnerabilities_test.dart: Input Validation - Malicious Input expression with extremely long variable name should fail[0m                                        00:02 [32m+1490[0m[31m -120[0m: test/security/security_vulnerabilities_test.dart: Input Validation - Malicious Input expression with extremely long variable name should fail[0m                                        00:02 [32m+1491[0m[31m -120[0m: test/security/security_vulnerabilities_test.dart: Input Validation - Malicious Input expression with extremely long variable name should fail[0m                                        00:02 [32m+1492[0m[31m -120[0m: test/security/security_vulnerabilities_test.dart: Input Validation - Malicious Input expression with extremely long variable name should fail[0m                                        00:02 [32m+1493[0m[31m -120[0m: test/security/security_vulnerabilities_test.dart: Input Validation - Malicious Input expression with extremely long variable name should fail[0m                                        00:02 [32m+1494[0m[31m -120[0m: test/security/security_vulnerabilities_test.dart: Input Validation - Malicious Input expression with extremely long variable name should fail[0m                                        00:02 [32m+1495[0m[31m -120[0m: test/security/security_vulnerabilities_test.dart: Input Validation - Malicious Input expression with extremely long variable name should fail[0m                                        00:02 [32m+1496[0m[31m -120[0m: test/security/security_vulnerabilities_test.dart: Input Validation - Malicious Input expression with extremely long variable name should fail[0m                                        00:02 [32m+1497[0m[31m -120[0m: test/security/security_vulnerabilities_test.dart: Input Validation - Malicious Input expression with extremely long variable name should fail[0m                                        00:02 [32m+1498[0m[31m -120[0m: test/security/security_vulnerabilities_test.dart: Input Validation - Malicious Input expression with extremely long variable name should fail[0m                                        00:02 [32m+1499[0m[31m -120[0m: test/security/security_vulnerabilities_test.dart: Input Validation - Malicious Input expression with extremely long variable name should fail[0m                                        00:02 [32m+1500[0m[31m -120[0m: test/security/security_vulnerabilities_test.dart: Input Validation - Malicious Input expression with extremely long variable name should fail[0m                                        00:02 [32m+1501[0m[31m -120[0m: test/security/security_vulnerabilities_test.dart: Input Validation - Malicious Input expression with extremely long variable name should fail[0m                                        00:02 [32m+1502[0m[31m -120[0m: test/security/security_vulnerabilities_test.dart: Input Validation - Malicious Input expression with extremely long variable name should fail[0m                                        00:02 [32m+1503[0m[31m -120[0m: test/security/security_vulnerabilities_test.dart: Input Validation - Malicious Input expression with extremely long variable name should fail[0m                                        00:02 [32m+1504[0m[31m -120[0m: test/security/security_vulnerabilities_test.dart: Input Validation - Malicious Input expression with extremely long variable name should fail[0m                                        00:02 [32m+1505[0m[31m -120[0m: test/security/security_vulnerabilities_test.dart: Input Validation - Malicious Input expression with extremely long variable name should fail[0m                                        00:02 [32m+1506[0m[31m -120[0m: test/security/security_vulnerabilities_test.dart: Input Validation - Malicious Input expression with extremely long variable name should fail[0m                                        00:02 [32m+1507[0m[31m -120[0m: test/security/security_vulnerabilities_test.dart: Input Validation - Malicious Input expression with extremely long variable name should fail[0m                                        00:02 [32m+1508[0m[31m -120[0m: test/security/security_vulnerabilities_test.dart: Input Validation - Malicious Input expression with extremely long variable name should fail[0m                                        00:02 [32m+1509[0m[31m -120[0m: test/security/security_vulnerabilities_test.dart: Input Validation - Malicious Input expression with extremely long variable name should fail[0m                                        00:02 [32m+1510[0m[31m -120[0m: test/security/security_vulnerabilities_test.dart: Input Validation - Malicious Input expression with extremely long variable name should fail[0m                                        00:02 [32m+1511[0m[31m -120[0m: test/security/security_vulnerabilities_test.dart: Input Validation - Malicious Input expression with extremely long variable name should fail[0m                                        00:02 [32m+1512[0m[31m -120[0m: test/security/security_vulnerabilities_test.dart: Input Validation - Malicious Input expression with extremely long variable name should fail[0m                                        00:02 [32m+1513[0m[31m -120[0m: test/security/security_vulnerabilities_test.dart: Input Validation - Malicious Input expression with extremely long variable name should fail[0m                                        00:02 [32m+1514[0m[31m -120[0m: test/security/security_vulnerabilities_test.dart: Input Validation - Malicious Input expression with extremely long variable name should fail[0m                                        00:02 [32m+1515[0m[31m -120[0m: test/security/security_vulnerabilities_test.dart: Input Validation - Malicious Input expression with extremely long variable name should fail[0m                                        00:02 [32m+1516[0m[31m -120[0m: test/security/security_vulnerabilities_test.dart: Input Validation - Malicious Input expression with extremely long variable name should fail[0m                                        00:02 [32m+1517[0m[31m -120[0m: test/security/security_vulnerabilities_test.dart: Input Validation - Malicious Input expression with extremely long variable name should fail[0m                                        00:02 [32m+1518[0m[31m -120[0m: test/security/security_vulnerabilities_test.dart: Input Validation - Malicious Input expression with extremely long variable name should fail[0m                                        00:02 [32m+1519[0m[31m -120[0m: test/security/security_vulnerabilities_test.dart: Input Validation - Malicious Input expression with extremely long variable name should fail[0m                                        00:02 [32m+1520[0m[31m -120[0m: test/security/security_vulnerabilities_test.dart: Input Validation - Malicious Input expression with extremely long variable name should fail[0m                                        00:02 [32m+1521[0m[31m -120[0m: test/security/security_vulnerabilities_test.dart: Input Validation - Malicious Input expression with extremely long variable name should fail[0m                                        00:02 [32m+1522[0m[31m -120[0m: test/security/security_vulnerabilities_test.dart: Input Validation - Malicious Input expression with extremely long variable name should fail[0m                                        00:03 [32m+1523[0m[31m -120[0m: test/security/security_vulnerabilities_test.dart: Input Validation - Malicious Input expression with extremely long variable name should fail[0m                                        00:03 [32m+1524[0m[31m -120[0m: test/security/security_vulnerabilities_test.dart: Input Validation - Malicious Input expression with extremely long variable name should fail[0m                                        00:03 [32m+1525[0m[31m -120[0m: test/security/security_vulnerabilities_test.dart: Input Validation - Malicious Input expression with extremely long variable name should fail[0m                                        00:03 [32m+1526[0m[31m -120[0m: test/security/security_vulnerabilities_test.dart: Input Validation - Malicious Input expression with extremely long variable name should fail[0m                                        00:03 [32m+1527[0m[31m -120[0m: test/security/security_vulnerabilities_test.dart: Input Validation - Malicious Input expression with extremely long variable name should fail[0m                                        00:03 [32m+1528[0m[31m -120[0m: test/security/security_vulnerabilities_test.dart: Input Validation - Malicious Input expression with extremely long variable name should fail[0m                                        00:03 [32m+1529[0m[31m -120[0m: test/security/security_vulnerabilities_test.dart: Input Validation - Malicious Input expression with extremely long variable name should fail[0m                                        00:03 [32m+1530[0m[31m -120[0m: test/security/security_vulnerabilities_test.dart: Input Validation - Malicious Input expression with extremely long variable name should fail[0m                                        00:03 [32m+1531[0m[31m -120[0m: test/security/security_vulnerabilities_test.dart: Input Validation - Malicious Input expression with extremely long variable name should fail[0m                                        00:03 [32m+1532[0m[31m -120[0m: test/security/security_vulnerabilities_test.dart: Input Validation - Malicious Input expression with extremely long variable name should fail[0m                                        00:03 [32m+1533[0m[31m -120[0m: test/security/security_vulnerabilities_test.dart: Input Validation - Malicious Input expression with extremely long variable name should fail[0m                                        00:03 [32m+1534[0m[31m -120[0m: test/security/security_vulnerabilities_test.dart: Input Validation - Malicious Input expression with extremely long variable name should fail[0m                                        00:03 [32m+1535[0m[31m -120[0m: test/security/security_vulnerabilities_test.dart: Input Validation - Malicious Input expression with extremely long variable name should fail[0m                                        00:03 [32m+1536[0m[31m -120[0m: test/security/security_vulnerabilities_test.dart: Input Validation - Malicious Input expression with extremely long variable name should fail[0m                                        00:03 [32m+1537[0m[31m -120[0m: test/security/security_vulnerabilities_test.dart: Input Validation - Malicious Input expression with extremely long variable name should fail[0m                                        00:03 [32m+1538[0m[31m -120[0m: test/security/security_vulnerabilities_test.dart: Input Validation - Malicious Input expression with extremely long variable name should fail[0m                                        00:03 [32m+1539[0m[31m -120[0m: test/security/security_vulnerabilities_test.dart: Input Validation - Malicious Input expression with extremely long variable name should fail[0m                                        00:03 [32m+1540[0m[31m -120[0m: test/security/security_vulnerabilities_test.dart: Input Validation - Malicious Input expression with extremely long variable name should fail[0m                                        00:03 [32m+1541[0m[31m -120[0m: test/security/security_vulnerabilities_test.dart: Input Validation - Malicious Input expression with extremely long variable name should fail[0m                                        00:03 [32m+1542[0m[31m -120[0m: test/security/security_vulnerabilities_test.dart: Input Validation - Malicious Input expression with extremely long variable name should fail[0m                                        00:03 [32m+1543[0m[31m -120[0m: test/security/security_vulnerabilities_test.dart: Input Validation - Malicious Input expression with extremely long variable name should fail[0m                                        00:03 [32m+1544[0m[31m -120[0m: test/security/security_vulnerabilities_test.dart: Input Validation - Malicious Input expression with extremely long variable name should fail[0m                                        00:03 [32m+1545[0m[31m -120[0m: test/security/security_vulnerabilities_test.dart: Input Validation - Malicious Input expression with extremely long variable name should fail[0m                                        00:03 [32m+1546[0m[31m -120[0m: test/security/security_vulnerabilities_test.dart: Input Validation - Malicious Input expression with extremely long variable name should fail[0m                                        00:03 [32m+1547[0m[31m -120[0m: test/security/security_vulnerabilities_test.dart: Input Validation - Malicious Input expression with extremely long variable name should fail[0m                                        00:03 [32m+1548[0m[31m -120[0m: test/security/security_vulnerabilities_test.dart: Input Validation - Malicious Input expression with extremely long variable name should fail[0m                                        00:03 [32m+1549[0m[31m -120[0m: test/security/security_vulnerabilities_test.dart: Input Validation - Malicious Input expression with extremely long variable name should fail[0m                                        00:03 [32m+1550[0m[31m -120[0m: test/security/security_vulnerabilities_test.dart: Input Validation - Malicious Input expression with extremely long variable name should fail[0m                                        00:03 [32m+1551[0m[31m -120[0m: test/security/security_vulnerabilities_test.dart: Input Validation - Malicious Input expression with extremely long variable name should fail[0m                                        00:03 [32m+1552[0m[31m -120[0m: test/security/security_vulnerabilities_test.dart: Input Validation - Malicious Input expression with extremely long variable name should fail[0m                                        00:03 [32m+1553[0m[31m -120[0m: test/security/security_vulnerabilities_test.dart: Input Validation - Malicious Input expression with extremely long variable name should fail[0m                                        00:03 [32m+1554[0m[31m -120[0m: test/security/security_vulnerabilities_test.dart: Input Validation - Malicious Input expression with extremely long variable name should fail[0m                                        00:03 [32m+1555[0m[31m -120[0m: test/security/security_vulnerabilities_test.dart: Input Validation - Malicious Input expression with extremely long variable name should fail[0m                                        00:03 [32m+1556[0m[31m -120[0m: test/security/security_vulnerabilities_test.dart: Input Validation - Malicious Input expression with extremely long variable name should fail[0m                                        00:03 [32m+1557[0m[31m -120[0m: test/security/security_vulnerabilities_test.dart: Input Validation - Malicious Input expression with extremely long variable name should fail[0m                                        00:03 [32m+1558[0m[31m -120[0m: test/security/security_vulnerabilities_test.dart: Input Validation - Malicious Input expression with extremely long variable name should fail[0m                                        00:03 [32m+1559[0m[31m -120[0m: test/security/security_vulnerabilities_test.dart: Input Validation - Malicious Input expression with extremely long variable name should fail[0m                                        00:03 [32m+1560[0m[31m -120[0m: test/security/security_vulnerabilities_test.dart: Input Validation - Malicious Input expression with extremely long variable name should fail[0m                                        00:03 [32m+1561[0m[31m -120[0m: test/security/security_vulnerabilities_test.dart: Input Validation - Malicious Input expression with extremely long variable name should fail[0m                                        00:03 [32m+1562[0m[31m -120[0m: test/security/security_vulnerabilities_test.dart: Input Validation - Malicious Input expression with extremely long variable name should fail[0m                                        00:03 [32m+1563[0m[31m -120[0m: test/security/security_vulnerabilities_test.dart: Input Validation - Malicious Input expression with extremely long variable name should fail[0m                                        00:03 [32m+1564[0m[31m -120[0m: test/security/security_vulnerabilities_test.dart: Input Validation - Malicious Input expression with extremely long variable name should fail[0m                                        00:03 [32m+1565[0m[31m -120[0m: test/security/security_vulnerabilities_test.dart: Input Validation - Malicious Input expression with extremely long variable name should fail[0m                                        00:03 [32m+1566[0m[31m -120[0m: test/security/security_vulnerabilities_test.dart: Input Validation - Malicious Input expression with extremely long variable name should fail[0m                                        00:03 [32m+1567[0m[31m -120[0m: test/security/security_vulnerabilities_test.dart: Input Validation - Malicious Input expression with extremely long variable name should fail[0m                                        00:03 [32m+1568[0m[31m -120[0m: test/security/security_vulnerabilities_test.dart: Input Validation - Malicious Input expression with extremely long variable name should fail[0m                                        00:03 [32m+1569[0m[31m -120[0m: test/security/security_vulnerabilities_test.dart: Input Validation - Malicious Input expression with extremely long variable name should fail[0m                                        00:03 [32m+1570[0m[31m -120[0m: test/security/security_vulnerabilities_test.dart: Input Validation - Malicious Input expression with extremely long variable name should fail[0m                                        00:03 [32m+1571[0m[31m -120[0m: test/security/security_vulnerabilities_test.dart: Input Validation - Malicious Input expression with extremely long variable name should fail[0m                                        00:03 [32m+1572[0m[31m -120[0m: test/security/security_vulnerabilities_test.dart: Input Validation - Malicious Input expression with extremely long variable name should fail[0m                                        00:03 [32m+1573[0m[31m -120[0m: test/security/security_vulnerabilities_test.dart: Input Validation - Malicious Input expression with extremely long variable name should fail[0m                                        00:03 [32m+1574[0m[31m -120[0m: test/security/security_vulnerabilities_test.dart: Input Validation - Malicious Input expression with extremely long variable name should fail[0m                                        00:03 [32m+1575[0m[31m -120[0m: test/security/security_vulnerabilities_test.dart: Input Validation - Malicious Input expression with extremely long variable name should fail[0m                                        00:03 [32m+1576[0m[31m -120[0m: test/security/security_vulnerabilities_test.dart: Input Validation - Malicious Input expression with extremely long variable name should fail[0m                                        00:03 [32m+1577[0m[31m -120[0m: test/security/security_vulnerabilities_test.dart: Input Validation - Malicious Input expression with extremely long variable name should fail[0m                                        00:03 [32m+1578[0m[31m -120[0m: test/security/security_vulnerabilities_test.dart: Input Validation - Malicious Input expression with extremely long variable name should fail[0m                                        00:03 [32m+1579[0m[31m -120[0m: test/security/security_vulnerabilities_test.dart: Input Validation - Malicious Input expression with extremely long variable name should fail[0m                                        00:03 [32m+1580[0m[31m -120[0m: test/security/security_vulnerabilities_test.dart: Input Validation - Malicious Input expression with extremely long variable name should fail[0m                                        00:03 [32m+1581[0m[31m -120[0m: test/security/security_vulnerabilities_test.dart: Input Validation - Malicious Input expression with extremely long variable name should fail[0m                                        00:03 [32m+1582[0m[31m -120[0m: test/security/security_vulnerabilities_test.dart: Input Validation - Malicious Input expression with extremely long variable name should fail[0m                                        00:03 [32m+1583[0m[31m -120[0m: test/security/security_vulnerabilities_test.dart: Input Validation - Malicious Input expression with extremely long variable name should fail[0m                                        00:03 [32m+1584[0m[31m -120[0m: test/security/security_vulnerabilities_test.dart: Input Validation - Malicious Input expression with extremely long variable name should fail[0m                                        00:03 [32m+1585[0m[31m -120[0m: test/security/security_vulnerabilities_test.dart: Input Validation - Malicious Input expression with extremely long variable name should fail[0m                                        00:03 [32m+1586[0m[31m -120[0m: test/security/security_vulnerabilities_test.dart: Input Validation - Malicious Input expression with extremely long variable name should fail[0m                                        00:03 [32m+1587[0m[31m -120[0m: test/security/security_vulnerabilities_test.dart: Input Validation - Malicious Input expression with extremely long variable name should fail[0m                                        00:03 [32m+1588[0m[31m -120[0m: test/security/security_vulnerabilities_test.dart: Input Validation - Malicious Input expression with extremely long variable name should fail[0m                                        00:03 [32m+1589[0m[31m -120[0m: test/security/security_vulnerabilities_test.dart: Input Validation - Malicious Input expression with extremely long variable name should fail[0m                                        00:03 [32m+1590[0m[31m -120[0m: test/security/security_vulnerabilities_test.dart: Input Validation - Malicious Input expression with extremely long variable name should fail[0m                                        00:03 [32m+1591[0m[31m -120[0m: test/security/security_vulnerabilities_test.dart: Input Validation - Malicious Input expression with extremely long variable name should fail[0m                                        00:03 [32m+1592[0m[31m -120[0m: test/security/security_vulnerabilities_test.dart: Input Validation - Malicious Input expression with extremely long variable name should fail[0m                                        00:03 [32m+1593[0m[31m -120[0m: test/security/security_vulnerabilities_test.dart: Input Validation - Malicious Input expression with extremely long variable name should fail[0m                                        00:03 [32m+1594[0m[31m -120[0m: test/security/security_vulnerabilities_test.dart: Input Validation - Malicious Input expression with extremely long variable name should fail[0m                                        00:03 [32m+1595[0m[31m -120[0m: test/security/security_vulnerabilities_test.dart: Input Validation - Malicious Input expression with extremely long variable name should fail[0m                                        00:03 [32m+1596[0m[31m -120[0m: test/security/security_vulnerabilities_test.dart: Input Validation - Malicious Input expression with extremely long variable name should fail[0m                                        00:03 [32m+1597[0m[31m -120[0m: test/security/security_vulnerabilities_test.dart: Input Validation - Malicious Input expression with extremely long variable name should fail[0m                                        00:03 [32m+1598[0m[31m -120[0m: test/security/security_vulnerabilities_test.dart: Input Validation - Malicious Input expression with extremely long variable name should fail[0m                                        00:03 [32m+1599[0m[31m -120[0m: test/security/security_vulnerabilities_test.dart: Input Validation - Malicious Input expression with extremely long variable name should fail[0m                                        00:03 [32m+1600[0m[31m -120[0m: test/security/security_vulnerabilities_test.dart: Input Validation - Malicious Input expression with extremely long variable name should fail[0m                                        00:03 [32m+1601[0m[31m -120[0m: test/security/security_vulnerabilities_test.dart: Input Validation - Malicious Input expression with extremely long variable name should fail[0m                                        00:03 [32m+1602[0m[31m -120[0m: test/security/security_vulnerabilities_test.dart: Input Validation - Malicious Input expression with extremely long variable name should fail[0m                                        00:03 [32m+1603[0m[31m -120[0m: test/security/security_vulnerabilities_test.dart: Input Validation - Malicious Input expression with extremely long variable name should fail[0m                                        00:03 [32m+1604[0m[31m -120[0m: test/security/security_vulnerabilities_test.dart: Input Validation - Malicious Input expression with extremely long variable name should fail[0m                                        00:03 [32m+1605[0m[31m -120[0m: test/security/security_vulnerabilities_test.dart: Input Validation - Malicious Input expression with extremely long variable name should fail[0m                                        00:03 [32m+1606[0m[31m -120[0m: test/security/security_vulnerabilities_test.dart: Input Validation - Malicious Input expression with extremely long variable name should fail[0m                                        00:03 [32m+1607[0m[31m -120[0m: test/security/security_vulnerabilities_test.dart: Input Validation - Malicious Input expression with extremely long variable name should fail[0m                                        00:03 [32m+1608[0m[31m -120[0m: test/security/security_vulnerabilities_test.dart: Input Validation - Malicious Input expression with extremely long variable name should fail[0m                                        00:03 [32m+1609[0m[31m -120[0m: test/security/security_vulnerabilities_test.dart: Input Validation - Malicious Input expression with extremely long variable name should fail[0m                                        00:03 [32m+1610[0m[31m -120[0m: test/security/security_vulnerabilities_test.dart: Input Validation - Malicious Input expression with extremely long variable name should fail[0m                                        00:03 [32m+1611[0m[31m -120[0m: test/security/security_vulnerabilities_test.dart: Input Validation - Malicious Input expression with extremely long variable name should fail[0m                                        00:03 [32m+1612[0m[31m -120[0m: test/security/security_vulnerabilities_test.dart: Input Validation - Malicious Input expression with extremely long variable name should fail[0m                                        00:03 [32m+1613[0m[31m -120[0m: test/security/security_vulnerabilities_test.dart: Input Validation - Malicious Input expression with extremely long variable name should fail[0m                                        00:03 [32m+1614[0m[31m -120[0m: test/security/security_vulnerabilities_test.dart: Input Validation - Malicious Input expression with extremely long variable name should fail[0m                                        00:03 [32m+1615[0m[31m -120[0m: test/security/security_vulnerabilities_test.dart: Input Validation - Malicious Input expression with extremely long variable name should fail[0m                                        00:03 [32m+1616[0m[31m -120[0m: test/security/security_vulnerabilities_test.dart: Input Validation - Malicious Input expression with extremely long variable name should fail[0m                                        00:03 [32m+1617[0m[31m -120[0m: test/security/security_vulnerabilities_test.dart: Input Validation - Malicious Input expression with extremely long variable name should fail[0m                                        00:03 [32m+1618[0m[31m -120[0m: test/security/security_vulnerabilities_test.dart: Input Validation - Malicious Input expression with extremely long variable name should fail[0m                                        00:03 [32m+1619[0m[31m -120[0m: test/security/security_vulnerabilities_test.dart: Input Validation - Malicious Input expression with extremely long variable name should fail[0m                                        00:03 [32m+1620[0m[31m -120[0m: test/security/security_vulnerabilities_test.dart: Input Validation - Malicious Input expression with extremely long variable name should fail[0m                                        00:03 [32m+1621[0m[31m -120[0m: test/security/security_vulnerabilities_test.dart: Input Validation - Malicious Input expression with extremely long variable name should fail[0m                                        00:03 [32m+1622[0m[31m -120[0m: test/security/security_vulnerabilities_test.dart: Input Validation - Malicious Input expression with extremely long variable name should fail[0m                                        00:03 [32m+1623[0m[31m -120[0m: test/security/security_vulnerabilities_test.dart: Input Validation - Malicious Input expression with extremely long variable name should fail[0m                                        00:03 [32m+1624[0m[31m -120[0m: test/security/security_vulnerabilities_test.dart: Input Validation - Malicious Input expression with extremely long variable name should fail[0m                                        00:03 [32m+1625[0m[31m -120[0m: test/security/security_vulnerabilities_test.dart: Input Validation - Malicious Input expression with extremely long variable name should fail[0m                                        00:03 [32m+1626[0m[31m -120[0m: test/security/security_vulnerabilities_test.dart: Input Validation - Malicious Input expression with extremely long variable name should fail[0m                                        00:03 [32m+1627[0m[31m -120[0m: test/security/security_vulnerabilities_test.dart: Input Validation - Malicious Input expression with extremely long variable name should fail[0m                                        00:03 [32m+1628[0m[31m -120[0m: test/security/security_vulnerabilities_test.dart: Input Validation - Malicious Input expression with extremely long variable name should fail[0m                                        00:03 [32m+1629[0m[31m -120[0m: test/security/security_vulnerabilities_test.dart: Input Validation - Malicious Input expression with extremely long variable name should fail[0m                                        00:03 [32m+1630[0m[31m -120[0m: test/security/security_vulnerabilities_test.dart: Input Validation - Malicious Input expression with extremely long variable name should fail[0m                                        00:03 [32m+1631[0m[31m -120[0m: test/security/security_vulnerabilities_test.dart: Input Validation - Malicious Input expression with extremely long variable name should fail[0m                                        00:03 [32m+1632[0m[31m -120[0m: test/security/security_vulnerabilities_test.dart: Input Validation - Malicious Input expression with extremely long variable name should fail[0m                                        00:03 [32m+1633[0m[31m -120[0m: test/security/security_vulnerabilities_test.dart: Input Validation - Malicious Input expression with extremely long variable name should fail[0m                                        00:03 [32m+1634[0m[31m -120[0m: test/security/security_vulnerabilities_test.dart: Input Validation - Malicious Input expression with extremely long variable name should fail[0m                                        00:03 [32m+1635[0m[31m -120[0m: test/security/security_vulnerabilities_test.dart: Input Validation - Malicious Input expression with extremely long variable name should fail[0m                                        00:03 [32m+1636[0m[31m -120[0m: test/security/security_vulnerabilities_test.dart: Input Validation - Malicious Input expression with extremely long variable name should fail[0m                                        00:03 [32m+1637[0m[31m -120[0m: test/security/security_vulnerabilities_test.dart: Input Validation - Malicious Input expression with extremely long variable name should fail[0m                                        00:03 [32m+1638[0m[31m -120[0m: test/security/security_vulnerabilities_test.dart: Input Validation - Malicious Input expression with extremely long variable name should fail[0m                                        00:03 [32m+1639[0m[31m -120[0m: test/security/security_vulnerabilities_test.dart: Input Validation - Malicious Input expression with extremely long variable name should fail[0m                                        00:03 [32m+1640[0m[31m -120[0m: test/security/security_vulnerabilities_test.dart: Input Validation - Malicious Input expression with extremely long variable name should fail[0m                                        00:03 [32m+1641[0m[31m -120[0m: test/security/security_vulnerabilities_test.dart: Input Validation - Malicious Input expression with extremely long variable name should fail[0m                                        00:03 [32m+1642[0m[31m -120[0m: test/security/security_vulnerabilities_test.dart: Input Validation - Malicious Input expression with extremely long variable name should fail[0m                                        00:03 [32m+1643[0m[31m -120[0m: test/security/security_vulnerabilities_test.dart: Input Validation - Malicious Input expression with extremely long variable name should fail[0m                                        00:03 [32m+1644[0m[31m -120[0m: test/security/security_vulnerabilities_test.dart: Input Validation - Malicious Input expression with extremely long variable name should fail[0m                                        00:03 [32m+1645[0m[31m -120[0m: test/security/security_vulnerabilities_test.dart: Input Validation - Malicious Input expression with extremely long variable name should fail[0m                                        00:03 [32m+1646[0m[31m -120[0m: test/security/security_vulnerabilities_test.dart: Input Validation - Malicious Input expression with extremely long variable name should fail[0m                                        00:03 [32m+1647[0m[31m -120[0m: test/security/security_vulnerabilities_test.dart: Input Validation - Malicious Input expression with extremely long variable name should fail[0m                                        00:03 [32m+1648[0m[31m -120[0m: test/security/security_vulnerabilities_test.dart: Input Validation - Malicious Input expression with extremely long variable name should fail[0m                                        00:03 [32m+1649[0m[31m -120[0m: test/security/security_vulnerabilities_test.dart: Input Validation - Malicious Input expression with extremely long variable name should fail[0m                                        00:03 [32m+1650[0m[31m -120[0m: test/security/security_vulnerabilities_test.dart: Input Validation - Malicious Input expression with extremely long variable name should fail[0m                                        00:03 [32m+1651[0m[31m -120[0m: test/security/security_vulnerabilities_test.dart: Input Validation - Malicious Input expression with extremely long variable name should fail[0m                                        00:03 [32m+1652[0m[31m -120[0m: test/security/security_vulnerabilities_test.dart: Input Validation - Malicious Input expression with extremely long variable name should fail[0m                                        00:03 [32m+1653[0m[31m -120[0m: test/security/security_vulnerabilities_test.dart: Input Validation - Malicious Input expression with extremely long variable name should fail[0m                                        00:03 [32m+1654[0m[31m -120[0m: test/security/security_vulnerabilities_test.dart: Input Validation - Malicious Input expression with extremely long variable name should fail[0m                                        00:03 [32m+1655[0m[31m -120[0m: test/security/security_vulnerabilities_test.dart: Input Validation - Malicious Input expression with extremely long variable name should fail[0m                                        00:03 [32m+1656[0m[31m -120[0m: test/security/security_vulnerabilities_test.dart: Input Validation - Malicious Input expression with extremely long variable name should fail[0m                                        00:03 [32m+1657[0m[31m -120[0m: test/security/security_vulnerabilities_test.dart: Input Validation - Malicious Input expression with extremely long variable name should fail[0m                                        00:03 [32m+1658[0m[31m -120[0m: test/security/security_vulnerabilities_test.dart: Input Validation - Malicious Input expression with extremely long variable name should fail[0m                                        00:03 [32m+1659[0m[31m -120[0m: test/security/security_vulnerabilities_test.dart: Input Validation - Malicious Input expression with extremely long variable name should fail[0m                                        00:03 [32m+1660[0m[31m -120[0m: test/security/security_vulnerabilities_test.dart: Input Validation - Malicious Input expression with extremely long variable name should fail[0m                                        00:03 [32m+1661[0m[31m -120[0m: test/security/security_vulnerabilities_test.dart: Input Validation - Malicious Input expression with extremely long variable name should fail[0m                                        00:03 [32m+1662[0m[31m -120[0m: test/security/security_vulnerabilities_test.dart: Input Validation - Malicious Input expression with extremely long variable name should fail[0m                                        00:03 [32m+1663[0m[31m -120[0m: test/security/security_vulnerabilities_test.dart: Input Validation - Malicious Input expression with extremely long variable name should fail[0m                                        00:03 [32m+1664[0m[31m -120[0m: test/security/security_vulnerabilities_test.dart: Input Validation - Malicious Input expression with extremely long variable name should fail[0m                                        00:03 [32m+1665[0m[31m -120[0m: test/security/security_vulnerabilities_test.dart: Input Validation - Malicious Input expression with extremely long variable name should fail[0m                                        00:03 [32m+1666[0m[31m -120[0m: test/security/security_vulnerabilities_test.dart: Input Validation - Malicious Input expression with extremely long variable name should fail[0m                                        00:03 [32m+1667[0m[31m -120[0m: test/security/security_vulnerabilities_test.dart: Input Validation - Malicious Input expression with extremely long variable name should fail[0m                                        00:03 [32m+1668[0m[31m -120[0m: test/security/security_vulnerabilities_test.dart: Input Validation - Malicious Input expression with extremely long variable name should fail[0m                                        00:03 [32m+1669[0m[31m -120[0m: test/security/security_vulnerabilities_test.dart: Input Validation - Malicious Input expression with extremely long variable name should fail[0m                                        00:03 [32m+1670[0m[31m -120[0m: test/security/security_vulnerabilities_test.dart: Input Validation - Malicious Input expression with extremely long variable name should fail[0m                                        00:03 [32m+1671[0m[31m -120[0m: test/security/security_vulnerabilities_test.dart: Input Validation - Malicious Input expression with extremely long variable name should fail[0m                                        00:03 [32m+1672[0m[31m -120[0m: test/security/security_vulnerabilities_test.dart: Input Validation - Malicious Input expression with extremely long variable name should fail[0m                                        00:03 [32m+1673[0m[31m -120[0m: test/security/security_vulnerabilities_test.dart: Input Validation - Malicious Input expression with extremely long variable name should fail[0m                                        00:03 [32m+1674[0m[31m -120[0m: test/security/security_vulnerabilities_test.dart: Input Validation - Malicious Input expression with extremely long variable name should fail[0m                                        00:03 [32m+1675[0m[31m -120[0m: test/security/security_vulnerabilities_test.dart: Input Validation - Malicious Input expression with extremely long variable name should fail[0m                                        00:03 [32m+1676[0m[31m -120[0m: test/security/security_vulnerabilities_test.dart: Input Validation - Malicious Input expression with extremely long variable name should fail[0m                                        00:03 [32m+1677[0m[31m -120[0m: test/security/security_vulnerabilities_test.dart: Input Validation - Malicious Input expression with extremely long variable name should fail[0m                                        00:03 [32m+1678[0m[31m -120[0m: test/security/security_vulnerabilities_test.dart: Input Validation - Malicious Input expression with extremely long variable name should fail[0m                                        00:03 [32m+1679[0m[31m -120[0m: test/security/security_vulnerabilities_test.dart: Input Validation - Malicious Input expression with extremely long variable name should fail[0m                                        00:03 [32m+1680[0m[31m -120[0m: test/security/security_vulnerabilities_test.dart: Input Validation - Malicious Input expression with extremely long variable name should fail[0m                                        00:03 [32m+1681[0m[31m -120[0m: test/security/security_vulnerabilities_test.dart: Input Validation - Malicious Input expression with extremely long variable name should fail[0m                                        00:03 [32m+1682[0m[31m -120[0m: test/security/security_vulnerabilities_test.dart: Input Validation - Malicious Input expression with extremely long variable name should fail[0m                                        00:03 [32m+1683[0m[31m -120[0m: test/security/security_vulnerabilities_test.dart: Input Validation - Malicious Input expression with extremely long variable name should fail[0m                                        00:03 [32m+1684[0m[31m -120[0m: test/security/security_vulnerabilities_test.dart: Input Validation - Malicious Input expression with extremely long variable name should fail[0m                                        00:03 [32m+1685[0m[31m -120[0m: test/security/security_vulnerabilities_test.dart: Input Validation - Malicious Input expression with extremely long variable name should fail[0m                                        00:03 [32m+1686[0m[31m -120[0m: test/security/security_vulnerabilities_test.dart: Input Validation - Malicious Input expression with extremely long variable name should fail[0m                                        00:03 [32m+1687[0m[31m -120[0m: test/security/security_vulnerabilities_test.dart: Input Validation - Malicious Input expression with extremely long variable name should fail[0m                                        00:03 [32m+1688[0m[31m -120[0m: test/security/security_vulnerabilities_test.dart: Input Validation - Malicious Input expression with extremely long variable name should fail[0m                                        00:03 [32m+1689[0m[31m -120[0m: test/security/security_vulnerabilities_test.dart: Input Validation - Malicious Input expression with extremely long variable name should fail[0m                                        00:03 [32m+1690[0m[31m -120[0m: test/security/security_vulnerabilities_test.dart: Input Validation - Malicious Input expression with extremely long variable name should fail[0m                                        00:03 [32m+1691[0m[31m -120[0m: test/security/security_vulnerabilities_test.dart: Input Validation - Malicious Input expression with extremely long variable name should fail[0m                                        00:03 [32m+1692[0m[31m -120[0m: test/security/security_vulnerabilities_test.dart: Input Validation - Malicious Input expression with extremely long variable name should fail[0m                                        00:03 [32m+1693[0m[31m -120[0m: test/security/security_vulnerabilities_test.dart: Input Validation - Malicious Input expression with extremely long variable name should fail[0m                                        00:03 [32m+1694[0m[31m -120[0m: test/security/security_vulnerabilities_test.dart: Input Validation - Malicious Input expression with extremely long variable name should fail[0m                                        00:03 [32m+1695[0m[31m -120[0m: test/security/security_vulnerabilities_test.dart: Input Validation - Malicious Input expression with extremely long variable name should fail[0m                                        00:03 [32m+1696[0m[31m -120[0m: test/security/security_vulnerabilities_test.dart: Input Validation - Malicious Input expression with extremely long variable name should fail[0m                                        00:03 [32m+1697[0m[31m -120[0m: test/security/security_vulnerabilities_test.dart: Input Validation - Malicious Input expression with extremely long variable name should fail[0m                                        00:03 [32m+1698[0m[31m -120[0m: test/security/security_vulnerabilities_test.dart: Input Validation - Malicious Input expression with extremely long variable name should fail[0m                                        00:03 [32m+1699[0m[31m -120[0m: test/security/security_vulnerabilities_test.dart: Input Validation - Malicious Input expression with extremely long variable name should fail[0m                                        00:03 [32m+1700[0m[31m -120[0m: test/security/security_vulnerabilities_test.dart: Input Validation - Malicious Input expression with extremely long variable name should fail[0m                                        00:03 [32m+1701[0m[31m -120[0m: test/security/security_vulnerabilities_test.dart: Input Validation - Malicious Input expression with extremely long variable name should fail[0m                                        00:03 [32m+1702[0m[31m -120[0m: test/security/security_vulnerabilities_test.dart: Input Validation - Malicious Input expression with extremely long variable name should fail[0m                                        00:03 [32m+1703[0m[31m -120[0m: test/security/security_vulnerabilities_test.dart: Input Validation - Malicious Input expression with extremely long variable name should fail[0m                                        00:03 [32m+1704[0m[31m -120[0m: test/security/security_vulnerabilities_test.dart: Input Validation - Malicious Input expression with extremely long variable name should fail[0m                                        00:03 [32m+1705[0m[31m -120[0m: test/security/security_vulnerabilities_test.dart: Input Validation - Malicious Input expression with extremely long variable name should fail[0m                                        00:03 [32m+1706[0m[31m -120[0m: test/security/security_vulnerabilities_test.dart: Input Validation - Malicious Input expression with extremely long variable name should fail[0m                                        00:03 [32m+1707[0m[31m -120[0m: test/security/security_vulnerabilities_test.dart: Input Validation - Malicious Input expression with extremely long variable name should fail[0m                                        00:03 [32m+1708[0m[31m -120[0m: test/security/security_vulnerabilities_test.dart: Input Validation - Malicious Input expression with extremely long variable name should fail[0m                                        00:03 [32m+1709[0m[31m -120[0m: test/security/security_vulnerabilities_test.dart: Input Validation - Malicious Input expression with extremely long variable name should fail[0m                                        00:03 [32m+1710[0m[31m -120[0m: test/security/security_vulnerabilities_test.dart: Input Validation - Malicious Input expression with extremely long variable name should fail[0m                                        00:03 [32m+1711[0m[31m -120[0m: test/security/security_vulnerabilities_test.dart: Input Validation - Malicious Input expression with extremely long variable name should fail[0m                                        00:03 [32m+1712[0m[31m -120[0m: test/security/security_vulnerabilities_test.dart: Input Validation - Malicious Input expression with extremely long variable name should fail[0m                                        00:03 [32m+1713[0m[31m -120[0m: test/security/security_vulnerabilities_test.dart: Input Validation - Malicious Input expression with extremely long variable name should fail[0m                                        00:03 [32m+1714[0m[31m -120[0m: test/security/security_vulnerabilities_test.dart: Input Validation - Malicious Input expression with extremely long variable name should fail[0m                                        00:03 [32m+1715[0m[31m -120[0m: test/security/security_vulnerabilities_test.dart: Input Validation - Malicious Input expression with extremely long variable name should fail[0m                                        00:03 [32m+1716[0m[31m -120[0m: test/security/security_vulnerabilities_test.dart: Input Validation - Malicious Input expression with extremely long variable name should fail[0m                                        00:03 [32m+1717[0m[31m -120[0m: test/security/security_vulnerabilities_test.dart: Input Validation - Malicious Input expression with extremely long variable name should fail[0m                                        00:03 [32m+1718[0m[31m -120[0m: test/security/security_vulnerabilities_test.dart: Input Validation - Malicious Input expression with extremely long variable name should fail[0m                                        00:03 [32m+1719[0m[31m -120[0m: test/security/security_vulnerabilities_test.dart: Input Validation - Malicious Input expression with extremely long variable name should fail[0m                                        00:03 [32m+1720[0m[31m -120[0m: test/security/security_vulnerabilities_test.dart: Input Validation - Malicious Input expression with extremely long variable name should fail[0m                                        00:03 [32m+1721[0m[31m -120[0m: test/security/security_vulnerabilities_test.dart: Input Validation - Malicious Input expression with extremely long variable name should fail[0m                                        00:03 [32m+1722[0m[31m -120[0m: test/security/security_vulnerabilities_test.dart: Input Validation - Malicious Input expression with extremely long variable name should fail[0m                                        00:03 [32m+1723[0m[31m -121[0m: test/security/security_vulnerabilities_test.dart: Input Validation - Malicious Input expression with extremely long variable name should fail[0m                                        00:03 [32m+1724[0m[31m -121[0m: test/security/security_vulnerabilities_test.dart: Input Validation - Malicious Input expression with extremely long variable name should fail[0m                                        00:03 [32m+1725[0m[31m -121[0m: test/security/security_vulnerabilities_test.dart: Input Validation - Malicious Input expression with extremely long variable name should fail[0m                                        00:03 [32m+1726[0m[31m -121[0m: test/security/security_vulnerabilities_test.dart: Input Validation - Malicious Input expression with extremely long variable name should fail[0m                                        00:03 [32m+1727[0m[31m -121[0m: test/security/security_vulnerabilities_test.dart: Input Validation - Malicious Input expression with extremely long variable name should fail[0m                                        00:03 [32m+1728[0m[31m -121[0m: test/security/security_vulnerabilities_test.dart: Input Validation - Malicious Input expression with extremely long variable name should fail[0m                                        00:03 [32m+1729[0m[31m -121[0m: test/security/security_vulnerabilities_test.dart: Input Validation - Malicious Input expression with extremely long variable name should fail[0m                                        00:03 [32m+1730[0m[31m -121[0m: test/security/security_vulnerabilities_test.dart: Input Validation - Malicious Input expression with extremely long variable name should fail[0m                                        00:03 [32m+1731[0m[31m -121[0m: test/security/security_vulnerabilities_test.dart: Input Validation - Malicious Input expression with extremely long variable name should fail[0m                                        00:03 [32m+1732[0m[31m -121[0m: test/security/security_vulnerabilities_test.dart: Input Validation - Malicious Input expression with extremely long variable name should fail[0m                                        00:03 [32m+1733[0m[31m -121[0m: test/security/security_vulnerabilities_test.dart: Input Validation - Malicious Input expression with extremely long variable name should fail[0m                                        00:03 [32m+1733[0m[31m -121[0m: test/math/vector_test.dart: Vector Creation creates vector with variables [1m[31m[E][0m[0m                                                                                                        
  EvaluatorException: Expression must evaluate to a real number
  Suggestion: This operation requires a numeric value, not a matrix or complex number
  package:texpr/src/visitors/evaluation_visitor.dart 92:5    EvaluationVisitor._evaluateAsDouble
  package:texpr/src/visitors/evaluation_visitor.dart 416:36  EvaluationVisitor.visitVectorExpr.<fn>
  dart:_internal                                             ListIterable.toList
  package:texpr/src/visitors/evaluation_visitor.dart 416:69  EvaluationVisitor.visitVectorExpr
  package:texpr/src/ast/matrix.dart 75:20                    VectorExpr.accept
  package:texpr/src/evaluator.dart 77:28                     Evaluator.evaluate
  package:texpr/texpr.dart 389:31                            Texpr.evaluateParsed
  package:texpr/texpr.dart 462:12                            Texpr.evaluate
  test/math/vector_test.dart 40:21                           main.<fn>.<fn>
  

[1m[36mTo run this test again:[0m /Users/xomodo/sdks/flutter/bin/cache/dart-sdk/bin/dart test test/math/vector_test.dart -p vm --plain-name 'Vector Creation creates vector with variables'
00:03 [32m+1734[0m[31m -121[0m: test/security/security_vulnerabilities_test.dart: Input Validation - Malicious Input expression with extremely long variable name should fail[0m                                        00:03 [32m+1735[0m[31m -121[0m: test/security/security_vulnerabilities_test.dart: Input Validation - Malicious Input expression with extremely long variable name should fail[0m                                        00:03 [32m+1736[0m[31m -121[0m: test/security/security_vulnerabilities_test.dart: Input Validation - Malicious Input expression with extremely long variable name should fail[0m                                        00:03 [32m+1737[0m[31m -121[0m: test/security/security_vulnerabilities_test.dart: Input Validation - Malicious Input expression with extremely long variable name should fail[0m                                        00:03 [32m+1738[0m[31m -121[0m: test/security/security_vulnerabilities_test.dart: Input Validation - Malicious Input expression with extremely long variable name should fail[0m                                        00:03 [32m+1739[0m[31m -121[0m: test/security/security_vulnerabilities_test.dart: Input Validation - Malicious Input expression with extremely long variable name should fail[0m                                        00:03 [32m+1740[0m[31m -121[0m: test/security/security_vulnerabilities_test.dart: Input Validation - Malicious Input expression with extremely long variable name should fail[0m                                        00:03 [32m+1741[0m[31m -121[0m: test/security/security_vulnerabilities_test.dart: Input Validation - Malicious Input expression with extremely long variable name should fail[0m                                        00:03 [32m+1742[0m[31m -121[0m: test/security/security_vulnerabilities_test.dart: Input Validation - Malicious Input expression with extremely long variable name should fail[0m                                        00:03 [32m+1743[0m[31m -121[0m: test/security/security_vulnerabilities_test.dart: Input Validation - Malicious Input expression with extremely long variable name should fail[0m                                        00:03 [32m+1744[0m[31m -121[0m: test/security/security_vulnerabilities_test.dart: Input Validation - Malicious Input expression with extremely long variable name should fail[0m                                        00:03 [32m+1745[0m[31m -121[0m: test/security/security_vulnerabilities_test.dart: Input Validation - Malicious Input expression with extremely long variable name should fail[0m                                        00:03 [32m+1746[0m[31m -121[0m: test/security/security_vulnerabilities_test.dart: Input Validation - Malicious Input expression with extremely long variable name should fail[0m                                        00:03 [32m+1747[0m[31m -121[0m: test/security/security_vulnerabilities_test.dart: Input Validation - Malicious Input expression with extremely long variable name should fail[0m                                        00:03 [32m+1748[0m[31m -121[0m: test/security/security_vulnerabilities_test.dart: Input Validation - Malicious Input expression with extremely long variable name should fail[0m                                        00:03 [32m+1749[0m[31m -121[0m: test/security/security_vulnerabilities_test.dart: Input Validation - Malicious Input expression with extremely long variable name should fail[0m                                        00:03 [32m+1750[0m[31m -121[0m: test/security/security_vulnerabilities_test.dart: Input Validation - Malicious Input expression with extremely long variable name should fail[0m                                        00:03 [32m+1751[0m[31m -121[0m: test/security/security_vulnerabilities_test.dart: Input Validation - Malicious Input expression with extremely long variable name should fail[0m                                        00:03 [32m+1752[0m[31m -121[0m: test/security/security_vulnerabilities_test.dart: Input Validation - Malicious Input expression with extremely long variable name should fail[0m                                        00:03 [32m+1753[0m[31m -121[0m: test/security/security_vulnerabilities_test.dart: Input Validation - Malicious Input expression with extremely long variable name should fail[0m                                        00:03 [32m+1754[0m[31m -121[0m: test/security/security_vulnerabilities_test.dart: Input Validation - Malicious Input expression with extremely long variable name should fail[0m                                        00:03 [32m+1755[0m[31m -121[0m: test/security/security_vulnerabilities_test.dart: Input Validation - Malicious Input expression with extremely long variable name should fail[0m                                        00:03 [32m+1756[0m[31m -121[0m: test/security/security_vulnerabilities_test.dart: Input Validation - Malicious Input expression with extremely long variable name should fail[0m                                        00:03 [32m+1757[0m[31m -121[0m: test/security/security_vulnerabilities_test.dart: Input Validation - Malicious Input expression with extremely long variable name should fail[0m                                        00:03 [32m+1758[0m[31m -121[0m: test/security/security_vulnerabilities_test.dart: Input Validation - Malicious Input expression with extremely long variable name should fail[0m                                        00:03 [32m+1759[0m[31m -121[0m: test/security/security_vulnerabilities_test.dart: Input Validation - Malicious Input expression with extremely long variable name should fail[0m                                        00:03 [32m+1760[0m[31m -121[0m: test/security/security_vulnerabilities_test.dart: Input Validation - Malicious Input expression with extremely long variable name should fail[0m                                        00:03 [32m+1761[0m[31m -121[0m: test/security/security_vulnerabilities_test.dart: Input Validation - Malicious Input expression with extremely long variable name should fail[0m                                        00:03 [32m+1762[0m[31m -121[0m: test/security/security_vulnerabilities_test.dart: Input Validation - Malicious Input expression with extremely long variable name should fail[0m                                        00:03 [32m+1762[0m[31m -122[0m: test/math/vector_test.dart: Complex Expressions unit vector from expression [1m[31m[E][0m[0m                                                                                                      
  EvaluatorException: Expression must evaluate to a real number
  Suggestion: This operation requires a numeric value, not a matrix or complex number
  package:texpr/src/visitors/evaluation_visitor.dart 92:5    EvaluationVisitor._evaluateAsDouble
  package:texpr/src/visitors/evaluation_visitor.dart 416:36  EvaluationVisitor.visitVectorExpr.<fn>
  dart:_internal                                             ListIterable.toList
  package:texpr/src/visitors/evaluation_visitor.dart 416:69  EvaluationVisitor.visitVectorExpr
  package:texpr/src/ast/matrix.dart 75:20                    VectorExpr.accept
  package:texpr/src/evaluator.dart 77:28                     Evaluator.evaluate
  package:texpr/texpr.dart 389:31                            Texpr.evaluateParsed
  package:texpr/texpr.dart 462:12                            Texpr.evaluate
  test/math/vector_test.dart 263:32                          main.<fn>.<fn>
  

[1m[36mTo run this test again:[0m /Users/xomodo/sdks/flutter/bin/cache/dart-sdk/bin/dart test test/math/vector_test.dart -p vm --plain-name 'Complex Expressions unit vector from expression'
00:03 [32m+1763[0m[31m -122[0m: test/security/security_vulnerabilities_test.dart: Input Validation - Malicious Input expression with extremely long variable name should fail[0m                                        00:03 [32m+1764[0m[31m -122[0m: test/security/security_vulnerabilities_test.dart: Input Validation - Malicious Input expression with extremely long variable name should fail[0m                                        00:03 [32m+1765[0m[31m -122[0m: test/security/security_vulnerabilities_test.dart: Input Validation - Malicious Input expression with extremely long variable name should fail[0m                                        00:03 [32m+1766[0m[31m -122[0m: test/security/security_vulnerabilities_test.dart: Input Validation - Malicious Input expression with extremely long variable name should fail[0m                                        00:03 [32m+1767[0m[31m -122[0m: test/security/security_vulnerabilities_test.dart: Input Validation - Malicious Input expression with extremely long variable name should fail[0m                                        00:03 [32m+1768[0m[31m -122[0m: test/security/security_vulnerabilities_test.dart: Input Validation - Malicious Input expression with extremely long variable name should fail[0m                                        00:03 [32m+1769[0m[31m -122[0m: test/security/security_vulnerabilities_test.dart: Input Validation - Malicious Input expression with extremely long variable name should fail[0m                                        00:03 [32m+1770[0m[31m -122[0m: test/security/security_vulnerabilities_test.dart: Input Validation - Malicious Input expression with extremely long variable name should fail[0m                                        00:03 [32m+1771[0m[31m -122[0m: test/security/security_vulnerabilities_test.dart: Input Validation - Malicious Input expression with extremely long variable name should fail[0m                                        00:03 [32m+1772[0m[31m -122[0m: test/security/security_vulnerabilities_test.dart: Input Validation - Malicious Input expression with extremely long variable name should fail[0m                                        00:03 [32m+1773[0m[31m -122[0m: test/security/security_vulnerabilities_test.dart: Input Validation - Malicious Input expression with extremely long variable name should fail[0m                                        00:03 [32m+1774[0m[31m -122[0m: test/security/security_vulnerabilities_test.dart: Input Validation - Malicious Input expression with extremely long variable name should fail[0m                                        00:03 [32m+1775[0m[31m -122[0m: test/security/security_vulnerabilities_test.dart: Input Validation - Malicious Input expression with extremely long variable name should fail[0m                                        00:03 [32m+1776[0m[31m -122[0m: test/security/security_vulnerabilities_test.dart: Input Validation - Malicious Input expression with extremely long variable name should fail[0m                                        00:03 [32m+1777[0m[31m -122[0m: test/security/security_vulnerabilities_test.dart: Input Validation - Malicious Input expression with extremely long variable name should fail[0m                                        00:03 [32m+1778[0m[31m -122[0m: test/security/security_vulnerabilities_test.dart: Input Validation - Malicious Input expression with extremely long variable name should fail[0m                                        00:03 [32m+1779[0m[31m -122[0m: test/security/security_vulnerabilities_test.dart: Input Validation - Malicious Input expression with extremely long variable name should fail[0m                                        00:03 [32m+1780[0m[31m -122[0m: test/security/security_vulnerabilities_test.dart: Input Validation - Malicious Input expression with extremely long variable name should fail[0m                                        00:03 [32m+1781[0m[31m -122[0m: test/security/security_vulnerabilities_test.dart: Input Validation - Malicious Input expression with extremely long variable name should fail[0m                                        00:03 [32m+1782[0m[31m -122[0m: test/security/security_vulnerabilities_test.dart: Input Validation - Malicious Input expression with extremely long variable name should fail[0m                                        00:03 [32m+1783[0m[31m -122[0m: test/security/security_vulnerabilities_test.dart: Input Validation - Malicious Input expression with extremely long variable name should fail[0m                                        00:03 [32m+1784[0m[31m -122[0m: test/security/security_vulnerabilities_test.dart: Input Validation - Malicious Input expression with extremely long variable name should fail[0m                                        00:03 [32m+1785[0m[31m -122[0m: test/security/security_vulnerabilities_test.dart: Input Validation - Malicious Input expression with extremely long variable name should fail[0m                                        00:03 [32m+1786[0m[31m -122[0m: test/security/security_vulnerabilities_test.dart: Input Validation - Malicious Input expression with extremely long variable name should fail[0m                                        00:03 [32m+1787[0m[31m -123[0m: test/security/security_vulnerabilities_test.dart: Input Validation - Malicious Input expression with extremely long variable name should fail[0m                                        00:03 [32m+1788[0m[31m -123[0m: test/security/security_vulnerabilities_test.dart: Input Validation - Malicious Input expression with extremely long variable name should fail[0m                                        00:03 [32m+1788[0m[31m -123[0m: test/minus_power_test.dart: unary minus with power and parentheses [1m[31m[E][0m[0m                                                                                                               
  EvaluatorException: Type mismatch in binary operation
  Suggestion: Ensure both operands are compatible types (numbers, complex numbers, matrices, or vectors)
  package:texpr/src/evaluator/binary_evaluator.dart 65:5     BinaryEvaluator.evaluate
  package:texpr/src/visitors/evaluation_visitor.dart 175:29  EvaluationVisitor.visitBinaryOp
  package:texpr/src/ast/operations.dart 54:20                BinaryOp.accept
  package:texpr/src/visitors/evaluation_visitor.dart 79:19   EvaluationVisitor._evaluateRaw
  package:texpr/src/visitors/evaluation_visitor.dart 163:23  EvaluationVisitor.visitBinaryOp
  package:texpr/src/ast/operations.dart 54:20                BinaryOp.accept
  package:texpr/src/visitors/evaluation_visitor.dart 79:19   EvaluationVisitor._evaluateRaw
  package:texpr/src/visitors/evaluation_visitor.dart 182:26  EvaluationVisitor.visitUnaryOp
  package:texpr/src/ast/operations.dart 148:20               UnaryOp.accept
  package:texpr/src/visitors/evaluation_visitor.dart 79:19   EvaluationVisitor._evaluateRaw
  package:texpr/src/visitors/evaluation_visitor.dart 163:23  EvaluationVisitor.visitBinaryOp
  package:texpr/src/ast/operations.dart 54:20                BinaryOp.accept
  package:texpr/src/evaluator.dart 77:28                     Evaluator.evaluate
  test/minus_power_test.dart 8:30                            main.<fn>
  

[1m[36mTo run this test again:[0m /Users/xomodo/sdks/flutter/bin/cache/dart-sdk/bin/dart test test/minus_power_test.dart -p vm --plain-name 'unary minus with power and parentheses'
00:05 [32m+1789[0m[31m -123[0m: test/security/security_vulnerabilities_test.dart: Input Validation - Malicious Input expression with extremely long variable name should fail[0m                                        00:05 [32m+1789[0m[31m -123[0m: test/security/security_vulnerabilities_test.dart: Input Validation - Malicious Input expression with null bytes should be rejected[0m                                                   00:05 [32m+1790[0m[31m -123[0m: test/security/security_vulnerabilities_test.dart: Input Validation - Malicious Input expression with null bytes should be rejected[0m                                                   00:05 [32m+1790[0m[31m -123[0m: test/security/security_vulnerabilities_test.dart: Input Validation - Malicious Input expression with unicode exploits should be handled[0m                                              00:05 [32m+1791[0m[31m -123[0m: test/security/security_vulnerabilities_test.dart: Input Validation - Malicious Input expression with unicode exploits should be handled[0m                                              00:05 [32m+1791[0m[31m -123[0m: test/security/security_vulnerabilities_test.dart: Parser Bomb - Exponential Complexity expression with many implicit multiplications should not hang[0m                                 00:05 [32m+1792[0m[31m -123[0m: test/security/security_vulnerabilities_test.dart: Parser Bomb - Exponential Complexity expression with many implicit multiplications should not hang[0m                                 00:05 [32m+1792[0m[31m -123[0m: test/security/security_vulnerabilities_test.dart: Parser Bomb - Exponential Complexity chained comparisons should not cause exponential parsing[0m                                      00:05 [32m+1793[0m[31m -123[0m: test/security/security_vulnerabilities_test.dart: Parser Bomb - Exponential Complexity chained comparisons should not cause exponential parsing[0m                                      00:05 [32m+1793[0m[31m -123[0m: test/security/security_vulnerabilities_test.dart: Memory Exhaustion cache should have reasonable size limits[0m                                                                         00:05 [32m+1794[0m[31m -123[0m: test/security/security_vulnerabilities_test.dart: Memory Exhaustion cache should have reasonable size limits[0m                                                                         00:05 [32m+1794[0m[31m -123[0m: test/security/security_vulnerabilities_test.dart: Memory Exhaustion fibonacci cache should not grow indefinitely[0m                                                                     00:05 [32m+1795[0m[31m -123[0m: test/security/security_vulnerabilities_test.dart: Memory Exhaustion fibonacci cache should not grow indefinitely[0m                                                                     00:05 [32m+1795[0m[31m -123[0m: test/security/security_vulnerabilities_test.dart: Memory Exhaustion factorial cache should not grow indefinitely[0m                                                                     00:05 [32m+1796[0m[31m -123[0m: test/security/security_vulnerabilities_test.dart: Memory Exhaustion factorial cache should not grow indefinitely[0m                                                                     00:05 [32m+1796[0m[31m -123[0m: test/security/security_vulnerabilities_test.dart: Regex DoS (ReDoS) number parsing should not be vulnerable to ReDoS[0m                                                                 00:05 [32m+1797[0m[31m -123[0m: test/security/security_vulnerabilities_test.dart: Regex DoS (ReDoS) number parsing should not be vulnerable to ReDoS[0m                                                                 00:05 [32m+1797[0m[31m -123[0m: test/security/security_vulnerabilities_test.dart: Type Confusion mixing incompatible types should fail gracefully[0m                                                                    00:05 [32m+1798[0m[31m -123[0m: test/security/security_vulnerabilities_test.dart: Type Confusion mixing incompatible types should fail gracefully[0m                                                                    00:05 [32m+1798[0m[31m -123[0m: test/security/security_vulnerabilities_test.dart: Type Confusion complex number operations with real should be handled[0m                                                               00:05 [32m+1799[0m[31m -123[0m: test/security/security_vulnerabilities_test.dart: Type Confusion complex number operations with real should be handled[0m                                                               00:05 [32m+1799[0m[31m -123[0m: test/security/security_vulnerabilities_test.dart: Limit Evaluation Edge Cases limit with extremely small epsilon should not hang[0m                                                     00:05 [32m+1800[0m[31m -123[0m: test/security/security_vulnerabilities_test.dart: Limit Evaluation Edge Cases limit with extremely small epsilon should not hang[0m                                                     00:05 [32m+1800[0m[31m -123[0m: test/security/security_vulnerabilities_test.dart: Limit Evaluation Edge Cases limit at infinity with non-converging function[0m                                                         00:05 [32m+1801[0m[31m -123[0m: test/security/security_vulnerabilities_test.dart: Limit Evaluation Edge Cases limit at infinity with non-converging function[0m                                                         00:05 [32m+1801[0m[31m -123[0m: test/security/security_vulnerabilities_test.dart: Variable Injection variable names with special characters should be handled[0m                                                        00:05 [32m+1802[0m[31m -123[0m: test/security/security_vulnerabilities_test.dart: Variable Injection variable names with special characters should be handled[0m                                                        00:05 [32m+1802[0m[31m -123[0m: test/security/security_vulnerabilities_test.dart: Variable Injection empty variable name should be rejected[0m                                                                          00:05 [32m+1803[0m[31m -123[0m: test/security/security_vulnerabilities_test.dart: Variable Injection empty variable name should be rejected[0m                                                                          00:05 [32m+1803[0m[31m -123[0m: test/security/security_vulnerabilities_test.dart: Command Injection via Custom Extensions malicious extension should be isolated[0m                                                     00:05 [32m+1804[0m[31m -123[0m: test/security/security_vulnerabilities_test.dart: Command Injection via Custom Extensions malicious extension should be isolated[0m                                                     00:05 [32m+1804[0m[31m -123[0m: test/security/security_vulnerabilities_test.dart: Symbolic Simplification - Infinite Loops circular rewrite rules should not cause infinite loops[0m                                    00:05 [32m+1805[0m[31m -123[0m: test/security/security_vulnerabilities_test.dart: Symbolic Simplification - Infinite Loops circular rewrite rules should not cause infinite loops[0m                                    00:05 [32m+1805[0m[31m -123[0m: test/security/security_vulnerabilities_test.dart: Symbolic Simplification - Infinite Loops deeply recursive symbolic expressions should not overflow[0m                                 00:05 [32m+1806[0m[31m -123[0m: test/security/security_vulnerabilities_test.dart: Symbolic Simplification - Infinite Loops deeply recursive symbolic expressions should not overflow[0m                                 00:05 [32m+1806[0m[31m -123[0m: test/security/security_vulnerabilities_test.dart: Gradient Evaluation DoS gradient with many variables should not cause exponential computation[0m                                      00:05 [32m+1807[0m[31m -123[0m: test/security/security_vulnerabilities_test.dart: Gradient Evaluation DoS gradient with many variables should not cause exponential computation[0m                                      00:05 [32m+1807[0m[31m -123[0m: test/security/security_vulnerabilities_test.dart: Gradient Evaluation DoS gradient of deeply nested expression should not overflow[0m                                                   00:05 [32m+1808[0m[31m -123[0m: test/security/security_vulnerabilities_test.dart: Gradient Evaluation DoS gradient of deeply nested expression should not overflow[0m                                                   00:05 [32m+1808[0m[31m -123[0m: test/security/security_vulnerabilities_test.dart: Binomial Coefficient Vulnerabilities binom with very large n should fail gracefully[0m                                                00:05 [32m+1809[0m[31m -123[0m: test/security/security_vulnerabilities_test.dart: Binomial Coefficient Vulnerabilities binom with very large n should fail gracefully[0m                                                00:05 [32m+1809[0m[31m -123[0m: test/security/security_vulnerabilities_test.dart: Binomial Coefficient Vulnerabilities binom with negative values should be handled[0m                                                  00:05 [32m+1810[0m[31m -123[0m: test/security/security_vulnerabilities_test.dart: Binomial Coefficient Vulnerabilities binom with negative values should be handled[0m                                                  00:05 [32m+1810[0m[31m -123[0m: test/security/security_vulnerabilities_test.dart: Binomial Coefficient Vulnerabilities binom with k > n should return zero or fail gracefully[0m                                        00:05 [32m+1811[0m[31m -123[0m: test/security/security_vulnerabilities_test.dart: Binomial Coefficient Vulnerabilities binom with k > n should return zero or fail gracefully[0m                                        00:05 [32m+1811[0m[31m -123[0m: test/security/security_vulnerabilities_test.dart: High-Order Derivative Vulnerabilities very high order derivative should not cause stack overflow[0m                                   00:05 [32m+1812[0m[31m -123[0m: test/security/security_vulnerabilities_test.dart: High-Order Derivative Vulnerabilities very high order derivative should not cause stack overflow[0m                                   00:05 [32m+1812[0m[31m -123[0m: test/security/security_vulnerabilities_test.dart: High-Order Derivative Vulnerabilities high order derivative with complex expression should be bounded[0m                              00:05 [32m+1813[0m[31m -123[0m: test/security/security_vulnerabilities_test.dart: High-Order Derivative Vulnerabilities high order derivative with complex expression should be bounded[0m                              00:05 [32m+1813[0m[31m -123[0m: test/security/security_vulnerabilities_test.dart: High-Order Derivative Vulnerabilities partial derivative with many variables should be bounded[0m                                     00:05 [32m+1814[0m[31m -123[0m: test/security/security_vulnerabilities_test.dart: High-Order Derivative Vulnerabilities partial derivative with many variables should be bounded[0m                                     00:05 [32m+1814[0m[31m -123[0m: test/security/security_vulnerabilities_test.dart: Multi-Integral Vulnerabilities multi-integral with many variables should not hang[0m                                                  00:05 [32m+1815[0m[31m -123[0m: test/security/security_vulnerabilities_test.dart: Multi-Integral Vulnerabilities multi-integral with many variables should not hang[0m                                                  00:05 [32m+1815[0m[31m -123[0m: test/security/security_vulnerabilities_test.dart: Multi-Integral Vulnerabilities nested integrals should not cause exponential complexity[0m                                            00:05 [32m+1816[0m[31m -123[0m: test/security/security_vulnerabilities_test.dart: Multi-Integral Vulnerabilities nested integrals should not cause exponential complexity[0m                                            00:05 [32m+1816[0m[31m -123[0m: test/security/security_vulnerabilities_test.dart: Visitor Pattern Depth Vulnerabilities toJson should handle deeply nested expressions[0m                                               00:05 [32m+1817[0m[31m -123[0m: test/security/security_vulnerabilities_test.dart: Visitor Pattern Depth Vulnerabilities toJson should handle deeply nested expressions[0m                                               00:05 [32m+1817[0m[31m -123[0m: test/security/security_vulnerabilities_test.dart: Visitor Pattern Depth Vulnerabilities toMathML should handle deeply nested expressions[0m                                             00:05 [32m+1818[0m[31m -123[0m: test/security/security_vulnerabilities_test.dart: Visitor Pattern Depth Vulnerabilities toMathML should handle deeply nested expressions[0m                                             00:05 [32m+1818[0m[31m -123[0m: test/security/security_vulnerabilities_test.dart: Visitor Pattern Depth Vulnerabilities toLatex roundtrip should handle deeply nested expressions[0m                                    00:05 [32m+1819[0m[31m -123[0m: test/security/security_vulnerabilities_test.dart: Visitor Pattern Depth Vulnerabilities toLatex roundtrip should handle deeply nested expressions[0m                                    00:05 [32m+1819[0m[31m -123[0m: test/security/security_vulnerabilities_test.dart: Export Injection Vulnerabilities variable names should be safely handled in MathML[0m                                                 00:05 [32m+1820[0m[31m -123[0m: test/security/security_vulnerabilities_test.dart: Export Injection Vulnerabilities variable names should be safely handled in MathML[0m                                                 00:05 [32m+1820[0m[31m -123[0m: test/security/security_vulnerabilities_test.dart: Export Injection Vulnerabilities toJson with variable names should serialize safely[0m                                                00:05 [32m+1821[0m[31m -123[0m: test/security/security_vulnerabilities_test.dart: Export Injection Vulnerabilities toJson with variable names should serialize safely[0m                                                00:05 [32m+1821[0m[31m -123[0m: test/security/security_vulnerabilities_test.dart: Vector/Matrix Dimension Vulnerabilities extremely large matrix should be rejected[0m                                                  00:05 [32m+1822[0m[31m -123[0m: test/security/security_vulnerabilities_test.dart: Vector/Matrix Dimension Vulnerabilities extremely large matrix should be rejected[0m                                                  00:05 [32m+1822[0m[31m -123[0m: test/security/security_vulnerabilities_test.dart: Vector/Matrix Dimension Vulnerabilities mismatched matrix dimensions in operations should throw[0m                                    00:05 [32m+1823[0m[31m -123[0m: test/security/security_vulnerabilities_test.dart: Vector/Matrix Dimension Vulnerabilities mismatched matrix dimensions in operations should throw[0m                                    00:05 [32m+1823[0m[31m -123[0m: test/security/security_vulnerabilities_test.dart: Vector/Matrix Dimension Vulnerabilities empty matrix should be handled[0m                                                             00:05 [32m+1824[0m[31m -123[0m: test/security/security_vulnerabilities_test.dart: Vector/Matrix Dimension Vulnerabilities empty matrix should be handled[0m                                                             00:05 [32m+1824[0m[31m -123[0m: test/security/security_vulnerabilities_test.dart: Piecewise Function Vulnerabilities piecewise with many cases should not hang[0m                                                       00:05 [32m+1825[0m[31m -123[0m: test/security/security_vulnerabilities_test.dart: Piecewise Function Vulnerabilities piecewise with many cases should not hang[0m                                                       00:05 [32m+1825[0m[31m -123[0m: test/security/security_vulnerabilities_test.dart: Piecewise Function Vulnerabilities deeply nested piecewise should be bounded[0m                                                       00:05 [32m+1826[0m[31m -123[0m: test/security/security_vulnerabilities_test.dart: Piecewise Function Vulnerabilities deeply nested piecewise should be bounded[0m                                                       00:05 [32m+1826[0m[31m -123[0m: test/security/security_vulnerabilities_test.dart: Negative and Zero Edge Cases 0^0 should return 1 or handle gracefully[0m                                                              00:05 [32m+1827[0m[31m -123[0m: test/security/security_vulnerabilities_test.dart: Negative and Zero Edge Cases 0^0 should return 1 or handle gracefully[0m                                                              00:05 [32m+1827[0m[31m -123[0m: test/security/security_vulnerabilities_test.dart: Negative and Zero Edge Cases negative factorial should throw[0m                                                                       00:05 [32m+1828[0m[31m -123[0m: test/security/security_vulnerabilities_test.dart: Negative and Zero Edge Cases negative factorial should throw[0m                                                                       00:05 [32m+1828[0m[31m -123[0m: test/security/security_vulnerabilities_test.dart: Negative and Zero Edge Cases log of zero should throw or return negative infinity[0m                                                  00:05 [32m+1829[0m[31m -123[0m: test/security/security_vulnerabilities_test.dart: Negative and Zero Edge Cases log of zero should throw or return negative infinity[0m                                                  00:05 [32m+1829[0m[31m -123[0m: test/security/security_vulnerabilities_test.dart: Negative and Zero Edge Cases sqrt of negative should return complex or throw[0m                                                       00:05 [32m+1830[0m[31m -123[0m: test/security/security_vulnerabilities_test.dart: Negative and Zero Edge Cases sqrt of negative should return complex or throw[0m                                                       00:05 [32m+1830[0m[31m -123[0m: [31mSome tests failed.[0m                                                                                                                                                                   

Consider enabling the flag chain-stack-traces to receive more detailed exceptions.
For example, 'dart test --chain-stack-traces'.
